OpenJDK 64-Bit Server VM (24.95-b01) for linux-amd64 JRE (1.7.0_95-b00), built on Mar 27 2016 12:52:52 by "buildd" with gcc 5.3.1 20160323
Memory: 4k page, physical 5975800k(3905092k free), swap 3416060k(3416060k free)
CommandLine flags: -XX:InitialHeapSize=95612800 -XX:MaxHeapSize=1529804800 -XX:MaxNewSize=348966912 -XX:MaxTenuringThreshold=6 -XX:OldPLABSize=16 -XX:+PrintGC -XX:+PrintGCDetails -XX:+PrintGCTimeStamps -XX:+UseCompressedOops -XX:+UseConcMarkSweepGC -XX:+UseParNewGC 
0,097: [GC0,097: [ParNew: 24960K->3071K(28032K), 0,0125220 secs] 24960K->23644K(90304K), 0,0126290 secs] [Times: user=0,02 sys=0,00, real=0,02 secs] 
0,115: [GC0,115: [ParNew: 28031K->3072K(28032K), 0,0087610 secs] 48604K->47996K(90304K), 0,0088450 secs] [Times: user=0,02 sys=0,01, real=0,01 secs] 
0,129: [GC [1 CMS-initial-mark: 44924K(62272K)] 48886K(90304K), 0,0005460 secs] [Times: user=0,00 sys=0,00, real=0,00 secs] 
0,129: [CMS-concurrent-mark-start]
0,140: [GC0,140: [ParNew: 28032K->3072K(28032K), 0,0115870 secs] 72956K->72821K(102784K), 0,0116720 secs] [Times: user=0,01 sys=0,01, real=0,02 secs] 
0,158: [CMS-concurrent-mark: 0,017/0,028 secs] [Times: user=0,07 sys=0,02, real=0,02 secs] 
0,158: [CMS-concurrent-preclean-start]
0,159: [GC0,159: [ParNew: 28028K->3072K(28032K), 0,0145430 secs] 97777K->97499K(127744K), 0,0146210 secs] [Times: user=0,02 sys=0,03, real=0,02 secs] 
0,179: [CMS-concurrent-preclean: 0,005/0,021 secs] [Times: user=0,03 sys=0,03, real=0,02 secs] 
0,179: [CMS-concurrent-abortable-preclean-start]
0,183: [GC0,183: [ParNew: 28032K->3072K(28032K), 0,0140150 secs] 122459K->122313K(152896K), 0,0140950 secs] [Times: user=0,03 sys=0,01, real=0,01 secs] 
0,197: [CMS-concurrent-abortable-preclean: 0,001/0,018 secs] [Times: user=0,04 sys=0,01, real=0,02 secs] 
0,204: [GC0,204: [ParNew: 28032K->3072K(28032K), 0,0149610 secs] 147273K->147117K(177664K), 0,0150430 secs] [Times: user=0,01 sys=0,02, real=0,01 secs] 
0,223: [GC[YG occupancy: 28023 K (28032 K)]0,223: [Rescan (parallel) , 0,0012930 secs]0,225: [weak refs processing, 0,0000150 secs]0,225: [scrub string table, 0,0002390 secs] [1 CMS-remark: 144045K(149632K)] 172069K(177664K), 0,0016400 secs] [Times: user=0,00 sys=0,00, real=0,00 secs] 
0,226: [GC0,226: [ParNew: 28023K->3072K(28032K), 0,0134000 secs] 172069K->171890K(202624K), 0,0134640 secs] [Times: user=0,02 sys=0,01, real=0,01 secs] 
0,239: [CMS-concurrent-sweep-start]
0,242: [CMS-concurrent-sweep: 0,003/0,003 secs] [Times: user=0,02 sys=0,00, real=0,01 secs] 
0,243: [CMS-concurrent-reset-start]
0,244: [GC0,244: [ParNew: 28024K->3072K(28032K), 0,0089450 secs] 196835K->196688K(309388K), 0,0090250 secs] [Times: user=0,02 sys=0,01, real=0,01 secs] 
0,258: [GC0,258: [ParNew: 28032K->3072K(28032K), 0,0085800 secs] 221648K->221493K(309388K), 0,0086720 secs] [Times: user=0,02 sys=0,00, real=0,01 secs] 
0,272: [GC0,272: [ParNew: 28032K->3072K(28032K), 0,0103460 secs] 246453K->246297K(309388K), 0,0104430 secs] [Times: user=0,02 sys=0,00, real=0,01 secs] 
0,284: [CMS-concurrent-reset: 0,013/0,041 secs] [Times: user=0,11 sys=0,02, real=0,04 secs] 
0,286: [GC0,286: [ParNew: 28032K->3072K(28032K), 0,0084080 secs] 271257K->271137K(309388K), 0,0084890 secs] [Times: user=0,02 sys=0,00, real=0,01 secs] 
0,295: [GC [1 CMS-initial-mark: 268065K(281356K)] 271317K(309388K), 0,0001920 secs] [Times: user=0,00 sys=0,00, real=0,00 secs] 
0,297: [CMS-concurrent-mark-start]
0,298: [GC0,298: [ParNew: 28032K->3072K(28032K), 0,0125330 secs] 296097K->295945K(326860K), 0,0126120 secs] [Times: user=0,01 sys=0,01, real=0,02 secs] 
0,314: [GC0,314: [ParNew: 28031K->3072K(28032K), 0,0153450 secs] 320905K->320778K(351628K), 0,0154270 secs] [Times: user=0,00 sys=0,03, real=0,02 secs] 
0,334: [GC0,334: [ParNew: 28032K->3072K(28032K), 0,0140370 secs] 345738K->345578K(376396K), 0,0141120 secs] [Times: user=0,02 sys=0,01, real=0,01 secs] 
0,353: [GC0,353: [ParNew: 28032K->3072K(28032K), 0,0147630 secs] 370538K->370056K(400780K), 0,0148400 secs] [Times: user=0,03 sys=0,00, real=0,01 secs] 
0,376: [GC0,377: [ParNew: 28032K->3072K(28032K), 0,0156080 secs] 395016K->394595K(425356K), 0,0156980 secs] [Times: user=0,02 sys=0,01, real=0,02 secs] 
0,398: [CMS-concurrent-mark: 0,028/0,101 secs] [Times: user=0,19 sys=0,06, real=0,10 secs] 
0,399: [GC0,399: [ParNew: 28032K->3072K(28032K), 0,0141940 secs] 419555K->419372K(450316K), 0,0142560 secs] [Times: user=0,02 sys=0,02, real=0,02 secs] 
0,413: [CMS-concurrent-preclean-start]
0,419: [CMS-concurrent-preclean: 0,005/0,006 secs] [Times: user=0,01 sys=0,00, real=0,00 secs] 
0,419: [CMS-concurrent-abortable-preclean-start]
0,421: [GC0,421: [ParNew: 28032K->3072K(28032K), 0,0158930 secs] 444332K->444154K(475084K), 0,0159720 secs] [Times: user=0,02 sys=0,01, real=0,01 secs] 
0,441: [GC0,441: [ParNew: 28029K->3072K(28032K), 0,0138320 secs] 469112K->468939K(499852K), 0,0139100 secs] [Times: user=0,03 sys=0,01, real=0,01 secs] 
0,455: [CMS-concurrent-abortable-preclean: 0,002/0,036 secs] [Times: user=0,05 sys=0,03, real=0,04 secs] 
0,459: [GC0,459: [ParNew: 28032K->3072K(28032K), 0,0142690 secs] 493899K->493736K(524620K), 0,0143470 secs] [Times: user=0,02 sys=0,02, real=0,02 secs] 
0,477: [GC[YG occupancy: 24208 K (28032 K)]0,477: [Rescan (parallel) , 0,0030170 secs]0,480: [weak refs processing, 0,0000140 secs]0,480: [scrub string table, 0,0002090 secs] [1 CMS-remark: 490664K(496588K)] 514873K(524620K), 0,0033340 secs] [Times: user=0,00 sys=0,01, real=0,00 secs] 
0,481: [CMS-concurrent-sweep-start]
0,481: [GC0,481: [ParNew: 28022K->3072K(28032K), 0,0142600 secs] 518687K->518528K(549388K), 0,0143290 secs] [Times: user=0,02 sys=0,01, real=0,02 secs] 
0,499: [GC0,499: [ParNew: 28032K->3072K(28032K), 0,0141590 secs] 543488K->543338K(574348K), 0,0142420 secs] [Times: user=0,01 sys=0,03, real=0,02 secs] 
0,517: [GC0,517: [ParNew: 28027K->3072K(28032K), 0,0141360 secs] 568275K->568149K(599116K), 0,0142160 secs] [Times: user=0,01 sys=0,03, real=0,02 secs] 
0,535: [GC0,535: [ParNew: 28019K->3072K(28032K), 0,0161810 secs] 593014K->592894K(623884K), 0,0162590 secs] [Times: user=0,02 sys=0,01, real=0,02 secs] 
0,556: [GC0,556: [ParNew: 28027K->3072K(28032K), 0,0141280 secs] 617772K->617625K(648652K), 0,0142080 secs] [Times: user=0,02 sys=0,02, real=0,02 secs] 
0,570: [CMS-concurrent-sweep: 0,030/0,090 secs] [Times: user=0,14 sys=0,11, real=0,10 secs] 
0,573: [CMS-concurrent-reset-start]
0,574: [GC0,574: [ParNew: 28027K->3072K(28032K), 0,0114880 secs] 642581K->642466K(1052288K), 0,0115670 secs] [Times: user=0,03 sys=0,00, real=0,01 secs] 
0,591: [GC0,591: [ParNew: 28020K->3072K(28032K), 0,0099380 secs] 667414K->667272K(1052288K), 0,0100200 secs] [Times: user=0,04 sys=0,00, real=0,01 secs] 
0,603: [CMS-concurrent-reset: 0,008/0,029 secs] [Times: user=0,09 sys=0,00, real=0,03 secs] 
0,606: [GC0,606: [ParNew: 28028K->3072K(28032K), 0,0094380 secs] 692228K->692139K(1052288K), 0,0095170 secs] [Times: user=0,03 sys=0,00, real=0,01 secs] 
0,617: [GC [1 CMS-initial-mark: 689067K(1024256K)] 699494K(1052288K), 0,0004010 secs] [Times: user=0,00 sys=0,00, real=0,00 secs] 
0,617: [CMS-concurrent-mark-start]
0,620: [GC0,620: [ParNew: 28031K->3072K(28032K), 0,0112430 secs] 717099K->716973K(1052288K), 0,0113150 secs] [Times: user=0,03 sys=0,01, real=0,02 secs] 
0,635: [GC0,635: [ParNew: 28027K->3072K(28032K), 0,0136300 secs] 741929K->741831K(1052288K), 0,0137100 secs] [Times: user=0,04 sys=0,00, real=0,02 secs] 
0,653: [GC0,653: [ParNew: 28018K->3072K(28032K), 0,0127360 secs] 766777K->766669K(1052288K), 0,0128130 secs] [Times: user=0,03 sys=0,00, real=0,01 secs] 
0,673: [GC0,673: [ParNew: 28025K->3072K(28032K), 0,0139920 secs] 791622K->791343K(1052288K), 0,0140720 secs] [Times: user=0,01 sys=0,01, real=0,01 secs] 
0,693: [GC0,693: [ParNew: 28032K->3072K(28032K), 0,0119590 secs] 816303K->816167K(1052288K), 0,0120360 secs] [Times: user=0,04 sys=0,00, real=0,01 secs] 
0,709: [GC0,709: [ParNew: 28032K->3072K(28032K), 0,0098130 secs] 841127K->840944K(1052288K), 0,0099340 secs] [Times: user=0,03 sys=0,00, real=0,01 secs] 
0,725: [GC0,725: [ParNew: 28028K->3072K(28032K), 0,0131960 secs] 865901K->865767K(1052288K), 0,0132840 secs] [Times: user=0,03 sys=0,01, real=0,01 secs] 
0,742: [GC0,742: [ParNew: 28032K->3072K(28032K), 0,0106960 secs] 890727K->890549K(1052288K), 0,0107960 secs] [Times: user=0,04 sys=0,00, real=0,01 secs] 
0,757: [GC0,757: [ParNew: 28032K->3072K(28032K), 0,0110420 secs] 915509K->915339K(1052288K), 0,0111300 secs] [Times: user=0,03 sys=0,00, real=0,01 secs] 
0,772: [GC0,772: [ParNew: 28032K->3072K(28032K), 0,0104610 secs] 940299K->940115K(1052288K), 0,0105430 secs] [Times: user=0,01 sys=0,01, real=0,01 secs] 
0,789: [GC0,789: [ParNew: 28032K->3072K(28032K), 0,0103780 secs] 965075K->964966K(1052288K), 0,0104680 secs] [Times: user=0,03 sys=0,01, real=0,00 secs] 
0,803: [GC0,803: [ParNew: 28028K->3072K(28032K), 0,0104990 secs] 989922K->989786K(1052288K), 0,0105860 secs] [Times: user=0,03 sys=0,00, real=0,01 secs] 
0,818: [CMS-concurrent-mark: 0,056/0,200 secs] [Times: user=0,52 sys=0,06, real=0,20 secs] 
0,818: [GC0,818: [ParNew: 28032K->3072K(28032K), 0,0113060 secs] 1014746K->1014553K(1052288K), 0,0113720 secs] [Times: user=0,02 sys=0,00, real=0,02 secs] 
0,829: [CMS-concurrent-preclean-start]
0,833: [GC0,833: [ParNew: 28032K->3072K(28032K), 0,0153310 secs] 1039513K->1039348K(1070336K), 0,0154150 secs] [Times: user=0,03 sys=0,01, real=0,01 secs] 
0,852: [GC0,852: [ParNew: 28032K->3072K(28032K), 0,0166080 secs] 1064308K->1064159K(1094912K), 0,0166900 secs] [Times: user=0,03 sys=0,01, real=0,01 secs] 
0,872: [GC0,872: [ParNew: 28029K->3072K(28032K), 0,0150560 secs] 1089117K->1088999K(1119872K), 0,0151330 secs] [Times: user=0,03 sys=0,02, real=0,01 secs] 
0,891: [GC0,891: [ParNew: 28025K->3072K(28032K), 0,0156710 secs] 1113952K->1113813K(1144640K), 0,0157480 secs] [Times: user=0,03 sys=0,01, real=0,01 secs] 
0,911: [GC0,911: [ParNew: 28030K->3072K(28032K), 0,0177980 secs] 1138771K->1138587K(1169408K), 0,0178720 secs] [Times: user=0,02 sys=0,02, real=0,01 secs] 
0,932: [GC0,932: [ParNew: 28032K->28032K(28032K), 0,0000220 secs]0,933: [CMS0,942: [CMS-concurrent-preclean: 0,027/0,113 secs] [Times: user=0,22 sys=0,08, real=0,11 secs] 
 (concurrent mode failure): 1135515K->86336K(1141376K), 0,0558910 secs] 1163547K->86336K(1169408K), [CMS Perm : 2802K->2801K(21248K)], 0,0566640 secs] [Times: user=0,06 sys=0,00, real=0,06 secs] 
1,033: [GC1,033: [ParNew: 272640K->34048K(306688K), 0,0763000 secs] 358976K->355193K(1460992K), 0,0763860 secs] [Times: user=0,22 sys=0,04, real=0,08 secs] 
1,110: [GC [1 CMS-initial-mark: 321145K(1154304K)] 359054K(1460992K), 0,0006710 secs] [Times: user=0,00 sys=0,00, real=0,00 secs] 
1,111: [CMS-concurrent-mark-start]
1,134: [GC1,134: [ParNew: 306688K->34048K(306688K), 0,0511440 secs] 627833K->477663K(1460992K), 0,0512270 secs] [Times: user=0,15 sys=0,01, real=0,05 secs] 
1,205: [CMS-concurrent-mark: 0,043/0,094 secs] [Times: user=0,29 sys=0,01, real=0,09 secs] 
1,206: [CMS-concurrent-preclean-start]
1,210: [GC1,210: [ParNew: 306688K->32043K(306688K), 0,0133830 secs] 750303K->494874K(1460992K), 0,0135570 secs] [Times: user=0,04 sys=0,00, real=0,01 secs] 
1,226: [CMS-concurrent-preclean: 0,006/0,021 secs] [Times: user=0,05 sys=0,00, real=0,02 secs] 
1,227: [CMS-concurrent-abortable-preclean-start]
1,245: [CMS-concurrent-abortable-preclean: 0,018/0,019 secs] [Times: user=0,07 sys=0,00, real=0,02 secs] 
1,246: [GC[YG occupancy: 304683 K (306688 K)]1,246: [Rescan (parallel) , 0,0027760 secs]1,249: [weak refs processing, 0,0000150 secs]1,249: [scrub string table, 0,0002120 secs] [1 CMS-remark: 462831K(1154304K)] 767514K(1460992K), 0,0030890 secs] [Times: user=0,01 sys=0,00, real=0,01 secs] 
1,249: [GC1,249: [ParNew: 304683K->34048K(306688K), 0,0567860 secs] 767514K->656121K(1460992K), 0,0568480 secs] [Times: user=0,20 sys=0,00, real=0,05 secs] 
1,306: [CMS-concurrent-sweep-start]
1,331: [GC1,331: [ParNew: 306688K->34048K(306688K), 0,0369930 secs] 928724K->785909K(1460992K), 0,0370770 secs] [Times: user=0,13 sys=0,00, real=0,03 secs] 
1,376: [CMS-concurrent-sweep: 0,033/0,070 secs] [Times: user=0,24 sys=0,00, real=0,07 secs] 
1,377: [CMS-concurrent-reset-start]
1,381: [CMS-concurrent-reset: 0,004/0,004 secs] [Times: user=0,01 sys=0,00, real=0,01 secs] 
1,395: [GC1,395: [ParNew: 306112K->34048K(306688K), 0,0104400 secs] 1057974K->788546K(1460992K), 0,0106020 secs] [Times: user=0,03 sys=0,00, real=0,01 secs] 
1,409: [GC [1 CMS-initial-mark: 754498K(1154304K)] 819585K(1460992K), 0,0015640 secs] [Times: user=0,00 sys=0,00, real=0,00 secs] 
1,411: [CMS-concurrent-mark-start]
1,429: [CMS-concurrent-mark: 0,018/0,018 secs] [Times: user=0,07 sys=0,00, real=0,02 secs] 
1,430: [GC1,430: [ParNew: 306688K->34048K(306688K), 0,0474810 secs] 1061186K->954033K(1460992K), 0,0475500 secs] [Times: user=0,15 sys=0,00, real=0,04 secs] 
1,477: [CMS-concurrent-preclean-start]
1,498: [CMS-concurrent-preclean: 0,017/0,020 secs] [Times: user=0,07 sys=0,00, real=0,02 secs] 
1,498: [CMS-concurrent-abortable-preclean-start]
1,498: [CMS-concurrent-abortable-preclean: 0,000/0,000 secs] [Times: user=0,00 sys=0,00, real=0,00 secs] 
1,501: [GC[YG occupancy: 271060 K (306688 K)]1,501: [Rescan (parallel) , 0,0041950 secs]1,505: [weak refs processing, 0,0000150 secs]1,505: [scrub string table, 0,0002140 secs] [1 CMS-remark: 919985K(1154304K)] 1191046K(1460992K), 0,0045310 secs] [Times: user=0,01 sys=0,00, real=0,00 secs] 
1,506: [CMS-concurrent-sweep-start]
1,508: [GC1,508: [ParNew: 306688K->34048K(306688K), 0,0666780 secs] 1156182K->1120540K(1460992K), 0,0667600 secs] [Times: user=0,23 sys=0,01, real=0,07 secs] 
1,600: [GC1,601: [ParNew: 306688K->306688K(306688K), 0,0000330 secs]1,601: [CMS1,615: [CMS-concurrent-sweep: 0,043/0,110 secs] [Times: user=0,32 sys=0,02, real=0,11 secs] 
 (concurrent mode failure): 852710K->53371K(1154304K), 0,0441320 secs] 1159398K->53371K(1460992K), [CMS Perm : 2801K->2801K(21248K)], 0,0442950 secs] [Times: user=0,04 sys=0,00, real=0,05 secs] 
1,666: [GC1,666: [ParNew: 272640K->34048K(306688K), 0,0698410 secs] 326011K->323638K(1460992K), 0,0699350 secs] [Times: user=0,24 sys=0,01, real=0,07 secs] 
1,737: [GC [1 CMS-initial-mark: 289590K(1154304K)] 331908K(1460992K), 0,0008720 secs] [Times: user=0,00 sys=0,00, real=0,00 secs] 
1,738: [CMS-concurrent-mark-start]
1,761: [GC1,761: [ParNew: 306688K->34048K(306688K), 0,0830230 secs] 596278K->553018K(1460992K), 0,0831110 secs] [Times: user=0,25 sys=0,01, real=0,08 secs] 
1,868: [GC1,868: [ParNew: 306688K->34048K(306688K), 0,0438320 secs] 825658K->672051K(1460992K), 0,0439240 secs] [Times: user=0,15 sys=0,00, real=0,05 secs] 
1,920: [CMS-concurrent-mark: 0,055/0,182 secs] [Times: user=0,58 sys=0,01, real=0,18 secs] 
1,920: [CMS-concurrent-preclean-start]
1,933: [GC1,933: [ParNew: 306688K->34048K(306688K), 0,0533250 secs] 944691K->871016K(1460992K), 0,0534070 secs] [Times: user=0,18 sys=0,00, real=0,05 secs] 
2,013: [GC2,013: [ParNew: 306688K->34048K(306688K), 0,0658550 secs] 1143656K->1108447K(1460992K), 0,0659410 secs] [Times: user=0,21 sys=0,01, real=0,06 secs] 
2,103: [GC2,103: [ParNew: 306688K->306688K(306688K), 0,0000380 secs]2,103: [CMS2,113: [CMS-concurrent-preclean: 0,061/0,193 secs] [Times: user=0,60 sys=0,01, real=0,20 secs] 
 (concurrent mode failure): 1074399K->99106K(1154304K), 0,0578020 secs] 1381087K->99106K(1460992K), [CMS Perm : 2801K->2801K(21248K)], 0,0579720 secs] [Times: user=0,05 sys=0,00, real=0,06 secs] 
2,182: [GC2,182: [ParNew: 272640K->34048K(306688K), 0,0826860 secs] 371746K->368356K(1460992K), 0,0827670 secs] [Times: user=0,18 sys=0,02, real=0,08 secs] 
2,265: [GC [1 CMS-initial-mark: 334308K(1154304K)] 369316K(1460992K), 0,0008740 secs] [Times: user=0,00 sys=0,00, real=0,00 secs] 
2,265: [CMS-concurrent-mark-start]
2,296: [GC2,296: [ParNew: 306688K->34048K(306688K), 0,0616590 secs] 640996K->539445K(1460992K), 0,0617460 secs] [Times: user=0,22 sys=0,00, real=0,06 secs] 
2,384: [CMS-concurrent-mark: 0,057/0,119 secs] [Times: user=0,37 sys=0,01, real=0,12 secs] 
2,385: [CMS-concurrent-preclean-start]
2,391: [GC2,391: [ParNew: 306688K->34048K(306688K), 0,0561530 secs] 812085K->635426K(1460992K), 0,0562390 secs] [Times: user=0,09 sys=0,00, real=0,05 secs] 
2,448: [CMS-concurrent-preclean: 0,006/0,063 secs] [Times: user=0,11 sys=0,00, real=0,06 secs] 
2,448: [CMS-concurrent-abortable-preclean-start]
2,472: [CMS-concurrent-abortable-preclean: 0,022/0,024 secs] [Times: user=0,07 sys=0,00, real=0,03 secs] 
2,473: [GC[YG occupancy: 234240 K (306688 K)]2,473: [Rescan (parallel) , 0,0030470 secs]2,476: [weak refs processing, 0,0000190 secs]2,476: [scrub string table, 0,0002190 secs] [1 CMS-remark: 601378K(1154304K)] 835619K(1460992K), 0,0033800 secs] [Times: user=0,01 sys=0,00, real=0,00 secs] 
2,476: [CMS-concurrent-sweep-start]
2,492: [GC2,492: [ParNew: 306688K->34048K(306688K), 0,0459490 secs] 908011K->699353K(1460992K), 0,0460390 secs] [Times: user=0,05 sys=0,00, real=0,04 secs] 
2,543: [CMS-concurrent-sweep: 0,020/0,066 secs] [Times: user=0,08 sys=0,00, real=0,07 secs] 
2,543: [CMS-concurrent-reset-start]
2,549: [CMS-concurrent-reset: 0,006/0,006 secs] [Times: user=0,02 sys=0,00, real=0,01 secs] 
2,569: [GC2,569: [ParNew: 306688K->34048K(306688K), 0,0742370 secs] 971993K->835678K(1460992K), 0,0743660 secs] [Times: user=0,11 sys=0,00, real=0,07 secs] 
2,647: [GC [1 CMS-initial-mark: 801630K(1154304K)] 861407K(1460992K), 0,0033040 secs] [Times: user=0,00 sys=0,00, real=0,01 secs] 
2,650: [CMS-concurrent-mark-start]
2,674: [CMS-concurrent-mark: 0,024/0,024 secs] [Times: user=0,05 sys=0,00, real=0,02 secs] 
2,675: [CMS-concurrent-preclean-start]
2,678: [CMS-concurrent-preclean: 0,003/0,003 secs] [Times: user=0,01 sys=0,00, real=0,00 secs] 
2,678: [CMS-concurrent-abortable-preclean-start]
2,689: [GC2,690: [ParNew: 306688K->34048K(306688K), 0,0230260 secs] 1108318K->851385K(1460992K), 0,0233810 secs] [Times: user=0,05 sys=0,00, real=0,02 secs] 
2,753: [GC2,753: [ParNew: 306688K->34048K(306688K), 0,0145200 secs] 1124025K->851529K(1460992K), 0,0149130 secs] [Times: user=0,03 sys=0,00, real=0,01 secs] 
2,799: [GC2,800: [ParNew: 306688K->34048K(306688K), 0,0575500 secs] 1124169K->1011551K(1460992K), 0,0581600 secs] [Times: user=0,13 sys=0,01, real=0,06 secs] 
2,885: [GC2,885: [ParNew: 306688K->306688K(306688K), 0,0000370 secs]2,885: [CMS2,888: [CMS-concurrent-abortable-preclean: 0,053/0,210 secs] [Times: user=0,40 sys=0,03, real=0,21 secs] 
 (concurrent mode failure): 977503K->167387K(1154304K), 0,0781390 secs] 1284191K->167387K(1460992K), [CMS Perm : 2801K->2801K(21248K)], 0,0782910 secs] [Times: user=0,08 sys=0,00, real=0,08 secs] 
2,989: [GC2,989: [ParNew: 272640K->34048K(306688K), 0,0423980 secs] 440027K->335628K(1460992K), 0,0424890 secs] [Times: user=0,14 sys=0,02, real=0,04 secs] 
3,053: [GC3,053: [ParNew: 306688K->34048K(306688K), 0,0641050 secs] 608268K->515318K(1460992K), 0,0641920 secs] [Times: user=0,21 sys=0,01, real=0,06 secs] 
3,121: [GC [1 CMS-initial-mark: 481270K(1154304K)] 550135K(1460992K), 0,0011260 secs] [Times: user=0,00 sys=0,00, real=0,01 secs] 
3,122: [CMS-concurrent-mark-start]
3,145: [GC3,145: [ParNew: 306688K->34048K(306688K), 0,0791310 secs] 787958K->785066K(1460992K), 0,0792210 secs] [Times: user=0,27 sys=0,01, real=0,08 secs] 
3,230: [CMS-concurrent-mark: 0,029/0,108 secs] [Times: user=0,37 sys=0,01, real=0,11 secs] 
3,230: [CMS-concurrent-preclean-start]
3,247: [GC3,247: [ParNew: 306688K->34048K(306688K), 0,0236890 secs] 1057706K->848195K(1460992K), 0,0239160 secs] [Times: user=0,09 sys=0,00, real=0,03 secs] 
3,293: [GC3,293: [ParNew: 306688K->34048K(306688K), 0,0292560 secs] 1120835K->939190K(1460992K), 0,0293530 secs] [Times: user=0,10 sys=0,00, real=0,03 secs] 
3,340: [CMS-concurrent-preclean: 0,046/0,110 secs] [Times: user=0,35 sys=0,00, real=0,10 secs] 
3,340: [CMS-concurrent-abortable-preclean-start]
3,349: [GC3,349: [ParNew3,449: [CMS-concurrent-abortable-preclean: 0,009/0,109 secs] [Times: user=0,31 sys=0,02, real=0,11 secs] 
 (promotion failed): 306688K->306688K(306688K), 0,1101920 secs]3,459: [CMS (concurrent mode failure): 1142778K->209665K(1154304K), 0,0836160 secs] 1211830K->209665K(1460992K), [CMS Perm : 2801K->2801K(21248K)], 0,1939420 secs] [Times: user=0,37 sys=0,02, real=0,19 secs] 
3,568: [GC3,568: [ParNew: 272640K->34048K(306688K), 0,0758070 secs] 482305K->476874K(1460992K), 0,0759010 secs] [Times: user=0,24 sys=0,02, real=0,08 secs] 
3,644: [GC [1 CMS-initial-mark: 442826K(1154304K)] 478791K(1460992K), 0,0006460 secs] [Times: user=0,00 sys=0,00, real=0,00 secs] 
3,644: [CMS-concurrent-mark-start]
3,669: [GC3,669: [ParNew: 306688K->34048K(306688K), 0,0569030 secs] 749514K->609164K(1460992K), 0,0570140 secs] [Times: user=0,12 sys=0,00, real=0,06 secs] 
3,751: [GC3,751: [ParNew: 306688K->34048K(306688K), 0,0573420 secs] 881804K->781251K(1460992K), 0,0574360 secs] [Times: user=0,14 sys=0,00, real=0,05 secs] 
3,833: [GC3,833: [ParNew: 306688K->34048K(306688K), 0,0289680 secs] 1053891K->864157K(1460992K), 0,0290700 secs] [Times: user=0,08 sys=0,01, real=0,03 secs] 
3,863: [CMS-concurrent-mark: 0,075/0,219 secs] [Times: user=0,57 sys=0,01, real=0,22 secs] 
3,864: [CMS-concurrent-preclean-start]
3,882: [CMS-concurrent-preclean: 0,016/0,018 secs] [Times: user=0,05 sys=0,00, real=0,02 secs] 
3,882: [CMS-concurrent-abortable-preclean-start]
3,889: [GC3,889: [ParNew: 306688K->34048K(306688K), 0,0173580 secs] 1136797K->894445K(1460992K), 0,0174450 secs] [Times: user=0,05 sys=0,00, real=0,01 secs] 
3,933: [GC3,933: [ParNew4,007: [CMS-concurrent-abortable-preclean: 0,007/0,124 secs] [Times: user=0,36 sys=0,01, real=0,12 secs] 
: 306688K->34048K(306688K), 0,0793970 secs] 1167085K->1163335K(1460992K), 0,0794900 secs] [Times: user=0,24 sys=0,00, real=0,08 secs] 
4,021: [GC[YG occupancy: 141130 K (306688 K)]4,021: [Rescan (parallel) , 0,0061200 secs]4,027: [weak refs processing, 0,0000130 secs]4,027: [scrub string table, 0,0002100 secs] [1 CMS-remark: 1129287K(1154304K)] 1270418K(1460992K), 0,0064370 secs] [Times: user=0,01 sys=0,00, real=0,00 secs] 
4,028: [CMS-concurrent-sweep-start]
4,042: [GC4,042: [ParNew: 306688K->306688K(306688K), 0,0000210 secs]4,042: [CMS4,060: [CMS-concurrent-sweep: 0,033/0,033 secs] [Times: user=0,06 sys=0,00, real=0,03 secs] 
 (concurrent mode failure): 1024621K->130670K(1154304K), 0,0776800 secs] 1331309K->130670K(1460992K), [CMS Perm : 2801K->2801K(21248K)], 0,0778040 secs] [Times: user=0,08 sys=0,00, real=0,07 secs] 
4,143: [GC4,143: [ParNew: 272640K->34048K(306688K), 0,0479080 secs] 403310K->301835K(1460992K), 0,0479880 secs] [Times: user=0,12 sys=0,01, real=0,05 secs] 
4,213: [GC4,213: [ParNew: 306688K->34048K(306688K), 0,0960640 secs] 574475K->572381K(1460992K), 0,0961640 secs] [Times: user=0,30 sys=0,00, real=0,10 secs] 
4,309: [GC [1 CMS-initial-mark: 538333K(1154304K)] 574743K(1460992K), 0,0006330 secs] [Times: user=0,00 sys=0,00, real=0,00 secs] 
4,310: [CMS-concurrent-mark-start]
4,335: [GC4,335: [ParNew: 306688K->34048K(306688K), 0,0616620 secs] 845021K->762982K(1460992K), 0,0617470 secs] [Times: user=0,17 sys=0,02, real=0,06 secs] 
4,425: [CMS-concurrent-mark: 0,051/0,115 secs] [Times: user=0,31 sys=0,02, real=0,11 secs] 
4,429: [GC4,429: [ParNew: 306688K->34048K(306688K), 0,0120700 secs] 1035622K->775532K(1460992K), 0,0121410 secs] [Times: user=0,04 sys=0,00, real=0,01 secs] 
4,441: [CMS-concurrent-preclean-start]
4,452: [CMS-concurrent-preclean: 0,010/0,011 secs] [Times: user=0,04 sys=0,00, real=0,01 secs] 
4,457: [CMS-concurrent-abortable-preclean-start]
4,464: [GC4,464: [ParNew: 306688K->34048K(306688K), 0,0509170 secs] 1048172K->943943K(1460992K), 0,0510000 secs] [Times: user=0,15 sys=0,00, real=0,05 secs] 
4,515: [CMS-concurrent-abortable-preclean: 0,007/0,058 secs] [Times: user=0,17 sys=0,00, real=0,06 secs] 
4,515: [GC[YG occupancy: 38699 K (306688 K)]4,515: [Rescan (parallel) , 0,0039890 secs]4,519: [weak refs processing, 0,0000140 secs]4,519: [scrub string table, 0,0002090 secs] [1 CMS-remark: 909895K(1154304K)] 948594K(1460992K), 0,0042900 secs] [Times: user=0,01 sys=0,00, real=0,00 secs] 
4,522: [CMS-concurrent-sweep-start]
4,545: [GC4,545: [ParNew: 306688K->34048K(306688K), 0,0533420 secs] 934910K->815733K(1460992K), 0,0534250 secs] [Times: user=0,15 sys=0,00, real=0,05 secs] 
4,628: [GC4,628: [ParNew: 306688K->34048K(306688K), 0,0213710 secs] 1074509K->839951K(1460992K), 0,0214500 secs] [Times: user=0,05 sys=0,00, real=0,03 secs] 
4,656: [CMS-concurrent-sweep: 0,053/0,134 secs] [Times: user=0,34 sys=0,02, real=0,13 secs] 
4,656: [CMS-concurrent-reset-start]
4,662: [CMS-concurrent-reset: 0,006/0,006 secs] [Times: user=0,01 sys=0,00, real=0,01 secs] 
4,668: [GC [1 CMS-initial-mark: 805903K(1154304K)] 1004484K(1460992K), 0,0035990 secs] [Times: user=0,00 sys=0,00, real=0,01 secs] 
4,672: [CMS-concurrent-mark-start]
4,682: [GC4,682: [ParNew: 306688K->34048K(306688K), 0,0628880 secs] 1112591K->1027705K(1460992K), 0,0629700 secs] [Times: user=0,15 sys=0,00, real=0,06 secs] 
4,762: [CMS-concurrent-mark: 0,026/0,091 secs] [Times: user=0,23 sys=0,00, real=0,09 secs] 
4,763: [CMS-concurrent-preclean-start]
4,769: [GC4,769: [ParNew: 306688K->306688K(306688K), 0,0000500 secs]4,769: [CMS4,779: [CMS-concurrent-preclean: 0,013/0,016 secs] [Times: user=0,03 sys=0,00, real=0,01 secs] 
 (concurrent mode failure): 993657K->199062K(1154304K), 0,0910900 secs] 1300345K->199062K(1460992K), [CMS Perm : 2803K->2803K(21248K)], 0,0912970 secs] [Times: user=0,09 sys=0,00, real=0,08 secs] 
4,889: [GC4,889: [ParNew: 272640K->34048K(306688K), 0,0843350 secs] 471702K->465919K(1460992K), 0,0844330 secs] [Times: user=0,19 sys=0,01, real=0,08 secs] 
4,977: [GC [1 CMS-initial-mark: 431871K(1154304K)] 506988K(1460992K), 0,0014320 secs] [Times: user=0,00 sys=0,00, real=0,00 secs] 
4,979: [CMS-concurrent-mark-start]
4,998: [GC4,998: [ParNew: 306688K->34048K(306688K), 0,0536700 secs] 738559K->584440K(1460992K), 0,0537730 secs] [Times: user=0,10 sys=0,01, real=0,06 secs] 
5,077: [GC5,077: [ParNew: 306688K->34048K(306688K), 0,0790350 secs] 857080K->854165K(1460992K), 0,0791200 secs] [Times: user=0,23 sys=0,00, real=0,08 secs] 
5,176: [CMS-concurrent-mark: 0,063/0,197 secs] [Times: user=0,51 sys=0,01, real=0,20 secs] 
5,176: [CMS-concurrent-preclean-start]
5,180: [GC5,180: [ParNew: 306688K->34048K(306688K), 0,0277950 secs] 1126805K->939085K(1460992K), 0,0278820 secs] [Times: user=0,09 sys=0,01, real=0,03 secs] 
5,225: [CMS-concurrent-preclean: 0,018/0,049 secs] [Times: user=0,16 sys=0,01, real=0,05 secs] 
5,225: [CMS-concurrent-abortable-preclean-start]
5,230: [CMS-concurrent-abortable-preclean: 0,002/0,005 secs] [Times: user=0,01 sys=0,00, real=0,01 secs] 
5,230: [GC[YG occupancy: 303354 K (306688 K)]5,230: [Rescan (parallel) , 0,0033560 secs]5,233: [weak refs processing, 0,0000140 secs]5,233: [scrub string table, 0,0002110 secs] [1 CMS-remark: 905037K(1154304K)] 1208392K(1460992K), 0,0036590 secs] [Times: user=0,01 sys=0,00, real=0,00 secs] 
5,233: [CMS-concurrent-sweep-start]
5,234: [GC5,234: [ParNew: 306688K->306688K(306688K), 0,0000210 secs]5,234: [CMS5,246: [CMS-concurrent-sweep: 0,013/0,013 secs] [Times: user=0,02 sys=0,00, real=0,01 secs] 
 (concurrent mode failure): 902145K->71471K(1154304K), 0,0523410 secs] 1208833K->71471K(1460992K), [CMS Perm : 2803K->2803K(21248K)], 0,0524530 secs] [Times: user=0,06 sys=0,00, real=0,05 secs] 
5,308: [GC5,308: [ParNew: 272640K->34048K(306688K), 0,0723530 secs] 344111K->340727K(1460992K), 0,0724440 secs] [Times: user=0,22 sys=0,02, real=0,07 secs] 
5,390: [GC [1 CMS-initial-mark: 306679K(1154304K)] 450350K(1460992K), 0,0026330 secs] [Times: user=0,00 sys=0,00, real=0,00 secs] 
5,392: [CMS-concurrent-mark-start]
5,407: [GC5,407: [ParNew: 306688K->34048K(306688K), 0,0587110 secs] 613367K->456366K(1460992K), 0,0588000 secs] [Times: user=0,15 sys=0,00, real=0,06 secs] 
5,494: [CMS-concurrent-mark: 0,042/0,101 secs] [Times: user=0,28 sys=0,00, real=0,10 secs] 
5,494: [GC5,494: [ParNew: 306688K->34048K(306688K), 0,0666010 secs] 729006K->568031K(1460992K), 0,0666750 secs] [Times: user=0,14 sys=0,00, real=0,06 secs] 
5,561: [CMS-concurrent-preclean-start]
5,581: [CMS-concurrent-preclean: 0,018/0,021 secs] [Times: user=0,06 sys=0,00, real=0,03 secs] 
5,582: [CMS-concurrent-abortable-preclean-start]
5,588: [GC5,588: [ParNew: 306688K->34048K(306688K), 0,0759780 secs] 840671K->740043K(1460992K), 0,0760670 secs] [Times: user=0,16 sys=0,00, real=0,08 secs] 
5,691: [GC5,691: [ParNew: 306688K->34048K(306688K), 0,0579450 secs] 1012683K->883165K(1460992K), 0,0580330 secs] [Times: user=0,13 sys=0,00, real=0,06 secs] 
5,750: [CMS-concurrent-abortable-preclean: 0,031/0,168 secs] [Times: user=0,38 sys=0,01, real=0,17 secs] 
5,751: [GC[YG occupancy: 47293 K (306688 K)]5,751: [Rescan (parallel) , 0,0048990 secs]5,756: [weak refs processing, 0,0000170 secs]5,756: [scrub string table, 0,0002160 secs] [1 CMS-remark: 849117K(1154304K)] 896411K(1460992K), 0,0052290 secs] [Times: user=0,01 sys=0,00, real=0,00 secs] 
5,756: [CMS-concurrent-sweep-start]
5,784: [CMS-concurrent-sweep: 0,028/0,028 secs] [Times: user=0,07 sys=0,00, real=0,03 secs] 
5,784: [CMS-concurrent-reset-start]
5,788: [CMS-concurrent-reset: 0,004/0,004 secs] [Times: user=0,00 sys=0,00, real=0,00 secs] 
5,792: [GC5,792: [ParNew: 306688K->34048K(306688K), 0,0222980 secs] 1155731K->922412K(1460992K), 0,0223810 secs] [Times: user=0,06 sys=0,00, real=0,02 secs] 
5,815: [GC [1 CMS-initial-mark: 888364K(1154304K)] 923848K(1460992K), 0,0010510 secs] [Times: user=0,00 sys=0,00, real=0,00 secs] 
5,816: [CMS-concurrent-mark-start]
5,849: [GC5,849: [ParNew: 306688K->34048K(306688K), 0,0691010 secs] 1195052K->1085692K(1460992K), 0,0691920 secs] [Times: user=0,15 sys=0,01, real=0,06 secs] 
5,926: [CMS-concurrent-mark: 0,036/0,110 secs] [Times: user=0,24 sys=0,01, real=0,11 secs] 
5,926: [CMS-concurrent-preclean-start]
5,949: [GC5,949: [ParNew: 306688K->306688K(306688K), 0,0000560 secs]5,949: [CMS5,953: [CMS-concurrent-preclean: 0,018/0,027 secs] [Times: user=0,05 sys=0,00, real=0,03 secs] 
 (concurrent mode failure): 1051644K->163296K(1154304K), 0,0826440 secs] 1358332K->163296K(1460992K), [CMS Perm : 2803K->2803K(21248K)], 0,0829850 secs] [Times: user=0,09 sys=0,00, real=0,09 secs] 
6,056: [GC6,056: [ParNew: 272640K->34048K(306688K), 0,0577820 secs] 435936K->333243K(1460992K), 0,0579580 secs] [Times: user=0,12 sys=0,00, real=0,06 secs] 
6,141: [GC6,141: [ParNew: 306688K->34048K(306688K), 0,0708030 secs] 605883K->518419K(1460992K), 0,0708930 secs] [Times: user=0,21 sys=0,01, real=0,07 secs] 
6,212: [GC [1 CMS-initial-mark: 484371K(1154304K)] 520182K(1460992K), 0,0006540 secs] [Times: user=0,00 sys=0,00, real=0,00 secs] 
6,213: [CMS-concurrent-mark-start]
6,239: [GC6,239: [ParNew: 306688K->34048K(306688K), 0,0863200 secs] 791059K->787678K(1460992K), 0,0864090 secs] [Times: user=0,23 sys=0,02, real=0,09 secs] 
6,335: [CMS-concurrent-mark: 0,035/0,122 secs] [Times: user=0,31 sys=0,02, real=0,12 secs] 
6,335: [CMS-concurrent-preclean-start]
6,349: [GC6,349: [ParNew: 306688K->34048K(306688K), 0,0234870 secs] 1060318K->840545K(1460992K), 0,0235710 secs] [Times: user=0,07 sys=0,00, real=0,03 secs] 
6,396: [GC6,396: [ParNew: 306688K->34048K(306688K), 0,0432210 secs] 1113185K->959807K(1460992K), 0,0434110 secs] [Times: user=0,09 sys=0,00, real=0,04 secs] 
6,464: [GC6,464: [ParNew (promotion failed): 306688K->306688K(306688K), 0,1254190 secs]6,590: [CMS6,608: [CMS-concurrent-preclean: 0,064/0,273 secs] [Times: user=0,61 sys=0,02, real=0,27 secs] 
 (concurrent mode failure): 1143257K->209300K(1154304K), 0,1067750 secs] 1232447K->209300K(1460992K), [CMS Perm : 2803K->2803K(21248K)], 0,2323350 secs] [Times: user=0,36 sys=0,02, real=0,23 secs] 
6,719: [GC6,719: [ParNew: 272640K->34048K(306688K), 0,0827750 secs] 481940K->477464K(1460992K), 0,0828740 secs] [Times: user=0,22 sys=0,01, real=0,09 secs] 
6,805: [GC [1 CMS-initial-mark: 443416K(1154304K)] 498332K(1460992K), 0,0008720 secs] [Times: user=0,00 sys=0,00, real=0,00 secs] 
6,806: [CMS-concurrent-mark-start]
6,828: [CMS-concurrent-mark: 0,022/0,022 secs] [Times: user=0,06 sys=0,00, real=0,02 secs] 
6,828: [CMS-concurrent-preclean-start]
6,831: [GC6,831: [ParNew: 306688K->34048K(306688K), 0,0519270 secs] 750104K->606023K(1460992K), 0,0520160 secs] [Times: user=0,14 sys=0,01, real=0,05 secs] 
6,883: [CMS-concurrent-preclean: 0,003/0,055 secs] [Times: user=0,15 sys=0,01, real=0,06 secs] 
6,883: [CMS-concurrent-abortable-preclean-start]
6,907: [GC6,907: [ParNew: 306688K->34048K(306688K), 0,0410200 secs] 878663K->722025K(1460992K), 0,0411100 secs] [Times: user=0,12 sys=0,01, real=0,04 secs] 
6,972: [GC6,972: [ParNew: 306688K->34048K(306688K), 0,0294250 secs] 994665K->798872K(1460992K), 0,0295270 secs] [Times: user=0,09 sys=0,00, real=0,03 secs] 
7,004: [CMS-concurrent-abortable-preclean: 0,041/0,121 secs] [Times: user=0,33 sys=0,01, real=0,12 secs] 
7,005: [GC[YG occupancy: 56726 K (306688 K)]7,005: [Rescan (parallel) , 0,0045210 secs]7,009: [weak refs processing, 0,0000170 secs]7,009: [scrub string table, 0,0002360 secs] [1 CMS-remark: 764824K(1154304K)] 821550K(1460992K), 0,0048750 secs] [Times: user=0,00 sys=0,00, real=0,01 secs] 
7,013: [CMS-concurrent-sweep-start]
7,030: [GC7,030: [ParNew: 306688K->34048K(306688K), 0,0498610 secs] 894817K->749514K(1460992K), 0,0499480 secs] [Times: user=0,13 sys=0,01, real=0,04 secs] 
7,104: [GC7,104: [ParNew: 306688K->34048K(306688K), 0,0610570 secs] 953132K->815316K(1460992K), 0,0611480 secs] [Times: user=0,14 sys=0,02, real=0,06 secs] 
7,176: [CMS-concurrent-sweep: 0,051/0,163 secs] [Times: user=0,42 sys=0,03, real=0,16 secs] 
7,176: [CMS-concurrent-reset-start]
7,181: [CMS-concurrent-reset: 0,005/0,005 secs] [Times: user=0,01 sys=0,00, real=0,01 secs] 
7,191: [GC7,191: [ParNew: 306688K->34048K(306688K), 0,0379240 secs] 1057455K->883333K(1460992K), 0,0380100 secs] [Times: user=0,11 sys=0,00, real=0,04 secs] 
7,234: [GC [1 CMS-initial-mark: 849285K(1154304K)] 934483K(1460992K), 0,0012610 secs] [Times: user=0,00 sys=0,00, real=0,00 secs] 
7,236: [CMS-concurrent-mark-start]
7,254: [GC7,254: [ParNew: 306688K->34018K(306688K), 0,0046730 secs] 1155973K->883304K(1460992K), 0,0047560 secs] [Times: user=0,01 sys=0,00, real=0,00 secs] 
7,279: [CMS-concurrent-mark: 0,039/0,044 secs] [Times: user=0,12 sys=0,00, real=0,04 secs] 
7,279: [CMS-concurrent-preclean-start]
7,282: [CMS-concurrent-preclean: 0,003/0,003 secs] [Times: user=0,01 sys=0,00, real=0,01 secs] 
7,283: [CMS-concurrent-abortable-preclean-start]
7,284: [GC7,284: [ParNew: 306658K->34048K(306688K), 0,0440350 secs] 1155944K->1026241K(1460992K), 0,0441150 secs] [Times: user=0,12 sys=0,00, real=0,04 secs] 
7,353: [GC7,353: [ParNew: 306688K->306688K(306688K), 0,0000570 secs]7,353: [CMS7,353: [CMS-concurrent-abortable-preclean: 0,004/0,070 secs] [Times: user=0,18 sys=0,00, real=0,07 secs] 
 (concurrent mode failure): 992193K->150496K(1154304K), 0,0665490 secs] 1298881K->150496K(1460992K), [CMS Perm : 2804K->2804K(21248K)], 0,0667200 secs] [Times: user=0,07 sys=0,00, real=0,06 secs] 
7,444: [GC7,444: [ParNew: 272640K->34048K(306688K), 0,0776170 secs] 423136K->418828K(1460992K), 0,0777080 secs] [Times: user=0,24 sys=0,00, real=0,08 secs] 
7,533: [GC [1 CMS-initial-mark: 384780K(1154304K)] 550372K(1460992K), 0,0026140 secs] [Times: user=0,01 sys=0,00, real=0,00 secs] 
7,535: [CMS-concurrent-mark-start]
7,549: [GC7,549: [ParNew: 306688K->34048K(306688K), 0,0859530 secs] 691468K->689648K(1460992K), 0,0860340 secs] [Times: user=0,28 sys=0,02, real=0,08 secs] 
7,661: [GC7,661: [ParNew: 306688K->34048K(306688K), 0,0659840 secs] 962288K->958489K(1460992K), 0,0660680 secs] [Times: user=0,21 sys=0,02, real=0,07 secs] 
7,735: [CMS-concurrent-mark: 0,047/0,200 secs] [Times: user=0,62 sys=0,04, real=0,20 secs] 
7,735: [CMS-concurrent-preclean-start]
7,752: [GC7,752: [ParNew: 306688K->306688K(306688K), 0,0000280 secs]7,752: [CMS7,767: [CMS-concurrent-preclean: 0,026/0,032 secs] [Times: user=0,06 sys=0,00, real=0,03 secs] 
 (concurrent mode failure): 924441K->49435K(1154304K), 0,0480670 secs] 1231129K->49435K(1460992K), [CMS Perm : 2804K->2804K(21248K)], 0,0482010 secs] [Times: user=0,05 sys=0,00, real=0,04 secs] 
7,820: [GC7,820: [ParNew: 272640K->34048K(306688K), 0,0747770 secs] 322075K->320210K(1460992K), 0,0748600 secs] [Times: user=0,22 sys=0,01, real=0,08 secs] 
7,895: [GC [1 CMS-initial-mark: 286162K(1154304K)] 321465K(1460992K), 0,0009900 secs] [Times: user=0,00 sys=0,00, real=0,00 secs] 
7,896: [CMS-concurrent-mark-start]
7,926: [GC7,926: [ParNew: 306688K->34048K(306688K), 0,0486090 secs] 592850K->440728K(1460992K), 0,0486990 secs] [Times: user=0,16 sys=0,00, real=0,05 secs] 
7,979: [CMS-concurrent-mark: 0,034/0,083 secs] [Times: user=0,25 sys=0,00, real=0,08 secs] 
7,979: [CMS-concurrent-preclean-start]
7,997: [CMS-concurrent-preclean: 0,016/0,018 secs] [Times: user=0,06 sys=0,00, real=0,02 secs] 
7,998: [CMS-concurrent-abortable-preclean-start]
7,998: [GC7,998: [ParNew: 306688K->34048K(306688K), 0,0284740 secs] 713368K->498526K(1460992K), 0,0285510 secs] [Times: user=0,09 sys=0,01, real=0,03 secs] 
8,040: [CMS-concurrent-abortable-preclean: 0,012/0,042 secs] [Times: user=0,14 sys=0,01, real=0,04 secs] 
8,041: [GC[YG occupancy: 205863 K (306688 K)]8,041: [Rescan (parallel) , 0,0021650 secs]8,043: [weak refs processing, 0,0000150 secs]8,043: [scrub string table, 0,0002130 secs] [1 CMS-remark: 464478K(1154304K)] 670341K(1460992K), 0,0024740 secs] [Times: user=0,01 sys=0,00, real=0,01 secs] 
8,043: [CMS-concurrent-sweep-start]
8,054: [GC8,054: [ParNew: 306688K->34048K(306688K), 0,0675820 secs] 771142K->688995K(1460992K), 0,0676860 secs] [Times: user=0,20 sys=0,01, real=0,07 secs] 
8,132: [CMS-concurrent-sweep: 0,021/0,089 secs] [Times: user=0,27 sys=0,01, real=0,09 secs] 
8,133: [CMS-concurrent-reset-start]
8,139: [CMS-concurrent-reset: 0,006/0,006 secs] [Times: user=0,03 sys=0,00, real=0,01 secs] 
8,150: [GC8,150: [ParNew: 306688K->34048K(306688K), 0,0654810 secs] 961635K->923904K(1460992K), 0,0655800 secs] [Times: user=0,20 sys=0,01, real=0,06 secs] 
8,219: [GC [1 CMS-initial-mark: 889856K(1154304K)] 955038K(1460992K), 0,0011320 secs] [Times: user=0,00 sys=0,00, real=0,00 secs] 
8,220: [CMS-concurrent-mark-start]
8,241: [GC8,241: [ParNew: 306688K->306688K(306688K), 0,0000290 secs]8,241: [CMS8,254: [CMS-concurrent-mark: 0,034/0,035 secs] [Times: user=0,07 sys=0,00, real=0,04 secs] 
 (concurrent mode failure): 889856K->95572K(1154304K), 0,0624860 secs] 1196544K->95572K(1460992K), [CMS Perm : 2804K->2804K(21248K)], 0,0626110 secs] [Times: user=0,06 sys=0,00, real=0,06 secs] 
8,326: [GC8,326: [ParNew: 272640K->34048K(306688K), 0,0788650 secs] 368212K->365273K(1460992K), 0,0789620 secs] [Times: user=0,21 sys=0,02, real=0,08 secs] 
8,405: [GC [1 CMS-initial-mark: 331225K(1154304K)] 366668K(1460992K), 0,0008800 secs] [Times: user=0,00 sys=0,00, real=0,00 secs] 
8,407: [CMS-concurrent-mark-start]
8,429: [GC8,429: [ParNew: 306688K->34048K(306688K), 0,0555790 secs] 637913K->499313K(1460992K), 0,0556710 secs] [Times: user=0,15 sys=0,00, real=0,05 secs] 
8,504: [CMS-concurrent-mark: 0,041/0,097 secs] [Times: user=0,26 sys=0,01, real=0,10 secs] 
8,504: [CMS-concurrent-preclean-start]
8,510: [CMS-concurrent-preclean: 0,005/0,006 secs] [Times: user=0,02 sys=0,00, real=0,01 secs] 
8,510: [CMS-concurrent-abortable-preclean-start]
8,511: [GC8,512: [ParNew: 306688K->34048K(306688K), 0,0388830 secs] 771953K->579631K(1460992K), 0,0389550 secs] [Times: user=0,09 sys=0,01, real=0,04 secs] 
8,566: [CMS-concurrent-abortable-preclean: 0,014/0,056 secs] [Times: user=0,14 sys=0,01, real=0,05 secs] 
8,572: [GC[YG occupancy: 284001 K (306688 K)]8,572: [Rescan (parallel) , 0,0032080 secs]8,575: [weak refs processing, 0,0000150 secs]8,575: [scrub string table, 0,0002130 secs] [1 CMS-remark: 545583K(1154304K)] 829585K(1460992K), 0,0035270 secs] [Times: user=0,01 sys=0,00, real=0,00 secs] 
8,576: [CMS-concurrent-sweep-start]
8,577: [GC8,577: [ParNew: 306688K->34048K(306688K), 0,0298550 secs] 852270K->634066K(1460992K), 0,0299250 secs] [Times: user=0,08 sys=0,01, real=0,03 secs] 
8,629: [CMS-concurrent-sweep: 0,024/0,054 secs] [Times: user=0,16 sys=0,01, real=0,06 secs] 
8,630: [CMS-concurrent-reset-start]
8,635: [GC8,635: [ParNew: 306688K->34048K(306688K), 0,0573140 secs] 906659K->804806K(1460992K), 0,0574020 secs] [Times: user=0,13 sys=0,00, real=0,06 secs] 
8,699: [CMS-concurrent-reset: 0,012/0,070 secs] [Times: user=0,17 sys=0,00, real=0,06 secs] 
8,725: [GC8,725: [ParNew: 306688K->34048K(306688K), 0,0421280 secs] 1077446K->917161K(1460992K), 0,0422140 secs] [Times: user=0,09 sys=0,01, real=0,04 secs] 
8,777: [GC [1 CMS-initial-mark: 883113K(1154304K)] 1025592K(1460992K), 0,0019950 secs] [Times: user=0,00 sys=0,00, real=0,00 secs] 
8,779: [CMS-concurrent-mark-start]
8,795: [GC8,795: [ParNew: 306688K->34048K(306688K), 0,0107620 secs] 1189801K->921426K(1460992K), 0,0108440 secs] [Times: user=0,03 sys=0,00, real=0,01 secs] 
8,828: [CMS-concurrent-mark: 0,037/0,049 secs] [Times: user=0,14 sys=0,00, real=0,05 secs] 
8,829: [GC8,829: [ParNew: 306688K->34048K(306688K), 0,0577140 secs] 1194066K->1079740K(1460992K), 0,0577940 secs] [Times: user=0,13 sys=0,02, real=0,05 secs] 
8,887: [CMS-concurrent-preclean-start]
8,911: [CMS-concurrent-preclean: 0,020/0,023 secs] [Times: user=0,06 sys=0,00, real=0,03 secs] 
8,911: [CMS-concurrent-abortable-preclean-start]
8,911: [CMS-concurrent-abortable-preclean: 0,000/0,000 secs] [Times: user=0,00 sys=0,00, real=0,00 secs] 
8,915: [GC[YG occupancy: 306688 K (306688 K)]8,915: [Rescan (parallel) , 0,0055560 secs]8,920: [weak refs processing, 0,0000210 secs]8,920: [scrub string table, 0,0003950 secs] [1 CMS-remark: 1045692K(1154304K)] 1352380K(1460992K), 0,0063020 secs] [Times: user=0,01 sys=0,00, real=0,01 secs] 
8,921: [GC8,921: [ParNew: 306688K->306688K(306688K), 0,0000300 secs]8,921: [CMS8,921: [CMS-concurrent-sweep-start]
8,945: [CMS-concurrent-sweep: 0,024/0,024 secs] [Times: user=0,03 sys=0,00, real=0,02 secs] 
 (concurrent mode failure): 1045692K->160673K(1154304K), 0,0895670 secs] 1352380K->160673K(1460992K), [CMS Perm : 2804K->2804K(21248K)], 0,0896900 secs] [Times: user=0,10 sys=0,00, real=0,09 secs] 
9,035: [GC9,035: [ParNew: 272640K->34048K(306688K), 0,0486260 secs] 433313K->331070K(1460992K), 0,0487790 secs] [Times: user=0,13 sys=0,00, real=0,05 secs] 
9,109: [GC9,109: [ParNew: 306688K->34048K(306688K), 0,1056230 secs] 603710K->601948K(1460992K), 0,1058550 secs] [Times: user=0,27 sys=0,02, real=0,10 secs] 
9,216: [GC [1 CMS-initial-mark: 567900K(1154304K)] 609930K(1460992K), 0,0007570 secs] [Times: user=0,00 sys=0,00, real=0,00 secs] 
9,217: [CMS-concurrent-mark-start]
9,243: [GC9,243: [ParNew: 306688K->34048K(306688K), 0,0834570 secs] 874588K->870770K(1460992K), 0,0835570 secs] [Times: user=0,20 sys=0,01, real=0,08 secs] 
9,331: [CMS-concurrent-mark: 0,031/0,115 secs] [Times: user=0,28 sys=0,01, real=0,12 secs] 
9,332: [CMS-concurrent-preclean-start]
9,353: [GC9,353: [ParNew: 306688K->34048K(306688K), 0,0231430 secs] 1143410K->926354K(1460992K), 0,0232230 secs] [Times: user=0,07 sys=0,01, real=0,02 secs] 
9,404: [GC9,404: [ParNew: 306688K->306688K(306688K), 0,0001210 secs]9,404: [CMS9,405: [CMS-concurrent-preclean: 0,042/0,073 secs] [Times: user=0,21 sys=0,01, real=0,07 secs] 
 (concurrent mode failure): 892306K->230877K(1154304K), 0,1111860 secs] 1198994K->230877K(1460992K), [CMS Perm : 2804K->2804K(21248K)], 0,1115210 secs] [Times: user=0,11 sys=0,00, real=0,11 secs] 
9,541: [GC9,541: [ParNew: 272640K->34048K(306688K), 0,1123440 secs] 503517K->499273K(1460992K), 0,1125870 secs] [Times: user=0,24 sys=0,02, real=0,11 secs] 
9,657: [GC [1 CMS-initial-mark: 465225K(1154304K)] 529055K(1460992K), 0,0019560 secs] [Times: user=0,00 sys=0,00, real=0,00 secs] 
9,659: [CMS-concurrent-mark-start]
9,681: [GC9,681: [ParNew: 306688K->34048K(306688K), 0,0552600 secs] 771913K->608371K(1460992K), 0,0553480 secs] [Times: user=0,12 sys=0,01, real=0,06 secs] 
9,765: [GC9,765: [ParNew: 306688K->34048K(306688K), 0,0477100 secs] 881011K->732396K(1460992K), 0,0478060 secs] [Times: user=0,13 sys=0,01, real=0,05 secs] 
9,833: [CMS-concurrent-mark: 0,070/0,173 secs] [Times: user=0,44 sys=0,03, real=0,18 secs] 
9,833: [CMS-concurrent-preclean-start]
9,836: [GC9,836: [ParNew: 306122K->34048K(306688K), 0,0867920 secs] 1004471K->969698K(1460992K), 0,0870240 secs] [Times: user=0,18 sys=0,02, real=0,09 secs] 
9,950: [GC9,951: [ParNew: 306688K->306688K(306688K), 0,0001380 secs]9,951: [CMS9,959: [CMS-concurrent-preclean: 0,031/0,126 secs] [Times: user=0,27 sys=0,02, real=0,12 secs] 
 (concurrent mode failure): 935650K->100431K(1154304K), 0,0593600 secs] 1242338K->100431K(1460992K), [CMS Perm : 2804K->2804K(21248K)], 0,0598550 secs] [Times: user=0,06 sys=0,00, real=0,06 secs] 
10,036: [GC10,036: [ParNew: 272640K->34048K(306688K), 0,0730930 secs] 373071K->369946K(1460992K), 0,0731860 secs] [Times: user=0,23 sys=0,01, real=0,08 secs] 
10,109: [GC [1 CMS-initial-mark: 335898K(1154304K)] 370966K(1460992K), 0,0008710 secs] [Times: user=0,00 sys=0,00, real=0,00 secs] 
10,110: [CMS-concurrent-mark-start]
10,134: [GC10,134: [ParNew: 306688K->34048K(306688K), 0,0898690 secs] 642586K->635258K(1460992K), 0,0899600 secs] [Times: user=0,30 sys=0,02, real=0,09 secs] 
10,247: [GC10,247: [ParNew: 306688K->34048K(306688K), 0,0346170 secs] 907898K->747036K(1460992K), 0,0347010 secs] [Times: user=0,12 sys=0,00, real=0,04 secs] 
10,290: [CMS-concurrent-mark: 0,055/0,180 secs] [Times: user=0,60 sys=0,02, real=0,18 secs] 
10,290: [CMS-concurrent-preclean-start]
10,304: [GC10,304: [ParNew: 306688K->25505K(306688K), 0,0060510 secs] 1019676K->749892K(1460992K), 0,0061330 secs] [Times: user=0,03 sys=0,00, real=0,01 secs] 
10,332: [GC10,332: [ParNew: 298145K->34048K(306688K), 0,0441380 secs] 1022532K->903063K(1460992K), 0,0442250 secs] [Times: user=0,12 sys=0,00, real=0,04 secs] 
10,397: [CMS-concurrent-preclean: 0,050/0,107 secs] [Times: user=0,33 sys=0,00, real=0,10 secs] 
10,397: [CMS-concurrent-abortable-preclean-start]
10,399: [GC10,399: [ParNew: 306688K->34048K(306688K), 0,0353030 secs] 1175703K->1020485K(1460992K), 0,0354480 secs] [Times: user=0,11 sys=0,01, real=0,04 secs] 
10,458: [GC10,458: [ParNew: 306688K->306688K(306688K), 0,0000390 secs]10,458: [CMS10,458: [CMS-concurrent-abortable-preclean: 0,018/0,060 secs] [Times: user=0,17 sys=0,01, real=0,06 secs] 
 (concurrent mode failure): 986437K->20829K(1154304K), 0,0287040 secs] 1293125K->20829K(1460992K), [CMS Perm : 2804K->2804K(21248K)], 0,0288640 secs] [Times: user=0,03 sys=0,00, real=0,03 secs] 
10,509: [GC10,509: [ParNew: 272640K->34048K(306688K), 0,0699770 secs] 293469K->291338K(1460992K), 0,0700690 secs] [Times: user=0,21 sys=0,02, real=0,06 secs] 
10,581: [GC [1 CMS-initial-mark: 257290K(1154304K)] 312069K(1460992K), 0,0009080 secs] [Times: user=0,00 sys=0,00, real=0,00 secs] 
10,582: [CMS-concurrent-mark-start]
10,605: [GC10,605: [ParNew: 306688K->34048K(306688K), 0,0663170 secs] 563978K->478067K(1460992K), 0,0664080 secs] [Times: user=0,22 sys=0,00, real=0,07 secs] 
10,687: [CMS-concurrent-mark: 0,038/0,104 secs] [Times: user=0,32 sys=0,00, real=0,10 secs] 
10,687: [CMS-concurrent-preclean-start]
10,701: [GC10,701: [ParNew: 306688K->34048K(306688K), 0,0252000 secs] 750707K->511150K(1460992K), 0,0252950 secs] [Times: user=0,07 sys=0,00, real=0,02 secs] 
10,752: [GC10,752: [ParNew: 306688K->34048K(306688K), 0,0815740 secs] 783790K->685669K(1460992K), 0,0816740 secs] [Times: user=0,18 sys=0,02, real=0,08 secs] 
10,862: [CMS-concurrent-preclean: 0,056/0,175 secs] [Times: user=0,43 sys=0,02, real=0,18 secs] 
10,862: [CMS-concurrent-abortable-preclean-start]
10,863: [GC10,863: [ParNew: 306688K->34048K(306688K), 0,0403410 secs] 958309K->767557K(1460992K), 0,0404310 secs] [Times: user=0,10 sys=0,00, real=0,04 secs] 
10,921: [CMS-concurrent-abortable-preclean: 0,017/0,060 secs] [Times: user=0,17 sys=0,00, real=0,06 secs] 
10,922: [GC[YG occupancy: 227559 K (306688 K)]10,922: [Rescan (parallel) , 0,0035790 secs]10,926: [weak refs processing, 0,0000200 secs]10,926: [scrub string table, 0,0002180 secs] [1 CMS-remark: 733509K(1154304K)] 961068K(1460992K), 0,0041100 secs] [Times: user=0,01 sys=0,00, real=0,00 secs] 
10,926: [CMS-concurrent-sweep-start]
10,935: [GC10,935: [ParNew: 306688K->34048K(306688K), 0,0237950 secs] 1040187K->807515K(1460992K), 0,0238860 secs] [Times: user=0,07 sys=0,00, real=0,02 secs] 
10,986: [CMS-concurrent-sweep: 0,036/0,060 secs] [Times: user=0,15 sys=0,00, real=0,06 secs] 
10,989: [CMS-concurrent-reset-start]
10,990: [GC10,991: [ParNew: 306688K->34048K(306688K), 0,0373660 secs] 1080155K->911403K(1460992K), 0,0375110 secs] [Times: user=0,12 sys=0,00, real=0,03 secs] 
11,033: [CMS-concurrent-reset: 0,007/0,044 secs] [Times: user=0,13 sys=0,00, real=0,05 secs] 
11,057: [GC11,058: [ParNew (promotion failed): 306688K->306688K(306688K), 0,0982930 secs]11,156: [CMS: 1143225K->209370K(1154304K), 0,1008820 secs] 1184043K->209370K(1460992K), [CMS Perm : 2804K->2804K(21248K)], 0,1994120 secs] [Times: user=0,35 sys=0,02, real=0,20 secs] 
11,265: [GC [1 CMS-initial-mark: 209370K(1154304K)] 285463K(1460992K), 0,0012950 secs] [Times: user=0,00 sys=0,00, real=0,00 secs] 
11,267: [CMS-concurrent-mark-start]
11,284: [GC11,284: [ParNew: 272640K->34048K(306688K), 0,0978860 secs] 482010K->477152K(1460992K), 0,0979670 secs] [Times: user=0,22 sys=0,04, real=0,10 secs] 
11,412: [GC11,412: [ParNew: 306688K->34048K(306688K), 0,0513620 secs] 749792K->602115K(1460992K), 0,0515960 secs] [Times: user=0,16 sys=0,01, real=0,05 secs] 
11,484: [CMS-concurrent-mark: 0,066/0,217 secs] [Times: user=0,58 sys=0,05, real=0,22 secs] 
11,484: [CMS-concurrent-preclean-start]
11,489: [GC11,489: [ParNew: 306688K->34048K(306688K), 0,0454370 secs] 874755K->725724K(1460992K), 0,0455290 secs] [Times: user=0,11 sys=0,01, real=0,05 secs] 
11,536: [CMS-concurrent-preclean: 0,005/0,051 secs] [Times: user=0,12 sys=0,01, real=0,05 secs] 
11,536: [CMS-concurrent-abortable-preclean-start]
11,556: [CMS-concurrent-abortable-preclean: 0,018/0,021 secs] [Times: user=0,06 sys=0,00, real=0,02 secs] 
11,560: [GC[YG occupancy: 296635 K (306688 K)]11,560: [Rescan (parallel) , 0,0078650 secs]11,568: [weak refs processing, 0,0000280 secs]11,568: [scrub string table, 0,0003770 secs] [1 CMS-remark: 691676K(1154304K)] 988312K(1460992K), 0,0084760 secs] [Times: user=0,02 sys=0,00, real=0,01 secs] 
11,569: [CMS-concurrent-sweep-start]
11,570: [GC11,570: [ParNew: 306688K->34048K(306688K), 0,0294340 secs] 998364K->810114K(1460992K), 0,0295030 secs] [Times: user=0,09 sys=0,00, real=0,02 secs] 
11,623: [GC11,623: [ParNew: 306688K->34048K(306688K), 0,0262210 secs] 1082656K->861840K(1460992K), 0,0263290 secs] [Times: user=0,06 sys=0,00, real=0,03 secs] 
11,659: [CMS-concurrent-sweep: 0,034/0,090 secs] [Times: user=0,25 sys=0,01, real=0,09 secs] 
11,659: [CMS-concurrent-reset-start]
11,665: [CMS-concurrent-reset: 0,006/0,006 secs] [Times: user=0,01 sys=0,00, real=0,01 secs] 
11,680: [GC11,680: [ParNew: 306688K->34048K(306688K), 0,0393000 secs] 1134480K->987381K(1460992K), 0,0395030 secs] [Times: user=0,12 sys=0,01, real=0,04 secs] 
11,720: [GC [1 CMS-initial-mark: 953333K(1154304K)] 990193K(1460992K), 0,0006050 secs] [Times: user=0,00 sys=0,00, real=0,00 secs] 
11,720: [CMS-concurrent-mark-start]
11,746: [GC11,746: [ParNew: 306688K->34048K(306688K), 0,0362980 secs] 1260021K->1085887K(1460992K), 0,0364040 secs] [Times: user=0,11 sys=0,01, real=0,04 secs] 
11,790: [CMS-concurrent-mark: 0,033/0,070 secs] [Times: user=0,20 sys=0,01, real=0,08 secs] 
11,790: [CMS-concurrent-preclean-start]
11,805: [CMS-concurrent-preclean: 0,013/0,015 secs] [Times: user=0,04 sys=0,00, real=0,01 secs] 
11,805: [CMS-concurrent-abortable-preclean-start]
11,805: [CMS-concurrent-abortable-preclean: 0,000/0,000 secs] [Times: user=0,00 sys=0,00, real=0,00 secs] 
11,806: [GC[YG occupancy: 294867 K (306688 K)]11,806: [Rescan (parallel) , 0,0057110 secs]11,811: [weak refs processing, 0,0000390 secs]11,811: [scrub string table, 0,0002480 secs] [1 CMS-remark: 1051839K(1154304K)] 1346706K(1460992K), 0,0061070 secs] [Times: user=0,02 sys=0,00, real=0,01 secs] 
11,812: [CMS-concurrent-sweep-start]
11,816: [GC11,816: [ParNew: 306688K->306688K(306688K), 0,0000260 secs]11,816: [CMS11,838: [CMS-concurrent-sweep: 0,023/0,026 secs] [Times: user=0,03 sys=0,00, real=0,02 secs] 
 (concurrent mode failure): 1042367K->8341K(1154304K), 0,0380580 secs] 1349055K->8341K(1460992K), [CMS Perm : 2804K->2804K(21248K)], 0,0381910 secs] [Times: user=0,04 sys=0,00, real=0,04 secs] 
11,876: [GC11,876: [ParNew: 272640K->34048K(306688K), 0,0825510 secs] 280981K->279480K(1460992K), 0,0826550 secs] [Times: user=0,22 sys=0,01, real=0,08 secs] 
11,961: [GC [1 CMS-initial-mark: 245432K(1154304K)] 306214K(1460992K), 0,0010340 secs] [Times: user=0,00 sys=0,00, real=0,00 secs] 
11,962: [CMS-concurrent-mark-start]
11,988: [GC11,988: [ParNew: 306688K->34048K(306688K), 0,0832560 secs] 552120K->505347K(1460992K), 0,0833450 secs] [Times: user=0,22 sys=0,02, real=0,09 secs] 
12,079: [CMS-concurrent-mark: 0,034/0,117 secs] [Times: user=0,32 sys=0,02, real=0,11 secs] 
12,080: [CMS-concurrent-preclean-start]
12,095: [GC12,095: [ParNew: 306688K->34048K(306688K), 0,0219550 secs] 777987K->545822K(1460992K), 0,0220550 secs] [Times: user=0,07 sys=0,00, real=0,02 secs] 
12,140: [GC12,140: [ParNew: 306688K->34048K(306688K), 0,0402650 secs] 818462K->617658K(1460992K), 0,0403750 secs] [Times: user=0,11 sys=0,01, real=0,04 secs] 
12,181: [CMS-concurrent-preclean: 0,033/0,101 secs] [Times: user=0,29 sys=0,02, real=0,11 secs] 
12,181: [GC[YG occupancy: 36964 K (306688 K)]12,181: [Rescan (parallel) , 0,0021220 secs]12,183: [weak refs processing, 0,0000140 secs]12,183: [scrub string table, 0,0002100 secs] [1 CMS-remark: 583610K(1154304K)] 620575K(1460992K), 0,0024180 secs] [Times: user=0,00 sys=0,00, real=0,00 secs] 
12,184: [CMS-concurrent-sweep-start]
12,205: [CMS-concurrent-sweep: 0,021/0,021 secs] [Times: user=0,06 sys=0,00, real=0,02 secs] 
12,205: [CMS-concurrent-reset-start]
12,211: [GC12,211: [ParNew: 306688K->34048K(306688K), 0,0553580 secs] 890294K->795320K(1460992K), 0,0554530 secs] [Times: user=0,18 sys=0,01, real=0,05 secs] 
12,268: [CMS-concurrent-reset: 0,007/0,063 secs] [Times: user=0,20 sys=0,01, real=0,06 secs] 
12,291: [GC12,291: [ParNew: 306688K->34048K(306688K), 0,0181920 secs] 1067960K->832320K(1460992K), 0,0182860 secs] [Times: user=0,06 sys=0,00, real=0,02 secs] 
12,321: [GC [1 CMS-initial-mark: 798272K(1154304K)] 927731K(1460992K), 0,0016640 secs] [Times: user=0,00 sys=0,00, real=0,00 secs] 
12,323: [CMS-concurrent-mark-start]
12,337: [GC12,337: [ParNew: 306688K->34048K(306688K), 0,0555780 secs] 1104960K->1044794K(1460992K), 0,0556640 secs] [Times: user=0,17 sys=0,02, real=0,06 secs] 
12,410: [CMS-concurrent-mark: 0,031/0,087 secs] [Times: user=0,27 sys=0,02, real=0,09 secs] 
12,410: [CMS-concurrent-preclean-start]
12,417: [GC12,417: [ParNew: 306688K->306688K(306688K), 0,0000450 secs]12,417: [CMS12,420: [CMS-concurrent-preclean: 0,009/0,009 secs] [Times: user=0,02 sys=0,00, real=0,00 secs] 
 (concurrent mode failure): 1010746K->195965K(1154304K), 0,0763250 secs] 1317434K->195965K(1460992K), [CMS Perm : 2804K->2804K(21248K)], 0,0764790 secs] [Times: user=0,08 sys=0,00, real=0,08 secs] 
12,517: [GC12,517: [ParNew: 272640K->34048K(306688K), 0,0444570 secs] 468605K->365892K(1460992K), 0,0445410 secs] [Times: user=0,12 sys=0,01, real=0,05 secs] 
12,565: [GC [1 CMS-initial-mark: 331844K(1154304K)] 405511K(1460992K), 0,0014760 secs] [Times: user=0,00 sys=0,00, real=0,00 secs] 
12,567: [CMS-concurrent-mark-start]
12,584: [GC12,584: [ParNew: 306688K->34048K(306688K), 0,0720460 secs] 638532K->564713K(1460992K), 0,0721330 secs] [Times: user=0,22 sys=0,01, real=0,07 secs] 
12,681: [GC12,681: [ParNew: 306688K->34048K(306688K), 0,0728000 secs] 837353K->833832K(1460992K), 0,0728850 secs] [Times: user=0,24 sys=0,02, real=0,07 secs] 
12,758: [CMS-concurrent-mark: 0,046/0,192 secs] [Times: user=0,62 sys=0,03, real=0,19 secs] 
12,758: [CMS-concurrent-preclean-start]
12,781: [GC12,781: [ParNew: 306688K->34048K(306688K), 0,0362990 secs] 1106472K->923136K(1460992K), 0,0363900 secs] [Times: user=0,09 sys=0,01, real=0,03 secs] 
12,845: [GC12,845: [ParNew: 306688K->306688K(306688K), 0,0000230 secs]12,845: [CMS12,853: [CMS-concurrent-preclean: 0,045/0,095 secs] [Times: user=0,23 sys=0,02, real=0,10 secs] 
 (concurrent mode failure): 889088K->261587K(1154304K), 0,1212890 secs] 1195776K->261587K(1460992K), [CMS Perm : 2804K->2804K(21248K)], 0,1214180 secs] [Times: user=0,12 sys=0,00, real=0,12 secs] 
12,991: [GC12,991: [ParNew: 272640K->34048K(306688K), 0,0715530 secs] 534227K->432971K(1460992K), 0,0716460 secs] [Times: user=0,14 sys=0,01, real=0,07 secs] 
Heap
 par new generation   total 306688K, used 193245K [0x000000009a600000, 0x00000000af2c0000, 0x00000000af2c0000)
  eden space 272640K,  58% used [0x000000009a600000, 0x00000000a4177608, 0x00000000ab040000)
  from space 34048K, 100% used [0x00000000ab040000, 0x00000000ad180000, 0x00000000ad180000)
  to   space 34048K,   0% used [0x00000000ad180000, 0x00000000ad180000, 0x00000000af2c0000)
 concurrent mark-sweep generation total 1154304K, used 398923K [0x00000000af2c0000, 0x00000000f5a00000, 0x00000000f5a00000)
 concurrent-mark-sweep perm gen total 21248K, used 2811K [0x00000000f5a00000, 0x00000000f6ec0000, 0x0000000100000000)
