OpenJDK 64-Bit Server VM (24.95-b01) for linux-amd64 JRE (1.7.0_95-b00), built on Mar 27 2016 12:52:52 by "buildd" with gcc 5.3.1 20160323
Memory: 4k page, physical 5975800k(3041436k free), swap 3416060k(3416060k free)
CommandLine flags: -XX:InitialHeapSize=536870912 -XX:MaxHeapSize=536870912 -XX:+PrintGC -XX:+PrintGCTimeStamps -XX:+UseCompressedOops -XX:+UseParallelGC 
0,118: [GC 132096K->129935K(503296K), 0,0562400 secs]
0,195: [GC 262031K->261041K(503296K), 0,0662640 secs]
0,262: [Full GC 261041K->256249K(503296K), 0,0633580 secs]
0,343: [Full GC 388345K->288266K(503296K), 0,0701060 secs]
0,438: [Full GC 420362K->122680K(503296K), 0,0320810 secs]
0,483: [GC 254776K->257273K(503296K), 0,0237260 secs]
0,507: [Full GC 257273K->253817K(503296K), 0,0402210 secs]
0,557: [Full GC 385913K->90072K(503296K), 0,0278750 secs]
0,598: [GC 222168K->224027K(503296K), 0,0266620 secs]
0,635: [GC 356123K->356047K(503296K), 0,0415870 secs]
0,677: [Full GC 356047K->253960K(503296K), 0,0559450 secs]
0,745: [Full GC 386056K->88984K(503296K), 0,0288240 secs]
0,785: [GC 221080K->222324K(429568K), 0,0276020 secs]
0,817: [GC 280692K->284791K(466432K), 0,0146010 secs]
0,832: [Full GC 284791K->178057K(466432K), 0,0406490 secs]
0,877: [GC 236425K->243098K(466432K), 0,0118700 secs]
0,889: [Full GC 243098K->235958K(466432K), 0,0269480 secs]
0,921: [GC 294326K->300930K(466432K), 0,0112330 secs]
0,932: [Full GC 300930K->293861K(466432K), 0,0356940 secs]
0,973: [Full GC 352228K->351772K(466432K), 0,0397750 secs]
1,018: [Full GC 407606K->13726K(466432K), 0,0099900 secs]
1,034: [GC 72094K->78624K(466432K), 0,0119110 secs]
1,052: [GC 136984K->137089K(466432K), 0,0201450 secs]
1,077: [GC 195457K->194954K(466432K), 0,0200290 secs]
1,102: [GC 253322K->253875K(466432K), 0,0216240 secs]
1,124: [Full GC 253875K->244965K(466432K), 0,0537510 secs]
1,182: [GC 303332K->309895K(466432K), 0,0116020 secs]
1,194: [Full GC 309895K->302863K(466432K), 0,0395390 secs]
1,239: [Full GC 361231K->164202K(466432K), 0,0435990 secs]
1,288: [GC 222570K->229101K(466432K), 0,0111180 secs]
1,304: [GC 287469K->287282K(466432K), 0,0231720 secs]
1,328: [Full GC 287282K->83546K(466432K), 0,0249310 secs]
1,357: [GC 141914K->148535K(466432K), 0,0108540 secs]
1,373: [GC 206903K->206988K(466432K), 0,0200810 secs]
1,398: [GC 265356K->265367K(466432K), 0,0207560 secs]
1,424: [GC 323735K->324250K(466432K), 0,0203050 secs]
1,444: [Full GC 324250K->314950K(466432K), 0,0724790 secs]
1,521: [Full GC 373318K->80183K(466432K), 0,0237210 secs]
1,552: [GC 138551K->144587K(466432K), 0,0125500 secs]
1,570: [GC 202955K->203467K(466432K), 0,0214730 secs]
1,598: [GC 261835K->261518K(466432K), 0,0212760 secs]
1,624: [GC 319886K->320372K(466432K), 0,0219010 secs]
1,646: [Full GC 320372K->212324K(466432K), 0,0472010 secs]
1,698: [GC 270692K->277400K(466432K), 0,0112610 secs]
1,714: [GC 335768K->335859K(466432K), 0,0230140 secs]
1,737: [Full GC 335859K->230091K(466432K), 0,0463830 secs]
1,789: [GC 288459K->294819K(466432K), 0,0154740 secs]
1,805: [Full GC 294819K->91002K(466432K), 0,0226450 secs]
1,833: [GC 149370K->155868K(466432K), 0,0158110 secs]
1,853: [GC 214236K->214137K(466432K), 0,0212750 secs]
1,879: [GC 272505K->272626K(466432K), 0,0201540 secs]
1,903: [GC 330994K->331040K(466432K), 0,0201780 secs]
1,923: [Full GC 331040K->224235K(466432K), 0,0507970 secs]
1,979: [GC 282597K->289111K(466432K), 0,0116580 secs]
1,995: [GC 347479K->347569K(466432K), 0,0205290 secs]
2,016: [Full GC 347569K->340041K(466432K), 0,0424900 secs]
2,064: [Full GC 398409K->4819K(466432K), 0,0076840 secs]
2,078: [GC 63187K->69738K(466432K), 0,0155620 secs]
2,099: [GC 128106K->128309K(466432K), 0,0211080 secs]
2,125: [GC 186677K->186744K(466432K), 0,0198630 secs]
2,150: [GC 245101K->245136K(466432K), 0,0200680 secs]
2,175: [GC 303504K->303685K(466432K), 0,0221420 secs]
2,197: [Full GC 303685K->294145K(466432K), 0,0630050 secs]
2,265: [Full GC 352513K->351874K(466432K), 0,0412880 secs]
2,312: [Full GC 407720K->16884K(466432K), 0,0103850 secs]
2,328: [GC 75252K->81549K(466432K), 0,0120820 secs]
2,347: [GC 139917K->140390K(466432K), 0,0199040 secs]
2,371: [GC 198756K->198737K(466432K), 0,0221640 secs]
2,399: [GC 257105K->257140K(466432K), 0,0216650 secs]
2,425: [GC 315508K->315501K(466432K), 0,0219940 secs]
2,447: [Full GC 315501K->208301K(466432K), 0,0487640 secs]
2,501: [GC 266669K->273267K(466432K), 0,0120770 secs]
2,520: [GC 331635K->331321K(466432K), 0,0242730 secs]
2,545: [Full GC 331321K->30751K(466432K), 0,0139920 secs]
2,563: [GC 89119K->95544K(466432K), 0,0109860 secs]
2,579: [GC 153912K->153974K(466432K), 0,0199810 secs]
2,604: [GC 212342K->212385K(466432K), 0,0201070 secs]
2,628: [GC 270753K->270893K(466432K), 0,0211170 secs]
2,656: [GC 329261K->329120K(466432K), 0,0242700 secs]
2,680: [Full GC 329120K->221094K(466432K), 0,0449630 secs]
2,730: [GC 279462K->285805K(466432K), 0,0124830 secs]
2,751: [GC 344173K->344062K(466432K), 0,0238330 secs]
2,775: [Full GC 344062K->41571K(466432K), 0,0161080 secs]
2,796: [GC 99939K->106590K(466432K), 0,0108920 secs]
2,811: [GC 164958K->165056K(466432K), 0,0199950 secs]
2,837: [GC 223424K->223323K(466432K), 0,0203730 secs]
2,864: [GC 281691K->282086K(466432K), 0,0207410 secs]
2,889: [GC 340454K->340050K(466432K), 0,0203480 secs]
2,910: [Full GC 340050K->330806K(466432K), 0,0753540 secs]
2,990: [Full GC 389174K->289613K(466432K), 0,0614210 secs]
3,057: [GC 347981K->354411K(466432K), 0,0158720 secs]
3,073: [Full GC 354411K->52119K(466432K), 0,0187940 secs]
3,097: [GC 110487K->116986K(466432K), 0,0129200 secs]
3,114: [GC 175354K->175466K(466432K), 0,0201400 secs]
3,139: [GC 233834K->233922K(466432K), 0,0201340 secs]
3,164: [GC 292290K->292377K(466432K), 0,0202570 secs]
3,189: [GC 350745K->350628K(466432K), 0,0234580 secs]
3,212: [Full GC 350628K->243712K(466432K), 0,0531330 secs]
3,271: [GC 302080K->308346K(466432K), 0,0123040 secs]
3,283: [Full GC 308346K->8122K(466432K), 0,0085130 secs]
3,297: [GC 66490K->73065K(466432K), 0,0131550 secs]
3,316: [GC 131433K->131500K(466432K), 0,0211620 secs]
3,342: [GC 189867K->190077K(466432K), 0,0200210 secs]
3,368: [GC 248445K->248558K(466432K), 0,0205430 secs]
3,393: [GC 306921K->306664K(466432K), 0,0202750 secs]
3,413: [Full GC 306664K->199036K(466432K), 0,0468710 secs]
3,465: [GC 257404K->264084K(466432K), 0,0139440 secs]
3,485: [GC 322451K->321860K(466432K), 0,0229890 secs]
3,508: [Full GC 321860K->22015K(466432K), 0,0099580 secs]
3,523: [GC 80383K->87020K(466432K), 0,0108020 secs]
3,538: [GC 145388K->145342K(466432K), 0,0197910 secs]
3,564: [GC 203707K->203557K(466432K), 0,0216130 secs]
3,590: [GC 261921K->262023K(466432K), 0,0212560 secs]
3,616: [GC 320391K->320363K(466432K), 0,0217790 secs]
3,638: [Full GC 320363K->212722K(466432K), 0,0518560 secs]
3,695: [GC 271090K->277620K(466432K), 0,0119830 secs]
3,712: [GC 335988K->336046K(466432K), 0,0217000 secs]
3,734: [Full GC 336046K->33982K(466432K), 0,0162380 secs]
3,755: [GC 92345K->98740K(466432K), 0,0107940 secs]
3,771: [GC 157108K->157254K(466432K), 0,0199550 secs]
3,796: [GC 215622K->215979K(466432K), 0,0209190 secs]
3,822: [GC 274347K->274022K(466432K), 0,0200960 secs]
3,847: [GC 332390K->332800K(466432K), 0,0203160 secs]
3,867: [Full GC 332800K->323056K(466432K), 0,0712710 secs]
3,944: [Full GC 381424K->87733K(466432K), 0,0286920 secs]
3,979: [GC 146101K->152794K(466432K), 0,0109550 secs]
3,995: [GC 211162K->211292K(466432K), 0,0226730 secs]
4,022: [GC 269660K->269615K(466432K), 0,0214090 secs]
4,048: [GC 327983K->327621K(466432K), 0,0220650 secs]
4,070: [Full GC 327621K->220838K(466432K), 0,0498350 secs]
4,125: [GC 279206K->285957K(466432K), 0,0114100 secs]
4,141: [GC 344325K->344269K(466432K), 0,0222440 secs]
4,163: [Full GC 344269K->237900K(466432K), 0,0526250 secs]
4,221: [GC 296268K->302432K(466432K), 0,0110720 secs]
4,238: [GC 360800K->360680K(466432K), 0,0224770 secs]
4,261: [Full GC 360680K->59565K(466432K), 0,0200800 secs]
4,286: [GC 117933K->124614K(466432K), 0,0108380 secs]
4,301: [GC 182982K->183148K(466432K), 0,0199570 secs]
4,326: [GC 241516K->241366K(466432K), 0,0201010 secs]
4,351: [GC 299734K->299950K(466432K), 0,0203020 secs]
4,376: [GC 358318K->358346K(466432K), 0,0218310 secs]
4,398: [Full GC 358346K->348881K(466432K), 0,0735090 secs]
4,477: [Full GC 407249K->14012K(466432K), 0,0111700 secs]
4,494: [GC 72380K->79041K(466432K), 0,0123240 secs]
4,512: [GC 137409K->137474K(466432K), 0,0207860 secs]
4,538: [GC 195842K->195895K(466432K), 0,0199390 secs]
4,563: [GC 254263K->254520K(466432K), 0,0202010 secs]
4,588: [GC 312888K->312794K(466432K), 0,0223550 secs]
4,610: [Full GC 312794K->303354K(466432K), 0,0665060 secs]
4,682: [Full GC 361722K->165002K(466432K), 0,0430640 secs]
4,732: [GC 223370K->229747K(466432K), 0,0130160 secs]
4,751: [GC 288115K->288116K(466432K), 0,0221270 secs]
4,778: [GC 346484K->346602K(466432K), 0,0217410 secs]
4,799: [Full GC 346602K->141906K(466432K), 0,0370600 secs]
4,841: [GC 200274K->207179K(466432K), 0,0110480 secs]
4,857: [GC 265547K->265542K(466432K), 0,0202740 secs]
4,882: [GC 323910K->323986K(466432K), 0,0202170 secs]
4,902: [Full GC 323986K->315660K(466432K), 0,0538260 secs]
4,961: [Full GC 374021K->176882K(466432K), 0,0452750 secs]
5,012: [GC 235250K->241735K(466432K), 0,0115210 secs]
5,029: [GC 300103K->300015K(466432K), 0,0223820 secs]
5,056: [GC 358383K->358380K(466432K), 0,0219020 secs]
5,078: [Full GC 358380K->153704K(466432K), 0,0392490 secs]
5,122: [GC 212072K->218788K(466432K), 0,0110020 secs]
5,138: [GC 277156K->277243K(466432K), 0,0202130 secs]
5,163: [GC 335611K->335808K(466432K), 0,0240470 secs]
5,187: [Full GC 335808K->227873K(466432K), 0,0511900 secs]
5,243: [GC 286241K->293263K(466432K), 0,0142030 secs]
5,263: [GC 351631K->351346K(466432K), 0,0232400 secs]
5,286: [Full GC 351346K->50137K(466432K), 0,0188320 secs]
5,309: [GC 108505K->115068K(466432K), 0,0108550 secs]
5,325: [GC 173436K->173336K(466432K), 0,0199870 secs]
5,350: [GC 231704K->231971K(466432K), 0,0208790 secs]
5,376: [GC 290339K->290187K(466432K), 0,0217280 secs]
5,404: [GC 348555K->348628K(466432K), 0,0235180 secs]
5,427: [Full GC 348628K->143168K(466432K), 0,0376240 secs]
5,470: [GC 201536K->207269K(466432K), 0,0124420 secs]
5,493: [GC 265634K->265903K(466432K), 0,0213250 secs]
5,519: [GC 324271K->324296K(466432K), 0,0230040 secs]
5,542: [Full GC 324296K->118966K(466432K), 0,0296420 secs]
5,577: [GC 177334K->183895K(466432K), 0,0110040 secs]
5,593: [GC 242263K->242433K(466432K), 0,0204600 secs]
5,618: [GC 300796K->300722K(466432K), 0,0221750 secs]
5,646: [GC 359089K->359183K(466432K), 0,0252410 secs]
5,671: [Full GC 359183K->252472K(466432K), 0,0536060 secs]
5,734: [GC 310840K->317055K(466432K), 0,0131520 secs]
5,747: [Full GC 317055K->14882K(466432K), 0,0112100 secs]
5,765: [GC 73245K->80109K(466432K), 0,0111800 secs]
5,781: [GC 138477K->138192K(466432K), 0,0199730 secs]
5,805: [GC 196559K->196557K(466432K), 0,0198960 secs]
5,830: [GC 254925K->255221K(466432K), 0,0200860 secs]
5,855: [GC 313589K->313632K(466432K), 0,0217130 secs]
5,876: [Full GC 313632K->303986K(466432K), 0,0667060 secs]
5,948: [Full GC 362354K->264617K(466432K), 0,0616130 secs]
6,017: [GC 322985K->329384K(466432K), 0,0112130 secs]
6,028: [Full GC 329384K->26916K(466432K), 0,0113300 secs]
6,047: [GC 85284K->91995K(466432K), 0,0121230 secs]
6,064: [GC 150363K->150116K(466432K), 0,0198980 secs]
6,088: [GC 208484K->208475K(466432K), 0,0199530 secs]
6,114: [GC 266843K->266995K(466432K), 0,0214060 secs]
6,140: [GC 325363K->325337K(466432K), 0,0210780 secs]
6,161: [Full GC 325337K->315953K(466432K), 0,0698080 secs]
6,236: [Full GC 374321K->78818K(466432K), 0,0244490 secs]
6,267: [GC 137186K->143577K(466432K), 0,0124650 secs]
6,286: [GC 201945K->201803K(466432K), 0,0228770 secs]
6,313: [GC 260171K->260341K(466432K), 0,0214480 secs]
6,340: [GC 318709K->318605K(466432K), 0,0208240 secs]
6,361: [Full GC 318605K->212545K(466432K), 0,0481480 secs]
6,414: [GC 270913K->277698K(466432K), 0,0112120 secs]
6,431: [GC 336066K->335925K(466432K), 0,0217670 secs]
6,453: [Full GC 335925K->328402K(466432K), 0,0527660 secs]
6,511: [Full GC 386770K->190205K(466432K), 0,0454730 secs]
6,562: [GC 248573K->254871K(466432K), 0,0140290 secs]
6,582: [GC 313239K->313586K(466432K), 0,0216630 secs]
6,604: [Full GC 313586K->110974K(466432K), 0,0299490 secs]
6,638: [GC 169342K->175903K(466432K), 0,0110050 secs]
6,654: [GC 234271K->234435K(466432K), 0,0215050 secs]
6,680: [GC 292803K->292707K(466432K), 0,0202360 secs]
6,705: [GC 351075K->351490K(466432K), 0,0202330 secs]
6,726: [Full GC 351490K->342572K(466432K), 0,0538310 secs]
6,786: [Full GC 400940K->8149K(466432K), 0,0125070 secs]
6,804: [GC 66511K->73143K(466432K), 0,0121660 secs]
6,822: [GC 131511K->131501K(466432K), 0,0202360 secs]
6,847: [GC 189869K->189974K(466432K), 0,0211910 secs]
6,873: [GC 248338K->248546K(466432K), 0,0217420 secs]
6,900: [GC 306914K->307086K(466432K), 0,0201240 secs]
6,920: [Full GC 307086K->297461K(466432K), 0,0637620 secs]
6,989: [Full GC 355829K->159124K(466432K), 0,0435800 secs]
7,040: [GC 217492K->223961K(466432K), 0,0129040 secs]
7,060: [GC 282329K->282073K(466432K), 0,0207780 secs]
7,086: [GC 340441K->340589K(466432K), 0,0202100 secs]
7,106: [Full GC 340589K->136537K(466432K), 0,0342310 secs]
7,147: [GC 194891K->201620K(466432K), 0,0109920 secs]
7,164: [GC 259988K->259750K(466432K), 0,0200420 secs]
7,188: [GC 318118K->318362K(466432K), 0,0218110 secs]
7,210: [Full GC 318362K->310210K(466432K), 0,0418070 secs]
7,257: [Full GC 368578K->170650K(466432K), 0,0428190 secs]
7,305: [GC 229018K->235553K(466432K), 0,0110120 secs]
7,322: [GC 293921K->293921K(466432K), 0,0220980 secs]
7,349: [GC 352289K->352463K(466432K), 0,0222800 secs]
7,371: [Full GC 352463K->148215K(466432K), 0,0357620 secs]
7,411: [GC 206583K->213128K(466432K), 0,0110990 secs]
7,427: [GC 271496K->271827K(466432K), 0,0202810 secs]
7,452: [GC 330195K->330270K(466432K), 0,0201670 secs]
7,472: [Full GC 330270K->321895K(466432K), 0,0534800 secs]
7,531: [Full GC 380250K->91238K(466432K), 0,0241600 secs]
7,562: [GC 149606K->156183K(466432K), 0,0131180 secs]
7,581: [GC 214550K->214530K(466432K), 0,0243310 secs]
7,610: [GC 272898K->272878K(466432K), 0,0200270 secs]
7,634: [GC 331246K->331242K(466432K), 0,0203350 secs]
7,655: [Full GC 331242K->218969K(466432K), 0,0522450 secs]
7,712: [GC 277337K->283934K(466432K), 0,0111480 secs]
7,728: [GC 342302K->342505K(466432K), 0,0218300 secs]
7,750: [Full GC 342505K->237068K(466432K), 0,0543940 secs]
7,810: [GC 295436K->301280K(466432K), 0,0134830 secs]
7,829: [GC 359648K->359517K(466432K), 0,0234200 secs]
7,852: [Full GC 359517K->58404K(466432K), 0,0174130 secs]
7,875: [GC 116772K->123640K(466432K), 0,0108510 secs]
7,890: [GC 182008K->182057K(466432K), 0,0198890 secs]
7,916: [GC 240425K->240201K(466432K), 0,0213810 secs]
7,942: [GC 298562K->298532K(466432K), 0,0221840 secs]
7,969: [GC 356900K->356954K(466432K), 0,0227250 secs]
7,992: [Full GC 356954K->152021K(466432K), 0,0411750 secs]
8,042: [GC 210389K->216818K(466432K), 0,0137060 secs]
8,060: [GC 275186K->275199K(466432K), 0,0203060 secs]
8,085: [GC 333567K->333513K(466432K), 0,0206650 secs]
8,106: [Full GC 333513K->128029K(466432K), 0,0324700 secs]
8,143: [GC 186397K->192984K(466432K), 0,0119860 secs]
8,161: [GC 251352K->251470K(466432K), 0,0201420 secs]
8,186: [GC 309838K->309915K(466432K), 0,0221780 secs]
8,208: [Full GC 309915K->203368K(466432K), 0,0477450 secs]
8,260: [GC 261736K->268357K(466432K), 0,0114230 secs]
8,277: [GC 326725K->326280K(466432K), 0,0218430 secs]
8,299: [Full GC 326280K->23219K(466432K), 0,0113960 secs]
8,317: [GC 81587K->88475K(466432K), 0,0110120 secs]
8,333: [GC 146843K->146582K(466432K), 0,0198330 secs]
8,358: [GC 204950K->205036K(466432K), 0,0213900 secs]
8,384: [GC 263404K->263201K(466432K), 0,0219530 secs]
8,411: [GC 321569K->321510K(466432K), 0,0211890 secs]
8,432: [Full GC 321510K->214060K(466432K), 0,0518590 secs]
8,489: [GC 272428K->279055K(466432K), 0,0111350 secs]
8,505: [GC 337423K->337345K(466432K), 0,0236040 secs]
8,529: [Full GC 337345K->35305K(466432K), 0,0140810 secs]
8,548: [GC 93673K->100119K(466432K), 0,0108470 secs]
8,563: [GC 158487K->158678K(466432K), 0,0199250 secs]
8,588: [GC 217046K->216803K(466432K), 0,0218500 secs]
8,614: [GC 275171K->275354K(466432K), 0,0200530 secs]
8,639: [GC 333722K->333971K(466432K), 0,0229170 secs]
8,662: [Full GC 333971K->227178K(466432K), 0,0535490 secs]
8,721: [GC 285539K->292155K(466432K), 0,0119540 secs]
8,742: [GC 350523K->350269K(466432K), 0,0233930 secs]
8,765: [Full GC 350269K->47894K(466432K), 0,0156210 secs]
8,786: [GC 106262K->112693K(466432K), 0,0108120 secs]
8,801: [GC 171061K->171289K(466432K), 0,0199130 secs]
8,826: [GC 229657K->229488K(466432K), 0,0221230 secs]
8,853: [GC 287856K->288053K(466432K), 0,0204610 secs]
8,878: [GC 346421K->346647K(466432K), 0,0235510 secs]
8,901: [Full GC 346647K->238774K(466432K), 0,0538230 secs]
8,962: [GC 297142K->303274K(466432K), 0,0117970 secs]
8,980: [GC 361635K->361707K(466432K), 0,0233160 secs]
9,003: [Full GC 361707K->59879K(466432K), 0,0180030 secs]
9,027: [GC 118247K->124983K(466432K), 0,0108940 secs]
9,043: [GC 183351K->183454K(466432K), 0,0228120 secs]
9,071: [GC 241822K->241701K(466432K), 0,0201310 secs]
9,096: [GC 300069K->299951K(466432K), 0,0203850 secs]
9,121: [GC 358319K->358372K(466432K), 0,0212940 secs]
9,142: [Full GC 358372K->153769K(466432K), 0,0414890 secs]
9,190: [GC 212137K->218144K(466432K), 0,0114660 secs]
9,206: [GC 276512K->276527K(466432K), 0,0239900 secs]
9,236: [GC 334889K->334820K(466432K), 0,0212510 secs]
9,257: [Full GC 334820K->130672K(466432K), 0,0325340 secs]
9,296: [GC 189040K->195630K(466432K), 0,0112860 secs]
9,312: [GC 253998K->253931K(466432K), 0,0200300 secs]
9,337: [GC 312299K->312341K(466432K), 0,0219130 secs]
9,359: [Full GC 312341K->205932K(466432K), 0,0516580 secs]
9,415: [GC 264300K->270935K(466432K), 0,0111500 secs]
9,432: [GC 329303K->329142K(466432K), 0,0243830 secs]
9,456: [Full GC 329142K->27763K(466432K), 0,0129020 secs]
9,474: [GC 86131K->93080K(466432K), 0,0108920 secs]
9,490: [GC 151448K->151037K(466432K), 0,0198340 secs]
9,515: [GC 209405K->209514K(466432K), 0,0221150 secs]
9,542: [GC 267882K->267694K(466432K), 0,0201290 secs]
9,567: [GC 326062K->326462K(466432K), 0,0203590 secs]
9,587: [Full GC 326462K->316854K(466432K), 0,0732640 secs]
9,665: [Full GC 375222K->276679K(466432K), 0,0609660 secs]
9,734: [GC 335047K->341255K(466432K), 0,0129080 secs]
9,747: [Full GC 341255K->39867K(466432K), 0,0152070 secs]
9,769: [GC 98233K->104735K(466432K), 0,0121860 secs]
9,786: [GC 163097K->163357K(466432K), 0,0208300 secs]
9,812: [GC 221725K->221803K(466432K), 0,0200290 secs]
9,837: [GC 280171K->279918K(466432K), 0,0200840 secs]
9,862: [GC 338286K->338383K(466432K), 0,0226250 secs]
9,885: [Full GC 338383K->231211K(466432K), 0,0524140 secs]
9,942: [GC 289579K->296178K(466432K), 0,0129560 secs]
9,961: [GC 354546K->354309K(466432K), 0,0237210 secs]
9,985: [Full GC 354309K->52608K(466432K), 0,0183040 secs]
10,008: [GC 110976K->117771K(466432K), 0,0107980 secs]
10,023: [GC 176139K->176282K(466432K), 0,0199980 secs]
10,048: [GC 234649K->234133K(466432K), 0,0201240 secs]
10,072: [GC 292501K->292737K(466432K), 0,0204450 secs]
10,098: [GC 351105K->351092K(466432K), 0,0228120 secs]
10,121: [Full GC 351092K->146419K(466432K), 0,0356990 secs]
10,162: [GC 204787K->211305K(466432K), 0,0120980 secs]
10,182: [GC 269673K->269521K(466432K), 0,0237160 secs]
10,211: [GC 327889K->327726K(466432K), 0,0233780 secs]
10,234: [Full GC 327726K->121978K(466432K), 0,0305530 secs]
10,270: [GC 180346K->187124K(466432K), 0,0109400 secs]
10,286: [GC 245487K->245488K(466432K), 0,0201150 secs]
10,311: [GC 303856K->303957K(466432K), 0,0229240 secs]
10,339: [GC 362325K->361976K(466432K), 0,0223750 secs]
10,361: [Full GC 361976K->255061K(466432K), 0,0545530 secs]
10,423: [GC 313429K->319935K(466432K), 0,0133580 secs]
10,437: [Full GC 319935K->17815K(466432K), 0,0095370 secs]
10,452: [GC 76183K->82778K(466432K), 0,0122600 secs]
10,469: [GC 141146K->141069K(466432K), 0,0199190 secs]
10,494: [GC 199428K->199659K(466432K), 0,0199730 secs]
10,519: [GC 258027K->257807K(466432K), 0,0212960 secs]
10,545: [GC 316175K->316228K(466432K), 0,0224640 secs]
10,568: [Full GC 316228K->208212K(466432K), 0,0470640 secs]
10,620: [GC 266580K->272879K(466432K), 0,0134160 secs]
10,642: [GC 331247K->330833K(466432K), 0,0246530 secs]
10,666: [Full GC 330833K->29135K(466432K), 0,0117890 secs]
10,683: [GC 87503K->94291K(466432K), 0,0110260 secs]
10,699: [GC 152659K->152671K(466432K), 0,0198880 secs]
10,725: [GC 211034K->210946K(466432K), 0,0215940 secs]
10,751: [GC 269314K->269467K(466432K), 0,0201950 secs]
10,776: [GC 327833K->327442K(466432K), 0,0222230 secs]
10,798: [Full GC 327442K->219590K(466432K), 0,0529550 secs]
10,856: [GC 277958K->284556K(466432K), 0,0134770 secs]
10,875: [GC 342924K->342620K(466432K), 0,0236680 secs]
10,899: [Full GC 342620K->39919K(466432K), 0,0154140 secs]
10,919: [GC 98287K->104910K(466432K), 0,0107480 secs]
10,935: [GC 163270K->163250K(466432K), 0,0207610 secs]
10,961: [GC 221618K->221491K(466432K), 0,0203580 secs]
10,986: [GC 279859K->280168K(466432K), 0,0201780 secs]
11,011: [GC 338536K->338008K(466432K), 0,0229770 secs]
11,034: [Full GC 338008K->231036K(466432K), 0,0556570 secs]
11,095: [GC 289404K->295889K(466432K), 0,0131460 secs]
11,114: [GC 354257K->354139K(466432K), 0,0233580 secs]
11,137: [Full GC 354139K->52743K(466432K), 0,0165800 secs]
11,159: [GC 111111K->117874K(466432K), 0,0108930 secs]
11,174: [GC 176242K->176179K(466432K), 0,0204370 secs]
11,201: [GC 234547K->234476K(466432K), 0,0200570 secs]
11,225: [GC 292844K->293165K(466432K), 0,0201070 secs]
11,250: [GC 351531K->351464K(466432K), 0,0230220 secs]
11,273: [Full GC 351464K->244091K(466432K), 0,0538330 secs]
11,333: [GC 302459K->308581K(466432K), 0,0132980 secs]
11,346: [Full GC 308581K->7795K(466432K), 0,0071570 secs]
11,359: [GC 66163K->72891K(466432K), 0,0135710 secs]
11,377: [GC 131259K->131247K(466432K), 0,0198220 secs]
11,404: [GC 189615K->189403K(466432K), 0,0197640 secs]
11,429: [GC 247771K->248307K(466432K), 0,0216420 secs]
11,455: [GC 306675K->306236K(466432K), 0,0224090 secs]
11,478: [Full GC 306236K->296914K(466432K), 0,0651900 secs]
11,548: [Full GC 355282K->61114K(466432K), 0,0202850 secs]
11,575: [GC 119482K->126231K(466432K), 0,0121750 secs]
11,592: [GC 184599K->184811K(466432K), 0,0214730 secs]
11,620: [GC 243179K->242778K(466432K), 0,0202850 secs]
11,645: [GC 301146K->301574K(466432K), 0,0219790 secs]
11,673: [GC 359942K->360262K(466432K), 0,0203420 secs]
11,693: [Full GC 360262K->252017K(466432K), 0,0568660 secs]
11,757: [GC 310385K->316757K(466432K), 0,0130610 secs]
11,770: [Full GC 316757K->211309K(466432K), 0,0454240 secs]
11,820: [GC 269677K->276255K(466432K), 0,0111540 secs]
11,837: [GC 334623K->334538K(466432K), 0,0238030 secs]
11,861: [Full GC 334538K->33042K(466432K), 0,0140480 secs]
11,879: [GC 91410K->97703K(466432K), 0,0112900 secs]
11,897: [GC 156071K->156372K(466432K), 0,0198360 secs]
11,921: [GC 214740K->214579K(466432K), 0,0201450 secs]
11,946: [GC 272947K->272739K(466432K), 0,0220210 secs]
11,973: [GC 331107K->331347K(466432K), 0,0227000 secs]
11,996: [Full GC 331347K->224553K(466432K), 0,0473100 secs]
12,048: [GC 282921K->289207K(466432K), 0,0120420 secs]
12,067: [GC 347575K->347488K(466432K), 0,0269820 secs]
12,094: [Full GC 347488K->45268K(466432K), 0,0165860 secs]
12,115: [GC 103636K->110166K(466432K), 0,0108800 secs]
12,132: [GC 168523K->168672K(466432K), 0,0200710 secs]
12,156: [GC 227040K->226945K(466432K), 0,0200180 secs]
12,182: [GC 285313K->285498K(466432K), 0,0226280 secs]
12,209: [GC 343866K->343888K(466432K), 0,0204080 secs]
12,230: [Full GC 343888K->334461K(466432K), 0,0726010 secs]
12,308: [Full GC 392829K->97449K(466432K), 0,0306090 secs]
12,344: [GC 155806K->162342K(466432K), 0,0120450 secs]
12,361: [GC 220710K->220661K(466432K), 0,0232490 secs]
12,389: [GC 279029K->279404K(466432K), 0,0219450 secs]
12,416: [GC 337772K->337638K(466432K), 0,0208680 secs]
12,437: [Full GC 337638K->229879K(466432K), 0,0505790 secs]
12,492: [GC 288247K->295116K(466432K), 0,0112130 secs]
12,508: [GC 353477K->353527K(466432K), 0,0225230 secs]
12,531: [Full GC 353527K->247618K(466432K), 0,0560800 secs]
12,592: [GC 305986K->312640K(466432K), 0,0127260 secs]
12,605: [Full GC 312640K->10501K(466432K), 0,0084070 secs]
12,619: [GC 68869K->75131K(466432K), 0,0129750 secs]
12,637: [GC 133499K->133966K(466432K), 0,0213310 secs]
12,663: [GC 192334K->192276K(466432K), 0,0218220 secs]
12,690: [GC 250644K->250801K(466432K), 0,0200830 secs]
12,715: [GC 309156K->309040K(466432K), 0,0211560 secs]
12,736: [Full GC 309040K->299613K(466432K), 0,0641620 secs]
12,805: [Full GC 357981K->259504K(466432K), 0,0574930 secs]
12,870: [GC 317872K->324406K(466432K), 0,0146410 secs]
12,885: [Full GC 324406K->22608K(466432K), 0,0104480 secs]
12,900: [GC 80968K->87447K(466432K), 0,0121630 secs]
12,917: [GC 145815K->145753K(466432K), 0,0199760 secs]
12,942: [GC 204121K->204569K(466432K), 0,0200990 secs]
12,966: [GC 262937K->262800K(466432K), 0,0201460 secs]
12,991: [GC 321168K->321226K(466432K), 0,0240960 secs]
13,016: [Full GC 321226K->213859K(466432K), 0,0502080 secs]
13,071: [GC 272227K->278624K(466432K), 0,0116110 secs]
13,090: [GC 336992K->337240K(466432K), 0,0230040 secs]
13,113: [Full GC 337240K->34572K(466432K), 0,0151120 secs]
13,133: [GC 92940K->99428K(466432K), 0,0107690 secs]
13,149: [GC 157796K->157828K(466432K), 0,0199760 secs]
13,173: [GC 216196K->216246K(466432K), 0,0202190 secs]
13,198: [GC 274614K->274725K(466432K), 0,0200690 secs]
13,223: [GC 333093K->333228K(466432K), 0,0219870 secs]
13,245: [Full GC 333228K->225040K(466432K), 0,0549630 secs]
13,305: [GC 283408K->289361K(466432K), 0,0125270 secs]
13,325: [GC 347729K->348403K(466432K), 0,0208350 secs]
13,346: [Full GC 348403K->46673K(466432K), 0,0200740 secs]
13,373: [GC 105041K->111718K(466432K), 0,0110550 secs]
13,389: [GC 170086K->170124K(466432K), 0,0207700 secs]
13,414: [GC 228492K->228491K(466432K), 0,0200400 secs]
13,439: [GC 286859K->286967K(466432K), 0,0216820 secs]
13,466: [GC 345335K->345215K(466432K), 0,0221330 secs]
13,488: [Full GC 345215K->239728K(466432K), 0,0393230 secs]
13,533: [GC 298096K->304157K(466432K), 0,0136480 secs]
13,546: [Full GC 304157K->513K(466432K), 0,0060240 secs]
13,558: [GC 58881K->65664K(466432K), 0,0123020 secs]
13,576: [GC 124028K->123751K(466432K), 0,0213980 secs]
13,602: [GC 182119K->182441K(466432K), 0,0201100 secs]
13,627: [GC 240809K->240382K(466432K), 0,0201040 secs]
13,652: [GC 298750K->298861K(466432K), 0,0213140 secs]
13,680: [GC 357229K->357354K(466432K), 0,0232940 secs]
13,703: [Full GC 357354K->248842K(466432K), 0,0552340 secs]
13,764: [GC 307210K->313387K(466432K), 0,0146900 secs]
13,779: [Full GC 313387K->12616K(466432K), 0,0106650 secs]
13,795: [GC 70981K->77685K(466432K), 0,0120560 secs]
13,812: [GC 136053K->135892K(466432K), 0,0198000 secs]
13,836: [GC 194260K->194335K(466432K), 0,0200770 secs]
13,861: [GC 252703K->252851K(466432K), 0,0229720 secs]
13,888: [GC 311219K->311421K(466432K), 0,0217600 secs]
13,910: [Full GC 311421K->301707K(466432K), 0,0649890 secs]
13,980: [Full GC 360075K->164475K(466432K), 0,0427480 secs]
14,030: [GC 222843K->229253K(466432K), 0,0110170 secs]
14,047: [GC 287621K->287227K(466432K), 0,0226230 secs]
14,074: [GC 345595K->345909K(466432K), 0,0205230 secs]
14,095: [Full GC 345909K->141011K(466432K), 0,0350360 secs]
14,137: [GC 199379K->206045K(466432K), 0,0109310 secs]
14,152: [GC 264413K->263963K(466432K), 0,0201180 secs]
14,177: [GC 322331K->322155K(466432K), 0,0235080 secs]
14,201: [Full GC 322155K->216477K(466432K), 0,0502710 secs]
14,255: [GC 274845K->281629K(466432K), 0,0112920 secs]
14,272: [GC 339997K->339304K(466432K), 0,0236220 secs]
14,296: [Full GC 339304K->36827K(466432K), 0,0146950 secs]
14,315: [GC 95195K->101933K(466432K), 0,0107630 secs]
14,331: [GC 160301K->160121K(466432K), 0,0198340 secs]
14,356: [GC 218489K->218528K(466432K), 0,0216770 secs]
14,382: [GC 276896K->277089K(466432K), 0,0201390 secs]
14,407: [GC 335457K->335474K(466432K), 0,0204770 secs]
14,428: [Full GC 335474K->326073K(466432K), 0,0753630 secs]
14,508: [Full GC 384441K->285672K(466432K), 0,0629010 secs]
14,576: [GC 344040K->350341K(466432K), 0,0133200 secs]
14,590: [Full GC 350341K->48142K(466432K), 0,0216400 secs]
14,616: [GC 106510K->112950K(466432K), 0,0124400 secs]
14,633: [GC 171318K->171692K(466432K), 0,0199750 secs]
14,658: [GC 230060K->230069K(466432K), 0,0200780 secs]
14,683: [GC 288437K->288371K(466432K), 0,0212450 secs]
14,709: [GC 346734K->346389K(466432K), 0,0226710 secs]
14,732: [Full GC 346389K->141342K(466432K), 0,0371860 secs]
14,775: [GC 199710K->206146K(466432K), 0,0117930 secs]
14,793: [GC 264514K->264837K(466432K), 0,0231370 secs]
14,821: [GC 323205K->323090K(466432K), 0,0223390 secs]
14,844: [Full GC 323090K->119035K(466432K), 0,0301180 secs]
14,879: [GC 177403K->184135K(466432K), 0,0110020 secs]
14,895: [GC 242503K->242392K(466432K), 0,0201100 secs]
14,919: [GC 300756K->300916K(466432K), 0,0202180 secs]
14,944: [GC 359276K->359293K(466432K), 0,0252410 secs]
14,970: [Full GC 359293K->253745K(466432K), 0,0557930 secs]
15,034: [GC 312113K->318125K(466432K), 0,0134620 secs]
15,047: [Full GC 318125K->16124K(466432K), 0,0108730 secs]
15,065: [GC 74489K->81252K(466432K), 0,0139820 secs]
15,083: [GC 139620K->139365K(466432K), 0,0211550 secs]
15,110: [GC 197733K->197791K(466432K), 0,0202040 secs]
15,135: [GC 256159K->256175K(466432K), 0,0201330 secs]
15,160: [GC 314543K->314749K(466432K), 0,0221380 secs]
15,182: [Full GC 314749K->305382K(466432K), 0,0701480 secs]
15,257: [Full GC 363750K->166959K(466432K), 0,0423610 secs]
15,305: [GC 225327K->232146K(466432K), 0,0111780 secs]
15,322: [GC 290514K->290539K(466432K), 0,0227340 secs]
15,350: [GC 348907K->348712K(466432K), 0,0203490 secs]
15,370: [Full GC 348712K->143519K(466432K), 0,0372970 secs]
15,413: [GC 201887K->208321K(466432K), 0,0111580 secs]
15,429: [GC 266689K->266697K(466432K), 0,0203770 secs]
15,454: [GC 325065K->325142K(466432K), 0,0202940 secs]
15,475: [Full GC 325142K->317249K(466432K), 0,0560990 secs]
15,536: [Full GC 375617K->277406K(466432K), 0,0619410 secs]
15,606: [GC 335774K->341733K(466432K), 0,0128470 secs]
15,619: [Full GC 341733K->41140K(466432K), 0,0184180 secs]
15,642: [GC 99505K->106140K(466432K), 0,0119610 secs]
15,659: [GC 164506K->164473K(466432K), 0,0221380 secs]
15,686: [GC 222841K->223163K(466432K), 0,0200550 secs]
15,711: [GC 281531K->281460K(466432K), 0,0201250 secs]
15,736: [GC 339828K->340022K(466432K), 0,0211730 secs]
15,757: [Full GC 340022K->330377K(466432K), 0,0698380 secs]
15,832: [Full GC 388745K->93963K(466432K), 0,0293830 secs]
15,868: [GC 152331K->158789K(466432K), 0,0134650 secs]
15,886: [GC 217157K->217289K(466432K), 0,0224690 secs]
15,914: [GC 275657K->275700K(466432K), 0,0201640 secs]
15,938: [GC 334068K->334185K(466432K), 0,0203560 secs]
15,959: [Full GC 334185K->227511K(466432K), 0,0527210 secs]
16,016: [GC 285879K->292888K(466432K), 0,0112720 secs]
16,032: [GC 351256K->351109K(466432K), 0,0202510 secs]
16,053: [Full GC 351109K->343365K(466432K), 0,0515600 secs]
16,110: [Full GC 401733K->8986K(466432K), 0,0137690 secs]
16,129: [GC 67354K->73759K(466432K), 0,0129930 secs]
16,147: [GC 132127K->132366K(466432K), 0,0211230 secs]
16,173: [GC 190734K->190862K(466432K), 0,0201210 secs]
16,198: [GC 249230K->249431K(466432K), 0,0200440 secs]
16,223: [GC 307799K->307739K(466432K), 0,0221920 secs]
16,245: [Full GC 307739K->298453K(466432K), 0,0664410 secs]
16,316: [Full GC 356818K->356347K(466432K), 0,0403780 secs]
16,362: [Full GC 407612K->13525K(466432K), 0,0101680 secs]
16,378: [GC 71893K->78558K(466432K), 0,0121540 secs]
16,397: [GC 136926K->136895K(466432K), 0,0201990 secs]
16,422: [GC 195263K->195137K(466432K), 0,0199210 secs]
16,447: [GC 253505K->253726K(466432K), 0,0216950 secs]
16,473: [GC 312094K->312180K(466432K), 0,0222900 secs]
16,496: [Full GC 312180K->209513K(466432K), 0,0407260 secs]
16,541: [GC 267880K->274759K(466432K), 0,0123560 secs]
16,561: [GC 333127K->332821K(466432K), 0,0236000 secs]
16,584: [Full GC 332821K->27642K(466432K), 0,0112150 secs]
16,601: [GC 86010K->92710K(466432K), 0,0110580 secs]
16,616: [GC 151078K->150750K(466432K), 0,0198090 secs]
16,641: [GC 209118K->209475K(466432K), 0,0201460 secs]
16,666: [GC 267843K->267761K(466432K), 0,0219150 secs]
16,694: [GC 326121K->326329K(466432K), 0,0220010 secs]
16,716: [Full GC 326329K->218228K(466432K), 0,0479010 secs]
16,769: [GC 276596K->283327K(466432K), 0,0113330 secs]
16,787: [GC 341695K->341493K(466432K), 0,0247810 secs]
16,812: [Full GC 341493K->38462K(466432K), 0,0140190 secs]
16,831: [GC 96830K->103692K(466432K), 0,0109000 secs]
16,848: [GC 162060K->161637K(466432K), 0,0201020 secs]
16,873: [GC 220005K->220470K(466432K), 0,0216460 secs]
16,900: [GC 278833K->278821K(466432K), 0,0219210 secs]
16,927: [GC 337189K->337054K(466432K), 0,0201840 secs]
16,947: [Full GC 337054K->327660K(466432K), 0,0701730 secs]
17,023: [Full GC 386028K->99447K(466432K), 0,0298080 secs]
17,058: [GC 157815K->164499K(466432K), 0,0129760 secs]
17,075: [GC 222867K->222880K(466432K), 0,0223330 secs]
17,106: [GC 281248K->281162K(466432K), 0,0201320 secs]
17,130: [GC 339530K->339576K(466432K), 0,0207130 secs]
17,151: [Full GC 339576K->226730K(466432K), 0,0530720 secs]
17,209: [GC 285098K->291918K(466432K), 0,0113310 secs]
17,225: [GC 350286K->350022K(466432K), 0,0218660 secs]
17,247: [Full GC 350022K->146488K(466432K), 0,0399860 secs]
17,293: [GC 204856K->211298K(466432K), 0,0157510 secs]
17,314: [GC 269666K->269684K(466432K), 0,0228050 secs]
17,342: [GC 328052K->328260K(466432K), 0,0212200 secs]
17,363: [Full GC 328260K->122848K(466432K), 0,0310940 secs]
17,399: [GC 181209K->188185K(466432K), 0,0129020 secs]
17,418: [GC 246553K->246599K(466432K), 0,0208830 secs]
17,444: [GC 304967K->304810K(466432K), 0,0201860 secs]
17,464: [Full GC 304810K->296601K(466432K), 0,0598830 secs]
17,529: [Full GC 354969K->158696K(466432K), 0,0423470 secs]
17,578: [GC 217064K->223758K(466432K), 0,0111330 secs]
17,594: [GC 282126K->282241K(466432K), 0,0227130 secs]
17,622: [GC 340609K->340517K(466432K), 0,0220950 secs]
17,644: [Full GC 340517K->135974K(466432K), 0,0332720 secs]
17,683: [GC 194342K->200863K(466432K), 0,0110390 secs]
17,699: [GC 259231K->259247K(466432K), 0,0202000 secs]
17,723: [GC 317612K->318157K(466432K), 0,0210010 secs]
17,744: [Full GC 318157K->309658K(466432K), 0,0545130 secs]
17,804: [Full GC 368023K->171694K(466432K), 0,0452220 secs]
17,858: [GC 230062K->236411K(466432K), 0,0125430 secs]
17,878: [GC 294768K->294490K(466432K), 0,0204820 secs]
17,903: [GC 352858K->352983K(466432K), 0,0202630 secs]
17,924: [Full GC 352983K->148165K(466432K), 0,0387790 secs]
17,967: [GC 206533K->213032K(466432K), 0,0111120 secs]
17,983: [GC 271400K->271666K(466432K), 0,0201640 secs]
18,008: [GC 330034K->330153K(466432K), 0,0216960 secs]
18,030: [Full GC 330153K->223471K(466432K), 0,0530880 secs]
18,090: [GC 281839K->288107K(466432K), 0,0114420 secs]
18,110: [GC 346475K->345958K(466432K), 0,0241280 secs]
18,134: [Full GC 345958K->43619K(466432K), 0,0157540 secs]
18,154: [GC 101987K->108612K(466432K), 0,0110380 secs]
18,171: [GC 166980K->167199K(466432K), 0,0219050 secs]
18,199: [GC 225567K->225270K(466432K), 0,0203510 secs]
18,224: [GC 283638K->283793K(466432K), 0,0205760 secs]
18,249: [GC 342161K->342506K(466432K), 0,0201320 secs]
18,269: [Full GC 342506K->332883K(466432K), 0,0720200 secs]
18,347: [Full GC 391251K->512K(466432K), 0,0066850 secs]
18,359: [GC 58880K->65535K(466432K), 0,0124920 secs]
18,378: [GC 123903K->123650K(466432K), 0,0209230 secs]
18,404: [GC 182018K->182118K(466432K), 0,0200920 secs]
18,429: [GC 240486K->240900K(466432K), 0,0220470 secs]
18,456: [GC 299268K->299210K(466432K), 0,0225330 secs]
18,484: [GC 357578K->357538K(466432K), 0,0224380 secs]
18,506: [Full GC 357538K->250797K(466432K), 0,0508520 secs]
18,564: [GC 309165K->315802K(466432K), 0,0133770 secs]
18,577: [Full GC 315802K->14109K(466432K), 0,0098130 secs]
18,593: [GC 72477K->78960K(466432K), 0,0124780 secs]
18,610: [GC 137328K->137593K(466432K), 0,0199780 secs]
18,635: [GC 195959K->196212K(466432K), 0,0198530 secs]
18,661: [GC 254580K->254527K(466432K), 0,0233060 secs]
18,690: [GC 312895K->312786K(466432K), 0,0203650 secs]
18,710: [Full GC 312786K->303286K(466432K), 0,0672950 secs]
18,783: [Full GC 361654K->166915K(466432K), 0,0411850 secs]
18,829: [GC 225283K->231734K(466432K), 0,0127080 secs]
18,847: [GC 290102K->290015K(466432K), 0,0217970 secs]
18,873: [GC 348383K->348455K(466432K), 0,0215810 secs]
18,895: [Full GC 348455K->142673K(466432K), 0,0351050 secs]
18,935: [GC 201041K->207755K(466432K), 0,0110820 secs]
18,951: [GC 266123K->266119K(466432K), 0,0208340 secs]
18,976: [GC 324487K->324689K(466432K), 0,0227620 secs]
18,999: [Full GC 324689K->120128K(466432K), 0,0319160 secs]
19,036: [GC 178496K->184894K(466432K), 0,0122040 secs]
19,055: [GC 243262K->243083K(466432K), 0,0224480 secs]
19,083: [GC 301451K->301367K(466432K), 0,0210990 secs]
19,110: [GC 359735K->359360K(466432K), 0,0207710 secs]
19,131: [Full GC 359360K->155198K(466432K), 0,0372040 secs]
19,173: [GC 213566K->220105K(466432K), 0,0110670 secs]
19,189: [GC 278473K->278733K(466432K), 0,0208360 secs]
19,215: [GC 337097K->336636K(466432K), 0,0206890 secs]
19,236: [Full GC 336636K->328601K(466432K), 0,0525120 secs]
19,294: [Full GC 386969K->91461K(466432K), 0,0294210 secs]
19,330: [GC 149829K->155784K(466432K), 0,0123660 secs]
19,347: [GC 214152K->214468K(466432K), 0,0227840 secs]
19,375: [GC 272836K->272576K(466432K), 0,0199580 secs]
19,400: [GC 330944K->330889K(466432K), 0,0203300 secs]
19,420: [Full GC 330889K->224339K(466432K), 0,0513850 secs]
19,477: [GC 282707K->289534K(466432K), 0,0118140 secs]
19,495: [GC 347897K->347577K(466432K), 0,0230230 secs]
19,518: [Full GC 347577K->142973K(466432K), 0,0351710 secs]
19,558: [GC 201341K->207384K(466432K), 0,0127030 secs]
19,577: [GC 265752K->265970K(466432K), 0,0228740 secs]
19,604: [GC 324326K->324298K(466432K), 0,0224720 secs]
19,627: [Full GC 324298K->120436K(466432K), 0,0304690 secs]
19,662: [GC 178804K->185415K(466432K), 0,0109060 secs]
19,678: [GC 243783K->243819K(466432K), 0,0220940 secs]
19,705: [GC 302187K->302213K(466432K), 0,0219980 secs]
19,732: [GC 360581K->360583K(466432K), 0,0233580 secs]
19,755: [Full GC 360583K->155733K(466432K), 0,0391060 secs]
19,799: [GC 214101K->220393K(466432K), 0,0129480 secs]
19,818: [GC 278761K->278766K(466432K), 0,0224910 secs]
19,846: [GC 337134K->337121K(466432K), 0,0201260 secs]
19,866: [Full GC 337121K->133352K(466432K), 0,0347890 secs]
19,905: [GC 191720K->198102K(466432K), 0,0112850 secs]
19,923: [GC 256470K->256687K(466432K), 0,0216200 secs]
19,950: [GC 315055K->315236K(466432K), 0,0219490 secs]
19,972: [Full GC 315236K->209375K(466432K), 0,0441380 secs]
20,021: [GC 267743K->274144K(466432K), 0,0133710 secs]
20,042: [GC 332512K->331595K(466432K), 0,0231550 secs]
20,065: [Full GC 331595K->30159K(466432K), 0,0116900 secs]
20,082: [GC 88525K->95121K(466432K), 0,0108290 secs]
20,097: [GC 153489K->153699K(466432K), 0,0198720 secs]
20,124: [GC 212067K->211696K(466432K), 0,0211090 secs]
20,149: [GC 270064K->270213K(466432K), 0,0202030 secs]
20,174: [GC 328581K->328966K(466432K), 0,0202150 secs]
20,195: [Full GC 328966K->319424K(466432K), 0,0747380 secs]
20,274: [Full GC 377792K->377298K(466432K), 0,0406260 secs]
20,318: [Full GC 407683K->14796K(466432K), 0,0091130 secs]
20,333: [GC 73164K->79667K(466432K), 0,0120360 secs]
20,354: [GC 138035K->138035K(466432K), 0,0203740 secs]
20,380: [GC 196397K->196520K(466432K), 0,0200500 secs]
20,405: [GC 254888K->254974K(466432K), 0,0201200 secs]
20,432: [GC 313342K->313561K(466432K), 0,0203540 secs]
20,452: [Full GC 313561K->303908K(466432K), 0,0690230 secs]
20,527: [Full GC 362276K->165362K(466432K), 0,0419970 secs]
20,574: [GC 223730K->230391K(466432K), 0,0109570 secs]
20,590: [GC 288759K->288690K(466432K), 0,0230980 secs]
20,618: [GC 347058K->347161K(466432K), 0,0217140 secs]
20,640: [Full GC 347161K->144604K(466432K), 0,0353900 secs]
20,680: [GC 202972K->209518K(466432K), 0,0109780 secs]
20,696: [GC 267886K->268268K(466432K), 0,0202740 secs]
20,721: [GC 326636K->326410K(466432K), 0,0202300 secs]
20,741: [Full GC 326410K->318276K(466432K), 0,0540490 secs]
20,800: [Full GC 376644K->179690K(466432K), 0,0464430 secs]
20,853: [GC 238058K->243902K(466432K), 0,0123590 secs]
20,872: [GC 302260K->302354K(466432K), 0,0205930 secs]
20,898: [GC 360711K->361117K(466432K), 0,0204670 secs]
20,918: [Full GC 361117K->156652K(466432K), 0,0396120 secs]
20,963: [GC 215020K->221922K(466432K), 0,0111000 secs]
20,979: [GC 280289K->279872K(466432K), 0,0203650 secs]
21,005: [GC 338240K->338690K(466432K), 0,0203000 secs]
21,025: [Full GC 338690K->330428K(466432K), 0,0550590 secs]
21,087: [Full GC 388796K->94311K(466432K), 0,0319980 secs]
21,124: [GC 152679K->159398K(466432K), 0,0108830 secs]
21,139: [GC 217766K->217768K(466432K), 0,0228040 secs]
21,167: [GC 276136K->275970K(466432K), 0,0223490 secs]
21,194: [GC 334338K->334127K(466432K), 0,0203710 secs]
21,214: [Full GC 334127K->227771K(466432K), 0,0497840 secs]
21,269: [GC 286139K->292862K(466432K), 0,0111920 secs]
21,285: [GC 351230K->351474K(466432K), 0,0233830 secs]
21,309: [Full GC 351474K->343622K(466432K), 0,0526160 secs]
21,367: [Full GC 401990K->8682K(466432K), 0,0089040 secs]
21,381: [GC 67050K->73951K(466432K), 0,0122130 secs]
21,399: [GC 132319K->132007K(466432K), 0,0227960 secs]
21,427: [GC 190375K->190570K(466432K), 0,0201030 secs]
21,452: [GC 248938K->249257K(466432K), 0,0201510 secs]
21,477: [GC 307625K->307489K(466432K), 0,0206090 secs]
21,498: [Full GC 307489K->297959K(466432K), 0,0655130 secs]
21,568: [Full GC 356327K->257240K(466432K), 0,0576740 secs]
21,632: [GC 315608K->321202K(466432K), 0,0137290 secs]
21,646: [Full GC 321202K->18788K(466432K), 0,0113690 secs]
21,662: [GC 77156K->83760K(466432K), 0,0136540 secs]
21,681: [GC 142128K->141948K(466432K), 0,0212700 secs]
21,709: [GC 200311K->200287K(466432K), 0,0201600 secs]
21,734: [GC 258652K->258824K(466432K), 0,0200370 secs]
21,759: [GC 317192K->317385K(466432K), 0,0207700 secs]
21,780: [Full GC 317385K->307919K(466432K), 0,0681080 secs]
21,853: [Full GC 366283K->71965K(466432K), 0,0220380 secs]
21,884: [GC 130333K->137147K(466432K), 0,0124960 secs]
21,901: [GC 195515K->195102K(466432K), 0,0238190 secs]
21,930: [GC 253470K->253594K(466432K), 0,0201530 secs]
21,954: [GC 311962K->312086K(466432K), 0,0203230 secs]
21,975: [Full GC 312086K->205278K(466432K), 0,0489520 secs]
22,029: [GC 263646K->270281K(466432K), 0,0111010 secs]
22,044: [GC 328649K->328727K(466432K), 0,0204680 secs]
22,065: [Full GC 328727K->321152K(466432K), 0,0406120 secs]
22,110: [Full GC 379520K->183108K(466432K), 0,0468780 secs]
22,164: [GC 241476K->247280K(466432K), 0,0121870 secs]
22,181: [GC 305648K->305488K(466432K), 0,0214420 secs]
22,203: [Full GC 305488K->100359K(466432K), 0,0265200 secs]
22,234: [GC 158727K->165194K(466432K), 0,0116110 secs]
22,250: [GC 223562K->223838K(466432K), 0,0218580 secs]
22,277: [GC 282202K->282442K(466432K), 0,0222350 secs]
22,304: [GC 340810K->340384K(466432K), 0,0228940 secs]
22,327: [Full GC 340384K->233445K(466432K), 0,0535620 secs]
22,385: [GC 291813K->298059K(466432K), 0,0123990 secs]
22,406: [GC 356427K->356526K(466432K), 0,0232870 secs]
22,429: [Full GC 356526K->54120K(466432K), 0,0164950 secs]
22,450: [GC 112488K->119412K(466432K), 0,0107930 secs]
22,466: [GC 177780K->177237K(466432K), 0,0233940 secs]
22,495: [GC 235605K->235223K(466432K), 0,0199830 secs]
22,520: [GC 293591K->293865K(466432K), 0,0207270 secs]
22,545: [GC 352233K->352459K(466432K), 0,0201870 secs]
22,565: [Full GC 352459K->342880K(466432K), 0,0745660 secs]
22,645: [Full GC 401248K->6864K(466432K), 0,0119340 secs]
22,663: [GC 65232K->72031K(466432K), 0,0119210 secs]
22,681: [GC 130399K->129993K(466432K), 0,0202870 secs]
22,707: [GC 188361K->188679K(466432K), 0,0203210 secs]
22,732: [GC 247047K->246849K(466432K), 0,0216010 secs]
22,758: [GC 305217K->305411K(466432K), 0,0202440 secs]
22,779: [Full GC 305411K->296103K(466432K), 0,0646750 secs]
22,848: [Full GC 354471K->157646K(466432K), 0,0420330 secs]
22,896: [GC 216014K->222985K(466432K), 0,0122460 secs]
22,914: [GC 281353K->281076K(466432K), 0,0226720 secs]
22,942: [GC 339442K->339611K(466432K), 0,0201550 secs]
22,962: [Full GC 339611K->134349K(466432K), 0,0341710 secs]
23,002: [GC 192717K->199357K(466432K), 0,0110880 secs]
23,017: [GC 257725K->257714K(466432K), 0,0201630 secs]
23,042: [GC 316082K->316188K(466432K), 0,0209070 secs]
23,063: [Full GC 316188K->308052K(466432K), 0,0559940 secs]
23,124: [Full GC 366420K->169083K(466432K), 0,0431600 secs]
23,174: [GC 227446K->233650K(466432K), 0,0109660 secs]
23,190: [GC 292018K->292214K(466432K), 0,0231840 secs]
23,218: [GC 350582K->350363K(466432K), 0,0216870 secs]
23,240: [Full GC 350363K->146931K(466432K), 0,0367020 secs]
23,281: [GC 205299K->212136K(466432K), 0,0110360 secs]
23,297: [GC 270504K->270427K(466432K), 0,0202900 secs]
23,323: [GC 328795K->328870K(466432K), 0,0218950 secs]
23,344: [Full GC 328870K->320685K(466432K), 0,0531820 secs]
23,403: [Full GC 379053K->181429K(466432K), 0,0467450 secs]
23,456: [GC 239797K->246008K(466432K), 0,0125580 secs]
23,474: [GC 304376K->303921K(466432K), 0,0219600 secs]
23,496: [Full GC 303921K->101555K(466432K), 0,0267250 secs]
23,527: [GC 159923K->166445K(466432K), 0,0109180 secs]
23,543: [GC 224813K->224928K(466432K), 0,0215470 secs]
23,569: [GC 283296K->283541K(466432K), 0,0201890 secs]
23,594: [GC 341909K->341867K(466432K), 0,0233160 secs]
23,618: [Full GC 341867K->235274K(466432K), 0,0552270 secs]
23,678: [GC 293642K->299738K(466432K), 0,0114820 secs]
23,696: [GC 358106K->358732K(466432K), 0,0226520 secs]
23,719: [Full GC 358732K->58956K(466432K), 0,0184950 secs]
23,742: [GC 117324K->124120K(466432K), 0,0108610 secs]
23,759: [GC 182488K->182434K(466432K), 0,0205880 secs]
23,786: [GC 240802K->240712K(466432K), 0,0202260 secs]
23,812: [GC 299080K->298965K(466432K), 0,0217980 secs]
23,838: [GC 357333K->357709K(466432K), 0,0233050 secs]
23,862: [Full GC 357709K->249827K(466432K), 0,0560150 secs]
23,924: [GC 308195K->314167K(466432K), 0,0143100 secs]
23,938: [Full GC 314167K->14748K(466432K), 0,0096660 secs]
23,953: [GC 73116K->79653K(466432K), 0,0118230 secs]
23,971: [GC 138021K->137598K(466432K), 0,0197990 secs]
23,995: [GC 195966K->196221K(466432K), 0,0205010 secs]
24,021: [GC 254589K->254711K(466432K), 0,0217290 secs]
24,049: [GC 313079K->312867K(466432K), 0,0202390 secs]
24,069: [Full GC 312867K->303520K(466432K), 0,0711670 secs]
24,145: [Full GC 361888K->165337K(466432K), 0,0419950 secs]
24,192: [GC 223705K->229760K(466432K), 0,0110790 secs]
24,208: [GC 288128K->288282K(466432K), 0,0232810 secs]
24,236: [GC 346650K->346653K(466432K), 0,0219240 secs]
24,258: [Full GC 346653K->141410K(466432K), 0,0375160 secs]
24,301: [GC 199778K->206567K(466432K), 0,0110150 secs]
24,317: [GC 264935K->264968K(466432K), 0,0201960 secs]
24,341: [GC 323332K->323269K(466432K), 0,0207980 secs]
24,362: [Full GC 323269K->216628K(466432K), 0,0479860 secs]
24,415: [GC 274996K->281448K(466432K), 0,0116920 secs]
24,433: [GC 339816K->339661K(466432K), 0,0233330 secs]
24,456: [Full GC 339661K->39000K(466432K), 0,0156870 secs]
24,477: [GC 97368K->103879K(466432K), 0,0112000 secs]
24,492: [GC 162247K->162252K(466432K), 0,0201220 secs]
24,517: [GC 220620K->220832K(466432K), 0,0201080 secs]
24,542: [GC 279200K->279226K(466432K), 0,0202480 secs]
24,567: [GC 337594K->337888K(466432K), 0,0229120 secs]
24,590: [Full GC 337888K->231104K(466432K), 0,0516330 secs]
24,647: [GC 289472K->295986K(466432K), 0,0114560 secs]
24,665: [GC 354354K->354008K(466432K), 0,0240510 secs]
24,689: [Full GC 354008K->51655K(466432K), 0,0188530 secs]
24,713: [GC 110023K->116712K(466432K), 0,0108690 secs]
24,728: [GC 175080K->175309K(466432K), 0,0200450 secs]
24,753: [GC 233677K->233558K(466432K), 0,0200330 secs]
24,777: [GC 291926K->292237K(466432K), 0,0202130 secs]
24,803: [GC 350605K->350515K(466432K), 0,0222910 secs]
24,825: [Full GC 350515K->340906K(466432K), 0,0737800 secs]
