OpenJDK 64-Bit Server VM (24.95-b01) for linux-amd64 JRE (1.7.0_95-b00), built on Mar 27 2016 12:52:52 by "buildd" with gcc 5.3.1 20160323
Memory: 4k page, physical 5975800k(3039636k free), swap 3416060k(3416060k free)
CommandLine flags: -XX:InitialHeapSize=536870912 -XX:MaxHeapSize=536870912 -XX:+PrintGC -XX:+PrintGCTimeStamps -XX:+UseCompressedOops -XX:+UseG1GC 
0,123: [GC pause (young) 25M->25M(512M), 0,0123220 secs]
0,140: [GC pause (young) 46M->49M(512M), 0,0100490 secs]
0,154: [GC pause (young) 70M->81M(512M), 0,0125180 secs]
0,171: [GC pause (young) 102M->105M(512M), 0,0113230 secs]
0,188: [GC pause (young) 129M->132M(512M), 0,0132740 secs]
0,210: [GC pause (young) 164M->166M(512M), 0,0184930 secs]
0,237: [GC pause (young) 206M->209M(512M), 0,0211650 secs]
0,267: [GC pause (young) 260M->261M(512M), 0,0253750 secs]
0,303: [GC pause (young) (initial-mark) 323M->326M(512M), 0,0311440 secs]
0,335: [GC concurrent-root-region-scan-start]
0,336: [GC concurrent-root-region-scan-end, 0,0011960 secs]
0,336: [GC concurrent-mark-start]
0,345: [GC pause (young) 393M->396M(512M), 0,0344180 secs]
0,389: [GC pause (young) 428M->429M(512M), 0,0114680 secs]
0,403: [GC concurrent-mark-end, 0,0673310 secs]
0,406: [GC remark, 0,0026180 secs]
0,409: [GC cleanup 445M->445M(512M), 0,0005170 secs]
0,411: [GC pause (young) 448M->450M(512M), 0,0071050 secs]
0,424: [GC pause (young) 471M->473M(512M), 0,0126930 secs]
0,440: [GC pause (young) (initial-mark)-- 494M->503M(512M), 0,0092050 secs]
0,449: [GC concurrent-root-region-scan-start]
0,451: [GC concurrent-root-region-scan-end, 0,0019800 secs]
0,451: [GC concurrent-mark-start]
0,451: [GC pause (young)-- 512M->512M(512M), 0,0030140 secs]
0,455: [Full GC 512M->78M(512M), 0,0298490 secs]
0,485: [GC concurrent-mark-abort]
0,518: [GC pause (young) 280M->282M(512M), 0,0400410 secs]
0,572: [GC pause (young) (initial-mark) 372M->375M(512M), 0,0274850 secs]
0,599: [GC concurrent-root-region-scan-start]
0,603: [GC concurrent-root-region-scan-end, 0,0038840 secs]
0,603: [GC concurrent-mark-start]
0,611: [GC pause (young) 417M->419M(512M), 0,0141280 secs]
0,628: [GC pause (young) 438M->440M(512M), 0,0087070 secs]
0,639: [GC concurrent-mark-end, 0,0360840 secs]
0,639: [GC remark, 0,0019130 secs]
0,641: [GC cleanup 450M->442M(512M), 0,0005130 secs]
0,642: [GC concurrent-cleanup-start]
0,642: [GC concurrent-cleanup-end, 0,0000250 secs]
0,645: [GC pause (young) 453M->456M(512M), 0,0059650 secs]
0,654: [GC pause (mixed)-- 477M->459M(512M), 0,0089760 secs]
0,665: [GC pause (young) 480M->482M(512M), 0,0060980 secs]
0,674: [GC pause (young) (initial-mark)-- 503M->511M(512M), 0,0054490 secs]
0,679: [GC concurrent-root-region-scan-start]
0,679: [Full GC0,679: [GC concurrent-root-region-scan-end, 0,0001120 secs]
0,679: [GC concurrent-mark-start]
 511M->128M(512M), 0,0429850 secs]
0,722: [GC concurrent-mark-abort]
0,744: [GC pause (young) 302M->304M(512M), 0,0337280 secs]
0,790: [GC pause (young) (initial-mark) 383M->398M(512M), 0,0240310 secs]
0,814: [GC concurrent-root-region-scan-start]
0,820: [GC concurrent-root-region-scan-end, 0,0054040 secs]
0,820: [GC concurrent-mark-start]
0,822: [GC pause (young) 428M->430M(512M), 0,0127680 secs]
0,838: [GC pause (young) 449M->451M(512M), 0,0089590 secs]
0,852: [GC concurrent-mark-end, 0,0321390 secs]
0,852: [GC remark, 0,0016420 secs]
0,854: [GC cleanup 471M->374M(512M), 0,0005830 secs]
0,855: [GC concurrent-cleanup-start]
0,855: [GC concurrent-cleanup-end, 0,0001930 secs]
0,855: [GC pause (young) 375M->377M(512M), 0,0058730 secs]
0,868: [GC pause (young) 418M->420M(512M), 0,0095010 secs]
0,879: [GC pause (mixed) 439M->405M(512M), 0,0095540 secs]
0,891: [GC pause (mixed) 426M->416M(512M), 0,0085320 secs]
0,902: [GC pause (young) 437M->439M(512M), 0,0062900 secs]
0,911: [GC pause (young) (initial-mark) 460M->462M(512M), 0,0061290 secs]
0,917: [GC concurrent-root-region-scan-start]
0,917: [GC concurrent-root-region-scan-end, 0,0001350 secs]
0,917: [GC concurrent-mark-start]
0,920: [GC pause (young) 483M->484M(512M), 0,0062460 secs]
0,932: [GC concurrent-mark-end, 0,0144750 secs]
0,932: [GC remark, 0,0019070 secs]
0,934: [GC cleanup 497M->258M(512M), 0,0007500 secs]
0,935: [GC concurrent-cleanup-start]
0,936: [GC concurrent-cleanup-end, 0,0009840 secs]
0,938: [GC pause (young) 266M->268M(512M), 0,0076980 secs]
0,957: [GC pause (young) 363M->366M(512M), 0,0209650 secs]
0,984: [GC pause (young) (initial-mark) 412M->413M(512M), 0,0140040 secs]
0,998: [GC concurrent-root-region-scan-start]
1,000: [GC concurrent-root-region-scan-end, 0,0019670 secs]
1,000: [GC concurrent-mark-start]
1,002: [GC pause (young) 436M->438M(512M), 0,0102150 secs]
1,016: [GC pause (young) 459M->461M(512M), 0,0065580 secs]
1,026: [GC pause (young) 482M->484M(512M), 0,0060490 secs]
1,034: [GC pause (young)-- 505M->510M(512M), 0,0047020 secs]
1,039: [GC pause (young)-- 511M->511M(512M), 0,0026230 secs]
1,042: [Full GC 511M->69M(512M), 0,0273850 secs]
1,070: [GC concurrent-mark-abort]
1,095: [GC pause (young)-- 284M->369M(512M), 0,0400750 secs]
1,143: [GC pause (young) (initial-mark) 423M->423M(512M), 0,0178600 secs]
1,161: [GC concurrent-root-region-scan-start]
1,164: [GC pause (young)1,164: [GC concurrent-root-region-scan-end, 0,0027310 secs]
1,164: [GC concurrent-mark-start]
 443M->445M(512M), 0,0096180 secs]
1,178: [GC pause (young) 466M->467M(512M), 0,0067850 secs]
1,188: [GC pause (young)-- 488M->493M(512M), 0,0062930 secs]
1,197: [GC pause (young)-- 510M->510M(512M), 0,0033140 secs]
1,200: [Full GC 510M->29M(512M), 0,0210760 secs]
1,221: [GC concurrent-mark-abort]
1,249: [GC pause (young) 263M->265M(512M), 0,0459190 secs]
1,309: [GC pause (young) (initial-mark) 366M->374M(512M), 0,0308560 secs]
1,340: [GC concurrent-root-region-scan-start]
1,344: [GC concurrent-root-region-scan-end, 0,0038390 secs]
1,344: [GC concurrent-mark-start]
1,347: [GC pause (young) 417M->420M(512M), 0,0140000 secs]
1,364: [GC pause (young) 439M->441M(512M), 0,0099220 secs]
1,376: [GC pause (young) 462M->464M(512M), 0,0063590 secs]
1,386: [GC pause (young)-- 485M->488M(512M), 0,0059310 secs]
1,395: [GC pause (young)-- 509M->511M(512M), 0,0043530 secs]
1,399: [GC pause (young)-- 511M->511M(512M), 0,0035670 secs]
1,403: [Full GC 511M->103M(512M), 0,0352860 secs]
1,438: [GC concurrent-mark-abort]
1,461: [GC pause (young) 293M->296M(512M), 0,0418980 secs]
1,517: [GC pause (young) (initial-mark) 379M->390M(512M), 0,0250140 secs]
1,542: [GC concurrent-root-region-scan-start]
1,547: [GC pause (young)1,547: [GC concurrent-root-region-scan-end, 0,0057590 secs]
1,547: [GC concurrent-mark-start]
 424M->426M(512M), 0,0135240 secs]
1,567: [GC pause (young) 445M->446M(512M), 0,0066300 secs]
1,576: [GC pause (young) 467M->469M(512M), 0,0058560 secs]
1,585: [GC pause (young)-- 490M->494M(512M), 0,0071680 secs]
1,594: [GC pause (young)-- 510M->510M(512M), 0,0033620 secs]
1,597: [Full GC 510M->101M(512M), 0,0353790 secs]
1,633: [GC concurrent-mark-abort]
1,656: [GC pause (young) 294M->296M(512M), 0,0370220 secs]
1,704: [GC pause (young) (initial-mark) 380M->385M(512M), 0,0278180 secs]
1,732: [GC concurrent-root-region-scan-start]
1,737: [GC concurrent-root-region-scan-end, 0,0053200 secs]
1,737: [GC concurrent-mark-start]
1,738: [GC pause (young) 422M->424M(512M), 0,0142060 secs]
1,755: [GC pause (young) 442M->445M(512M), 0,0085250 secs]
1,767: [GC pause (young) 466M->468M(512M), 0,0060300 secs]
1,776: [GC pause (young)-- 489M->496M(512M), 0,0058860 secs]
1,784: [GC pause (young)-- 511M->511M(512M), 0,0033460 secs]
1,787: [Full GC 511M->105M(512M), 0,0352270 secs]
1,823: [GC concurrent-mark-abort]
1,845: [GC pause (young) 295M->297M(512M), 0,0383360 secs]
1,894: [GC pause (young) (initial-mark) 380M->387M(512M), 0,0255780 secs]
1,919: [GC concurrent-root-region-scan-start]
1,925: [GC concurrent-root-region-scan-end, 0,0059730 secs]
1,925: [GC concurrent-mark-start]
1,927: [GC pause (young) 423M->424M(512M), 0,0118630 secs]
1,941: [GC pause (young) 442M->445M(512M), 0,0064820 secs]
1,954: [GC pause (young) 466M->468M(512M), 0,0081410 secs]
1,965: [GC pause (young)-- 489M->490M(512M), 0,0055610 secs]
1,972: [GC concurrent-mark-end, 0,0467190 secs]
1,974: [GC remark, 0,0019610 secs]
1,976: [GC cleanup 511M->504M(512M), 0,0005370 secs]
1,976: [GC concurrent-cleanup-start]
1,976: [GC concurrent-cleanup-end, 0,0000220 secs]
1,976: [GC pause (young)-- 504M->510M(512M), 0,0054120 secs]
1,982: [GC pause (young)-- 511M->511M(512M), 0,0019900 secs]
1,986: [Full GC 511M->109M(512M), 0,0379050 secs]
2,046: [GC pause (young)-- 304M->334M(512M), 0,0375570 secs]
2,094: [GC pause (young) (initial-mark) 401M->415M(512M), 0,0232710 secs]
2,118: [GC concurrent-root-region-scan-start]
2,121: [GC pause (young)2,122: [GC concurrent-root-region-scan-end, 0,0039710 secs]
2,122: [GC concurrent-mark-start]
 438M->440M(512M), 0,0104100 secs]
2,135: [GC pause (young) 460M->463M(512M), 0,0070310 secs]
2,145: [GC pause (young) 484M->486M(512M), 0,0073120 secs]
2,157: [GC pause (young)-- 507M->511M(512M), 0,0049830 secs]
2,162: [Full GC 511M->69M(512M), 0,0286270 secs]
2,191: [GC concurrent-mark-abort]
2,216: [GC pause (young) 275M->277M(512M), 0,0414160 secs]
2,268: [GC pause (young) (initial-mark) 370M->381M(512M), 0,0283980 secs]
2,296: [GC concurrent-root-region-scan-start]
2,299: [GC concurrent-root-region-scan-end, 0,0022210 secs]
2,299: [GC concurrent-mark-start]
2,306: [GC pause (young) 419M->421M(512M), 0,0136810 secs]
2,323: [GC pause (young) 439M->441M(512M), 0,0075690 secs]
2,337: [GC concurrent-mark-end, 0,0381670 secs]
2,337: [GC pause (young) 462M->465M(512M), 0,0060670 secs]
2,344: [GC remark, 0,0019170 secs]
2,346: [GC cleanup 467M->461M(512M), 0,0010260 secs]
2,347: [GC concurrent-cleanup-start]
2,347: [GC concurrent-cleanup-end, 0,0000180 secs]
2,351: [GC pause (young) 480M->483M(512M), 0,0058770 secs]
2,361: [GC pause (mixed)-- 504M->503M(512M), 0,0072720 secs]
2,369: [GC pause (mixed)-- 511M->511M(512M), 0,0044090 secs]
2,374: [GC pause (young) 511M->511M(512M), 0,0014920 secs]
2,376: [Full GC 511M->107M(512M), 0,0362330 secs]
2,432: [GC pause (young) 284M->291M(512M), 0,0400340 secs]
2,483: [GC pause (young) (initial-mark) 375M->380M(512M), 0,0265590 secs]
2,510: [GC concurrent-root-region-scan-start]
2,512: [GC concurrent-root-region-scan-end, 0,0029310 secs]
2,512: [GC concurrent-mark-start]
2,516: [GC pause (young) 419M->424M(512M), 0,0124990 secs]
2,531: [GC pause (young) 442M->444M(512M), 0,0095090 secs]
2,543: [GC pause (young) 465M->468M(512M), 0,0060320 secs]
2,553: [GC pause (young)-- 489M->497M(512M), 0,0055850 secs]
2,560: [GC pause (young)-- 510M->510M(512M), 0,0033290 secs]
2,564: [GC concurrent-mark-end, 0,0512030 secs]
2,564: [Full GC 510M->95M(512M), 0,0345920 secs]
2,599: [GC remark, 0,0000130 secs]
2,600: [GC concurrent-mark-abort]
2,621: [GC pause (young) 288M->289M(512M), 0,0370920 secs]
2,668: [GC pause (young) (initial-mark) 376M->388M(512M), 0,0298630 secs]
2,698: [GC concurrent-root-region-scan-start]
2,700: [GC concurrent-root-region-scan-end, 0,0013600 secs]
2,700: [GC concurrent-mark-start]
2,705: [GC pause (young) 423M->426M(512M), 0,0131340 secs]
2,720: [GC pause (young) 444M->445M(512M), 0,0079380 secs]
2,733: [GC pause (young) 466M->468M(512M), 0,0062520 secs]
2,742: [GC pause (young)-- 489M->491M(512M), 0,0058990 secs]
2,751: [GC pause (young)-- 510M->510M(512M), 0,0053220 secs]
2,758: [GC concurrent-mark-end, 0,0584880 secs]
2,758: [Full GC 510M->103M(512M), 0,0361230 secs]
2,795: [GC remark, 0,0000130 secs]
2,795: [GC concurrent-mark-abort]
2,817: [GC pause (young) 293M->295M(512M), 0,0385300 secs]
2,866: [GC pause (young) (initial-mark) 379M->388M(512M), 0,0265940 secs]
2,893: [GC concurrent-root-region-scan-start]
2,895: [GC concurrent-root-region-scan-end, 0,0023330 secs]
2,895: [GC concurrent-mark-start]
2,900: [GC pause (young) 423M->425M(512M), 0,0119770 secs]
2,914: [GC pause (young) 443M->444M(512M), 0,0059980 secs]
2,921: [GC concurrent-mark-end, 0,0264050 secs]
2,922: [GC remark, 0,0032120 secs]
2,926: [GC cleanup 459M->251M(512M), 0,0009190 secs]
2,927: [GC concurrent-cleanup-start]
2,928: [GC pause (young)2,929: [GC concurrent-cleanup-end, 0,0020490 secs]
 257M->259M(512M), 0,0084260 secs]
2,944: [GC pause (young) 309M->310M(512M), 0,0113450 secs]
2,958: [GC pause (mixed) 328M->302M(512M), 0,0110020 secs]
2,978: [GC pause (young) 380M->382M(512M), 0,0169540 secs]
3,000: [GC pause (young) (initial-mark) 420M->422M(512M), 0,0117570 secs]
3,012: [GC concurrent-root-region-scan-start]
3,012: [GC concurrent-root-region-scan-end, 0,0001310 secs]
3,012: [GC concurrent-mark-start]
3,014: [GC pause (young) 440M->442M(512M), 0,0069330 secs]
3,024: [GC pause (young) 463M->464M(512M), 0,0059550 secs]
3,033: [GC pause (young)-- 485M->489M(512M), 0,0062230 secs]
3,043: [GC pause (young)-- 510M->511M(512M), 0,0056320 secs]
3,049: [Full GC 511M->135M(512M), 0,0477670 secs]
3,097: [GC concurrent-mark-abort]
3,118: [GC pause (young) 307M->309M(512M), 0,0373450 secs]
3,164: [GC pause (young) (initial-mark) 385M->398M(512M), 0,0227080 secs]
3,187: [GC concurrent-root-region-scan-start]
3,187: [GC concurrent-root-region-scan-end, 0,0005770 secs]
3,187: [GC concurrent-mark-start]
3,192: [GC pause (young) 428M->430M(512M), 0,0137590 secs]
3,209: [GC pause (young) 449M->451M(512M), 0,0062940 secs]
3,218: [GC pause (young) 472M->473M(512M), 0,0062020 secs]
3,227: [GC pause (young)-- 494M->505M(512M), 0,0063160 secs]
3,233: [GC concurrent-mark-end, 0,0459230 secs]
3,233: [GC remark, 0,0014950 secs]
3,235: [GC cleanup 508M->352M(512M), 0,0005540 secs]
3,236: [GC concurrent-cleanup-start]
3,236: [GC concurrent-cleanup-end, 0,0005210 secs]
3,239: [GC pause (young) 370M->372M(512M), 0,0060020 secs]
3,250: [GC pause (young) 415M->415M(512M), 0,0099830 secs]
3,263: [GC pause (young) (initial-mark) 437M->439M(512M), 0,0071300 secs]
3,270: [GC concurrent-root-region-scan-start]
3,271: [GC concurrent-root-region-scan-end, 0,0011150 secs]
3,271: [GC concurrent-mark-start]
3,274: [GC pause (young) 460M->462M(512M), 0,0059580 secs]
3,287: [GC pause (young) 483M->484M(512M), 0,0064330 secs]
3,296: [GC pause (young)-- 505M->511M(512M), 0,0054230 secs]
3,301: [Full GC 511M->42M(512M), 0,0239910 secs]
3,325: [GC concurrent-mark-abort]
3,351: [GC pause (young) 256M->258M(512M), 0,0431880 secs]
3,406: [GC pause (young) (initial-mark) 359M->371M(512M), 0,0326310 secs]
3,438: [GC concurrent-root-region-scan-start]
3,444: [GC concurrent-root-region-scan-end, 0,0057210 secs]
3,444: [GC concurrent-mark-start]
3,445: [GC pause (young) 414M->416M(512M), 0,0149020 secs]
3,462: [GC pause (young) 437M->439M(512M), 0,0152180 secs]
3,481: [GC pause (young) 460M->462M(512M), 0,0061140 secs]
3,489: [GC pause (young) 483M->485M(512M), 0,0058090 secs]
3,498: [GC pause (young)-- 506M->510M(512M), 0,0056450 secs]
3,504: [Full GC 510M->95M(512M), 0,0330860 secs]
3,537: [GC concurrent-mark-abort]
3,561: [GC pause (young) 283M->285M(512M), 0,0362530 secs]
3,608: [GC pause (young) (initial-mark) 373M->379M(512M), 0,0271740 secs]
3,635: [GC concurrent-root-region-scan-start]
3,638: [GC concurrent-root-region-scan-end, 0,0030340 secs]
3,638: [GC concurrent-mark-start]
3,643: [GC pause (young) 418M->419M(512M), 0,0132820 secs]
3,659: [GC pause (young) 438M->440M(512M), 0,0080010 secs]
3,672: [GC pause (young) 461M->463M(512M), 0,0074510 secs]
3,682: [GC pause (young)-- 484M->488M(512M), 0,0059950 secs]
3,691: [GC concurrent-mark-end, 0,0524120 secs]
3,691: [GC pause (young)-- 509M->510M(512M), 0,0038470 secs]
3,695: [Full GC 510M->105M(512M), 0,0365950 secs]
3,732: [GC remark, 0,0000160 secs]
3,732: [GC concurrent-mark-abort]
3,755: [GC pause (young) 293M->295M(512M), 0,0359140 secs]
3,800: [GC pause (young) (initial-mark) 378M->382M(512M), 0,0272760 secs]
3,828: [GC concurrent-root-region-scan-start]
3,834: [GC concurrent-root-region-scan-end, 0,0063690 secs]
3,834: [GC concurrent-mark-start]
3,835: [GC pause (young) 420M->422M(512M), 0,0138210 secs]
3,851: [GC pause (young) 440M->442M(512M), 0,0085950 secs]
3,864: [GC pause (young) 463M->465M(512M), 0,0064200 secs]
3,873: [GC pause (young)-- 486M->492M(512M), 0,0057630 secs]
3,881: [GC pause (young)-- 510M->510M(512M), 0,0036520 secs]
3,885: [Full GC 510M->105M(512M), 0,0352300 secs]
3,920: [GC concurrent-mark-abort]
3,943: [GC pause (young) 294M->296M(512M), 0,0400010 secs]
3,993: [GC pause (young) (initial-mark) 379M->388M(512M), 0,0284360 secs]
4,022: [GC concurrent-root-region-scan-start]
4,023: [GC concurrent-root-region-scan-end, 0,0015640 secs]
4,023: [GC concurrent-mark-start]
4,027: [GC pause (young) 423M->424M(512M), 0,0120440 secs]
4,045: [GC pause (young) 442M->444M(512M), 0,0105940 secs]
4,059: [GC pause (young) 465M->467M(512M), 0,0060130 secs]
4,067: [GC concurrent-mark-end, 0,0433160 secs]
4,067: [GC remark, 0,0020690 secs]
4,069: [GC cleanup 483M->474M(512M), 0,0005200 secs]
4,069: [GC concurrent-cleanup-start]
4,069: [GC concurrent-cleanup-end, 0,0000370 secs]
4,071: [GC pause (young) 479M->481M(512M), 0,0058390 secs]
4,080: [GC pause (mixed)-- 502M->498M(512M), 0,0094180 secs]
4,091: [GC pause (mixed)-- 511M->511M(512M), 0,0041110 secs]
4,095: [GC pause (young) 511M->511M(512M), 0,0014210 secs]
4,097: [Full GC 511M->117M(512M), 0,0380000 secs]
4,154: [GC pause (young) 290M->298M(512M), 0,0334230 secs]
4,200: [GC pause (young) (initial-mark) 379M->386M(512M), 0,0253600 secs]
4,226: [GC concurrent-root-region-scan-start]
4,227: [GC concurrent-root-region-scan-end, 0,0014830 secs]
4,227: [GC concurrent-mark-start]
4,234: [GC pause (young) 422M->423M(512M), 0,0120600 secs]
4,248: [GC pause (young) 441M->443M(512M), 0,0067130 secs]
4,258: [GC concurrent-mark-end, 0,0308730 secs]
4,259: [GC remark, 0,0021980 secs]
4,261: [GC pause (young) 464M->466M(512M), 0,0067740 secs]
4,270: [GC cleanup 482M->430M(512M), 0,0007250 secs]
4,271: [GC concurrent-cleanup-start]
4,271: [GC concurrent-cleanup-end, 0,0001340 secs]
4,272: [GC pause (young) 435M->437M(512M), 0,0056900 secs]
4,282: [GC pause (mixed) 458M->419M(512M), 0,0080420 secs]
4,292: [GC pause (mixed) 440M->413M(512M), 0,0110510 secs]
4,306: [GC pause (mixed) 434M->415M(512M), 0,0110570 secs]
4,319: [GC pause (young) 437M->439M(512M), 0,0071050 secs]
4,329: [GC pause (young) (initial-mark) 460M->461M(512M), 0,0083520 secs]
4,337: [GC concurrent-root-region-scan-start]
4,338: [GC concurrent-root-region-scan-end, 0,0005900 secs]
4,338: [GC concurrent-mark-start]
4,340: [GC pause (young) 482M->484M(512M), 0,0059390 secs]
4,350: [GC pause (young)-- 505M->511M(512M), 0,0044360 secs]
4,354: [Full GC 511M->227M(512M), 0,0630450 secs]
4,418: [GC concurrent-mark-abort]
4,434: [GC pause (young) 343M->344M(512M), 0,0254740 secs]
4,468: [GC pause (young) (initial-mark) 401M->413M(512M), 0,0189510 secs]
4,487: [GC concurrent-root-region-scan-start]
4,490: [GC pause (young)4,490: [GC concurrent-root-region-scan-end, 0,0030160 secs]
4,490: [GC concurrent-mark-start]
 435M->437M(512M), 0,0080600 secs]
4,502: [GC pause (young) 458M->461M(512M), 0,0086540 secs]
4,513: [GC concurrent-mark-end, 0,0227490 secs]
4,513: [GC remark, 0,0011740 secs]
4,514: [GC cleanup 475M->294M(512M), 0,0006080 secs]
4,515: [GC concurrent-cleanup-start]
4,516: [GC concurrent-cleanup-end, 0,0005100 secs]
4,517: [GC pause (young) 301M->302M(512M), 0,0059280 secs]
4,526: [GC pause (mixed) 323M->279M(512M), 0,0075910 secs]
4,536: [GC pause (mixed) 300M->286M(512M), 0,0084920 secs]
4,555: [GC pause (young) 372M->374M(512M), 0,0228450 secs]
4,583: [GC pause (young) (initial-mark) 416M->418M(512M), 0,0127680 secs]
4,595: [GC concurrent-root-region-scan-start]
4,596: [GC concurrent-root-region-scan-end, 0,0001300 secs]
4,596: [GC concurrent-mark-start]
4,598: [GC pause (young) 438M->439M(512M), 0,0069210 secs]
4,608: [GC pause (young) 460M->463M(512M), 0,0061780 secs]
4,616: [GC concurrent-mark-end, 0,0206820 secs]
4,616: [GC remark, 0,0037790 secs]
4,622: [GC pause (young) 484M->486M(512M), 0,0060100 secs]
4,628: [GC cleanup 487M->363M(512M), 0,0005910 secs]
4,628: [GC concurrent-cleanup-start]
4,629: [GC concurrent-cleanup-end, 0,0003730 secs]
4,632: [GC pause (young) 383M->385M(512M), 0,0061970 secs]
4,644: [GC pause (young) 422M->424M(512M), 0,0096950 secs]
4,657: [GC pause (young) (initial-mark) 443M->444M(512M), 0,0066760 secs]
4,664: [GC concurrent-root-region-scan-start]
4,666: [GC concurrent-root-region-scan-end, 0,0022760 secs]
4,666: [GC concurrent-mark-start]
4,670: [GC pause (young) 465M->467M(512M), 0,0084740 secs]
4,683: [GC concurrent-mark-end, 0,0172700 secs]
4,683: [GC remark, 0,0010920 secs]
4,685: [GC cleanup 477M->222M(512M), 0,0006280 secs]
4,685: [GC concurrent-cleanup-start]
4,686: [GC concurrent-cleanup-end, 0,0005520 secs]
4,687: [GC pause (young) 233M->235M(512M), 0,0104350 secs]
4,701: [GC pause (mixed) 256M->220M(512M), 0,0071840 secs]
4,722: [GC pause (young) 340M->342M(512M), 0,0251480 secs]
4,754: [GC pause (young) (initial-mark) 401M->403M(512M), 0,0163860 secs]
4,771: [GC concurrent-root-region-scan-start]
4,772: [GC concurrent-root-region-scan-end, 0,0014880 secs]
4,772: [GC concurrent-mark-start]
4,776: [GC pause (young) 431M->433M(512M), 0,0123030 secs]
4,792: [GC pause (young) 453M->455M(512M), 0,0064110 secs]
4,798: [GC concurrent-mark-end, 0,0262730 secs]
4,799: [GC remark, 0,0031600 secs]
4,802: [GC cleanup 460M->320M(512M), 0,0006650 secs]
4,803: [GC concurrent-cleanup-start]
4,803: [GC concurrent-cleanup-end, 0,0002930 secs]
4,806: [GC pause (young) 336M->338M(512M), 0,0062260 secs]
4,820: [GC pause (young) 399M->402M(512M), 0,0148430 secs]
4,839: [GC pause (young) (initial-mark) 431M->432M(512M), 0,0140670 secs]
4,853: [GC concurrent-root-region-scan-start]
4,854: [GC concurrent-root-region-scan-end, 0,0010550 secs]
4,854: [GC concurrent-mark-start]
4,856: [GC pause (young) 452M->454M(512M), 0,0065280 secs]
4,865: [GC pause (young) 475M->478M(512M), 0,0058260 secs]
4,872: [GC concurrent-mark-end, 0,0182560 secs]
4,873: [GC remark, 0,0008570 secs]
4,874: [GC cleanup 499M->98M(512M), 0,0006810 secs]
4,875: [GC concurrent-cleanup-start]
4,875: [GC pause (young)4,876: [GC concurrent-cleanup-end, 0,0006590 secs]
 98M->100M(512M), 0,0061050 secs]
4,885: [GC pause (young) 121M->123M(512M), 0,0065860 secs]
4,912: [GC pause (young) 291M->293M(512M), 0,0332940 secs]
4,955: [GC pause (young) (initial-mark) 376M->378M(512M), 0,0226100 secs]
4,977: [GC concurrent-root-region-scan-start]
4,981: [GC concurrent-root-region-scan-end, 0,0039380 secs]
4,981: [GC concurrent-mark-start]
4,984: [GC pause (young) 419M->421M(512M), 0,0164010 secs]
5,005: [GC pause (young) 440M->443M(512M), 0,0086020 secs]
5,018: [GC pause (young) 464M->465M(512M), 0,0059170 secs]
5,027: [GC pause (young)-- 486M->492M(512M), 0,0056970 secs]
5,035: [GC pause (young)-- 512M->512M(512M), 0,0033550 secs]
5,041: [GC concurrent-mark-end, 0,0592790 secs]
5,041: [Full GC 512M->83M(512M), 0,0307040 secs]
5,072: [GC remark, 0,0000160 secs]
5,072: [GC concurrent-mark-abort]
5,096: [GC pause (young) 282M->283M(512M), 0,0400600 secs]
5,146: [GC pause (young) (initial-mark) 372M->381M(512M), 0,0263600 secs]
5,172: [GC concurrent-root-region-scan-start]
5,176: [GC concurrent-root-region-scan-end, 0,0034740 secs]
5,176: [GC concurrent-mark-start]
5,179: [GC pause (young) 419M->421M(512M), 0,0139190 secs]
5,196: [GC pause (young) 439M->442M(512M), 0,0084890 secs]
5,209: [GC pause (young) 463M->465M(512M), 0,0060030 secs]
5,221: [GC pause (young)-- 486M->488M(512M), 0,0056210 secs]
5,228: [GC concurrent-mark-end, 0,0515940 secs]
5,228: [GC remark, 0,0023820 secs]
5,232: [GC pause (young)-- 509M->511M(512M), 0,0048140 secs]
5,237: [Full GC 511M->102M(512M), 0,0362500 secs]
5,273: [GC cleanup, 0,0000140 secs]
5,273: [GC concurrent-mark-abort]
5,296: [GC pause (young) 293M->294M(512M), 0,0366960 secs]
5,344: [GC pause (young) (initial-mark) 378M->383M(512M), 0,0274850 secs]
5,371: [GC concurrent-root-region-scan-start]
5,377: [GC pause (young)5,379: [GC concurrent-root-region-scan-end, 0,0080540 secs]
5,379: [GC concurrent-mark-start]
 421M->423M(512M), 0,0141390 secs]
5,396: [GC pause (young) 441M->443M(512M), 0,0084780 secs]
5,408: [GC pause (young) 464M->467M(512M), 0,0074220 secs]
5,419: [GC pause (young)-- 488M->494M(512M), 0,0057800 secs]
5,427: [GC pause (young)-- 511M->511M(512M), 0,0036270 secs]
5,431: [Full GC 511M->104M(512M), 0,0356630 secs]
5,467: [GC concurrent-mark-abort]
5,492: [GC pause (young) 294M->296M(512M), 0,0364470 secs]
5,538: [GC pause (young) (initial-mark) 379M->382M(512M), 0,0278770 secs]
5,566: [GC concurrent-root-region-scan-start]
5,570: [GC concurrent-root-region-scan-end, 0,0044960 secs]
5,570: [GC concurrent-mark-start]
5,572: [GC pause (young) 420M->422M(512M), 0,0118990 secs]
5,586: [GC pause (young) 440M->441M(512M), 0,0087470 secs]
5,600: [GC pause (young) 462M->463M(512M), 0,0061180 secs]
5,609: [GC concurrent-mark-end, 0,0387260 secs]
5,609: [GC remark, 0,0019050 secs]
5,611: [GC pause (young)-- 484M->487M(512M), 0,0059310 secs]
5,617: [GC cleanup 487M->458M(512M), 0,0005660 secs]
5,618: [GC concurrent-cleanup-start]
5,618: [GC concurrent-cleanup-end, 0,0000850 secs]
5,622: [GC pause (young) 479M->481M(512M), 0,0059800 secs]
5,631: [GC pause (mixed)-- 502M->493M(512M), 0,0065340 secs]
5,640: [GC pause (young)-- 510M->510M(512M), 0,0035410 secs]
5,644: [Full GC 510M->146M(512M), 0,0450260 secs]
5,708: [GC pause (young)-- 314M->397M(512M), 0,0351700 secs]
5,747: [GC pause (young) (initial-mark) 433M->436M(512M), 0,0154180 secs]
5,763: [GC concurrent-root-region-scan-start]
5,763: [GC concurrent-root-region-scan-end, 0,0002440 secs]
5,763: [GC concurrent-mark-start]
5,766: [GC pause (young) 453M->454M(512M), 0,0088150 secs]
5,778: [GC pause (young) 475M->478M(512M), 0,0058150 secs]
5,787: [GC pause (young)-- 499M->503M(512M), 0,0061160 secs]
5,794: [GC pause (young)-- 510M->510M(512M), 0,0023100 secs]
5,797: [GC concurrent-mark-end, 0,0337260 secs]
5,797: [Full GC 510M->32M(512M), 0,0211800 secs]
5,818: [GC remark, 0,0000140 secs]
5,819: [GC concurrent-mark-abort]
5,846: [GC pause (young) 265M->267M(512M), 0,0457720 secs]
5,904: [GC pause (young) (initial-mark) 368M->374M(512M), 0,0321300 secs]
5,936: [GC concurrent-root-region-scan-start]
5,944: [GC pause (young)5,944: [GC concurrent-root-region-scan-end, 0,0082230 secs]
5,944: [GC concurrent-mark-start]
 417M->420M(512M), 0,0150680 secs]
5,962: [GC pause (young) 439M->441M(512M), 0,0092400 secs]
5,976: [GC pause (young) 462M->464M(512M), 0,0061860 secs]
5,985: [GC pause (young)-- 485M->491M(512M), 0,0056510 secs]
5,994: [GC pause (young)-- 511M->511M(512M), 0,0054580 secs]
6,000: [GC concurrent-mark-end, 0,0558450 secs]
6,000: [GC pause (young) 511M->511M(512M), 0,0016280 secs]
6,002: [GC pause (young) 511M->511M(512M), 0,0008040 secs]
6,003: [Full GC 511M->101M(512M), 0,0346930 secs]
6,038: [GC remark, 0,0000140 secs]
6,038: [GC concurrent-mark-abort]
6,060: [GC pause (young) 293M->300M(512M), 0,0369710 secs]
6,109: [GC pause (young) (initial-mark) 381M->385M(512M), 0,0256580 secs]
6,134: [GC concurrent-root-region-scan-start]
6,138: [GC concurrent-root-region-scan-end, 0,0035900 secs]
6,138: [GC concurrent-mark-start]
6,144: [GC pause (young) 421M->427M(512M), 0,0116340 secs]
6,158: [GC pause (young) 445M->447M(512M), 0,0094990 secs]
6,172: [GC pause (young) 468M->470M(512M), 0,0062630 secs]
6,181: [GC pause (young)-- 491M->501M(512M), 0,0053570 secs]
6,187: [GC pause (young)-- 510M->510M(512M), 0,0032260 secs]
6,191: [GC pause (young) 510M->510M(512M), 0,0013670 secs]
6,192: [Full GC 510M->92M(512M), 0,0326730 secs]
6,225: [GC concurrent-mark-abort]
6,251: [GC pause (young)-- 289M->353M(512M), 0,0369590 secs]
6,295: [GC pause (young) (initial-mark) 411M->409M(512M), 0,0190380 secs]
6,314: [GC concurrent-root-region-scan-start]
6,318: [GC pause (young)6,321: [GC concurrent-root-region-scan-end, 0,0065340 secs]
6,321: [GC concurrent-mark-start]
 436M->440M(512M), 0,0134790 secs]
6,338: [GC pause (young) 460M->462M(512M), 0,0067840 secs]
6,348: [GC pause (young) 483M->486M(512M), 0,0086350 secs]
6,361: [GC pause (young)-- 507M->511M(512M), 0,0052520 secs]
6,366: [GC pause (young)-- 511M->511M(512M), 0,0011550 secs]
6,368: [Full GC 511M->49M(512M), 0,0233000 secs]
6,391: [GC concurrent-mark-abort]
6,419: [GC pause (young)-- 269M->381M(512M), 0,0413450 secs]
6,466: [GC pause (young) (initial-mark) 426M->421M(512M), 0,0153150 secs]
6,481: [GC concurrent-root-region-scan-start]
6,483: [GC concurrent-root-region-scan-end, 0,0014190 secs]
6,483: [GC concurrent-mark-start]
6,485: [GC pause (young) 441M->443M(512M), 0,0074070 secs]
6,497: [GC pause (young) 464M->466M(512M), 0,0072270 secs]
6,507: [GC pause (young)-- 487M->491M(512M), 0,0068480 secs]
6,518: [GC pause (young)-- 511M->511M(512M), 0,0074790 secs]
6,526: [Full GC 511M->8805K(512M), 0,0147880 secs]
6,541: [GC concurrent-mark-abort]
6,570: [GC pause (young) 253M->255M(512M), 0,0478760 secs]
6,630: [GC pause (young) 361M->363M(512M), 0,0291920 secs]
6,665: [GC pause (young) (initial-mark) 411M->413M(512M), 0,0171530 secs]
6,682: [GC concurrent-root-region-scan-start]
6,686: [GC pause (young)6,686: [GC concurrent-root-region-scan-end, 0,0041460 secs]
6,686: [GC concurrent-mark-start]
 436M->438M(512M), 0,0107740 secs]
6,700: [GC pause (young) 459M->461M(512M), 0,0070310 secs]
6,710: [GC pause (young) 482M->483M(512M), 0,0056710 secs]
6,719: [GC concurrent-mark-end, 0,0326210 secs]
6,719: [GC pause (young)-- 504M->506M(512M), 0,0055470 secs]
6,725: [GC remark, 0,0015730 secs]
6,727: [GC pause (young)-- 511M->511M(512M), 0,0025050 secs]
6,730: [GC cleanup 511M->446M(512M), 0,0005570 secs]
6,730: [GC concurrent-cleanup-start]
6,730: [GC concurrent-cleanup-end, 0,0001090 secs]
6,735: [GC pause (young) 471M->475M(512M), 0,0059320 secs]
6,743: [GC pause (mixed)-- 496M->493M(512M), 0,0094580 secs]
6,755: [GC pause (mixed)-- 511M->511M(512M), 0,0097770 secs]
6,765: [Full GC 511M->173M(512M), 0,0506010 secs]
6,834: [GC pause (young) 324M->330M(512M), 0,0329160 secs]
6,877: [GC pause (young) (initial-mark) 397M->415M(512M), 0,0226880 secs]
6,899: [GC concurrent-root-region-scan-start]
6,903: [GC concurrent-root-region-scan-end, 0,0037390 secs]
6,903: [GC concurrent-mark-start]
6,903: [GC pause (young) 437M->439M(512M), 0,0099970 secs]
6,917: [GC pause (young) 459M->460M(512M), 0,0060100 secs]
6,925: [GC concurrent-mark-end, 0,0218980 secs]
6,925: [GC remark, 0,0010620 secs]
6,927: [GC cleanup 472M->330M(512M), 0,0006170 secs]
6,927: [GC concurrent-cleanup-start]
6,928: [GC concurrent-cleanup-end, 0,0002140 secs]
6,931: [GC pause (young) 339M->341M(512M), 0,0058560 secs]
6,940: [GC pause (mixed) 362M->317M(512M), 0,0073270 secs]
6,951: [GC pause (mixed) 338M->300M(512M), 0,0085750 secs]
6,962: [GC pause (mixed) 321M->302M(512M), 0,0096490 secs]
6,981: [GC pause (young) 380M->381M(512M), 0,0183630 secs]
7,004: [GC pause (young) (initial-mark) 420M->422M(512M), 0,0118910 secs]
7,016: [GC concurrent-root-region-scan-start]
7,018: [GC concurrent-root-region-scan-end, 0,0019930 secs]
7,018: [GC concurrent-mark-start]
7,018: [GC pause (young) 440M->442M(512M), 0,0065260 secs]
7,027: [GC pause (young) 463M->465M(512M), 0,0062830 secs]
7,037: [GC pause (young)-- 486M->487M(512M), 0,0065960 secs]
7,048: [GC pause (young)7,048: [GC concurrent-mark-end, 0,0299750 secs]
-- 508M->510M(512M), 0,0046750 secs]
7,053: [GC remark, 0,0029200 secs]
7,056: [GC pause (young)-- 511M->511M(512M), 0,0017200 secs]
7,057: [Full GC 511M->232M(512M), 0,0672710 secs]
7,125: [GC cleanup, 0,0000130 secs]
7,125: [GC concurrent-mark-abort]
7,146: [GC pause (young) 363M->368M(512M), 0,0296690 secs]
7,181: [GC pause (young) (initial-mark) 416M->420M(512M), 0,0155080 secs]
7,197: [GC concurrent-root-region-scan-start]
7,198: [GC concurrent-root-region-scan-end, 0,0016120 secs]
7,198: [GC concurrent-mark-start]
7,199: [GC pause (young) 439M->441M(512M), 0,0074870 secs]
7,209: [GC pause (young) 462M->464M(512M), 0,0060410 secs]
7,218: [GC concurrent-mark-end, 0,0192510 secs]
7,218: [GC remark, 0,0020960 secs]
7,220: [GC cleanup 483M->254M(512M), 0,0006340 secs]
7,221: [GC concurrent-cleanup-start]
7,221: [GC pause (young)7,221: [GC concurrent-cleanup-end, 0,0004820 secs]
 255M->257M(512M), 0,0078900 secs]
7,234: [GC pause (young) 282M->284M(512M), 0,0079030 secs]
7,244: [GC pause (mixed) 305M->294M(512M), 0,0069240 secs]
7,260: [GC pause (young) 376M->379M(512M), 0,0176900 secs]
7,284: [GC pause (young) (initial-mark) 419M->421M(512M), 0,0147150 secs]
7,298: [GC concurrent-root-region-scan-start]
7,299: [GC concurrent-root-region-scan-end, 0,0002050 secs]
7,299: [GC concurrent-mark-start]
7,302: [GC pause (young) 440M->441M(512M), 0,0089180 secs]
7,318: [GC pause (young) 462M->463M(512M), 0,0059110 secs]
7,326: [GC pause (young)-- 484M->490M(512M), 0,0067280 secs]
7,335: [GC concurrent-mark-end, 0,0367010 secs]
7,336: [GC pause (young)-- 511M->511M(512M), 0,0040460 secs]
7,340: [GC remark, 0,0014730 secs]
7,341: [GC pause (young) 511M->511M(512M), 0,0041210 secs]
7,346: [GC cleanup 511M->384M(512M), 0,0006800 secs]
7,346: [GC concurrent-cleanup-start]
7,347: [GC concurrent-cleanup-end, 0,0002990 secs]
7,351: [GC pause (young) 409M->411M(512M), 0,0072790 secs]
7,361: [GC pause (mixed) 432M->394M(512M), 0,0081160 secs]
7,372: [GC pause (mixed) 415M->393M(512M), 0,0129590 secs]
7,387: [GC pause (mixed) 414M->411M(512M), 0,0075860 secs]
7,398: [GC pause (young) 435M->437M(512M), 0,0067320 secs]
7,407: [GC pause (young) (initial-mark) 458M->460M(512M), 0,0063330 secs]
7,413: [GC concurrent-root-region-scan-start]
7,415: [GC concurrent-root-region-scan-end, 0,0012930 secs]
7,415: [GC concurrent-mark-start]
7,417: [GC pause (young) 481M->483M(512M), 0,0063190 secs]
7,426: [GC pause (young)-- 504M->509M(512M), 0,0058950 secs]
7,433: [GC pause (young)-- 511M->511M(512M), 0,0022330 secs]
7,435: [GC pause (young) 511M->511M(512M), 0,0030350 secs]
7,439: [Full GC 511M->221M(512M), 0,0619520 secs]
7,501: [GC concurrent-mark-abort]
7,517: [GC pause (young) 350M->357M(512M), 0,0302890 secs]
7,554: [GC pause (young) (initial-mark) 409M->416M(512M), 0,0187890 secs]
7,573: [GC concurrent-root-region-scan-start]
7,578: [GC concurrent-root-region-scan-end, 0,0046420 secs]
7,578: [GC concurrent-mark-start]
7,578: [GC pause (young) 437M->440M(512M), 0,0081660 secs]
7,590: [GC concurrent-mark-end, 0,0125190 secs]
7,590: [GC remark, 0,0013260 secs]
7,592: [GC cleanup 444M->293M(512M), 0,0006650 secs]
7,593: [GC concurrent-cleanup-start]
7,593: [GC concurrent-cleanup-end, 0,0002500 secs]
7,596: [GC pause (young) 310M->312M(512M), 0,0062490 secs]
7,605: [GC pause (mixed) 333M->289M(512M), 0,0072940 secs]
7,615: [GC pause (mixed) 310M->275M(512M), 0,0093010 secs]
7,627: [GC pause (mixed) 296M->291M(512M), 0,0072180 secs]
7,643: [GC pause (young) 374M->376M(512M), 0,0195640 secs]
7,668: [GC pause (young) (initial-mark) 417M->419M(512M), 0,0127910 secs]
7,681: [GC concurrent-root-region-scan-start]
7,682: [GC concurrent-root-region-scan-end, 0,0011010 secs]
7,682: [GC concurrent-mark-start]
7,684: [GC pause (young) 438M->440M(512M), 0,0069580 secs]
7,694: [GC pause (young) 461M->463M(512M), 0,0062750 secs]
7,704: [GC pause (young) 484M->485M(512M), 0,0059230 secs]
7,712: [GC pause (young)-- 506M->511M(512M), 0,0054930 secs]
7,718: [Full GC 511M->326M(512M), 0,0894360 secs]
7,808: [GC concurrent-mark-abort]
7,819: [GC pause (young) 395M->396M(512M), 0,0151490 secs]
7,838: [GC pause (young) (initial-mark) 426M->427M(512M), 0,0134910 secs]
7,851: [GC concurrent-root-region-scan-start]
7,852: [GC concurrent-root-region-scan-end, 0,0004710 secs]
7,852: [GC concurrent-mark-start]
7,854: [GC pause (young) 447M->449M(512M), 0,0061880 secs]
7,863: [GC concurrent-mark-end, 0,0113720 secs]
7,863: [GC remark, 0,0011710 secs]
7,865: [GC pause (young) 470M->473M(512M), 0,0057880 secs]
7,871: [GC cleanup 474M->111M(512M), 0,0007250 secs]
7,871: [GC concurrent-cleanup-start]
7,872: [GC concurrent-cleanup-end, 0,0008370 secs]
7,875: [GC pause (young) 132M->133M(512M), 0,0058060 secs]
7,899: [GC pause (young) 296M->299M(512M), 0,0340410 secs]
7,943: [GC pause (young) (initial-mark) 379M->382M(512M), 0,0238580 secs]
7,967: [GC concurrent-root-region-scan-start]
7,973: [GC concurrent-root-region-scan-end, 0,0067270 secs]
7,973: [GC concurrent-mark-start]
7,974: [GC pause (young) 420M->422M(512M), 0,0130300 secs]
7,989: [GC pause (young) 440M->442M(512M), 0,0066500 secs]
7,999: [GC pause (young) 463M->465M(512M), 0,0079450 secs]
8,012: [GC pause (young)-- 486M->489M(512M), 0,0058660 secs]
8,021: [GC pause (young)-- 510M->511M(512M), 0,0043180 secs]
8,025: [Full GC 511M->79M(512M), 0,0309030 secs]
8,056: [GC concurrent-mark-abort]
8,080: [GC pause (young) 281M->282M(512M), 0,0386690 secs]
8,130: [GC pause (young) (initial-mark) 372M->385M(512M), 0,0306820 secs]
8,161: [GC concurrent-root-region-scan-start]
8,166: [GC pause (young)8,167: [GC concurrent-root-region-scan-end, 0,0067260 secs]
8,167: [GC concurrent-mark-start]
 421M->423M(512M), 0,0148660 secs]
8,183: [GC pause (young) 441M->443M(512M), 0,0086760 secs]
8,195: [GC pause (young) 464M->467M(512M), 0,0068670 secs]
8,204: [GC pause (young)-- 488M->493M(512M), 0,0056960 secs]
8,212: [GC pause (young)-- 510M->510M(512M), 0,0033250 secs]
8,216: [Full GC 510M->97M(512M), 0,0337620 secs]
8,249: [GC concurrent-mark-abort]
8,275: [GC pause (young) 291M->292M(512M), 0,0375170 secs]
8,323: [GC pause (young) (initial-mark) 377M->380M(512M), 0,0296020 secs]
8,352: [GC concurrent-root-region-scan-start]
8,355: [GC concurrent-root-region-scan-end, 0,0027990 secs]
8,355: [GC concurrent-mark-start]
8,362: [GC pause (young) 419M->421M(512M), 0,0157540 secs]
8,382: [GC pause (young) 439M->441M(512M), 0,0062410 secs]
8,390: [GC concurrent-mark-end, 0,0345370 secs]
8,390: [GC remark, 0,0015140 secs]
8,392: [GC cleanup 452M->350M(512M), 0,0005640 secs]
8,392: [GC concurrent-cleanup-start]
8,392: [GC concurrent-cleanup-end, 0,0001610 secs]
8,395: [GC pause (young) 360M->363M(512M), 0,0063640 secs]
8,404: [GC pause (mixed) 384M->357M(512M), 0,0110650 secs]
8,422: [GC pause (young) 408M->410M(512M), 0,0123940 secs]
8,438: [GC pause (young) (initial-mark) 434M->436M(512M), 0,0077220 secs]
8,445: [GC concurrent-root-region-scan-start]
8,445: [GC concurrent-root-region-scan-end, 0,0000970 secs]
8,445: [GC concurrent-mark-start]
8,449: [GC pause (young) 457M->459M(512M), 0,0061100 secs]
8,458: [GC concurrent-mark-end, 0,0122160 secs]
8,458: [GC remark, 0,0022980 secs]
8,460: [GC cleanup 461M->223M(512M), 0,0006170 secs]
8,461: [GC concurrent-cleanup-start]
8,462: [GC concurrent-cleanup-end, 0,0004700 secs]
8,465: [GC pause (young) 242M->243M(512M), 0,0060660 secs]
8,483: [GC pause (young) 351M->354M(512M), 0,0236390 secs]
8,514: [GC pause (young) (initial-mark) 407M->409M(512M), 0,0188470 secs]
8,533: [GC concurrent-root-region-scan-start]
8,536: [GC concurrent-root-region-scan-end, 0,0022450 secs]
8,536: [GC concurrent-mark-start]
8,537: [GC pause (young) 434M->435M(512M), 0,0102410 secs]
8,552: [GC pause (young) 455M->457M(512M), 0,0080940 secs]
8,563: [GC pause (young) 478M->480M(512M), 0,0057290 secs]
8,572: [GC pause (young)-- 501M->508M(512M), 0,0053790 secs]
8,579: [GC pause (young)-- 512M->512M(512M), 0,0019640 secs]
8,582: [Full GC 512M->71M(512M), 0,0280180 secs]
8,611: [GC concurrent-mark-abort]
8,637: [GC pause (young) 278M->279M(512M), 0,0406200 secs]
8,689: [GC pause (young) (initial-mark) 371M->374M(512M), 0,0307810 secs]
8,720: [GC concurrent-root-region-scan-start]
8,726: [GC pause (young)8,727: [GC concurrent-root-region-scan-end, 0,0071720 secs]
8,727: [GC concurrent-mark-start]
 416M->417M(512M), 0,0137000 secs]
8,742: [GC pause (young) 437M->439M(512M), 0,0100710 secs]
8,756: [GC pause (young) 460M->462M(512M), 0,0069840 secs]
8,766: [GC pause (young) 483M->486M(512M), 0,0057850 secs]
8,775: [GC pause (young)-- 507M->511M(512M), 0,0056900 secs]
8,782: [Full GC 511M->107M(512M), 0,0389200 secs]
8,821: [GC concurrent-mark-abort]
8,843: [GC pause (young) 290M->291M(512M), 0,0350510 secs]
8,889: [GC pause (young) (initial-mark) 376M->381M(512M), 0,0276910 secs]
8,917: [GC concurrent-root-region-scan-start]
8,918: [GC concurrent-root-region-scan-end, 0,0013200 secs]
8,918: [GC concurrent-mark-start]
8,924: [GC pause (young) 420M->421M(512M), 0,0135020 secs]
8,940: [GC pause (young) 439M->441M(512M), 0,0064810 secs]
8,951: [GC pause (young) 462M->464M(512M), 0,0082390 secs]
8,962: [GC pause (young)-- 485M->488M(512M), 0,0056830 secs]
8,971: [GC pause (young)-- 509M->511M(512M), 0,0036420 secs]
8,975: [GC concurrent-mark-end, 0,0566730 secs]
8,975: [Full GC 511M->110M(512M), 0,0368580 secs]
9,012: [GC remark, 0,0000140 secs]
9,012: [GC concurrent-mark-abort]
9,036: [GC pause (young) 296M->297M(512M), 0,0356310 secs]
9,081: [GC pause (young) (initial-mark) 380M->390M(512M), 0,0283460 secs]
9,110: [GC concurrent-root-region-scan-start]
9,116: [GC concurrent-root-region-scan-end, 0,0058370 secs]
9,116: [GC concurrent-mark-start]
9,118: [GC pause (young) 424M->426M(512M), 0,0121630 secs]
9,136: [GC pause (young) 445M->447M(512M), 0,0076190 secs]
9,147: [GC pause (young) 468M->470M(512M), 0,0076650 secs]
9,158: [GC pause (young)-- 491M->505M(512M), 0,0056110 secs]
9,165: [GC concurrent-mark-end, 0,0493600 secs]
9,165: [GC remark, 0,0018500 secs]
9,168: [GC cleanup 510M->501M(512M), 0,0006370 secs]
9,168: [GC concurrent-cleanup-start]
9,168: [GC concurrent-cleanup-end, 0,0000400 secs]
9,171: [GC pause (young)-- 511M->511M(512M), 0,0043370 secs]
9,175: [Full GC 511M->102M(512M), 0,0359560 secs]
9,233: [GC pause (young) 295M->296M(512M), 0,0370060 secs]
9,280: [GC pause (young) (initial-mark) 380M->391M(512M), 0,0273000 secs]
9,307: [GC concurrent-root-region-scan-start]
9,312: [GC concurrent-root-region-scan-end, 0,0049060 secs]
9,312: [GC concurrent-mark-start]
9,313: [GC pause (young) 425M->427M(512M), 0,0128870 secs]
9,328: [GC pause (young) 446M->448M(512M), 0,0064800 secs]
9,338: [GC pause (young) 469M->471M(512M), 0,0081970 secs]
9,350: [GC pause (young)-- 492M->497M(512M), 0,0055940 secs]
9,357: [GC pause (young)-- 510M->510M(512M), 0,0030230 secs]
9,360: [Full GC 510M->100M(512M), 0,0360720 secs]
9,396: [GC concurrent-mark-abort]
9,423: [GC pause (young) 293M->295M(512M), 0,0369940 secs]
9,469: [GC pause (young) (initial-mark) 379M->390M(512M), 0,0290430 secs]
9,498: [GC concurrent-root-region-scan-start]
9,502: [GC concurrent-root-region-scan-end, 0,0038520 secs]
9,502: [GC concurrent-mark-start]
9,503: [GC pause (young) 424M->426M(512M), 0,0115260 secs]
9,517: [GC pause (young) 445M->447M(512M), 0,0062130 secs]
9,530: [GC concurrent-mark-end, 0,0282500 secs]
9,532: [GC pause (young) 468M->470M(512M), 0,0061870 secs]
9,539: [GC remark, 0,0014170 secs]
9,540: [GC cleanup 472M->361M(512M), 0,0006070 secs]
9,541: [GC concurrent-cleanup-start]
9,541: [GC concurrent-cleanup-end, 0,0001630 secs]
9,544: [GC pause (young) 381M->383M(512M), 0,0058400 secs]
9,553: [GC pause (mixed) 404M->372M(512M), 0,0102940 secs]
9,566: [GC pause (mixed) 393M->394M(512M), 0,0074080 secs]
9,577: [GC pause (young) 426M->427M(512M), 0,0079700 secs]
9,587: [GC pause (young) (initial-mark) 447M->449M(512M), 0,0062970 secs]
9,594: [GC concurrent-root-region-scan-start]
9,594: [GC concurrent-root-region-scan-end, 0,0001160 secs]
9,594: [GC concurrent-mark-start]
9,596: [GC pause (young) 470M->473M(512M), 0,0062280 secs]
9,606: [GC pause (young)-- 494M->503M(512M), 0,0057830 secs]
9,613: [GC pause (young)-- 511M->511M(512M), 0,0028120 secs]
9,619: [GC pause (young) 511M->511M(512M), 0,0016560 secs]
9,620: [Full GC 511M->227M(512M), 0,0653090 secs]
9,686: [GC concurrent-mark-abort]
9,702: [GC pause (young) 356M->373M(512M), 0,0313710 secs]
9,740: [GC pause (young) (initial-mark) 417M->420M(512M), 0,0148250 secs]
9,755: [GC concurrent-root-region-scan-start]
9,757: [GC concurrent-root-region-scan-end, 0,0026580 secs]
9,757: [GC concurrent-mark-start]
9,758: [GC pause (young) 438M->440M(512M), 0,0127980 secs]
9,773: [GC pause (young) 461M->462M(512M), 0,0058990 secs]
9,782: [GC concurrent-mark-end, 0,0246780 secs]
9,782: [GC remark, 0,0010990 secs]
9,783: [GC cleanup 463M->305M(512M), 0,0005720 secs]
9,784: [GC concurrent-cleanup-start]
9,784: [GC concurrent-cleanup-end, 0,0002600 secs]
9,788: [GC pause (young) 326M->327M(512M), 0,0079590 secs]
9,799: [GC pause (mixed) 348M->303M(512M), 0,0071580 secs]
9,809: [GC pause (mixed) 324M->286M(512M), 0,0084640 secs]
9,820: [GC pause (mixed) 307M->300M(512M), 0,0068790 secs]
9,836: [GC pause (young) 379M->381M(512M), 0,0169580 secs]
9,857: [GC pause (young) (initial-mark) 420M->423M(512M), 0,0122010 secs]
9,869: [GC concurrent-root-region-scan-start]
9,870: [GC concurrent-root-region-scan-end, 0,0010220 secs]
9,870: [GC concurrent-mark-start]
9,872: [GC pause (young) 441M->443M(512M), 0,0069720 secs]
9,884: [GC pause (young) 464M->466M(512M), 0,0060340 secs]
9,893: [GC pause (young)-- 487M->491M(512M), 0,0079520 secs]
9,906: [GC pause (young)-- 511M->511M(512M), 0,0073320 secs]
9,914: [Full GC 511M->240M(512M), 0,0677770 secs]
9,982: [GC concurrent-mark-abort]
9,998: [GC pause (young) 356M->357M(512M), 0,0287200 secs]
10,033: [GC pause (young) (initial-mark) 408M->420M(512M), 0,0170880 secs]
10,050: [GC concurrent-root-region-scan-start]
10,052: [GC concurrent-root-region-scan-end, 0,0022190 secs]
10,052: [GC concurrent-mark-start]
10,052: [GC pause (young) 439M->440M(512M), 0,0072080 secs]
10,064: [GC concurrent-mark-end, 0,0119320 secs]
10,064: [GC remark, 0,0014560 secs]
10,066: [GC cleanup 454M->211M(512M), 0,0006100 secs]
10,066: [GC concurrent-cleanup-start]
10,067: [GC concurrent-cleanup-end, 0,0005580 secs]
10,068: [GC pause (young) 218M->220M(512M), 0,0061070 secs]
10,078: [GC pause (mixed) 241M->238M(512M), 0,0064390 secs]
10,097: [GC pause (young) 348M->350M(512M), 0,0231230 secs]
10,126: [GC pause (young) (initial-mark) 404M->406M(512M), 0,0183090 secs]
10,144: [GC concurrent-root-region-scan-start]
10,145: [GC concurrent-root-region-scan-end, 0,0005760 secs]
10,145: [GC concurrent-mark-start]
10,148: [GC pause (young) 432M->434M(512M), 0,0105760 secs]
10,164: [GC pause (young) 454M->456M(512M), 0,0071220 secs]
10,173: [GC pause (young) 477M->479M(512M), 0,0114830 secs]
10,188: [GC pause (young)-- 500M->511M(512M), 0,0046040 secs]
10,193: [Full GC 511M->47M(512M), 0,0226910 secs]
10,215: [GC concurrent-mark-abort]
10,240: [GC pause (young) 256M->258M(512M), 0,0421220 secs]
10,294: [GC pause (young) (initial-mark) 359M->364M(512M), 0,0275470 secs]
10,321: [GC concurrent-root-region-scan-start]
10,328: [GC concurrent-root-region-scan-end, 0,0068860 secs]
10,328: [GC concurrent-mark-start]
10,334: [GC pause (young) 411M->414M(512M), 0,0169430 secs]
10,356: [GC pause (young) 436M->439M(512M), 0,0081840 secs]
10,367: [GC pause (young) 460M->462M(512M), 0,0058190 secs]
10,376: [GC pause (young) 483M->485M(512M), 0,0057490 secs]
10,386: [GC pause (young)-- 506M->511M(512M), 0,0063370 secs]
10,394: [GC concurrent-mark-end, 0,0657160 secs]
10,394: [Full GC 511M->101M(512M), 0,0352330 secs]
10,430: [GC remark, 0,0000140 secs]
10,430: [GC concurrent-mark-abort]
10,452: [GC pause (young) 289M->291M(512M), 0,0360430 secs]
10,498: [GC pause (young) (initial-mark) 376M->385M(512M), 0,0272180 secs]
10,526: [GC concurrent-root-region-scan-start]
10,529: [GC concurrent-root-region-scan-end, 0,0032480 secs]
10,529: [GC concurrent-mark-start]
10,532: [GC pause (young) 421M->423M(512M), 0,0134280 secs]
10,548: [GC pause (young) 441M->442M(512M), 0,0070040 secs]
10,562: [GC pause (young) 463M->465M(512M), 0,0071200 secs]
10,573: [GC pause (young)-- 486M->489M(512M), 0,0058480 secs]
10,580: [GC concurrent-mark-end, 0,0509930 secs]
10,580: [GC remark, 0,0018920 secs]
10,582: [GC cleanup 499M->494M(512M), 0,0004990 secs]
10,583: [GC concurrent-cleanup-start]
10,583: [GC concurrent-cleanup-end, 0,0000260 secs]
10,586: [GC pause (young)-- 505M->511M(512M), 0,0052320 secs]
10,591: [Full GC 511M->103M(512M), 0,0374000 secs]
10,651: [GC pause (young) 288M->290M(512M), 0,0392280 secs]
10,699: [GC pause (young) (initial-mark) 375M->386M(512M), 0,0244420 secs]
10,724: [GC concurrent-root-region-scan-start]
10,729: [GC pause (young)10,729: [GC concurrent-root-region-scan-end, 0,0049910 secs]
10,729: [GC concurrent-mark-start]
 422M->424M(512M), 0,0149650 secs]
10,749: [GC pause (young) 442M->446M(512M), 0,0088240 secs]
10,760: [GC pause (young) 467M->469M(512M), 0,0086810 secs]
10,772: [GC pause (young)-- 490M->493M(512M), 0,0057350 secs]
10,780: [GC pause (young)-- 510M->510M(512M), 0,0031250 secs]
10,784: [GC concurrent-mark-end, 0,0552060 secs]
10,784: [Full GC 510M->97M(512M), 0,0337960 secs]
10,818: [GC remark, 0,0000190 secs]
10,818: [GC concurrent-mark-abort]
10,841: [GC pause (young) 291M->292M(512M), 0,0387170 secs]
10,890: [GC pause (young) (initial-mark) 377M->388M(512M), 0,0302510 secs]
10,920: [GC concurrent-root-region-scan-start]
10,922: [GC concurrent-root-region-scan-end, 0,0015860 secs]
10,922: [GC concurrent-mark-start]
10,925: [GC pause (young) 423M->424M(512M), 0,0120250 secs]
10,941: [GC pause (young) 442M->445M(512M), 0,0061400 secs]
10,951: [GC pause (young) 466M->467M(512M), 0,0082680 secs]
10,962: [GC pause (young)-- 488M->492M(512M), 0,0057510 secs]
10,970: [GC concurrent-mark-end, 0,0477370 secs]
10,970: [GC remark, 0,0018990 secs]
10,972: [GC pause (young)-- 510M->510M(512M), 0,0044510 secs]
10,977: [Full GC 510M->103M(512M), 0,0366650 secs]
11,014: [GC cleanup, 0,0000140 secs]
11,014: [GC concurrent-mark-abort]
11,037: [GC pause (young) 294M->296M(512M), 0,0363720 secs]
11,083: [GC pause (young) (initial-mark) 380M->382M(512M), 0,0283800 secs]
11,112: [GC concurrent-root-region-scan-start]
11,117: [GC concurrent-root-region-scan-end, 0,0056170 secs]
11,117: [GC concurrent-mark-start]
11,118: [GC pause (young) 420M->423M(512M), 0,0135290 secs]
11,134: [GC pause (young) 441M->444M(512M), 0,0074640 secs]
11,146: [GC pause (young) 465M->466M(512M), 0,0061280 secs]
11,156: [GC pause (young)-- 487M->490M(512M), 0,0059070 secs]
11,165: [GC pause (young)-- 511M->511M(512M), 0,0038470 secs]
11,169: [Full GC 511M->109M(512M), 0,0376160 secs]
11,207: [GC concurrent-mark-abort]
11,229: [GC pause (young) 296M->297M(512M), 0,0373950 secs]
11,277: [GC pause (young) (initial-mark) 379M->383M(512M), 0,0261660 secs]
11,303: [GC concurrent-root-region-scan-start]
11,310: [GC pause (young)11,310: [GC concurrent-root-region-scan-end, 0,0068970 secs]
11,310: [GC concurrent-mark-start]
 420M->423M(512M), 0,0123130 secs]
11,324: [GC pause (young) 441M->443M(512M), 0,0067980 secs]
11,338: [GC pause (young) 464M->464M(512M), 0,0078380 secs]
11,349: [GC pause (young)-- 485M->493M(512M), 0,0058100 secs]
11,357: [GC pause (young)-- 510M->510M(512M), 0,0040560 secs]
11,361: [Full GC 510M->105M(512M), 0,0363410 secs]
11,398: [GC concurrent-mark-abort]
11,420: [GC pause (young) 294M->296M(512M), 0,0361600 secs]
11,467: [GC pause (young) (initial-mark) 379M->383M(512M), 0,0269960 secs]
11,494: [GC concurrent-root-region-scan-start]
11,501: [GC pause (young)11,502: [GC concurrent-root-region-scan-end, 0,0081090 secs]
11,502: [GC concurrent-mark-start]
 420M->422M(512M), 0,0143530 secs]
11,518: [GC pause (young) 440M->443M(512M), 0,0086730 secs]
11,530: [GC pause (young) 464M->466M(512M), 0,0067810 secs]
11,540: [GC pause (young)-- 487M->496M(512M), 0,0058670 secs]
11,548: [GC pause (young)-- 510M->510M(512M), 0,0035270 secs]
11,551: [Full GC 510M->101M(512M), 0,0345060 secs]
11,586: [GC concurrent-mark-abort]
11,609: [GC pause (young) 293M->294M(512M), 0,0387010 secs]
11,657: [GC pause (young) (initial-mark) 378M->385M(512M), 0,0277310 secs]
11,685: [GC concurrent-root-region-scan-start]
11,689: [GC concurrent-root-region-scan-end, 0,0040650 secs]
11,689: [GC concurrent-mark-start]
11,694: [GC pause (young) 421M->422M(512M), 0,0116160 secs]
11,709: [GC pause (young) 440M->442M(512M), 0,0077840 secs]
11,722: [GC pause (young) 463M->465M(512M), 0,0080000 secs]
11,734: [GC pause (young)-- 486M->493M(512M), 0,0058280 secs]
11,742: [GC pause (young)-- 511M->511M(512M), 0,0042420 secs]
11,746: [Full GC 511M->102M(512M), 0,0362090 secs]
11,782: [GC concurrent-mark-abort]
11,806: [GC pause (young) 296M->297M(512M), 0,0371710 secs]
11,852: [GC pause (young) (initial-mark) 380M->387M(512M), 0,0271020 secs]
11,879: [GC concurrent-root-region-scan-start]
11,880: [GC concurrent-root-region-scan-end, 0,0004730 secs]
11,880: [GC concurrent-mark-start]
11,887: [GC pause (young) 422M->425M(512M), 0,0141680 secs]
11,904: [GC pause (young) 443M->444M(512M), 0,0082390 secs]
11,916: [GC pause (young) 465M->466M(512M), 0,0074850 secs]
11,926: [GC concurrent-mark-end, 0,0460840 secs]
11,926: [GC remark, 0,0014590 secs]
11,928: [GC cleanup 486M->407M(512M), 0,0006180 secs]
11,928: [GC concurrent-cleanup-start]
11,928: [GC concurrent-cleanup-end, 0,0001650 secs]
11,929: [GC pause (young) 409M->411M(512M), 0,0057240 secs]
11,938: [GC pause (mixed) 432M->387M(512M), 0,0070510 secs]
11,948: [GC pause (mixed) 408M->391M(512M), 0,0085440 secs]
11,961: [GC pause (young) 425M->427M(512M), 0,0088730 secs]
11,972: [GC pause (young) (initial-mark) 447M->450M(512M), 0,0065970 secs]
11,979: [GC concurrent-root-region-scan-start]
11,980: [GC concurrent-root-region-scan-end, 0,0015310 secs]
11,980: [GC concurrent-mark-start]
11,981: [GC pause (young) 471M->473M(512M), 0,0063600 secs]
11,991: [GC pause (young)-- 494M->502M(512M), 0,0060170 secs]
11,998: [GC pause (young)-- 511M->511M(512M), 0,0034750 secs]
12,002: [Full GC 511M->233M(512M), 0,0656990 secs]
12,067: [GC concurrent-mark-abort]
12,083: [GC pause (young) 362M->363M(512M), 0,0306490 secs]
12,121: [GC pause (young) (initial-mark) 413M->423M(512M), 0,0164310 secs]
12,137: [GC concurrent-root-region-scan-start]
12,138: [GC concurrent-root-region-scan-end, 0,0008420 secs]
12,138: [GC concurrent-mark-start]
12,139: [GC pause (young) 439M->441M(512M), 0,0115370 secs]
12,154: [GC pause (young) 462M->464M(512M), 0,0057140 secs]
12,160: [GC concurrent-mark-end, 0,0220130 secs]
12,160: [GC remark, 0,0010180 secs]
12,161: [GC cleanup 466M->97M(512M), 0,0007350 secs]
12,162: [GC concurrent-cleanup-start]
12,163: [GC concurrent-cleanup-end, 0,0011730 secs]
12,166: [GC pause (young) 116M->119M(512M), 0,0060810 secs]
12,193: [GC pause (young) 289M->292M(512M), 0,0334770 secs]
12,236: [GC pause (young) (initial-mark) 375M->377M(512M), 0,0231390 secs]
12,260: [GC concurrent-root-region-scan-start]
12,265: [GC pause (young)12,266: [GC concurrent-root-region-scan-end, 0,0062410 secs]
12,266: [GC concurrent-mark-start]
 418M->419M(512M), 0,0164830 secs]
12,285: [GC pause (young) 439M->441M(512M), 0,0085410 secs]
12,297: [GC pause (young) 462M->463M(512M), 0,0071840 secs]
12,306: [GC pause (young) 484M->486M(512M), 0,0057220 secs]
12,315: [GC pause (young)-- 507M->511M(512M), 0,0048180 secs]
12,322: [Full GC 511M->77M(512M), 0,0295830 secs]
12,352: [GC concurrent-mark-abort]
12,376: [GC pause (young) 272M->274M(512M), 0,0398230 secs]
12,426: [GC pause (young) (initial-mark) 367M->370M(512M), 0,0284950 secs]
12,455: [GC concurrent-root-region-scan-start]
12,461: [GC concurrent-root-region-scan-end, 0,0056300 secs]
12,461: [GC concurrent-mark-start]
12,465: [GC pause (young) 414M->417M(512M), 0,0128760 secs]
12,480: [GC pause (young) 437M->439M(512M), 0,0095480 secs]
12,493: [GC pause (young) 460M->462M(512M), 0,0070960 secs]
12,503: [GC pause (young)-- 483M->491M(512M), 0,0060630 secs]
12,511: [GC pause (young)-- 510M->510M(512M), 0,0041490 secs]
12,516: [Full GC 510M->103M(512M), 0,0362970 secs]
12,552: [GC concurrent-mark-abort]
12,575: [GC pause (young) 293M->295M(512M), 0,0365060 secs]
12,621: [GC pause (young) (initial-mark) 379M->387M(512M), 0,0298580 secs]
12,651: [GC concurrent-root-region-scan-start]
12,655: [GC concurrent-root-region-scan-end, 0,0038330 secs]
12,655: [GC concurrent-mark-start]
12,658: [GC pause (young) 422M->425M(512M), 0,0128100 secs]
12,676: [GC pause (young) 443M->445M(512M), 0,0089010 secs]
12,689: [GC concurrent-mark-end, 0,0339660 secs]
12,689: [GC remark, 0,0018790 secs]
12,691: [GC cleanup 446M->422M(512M), 0,0005190 secs]
12,692: [GC concurrent-cleanup-start]
12,692: [GC concurrent-cleanup-end, 0,0000460 secs]
12,696: [GC pause (young) 442M->443M(512M), 0,0058060 secs]
12,704: [GC pause (mixed) 464M->450M(512M), 0,0075320 secs]
12,714: [GC pause (young) 471M->474M(512M), 0,0061700 secs]
12,723: [GC pause (young) (initial-mark)-- 495M->504M(512M), 0,0061220 secs]
12,729: [GC concurrent-root-region-scan-start]
12,729: [GC concurrent-root-region-scan-end, 0,0001040 secs]
12,729: [GC concurrent-mark-start]
12,730: [GC pause (young)-- 511M->511M(512M), 0,0026980 secs]
12,733: [Full GC 511M->133M(512M), 0,0434220 secs]
12,777: [GC concurrent-mark-abort]
12,798: [GC pause (young) 307M->309M(512M), 0,0335520 secs]
12,840: [GC pause (young) (initial-mark) 386M->403M(512M), 0,0265550 secs]
12,867: [GC concurrent-root-region-scan-start]
12,867: [GC concurrent-root-region-scan-end, 0,0003110 secs]
12,867: [GC concurrent-mark-start]
12,873: [GC pause (young) 431M->433M(512M), 0,0140620 secs]
12,892: [GC concurrent-mark-end, 0,0245550 secs]
12,892: [GC remark, 0,0015790 secs]
12,894: [GC cleanup 445M->384M(512M), 0,0005500 secs]
12,895: [GC concurrent-cleanup-start]
12,895: [GC concurrent-cleanup-end, 0,0001010 secs]
12,898: [GC pause (young) 391M->393M(512M), 0,0083370 secs]
12,909: [GC pause (mixed) 414M->377M(512M), 0,0082540 secs]
12,919: [GC pause (mixed) 398M->374M(512M), 0,0110480 secs]
12,933: [GC pause (mixed) 395M->378M(512M), 0,0101810 secs]
12,948: [GC pause (young) 418M->421M(512M), 0,0102030 secs]
12,960: [GC pause (young) (initial-mark) 440M->442M(512M), 0,0067450 secs]
12,967: [GC concurrent-root-region-scan-start]
12,968: [GC concurrent-root-region-scan-end, 0,0008340 secs]
12,968: [GC concurrent-mark-start]
12,970: [GC pause (young) 463M->466M(512M), 0,0062860 secs]
12,979: [GC pause (young)-- 487M->489M(512M), 0,0060470 secs]
12,988: [GC pause (young)-- 510M->511M(512M), 0,0064160 secs]
12,995: [Full GC 511M->229M(512M), 0,0639440 secs]
13,059: [GC concurrent-mark-abort]
13,074: [GC pause (young) 351M->353M(512M), 0,0295290 secs]
13,111: [GC pause (young) (initial-mark) 407M->413M(512M), 0,0201410 secs]
13,132: [GC concurrent-root-region-scan-start]
13,133: [GC concurrent-root-region-scan-end, 0,0010090 secs]
13,133: [GC concurrent-mark-start]
13,135: [GC pause (young) 435M->437M(512M), 0,0094800 secs]
13,147: [GC pause (young) 458M->460M(512M), 0,0061240 secs]
13,154: [GC concurrent-mark-end, 0,0203470 secs]
13,154: [GC remark, 0,0008260 secs]
13,157: [GC pause (young) 481M->483M(512M), 0,0058180 secs]
13,163: [GC cleanup 483M->118M(512M), 0,0007110 secs]
13,164: [GC concurrent-cleanup-start]
13,165: [GC concurrent-cleanup-end, 0,0011380 secs]
13,168: [GC pause (young) 138M->140M(512M), 0,0058500 secs]
13,192: [GC pause (young) 299M->301M(512M), 0,0333900 secs]
13,235: [GC pause (young) (initial-mark) 380M->383M(512M), 0,0240250 secs]
13,259: [GC concurrent-root-region-scan-start]
13,264: [GC concurrent-root-region-scan-end, 0,0057330 secs]
13,264: [GC concurrent-mark-start]
13,265: [GC pause (young) 421M->423M(512M), 0,0130350 secs]
13,281: [GC pause (young) 441M->442M(512M), 0,0065620 secs]
13,293: [GC pause (young) 463M->466M(512M), 0,0081230 secs]
13,306: [GC pause (young)-- 487M->490M(512M), 0,0057050 secs]
13,314: [GC pause (young)-- 511M->511M(512M), 0,0035530 secs]
13,318: [GC pause (young) 511M->511M(512M), 0,0012060 secs]
13,319: [Full GC 511M->75M(512M), 0,0298650 secs]
13,349: [GC concurrent-mark-abort]
13,373: [GC pause (young) 278M->293M(512M), 0,0391330 secs]
13,422: [GC pause (young) (initial-mark) 377M->378M(512M), 0,0278150 secs]
13,450: [GC concurrent-root-region-scan-start]
13,455: [GC concurrent-root-region-scan-end, 0,0049200 secs]
13,455: [GC concurrent-mark-start]
13,458: [GC pause (young) 418M->427M(512M), 0,0134350 secs]
13,474: [GC pause (young) 445M->447M(512M), 0,0096530 secs]
13,488: [GC pause (young) 468M->470M(512M), 0,0060650 secs]
13,497: [GC pause (young)-- 491M->496M(512M), 0,0055160 secs]
13,504: [GC pause (young)-- 510M->510M(512M), 0,0039490 secs]
13,509: [Full GC 510M->88M(512M), 0,0315270 secs]
13,540: [GC concurrent-mark-abort]
13,563: [GC pause (young) 287M->289M(512M), 0,0402240 secs]
13,614: [GC pause (young) (initial-mark) 376M->380M(512M), 0,0276030 secs]
13,641: [GC concurrent-root-region-scan-start]
13,646: [GC concurrent-root-region-scan-end, 0,0047480 secs]
13,646: [GC concurrent-mark-start]
13,650: [GC pause (young) 419M->421M(512M), 0,0122520 secs]
13,665: [GC pause (young) 439M->441M(512M), 0,0091240 secs]
13,679: [GC pause (young) 462M->465M(512M), 0,0067160 secs]
13,689: [GC pause (young)-- 486M->492M(512M), 0,0059970 secs]
13,697: [GC pause (young)-- 510M->510M(512M), 0,0034260 secs]
13,701: [Full GC 510M->105M(512M), 0,0371140 secs]
13,738: [GC concurrent-mark-abort]
13,761: [GC pause (young) 295M->297M(512M), 0,0366630 secs]
13,807: [GC pause (young) (initial-mark) 380M->393M(512M), 0,0296540 secs]
13,837: [GC concurrent-root-region-scan-start]
13,839: [GC concurrent-root-region-scan-end, 0,0012990 secs]
13,839: [GC concurrent-mark-start]
13,844: [GC pause (young) 425M->427M(512M), 0,0128180 secs]
13,859: [GC pause (young) 446M->448M(512M), 0,0074430 secs]
13,870: [GC pause (young) 469M->470M(512M), 0,0074600 secs]
13,880: [GC pause (young)-- 491M->503M(512M), 0,0056530 secs]
13,887: [GC pause (young)-- 510M->510M(512M), 0,0028430 secs]
13,890: [Full GC 510M->91M(512M), 0,0324810 secs]
13,922: [GC concurrent-mark-abort]
13,946: [GC pause (young) 289M->290M(512M), 0,0393600 secs]
13,995: [GC pause (young) (initial-mark) 377M->387M(512M), 0,0283830 secs]
14,024: [GC concurrent-root-region-scan-start]
14,030: [GC pause (young)14,032: [GC concurrent-root-region-scan-end, 0,0079910 secs]
14,032: [GC concurrent-mark-start]
 423M->425M(512M), 0,0130710 secs]
14,046: [GC pause (young) 443M->445M(512M), 0,0069810 secs]
14,056: [GC pause (young) 466M->467M(512M), 0,0080750 secs]
14,068: [GC pause (young)-- 488M->493M(512M), 0,0057720 secs]
14,076: [GC pause (young)-- 511M->511M(512M), 0,0040350 secs]
14,080: [Full GC 511M->104M(512M), 0,0364430 secs]
14,117: [GC concurrent-mark-abort]
14,140: [GC pause (young) 294M->296M(512M), 0,0410480 secs]
14,192: [GC pause (young) (initial-mark) 379M->382M(512M), 0,0281680 secs]
14,220: [GC concurrent-root-region-scan-start]
14,225: [GC pause (young)14,226: [GC concurrent-root-region-scan-end, 0,0056710 secs]
14,226: [GC concurrent-mark-start]
 420M->422M(512M), 0,0128230 secs]
14,242: [GC pause (young) 440M->442M(512M), 0,0088070 secs]
14,254: [GC pause (young) 463M->465M(512M), 0,0059030 secs]
14,262: [GC pause (young)-- 486M->488M(512M), 0,0060010 secs]
14,274: [GC pause (young)-- 509M->510M(512M), 0,0042600 secs]
14,278: [Full GC 510M->110M(512M), 0,0374040 secs]
14,315: [GC concurrent-mark-abort]
14,340: [GC pause (young) 297M->299M(512M), 0,0359640 secs]
14,386: [GC pause (young) (initial-mark) 381M->388M(512M), 0,0275270 secs]
14,414: [GC concurrent-root-region-scan-start]
14,416: [GC concurrent-root-region-scan-end, 0,0021930 secs]
14,416: [GC concurrent-mark-start]
14,420: [GC pause (young) 422M->424M(512M), 0,0123700 secs]
14,435: [GC pause (young) 443M->445M(512M), 0,0061180 secs]
14,443: [GC concurrent-mark-end, 0,0266120 secs]
14,443: [GC remark, 0,0018370 secs]
14,446: [GC pause (young) 466M->468M(512M), 0,0077660 secs]
14,454: [GC cleanup 469M->287M(512M), 0,0005670 secs]
14,455: [GC concurrent-cleanup-start]
14,456: [GC concurrent-cleanup-end, 0,0006920 secs]
14,458: [GC pause (young) 308M->310M(512M), 0,0057330 secs]
14,467: [GC pause (mixed) 331M->288M(512M), 0,0076160 secs]
14,477: [GC pause (mixed) 309M->301M(512M), 0,0097570 secs]
14,496: [GC pause (young) 380M->382M(512M), 0,0174270 secs]
14,518: [GC pause (young) (initial-mark) 420M->422M(512M), 0,0117600 secs]
14,530: [GC concurrent-root-region-scan-start]
14,532: [GC concurrent-root-region-scan-end, 0,0021990 secs]
14,532: [GC concurrent-mark-start]
14,532: [GC pause (young) 440M->441M(512M), 0,0064470 secs]
14,541: [GC pause (young) 462M->465M(512M), 0,0058300 secs]
14,550: [GC pause (young)-- 486M->489M(512M), 0,0060980 secs]
14,560: [GC pause (young)-- 510M->511M(512M), 0,0057930 secs]
14,566: [GC pause (young)-- 511M->511M(512M), 0,0023190 secs]
14,569: [Full GC 511M->324M(512M), 0,0861870 secs]
14,655: [GC concurrent-mark-abort]
14,666: [GC pause (young) 394M->398M(512M), 0,0155510 secs]
14,685: [GC pause (young) (initial-mark) 428M->433M(512M), 0,0126710 secs]
14,698: [GC concurrent-root-region-scan-start]
14,699: [GC concurrent-root-region-scan-end, 0,0007000 secs]
14,699: [GC concurrent-mark-start]
14,701: [GC pause (young) 453M->455M(512M), 0,0060940 secs]
14,709: [GC pause (young) 476M->478M(512M), 0,0059740 secs]
14,717: [GC concurrent-mark-end, 0,0182100 secs]
14,717: [GC remark, 0,0010990 secs]
14,718: [GC cleanup 493M->119M(512M), 0,0006430 secs]
14,719: [GC concurrent-cleanup-start]
14,720: [GC concurrent-cleanup-end, 0,0007620 secs]
14,720: [GC pause (young) 126M->127M(512M), 0,0058530 secs]
14,746: [GC pause (young) 293M->295M(512M), 0,0349320 secs]
14,791: [GC pause (young) (initial-mark) 377M->380M(512M), 0,0256780 secs]
14,817: [GC concurrent-root-region-scan-start]
14,821: [GC concurrent-root-region-scan-end, 0,0041440 secs]
14,821: [GC concurrent-mark-start]
14,828: [GC pause (young) 419M->420M(512M), 0,0122020 secs]
14,843: [GC pause (young) 439M->441M(512M), 0,0097400 secs]
14,857: [GC pause (young) 462M->463M(512M), 0,0064570 secs]
14,867: [GC pause (young)-- 484M->487M(512M), 0,0057180 secs]
14,875: [GC concurrent-mark-end, 0,0538440 secs]
14,875: [GC remark, 0,0023330 secs]
14,878: [GC pause (young)-- 508M->511M(512M), 0,0052290 secs]
14,883: [GC cleanup 511M->511M(512M), 0,0005820 secs]
14,884: [GC pause (young)-- 511M->511M(512M), 0,0030380 secs]
14,887: [Full GC 511M->83M(512M), 0,0317480 secs]
14,942: [GC pause (young)-- 280M->368M(512M), 0,0375600 secs]
14,986: [GC pause (young) (initial-mark) 418M->430M(512M), 0,0201420 secs]
15,007: [GC concurrent-root-region-scan-start]
15,007: [GC concurrent-root-region-scan-end, 0,0003630 secs]
15,007: [GC concurrent-mark-start]
15,008: [GC pause (young) 445M->450M(512M), 0,0071780 secs]
15,019: [GC pause (young) 471M->473M(512M), 0,0058910 secs]
15,030: [GC pause (young)-- 494M->499M(512M), 0,0066610 secs]
15,040: [GC pause (young)-- 511M->511M(512M), 0,0029930 secs]
15,046: [Full GC 511M->13M(512M), 0,0158900 secs]
15,062: [GC concurrent-mark-abort]
15,091: [GC pause (young) 255M->256M(512M), 0,0476360 secs]
15,150: [GC pause (young) 361M->363M(512M), 0,0290190 secs]
15,185: [GC pause (young) (initial-mark) 411M->413M(512M), 0,0177590 secs]
15,203: [GC concurrent-root-region-scan-start]
15,206: [GC pause (young)15,208: [GC concurrent-root-region-scan-end, 0,0045420 secs]
15,208: [GC concurrent-mark-start]
 435M->438M(512M), 0,0123830 secs]
15,222: [GC pause (young) 459M->461M(512M), 0,0068470 secs]
15,231: [GC pause (young) 482M->484M(512M), 0,0057630 secs]
15,241: [GC pause (young)15,242: [GC concurrent-mark-end, 0,0340070 secs]
-- 505M->511M(512M), 0,0051040 secs]
15,247: [Full GC 511M->104M(512M), 0,0357720 secs]
15,283: [GC remark, 0,0000150 secs]
15,283: [GC concurrent-mark-abort]
15,305: [GC pause (young) 294M->295M(512M), 0,0364110 secs]
15,352: [GC pause (young) (initial-mark) 379M->388M(512M), 0,0282890 secs]
15,381: [GC concurrent-root-region-scan-start]
15,383: [GC concurrent-root-region-scan-end, 0,0025620 secs]
15,383: [GC concurrent-mark-start]
15,388: [GC pause (young) 423M->424M(512M), 0,0116270 secs]
15,402: [GC pause (young) 442M->444M(512M), 0,0066840 secs]
15,412: [GC pause (young) 465M->467M(512M), 0,0074270 secs]
15,420: [GC concurrent-mark-end, 0,0365960 secs]
15,421: [GC remark, 0,0018870 secs]
15,423: [GC cleanup 469M->414M(512M), 0,0005570 secs]
15,424: [GC concurrent-cleanup-start]
15,424: [GC concurrent-cleanup-end, 0,0001020 secs]
15,427: [GC pause (young) 433M->435M(512M), 0,0058530 secs]
15,436: [GC pause (mixed) 456M->417M(512M), 0,0084180 secs]
15,447: [GC pause (mixed) 438M->415M(512M), 0,0115820 secs]
15,461: [GC pause (mixed) 436M->424M(512M), 0,0090540 secs]
15,472: [GC pause (young) 445M->448M(512M), 0,0063690 secs]
15,481: [GC pause (young) (initial-mark) 469M->471M(512M), 0,0082590 secs]
15,490: [GC concurrent-root-region-scan-start]
15,491: [GC concurrent-root-region-scan-end, 0,0013630 secs]
15,491: [GC concurrent-mark-start]
15,493: [GC pause (young)-- 492M->496M(512M), 0,0057790 secs]
15,501: [GC pause (young)-- 511M->511M(512M), 0,0044640 secs]
15,506: [Full GC 511M->228M(512M), 0,0632780 secs]
15,569: [GC concurrent-mark-abort]
15,584: [GC pause (young) 350M->352M(512M), 0,0268010 secs]
15,620: [GC pause (young) (initial-mark) 406M->415M(512M), 0,0171560 secs]
15,637: [GC concurrent-root-region-scan-start]
15,637: [GC concurrent-root-region-scan-end, 0,0006440 secs]
15,637: [GC concurrent-mark-start]
15,641: [GC concurrent-mark-end, 0,0031510 secs]
15,641: [GC pause (young) 436M->438M(512M), 0,0109720 secs]
15,652: [GC remark, 0,0007390 secs]
15,653: [GC cleanup 440M->69M(512M), 0,0006340 secs]
15,654: [GC concurrent-cleanup-start]
15,655: [GC concurrent-cleanup-end, 0,0013400 secs]
15,657: [GC pause (young) 88M->90M(512M), 0,0058780 secs]
15,684: [GC pause (young) 274M->276M(512M), 0,0387900 secs]
15,733: [GC pause (young) (initial-mark) 367M->369M(512M), 0,0246310 secs]
15,758: [GC concurrent-root-region-scan-start]
15,764: [GC concurrent-root-region-scan-end, 0,0056470 secs]
15,764: [GC concurrent-mark-start]
15,765: [GC pause (young) 414M->416M(512M), 0,0151650 secs]
15,783: [GC pause (young) 437M->439M(512M), 0,0086590 secs]
15,795: [GC pause (young) 460M->462M(512M), 0,0080920 secs]
15,806: [GC pause (young) 483M->485M(512M), 0,0056780 secs]
15,814: [GC pause (young)-- 506M->511M(512M), 0,0054680 secs]
15,820: [GC pause (young)-- 511M->511M(512M), 0,0013930 secs]
15,821: [Full GC 511M->77M(512M), 0,0307070 secs]
15,852: [GC concurrent-mark-abort]
15,876: [GC pause (young)-- 275M->402M(512M), 0,0377910 secs]
15,917: [GC pause (young) (initial-mark) 433M->427M(512M), 0,0125610 secs]
15,930: [GC concurrent-root-region-scan-start]
15,932: [GC pause (young)15,932: [GC concurrent-root-region-scan-end, 0,0022700 secs]
15,932: [GC concurrent-mark-start]
 445M->447M(512M), 0,0067450 secs]
15,945: [GC pause (young) 468M->470M(512M), 0,0059810 secs]
15,955: [GC pause (young)-- 491M->494M(512M), 0,0073030 secs]
15,965: [GC pause (young)-- 510M->510M(512M), 0,0044250 secs]
15,970: [GC concurrent-mark-end, 0,0375190 secs]
15,970: [Full GC 510M->189M(512M), 0,0558900 secs]
16,026: [GC remark, 0,0000150 secs]
16,026: [GC concurrent-mark-abort]
16,044: [GC pause (young) 335M->336M(512M), 0,0330050 secs]
16,087: [GC pause (young) (initial-mark) 399M->409M(512M), 0,0197050 secs]
16,106: [GC concurrent-root-region-scan-start]
16,109: [GC pause (young)16,110: [GC concurrent-root-region-scan-end, 0,0035340 secs]
16,110: [GC concurrent-mark-start]
 433M->435M(512M), 0,0090720 secs]
16,121: [GC pause (young) 455M->458M(512M), 0,0063880 secs]
16,131: [GC pause (young) 479M->480M(512M), 0,0068800 secs]
16,141: [GC concurrent-mark-end, 0,0307430 secs]
16,142: [GC pause (young)-- 501M->508M(512M), 0,0064850 secs]
16,148: [GC pause (young)-- 510M->510M(512M), 0,0030280 secs]
16,152: [Full GC 510M->195M(512M), 0,0593050 secs]
16,211: [GC remark, 0,0000120 secs]
16,211: [GC concurrent-mark-abort]
16,230: [GC pause (young) 347M->348M(512M), 0,0342900 secs]
16,271: [GC pause (young) (initial-mark) 407M->410M(512M), 0,0190190 secs]
16,290: [GC concurrent-root-region-scan-start]
16,292: [GC concurrent-root-region-scan-end, 0,0025300 secs]
16,292: [GC concurrent-mark-start]
16,293: [GC pause (young) 434M->436M(512M), 0,0086180 secs]
16,305: [GC pause (young) 456M->458M(512M), 0,0062850 secs]
16,314: [GC concurrent-mark-end, 0,0216860 secs]
16,314: [GC remark, 0,0024330 secs]
16,317: [GC pause (young) 479M->482M(512M), 0,0060650 secs]
16,326: [GC pause (young)-- 503M->510M(512M), 0,0044310 secs]
16,331: [GC pause (young)-- 510M->510M(512M), 0,0018710 secs]
16,333: [Full GC 510M->200M(512M), 0,0571700 secs]
16,390: [GC cleanup, 0,0000140 secs]
16,390: [GC concurrent-mark-abort]
16,407: [GC pause (young) 336M->338M(512M), 0,0318680 secs]
16,446: [GC pause (young) (initial-mark) 399M->405M(512M), 0,0195520 secs]
16,466: [GC concurrent-root-region-scan-start]
16,469: [GC concurrent-root-region-scan-end, 0,0033280 secs]
16,469: [GC concurrent-mark-start]
16,469: [GC pause (young) 431M->432M(512M), 0,0110540 secs]
16,483: [GC pause (young) 452M->455M(512M), 0,0061720 secs]
16,494: [GC pause (young) 476M->478M(512M), 0,0058030 secs]
16,501: [GC concurrent-mark-end, 0,0318790 secs]
16,501: [GC remark, 0,0011890 secs]
16,502: [GC cleanup 491M->330M(512M), 0,0006140 secs]
16,503: [GC concurrent-cleanup-start]
16,503: [GC concurrent-cleanup-end, 0,0003990 secs]
16,505: [GC pause (young) 338M->340M(512M), 0,0058320 secs]
16,514: [GC pause (mixed) 361M->319M(512M), 0,0075330 secs]
16,524: [GC pause (mixed) 340M->313M(512M), 0,0091310 secs]
16,542: [GC pause (young) 386M->388M(512M), 0,0188240 secs]
16,565: [GC pause (young) (initial-mark) 423M->425M(512M), 0,0106710 secs]
16,576: [GC concurrent-root-region-scan-start]
16,578: [GC concurrent-root-region-scan-end, 0,0022640 secs]
16,578: [GC concurrent-mark-start]
16,578: [GC pause (young) 444M->446M(512M), 0,0065920 secs]
16,589: [GC pause (young) 467M->468M(512M), 0,0064670 secs]
16,598: [GC pause (young)-- 489M->493M(512M), 0,0059220 secs]
16,606: [GC concurrent-mark-end, 0,0279030 secs]
16,606: [GC remark, 0,0031000 secs]
16,610: [GC cleanup 495M->361M(512M), 0,0007050 secs]
16,610: [GC concurrent-cleanup-start]
16,611: [GC concurrent-cleanup-end, 0,0004880 secs]
16,614: [GC pause (young) 380M->382M(512M), 0,0061990 secs]
16,625: [GC pause (young) 420M->422M(512M), 0,0105900 secs]
16,640: [GC pause (young) (initial-mark) 441M->442M(512M), 0,0091400 secs]
16,649: [GC concurrent-root-region-scan-start]
16,650: [GC concurrent-root-region-scan-end, 0,0011910 secs]
16,650: [GC concurrent-mark-start]
16,653: [GC pause (young) 463M->465M(512M), 0,0067140 secs]
16,664: [GC pause (young)-- 486M->490M(512M), 0,0079990 secs]
16,674: [GC concurrent-mark-end, 0,0243110 secs]
16,675: [GC pause (young)-- 511M->511M(512M), 0,0053180 secs]
16,681: [Full GC 511M->63M(512M), 0,0277940 secs]
16,709: [GC remark, 0,0000170 secs]
16,709: [GC concurrent-mark-abort]
16,735: [GC pause (young) 273M->274M(512M), 0,0411320 secs]
16,789: [GC pause (young) (initial-mark) 368M->375M(512M), 0,0285590 secs]
16,817: [GC concurrent-root-region-scan-start]
16,825: [GC pause (young)16,826: [GC concurrent-root-region-scan-end, 0,0087140 secs]
16,826: [GC concurrent-mark-start]
 417M->419M(512M), 0,0138720 secs]
16,841: [GC pause (young) 438M->440M(512M), 0,0098850 secs]
16,854: [GC pause (young) 461M->464M(512M), 0,0065860 secs]
16,864: [GC pause (young)-- 485M->488M(512M), 0,0058060 secs]
16,872: [GC pause (young)-- 509M->511M(512M), 0,0040000 secs]
16,877: [Full GC 511M->104M(512M), 0,0369160 secs]
16,914: [GC concurrent-mark-abort]
16,936: [GC pause (young) 294M->295M(512M), 0,0365010 secs]
16,982: [GC pause (young) (initial-mark) 379M->385M(512M), 0,0270150 secs]
17,009: [GC concurrent-root-region-scan-start]
17,014: [GC concurrent-root-region-scan-end, 0,0046170 secs]
17,014: [GC concurrent-mark-start]
17,020: [GC pause (young) 422M->424M(512M), 0,0137720 secs]
17,036: [GC pause (young) 442M->445M(512M), 0,0087270 secs]
17,050: [GC pause (young) 466M->468M(512M), 0,0060790 secs]
17,059: [GC pause (young)-- 489M->493M(512M), 0,0057070 secs]
17,067: [GC concurrent-mark-end, 0,0534740 secs]
17,067: [GC remark, 0,0025450 secs]
17,070: [GC cleanup 509M->509M(512M), 0,0005750 secs]
17,071: [GC pause (young)-- 511M->511M(512M), 0,0040220 secs]
17,075: [Full GC 511M->106M(512M), 0,0357470 secs]
17,135: [GC pause (young) 295M->297M(512M), 0,0414720 secs]
17,187: [GC pause (young) (initial-mark) 380M->395M(512M), 0,0268980 secs]
17,214: [GC concurrent-root-region-scan-start]
17,217: [GC concurrent-root-region-scan-end, 0,0024640 secs]
17,217: [GC concurrent-mark-start]
17,220: [GC pause (young) 426M->429M(512M), 0,0112470 secs]
17,234: [GC pause (young) 448M->451M(512M), 0,0082010 secs]
17,246: [GC pause (young) 472M->474M(512M), 0,0058260 secs]
17,254: [GC pause (young)-- 495M->503M(512M), 0,0049510 secs]
17,260: [GC pause (young)-- 510M->510M(512M), 0,0023150 secs]
17,263: [GC pause (young) 510M->510M(512M), 0,0013840 secs]
17,264: [Full GC 510M->90M(512M), 0,0355340 secs]
17,300: [GC concurrent-mark-abort]
17,324: [GC pause (young)-- 288M->387M(512M), 0,0381570 secs]
17,367: [GC pause (young) (initial-mark) 426M->437M(512M), 0,0153820 secs]
17,382: [GC concurrent-root-region-scan-start]
17,383: [GC concurrent-root-region-scan-end, 0,0002710 secs]
17,383: [GC concurrent-mark-start]
17,384: [GC pause (young) 454M->456M(512M), 0,0077380 secs]
17,396: [GC pause (young) 477M->480M(512M), 0,0068730 secs]
17,408: [GC pause (young)-- 501M->507M(512M), 0,0073050 secs]
17,416: [GC pause (young)-- 510M->510M(512M), 0,0027560 secs]
17,419: [Full GC 510M->4043K(512M), 0,0145530 secs]
17,434: [GC concurrent-mark-abort]
17,467: [GC pause (young)-- 270M->348M(512M), 0,0514730 secs]
17,526: [GC pause (young) (initial-mark) 412M->397M(512M), 0,0206710 secs]
17,547: [GC concurrent-root-region-scan-start]
17,552: [GC pause (young)17,552: [GC concurrent-root-region-scan-end, 0,0053060 secs]
17,552: [GC concurrent-mark-start]
 430M->432M(512M), 0,0125800 secs]
17,568: [GC pause (young) 451M->454M(512M), 0,0064590 secs]
17,577: [GC pause (young) 475M->478M(512M), 0,0058670 secs]
17,587: [GC pause (young)-- 499M->503M(512M), 0,0065370 secs]
17,595: [GC pause (young)-- 511M->511M(512M), 0,0020820 secs]
17,598: [Full GC 511M->48M(512M), 0,0228250 secs]
17,621: [GC concurrent-mark-abort]
17,649: [GC pause (young) 274M->276M(512M), 0,0430790 secs]
17,703: [GC pause (young) (initial-mark) 372M->378M(512M), 0,0324210 secs]
17,735: [GC concurrent-root-region-scan-start]
17,738: [GC concurrent-root-region-scan-end, 0,0028720 secs]
17,738: [GC concurrent-mark-start]
17,742: [GC pause (young) 419M->421M(512M), 0,0155820 secs]
17,760: [GC pause (young) 439M->441M(512M), 0,0091620 secs]
17,774: [GC pause (young) 462M->464M(512M), 0,0063620 secs]
17,783: [GC pause (young)-- 485M->490M(512M), 0,0056730 secs]
17,791: [GC concurrent-mark-end, 0,0530050 secs]
17,791: [GC remark, 0,0018190 secs]
17,793: [GC cleanup 497M->497M(512M), 0,0005870 secs]
17,796: [GC pause (young)-- 510M->510M(512M), 0,0037190 secs]
17,800: [Full GC 510M->103M(512M), 0,0349180 secs]
17,860: [GC pause (young) 294M->295M(512M), 0,0382620 secs]
17,908: [GC pause (young) (initial-mark) 379M->388M(512M), 0,0269700 secs]
17,935: [GC concurrent-root-region-scan-start]
17,938: [GC concurrent-root-region-scan-end, 0,0035380 secs]
17,938: [GC concurrent-mark-start]
17,946: [GC pause (young) 422M->424M(512M), 0,0121440 secs]
17,961: [GC pause (young) 443M->445M(512M), 0,0075020 secs]
17,972: [GC pause (young) 466M->467M(512M), 0,0076820 secs]
17,983: [GC pause (young)-- 488M->496M(512M), 0,0058530 secs]
17,991: [GC pause (young)-- 510M->510M(512M), 0,0030280 secs]
17,994: [Full GC 510M->100M(512M), 0,0352610 secs]
18,029: [GC concurrent-mark-abort]
18,052: [GC pause (young) 292M->294M(512M), 0,0368470 secs]
18,100: [GC pause (young) (initial-mark) 378M->387M(512M), 0,0291550 secs]
18,130: [GC concurrent-root-region-scan-start]
18,135: [GC concurrent-root-region-scan-end, 0,0058090 secs]
18,135: [GC concurrent-mark-start]
18,136: [GC pause (young) 423M->425M(512M), 0,0138160 secs]
18,154: [GC pause (young) 443M->446M(512M), 0,0093610 secs]
18,167: [GC pause (young) 467M->469M(512M), 0,0058940 secs]
18,175: [GC concurrent-mark-end, 0,0396900 secs]
18,175: [GC remark, 0,0020260 secs]
18,177: [GC cleanup 476M->449M(512M), 0,0005060 secs]
18,178: [GC concurrent-cleanup-start]
18,178: [GC concurrent-cleanup-end, 0,0000820 secs]
18,181: [GC pause (young) 463M->465M(512M), 0,0058320 secs]
18,189: [GC pause (mixed)-- 486M->482M(512M), 0,0070520 secs]
18,199: [GC pause (young)-- 503M->511M(512M), 0,0052500 secs]
18,204: [Full GC 511M->127M(512M), 0,0409020 secs]
18,267: [GC pause (young) 300M->302M(512M), 0,0335250 secs]
18,310: [GC pause (young) (initial-mark) 381M->390M(512M), 0,0260840 secs]
18,336: [GC concurrent-root-region-scan-start]
18,338: [GC concurrent-root-region-scan-end, 0,0020860 secs]
18,338: [GC concurrent-mark-start]
18,344: [GC pause (young) 424M->427M(512M), 0,0115700 secs]
18,358: [GC pause (young) 446M->447M(512M), 0,0066590 secs]
18,368: [GC pause (young) 468M->470M(512M), 0,0077970 secs]
18,379: [GC pause (young)-- 491M->494M(512M), 0,0054670 secs]
18,385: [GC concurrent-mark-end, 0,0467000 secs]
18,385: [GC remark, 0,0015240 secs]
18,387: [GC cleanup 500M->444M(512M), 0,0006260 secs]
18,388: [GC concurrent-cleanup-start]
18,388: [GC concurrent-cleanup-end, 0,0000960 secs]
18,390: [GC pause (young) 459M->461M(512M), 0,0058310 secs]
18,400: [GC pause (mixed)-- 482M->456M(512M), 0,0111720 secs]
18,413: [GC pause (mixed)-- 477M->464M(512M), 0,0107600 secs]
18,427: [GC pause (mixed)-- 485M->482M(512M), 0,0085260 secs]
18,438: [GC pause (young)-- 503M->510M(512M), 0,0051520 secs]
18,443: [GC pause (young) (initial-mark)-- 511M->511M(512M), 0,0024850 secs]
18,446: [GC concurrent-root-region-scan-start]
18,446: [GC concurrent-root-region-scan-end, 0,0000100 secs]
18,446: [GC concurrent-mark-start]
18,446: [Full GC 511M->193M(512M), 0,0570320 secs]
18,503: [GC concurrent-mark-abort]
18,523: [GC pause (young)-- 339M->384M(512M), 0,0305580 secs]
18,559: [GC pause (young) (initial-mark) 425M->428M(512M), 0,0168310 secs]
18,576: [GC concurrent-root-region-scan-start]
18,576: [GC concurrent-root-region-scan-end, 0,0001640 secs]
18,576: [GC concurrent-mark-start]
18,579: [GC pause (young) 445M->446M(512M), 0,0113760 secs]
18,593: [GC pause (young) 467M->469M(512M), 0,0062860 secs]
18,602: [GC pause (young)-- 490M->503M(512M), 0,0055700 secs]
18,609: [GC pause (young)-- 510M->510M(512M), 0,0026070 secs]
18,611: [GC pause (young) 510M->510M(512M), 0,0010650 secs]
18,613: [Full GC 510M->61M(512M), 0,0257810 secs]
18,639: [GC concurrent-mark-abort]
18,666: [GC pause (young)-- 277M->374M(512M), 0,0412170 secs]
18,713: [GC pause (young) (initial-mark) 423M->422M(512M), 0,0187720 secs]
18,732: [GC concurrent-root-region-scan-start]
18,735: [GC pause (young)18,735: [GC concurrent-root-region-scan-end, 0,0026750 secs]
18,735: [GC concurrent-mark-start]
 442M->450M(512M), 0,0092090 secs]
18,749: [GC pause (young) 471M->473M(512M), 0,0068240 secs]
18,759: [GC pause (young)-- 494M->499M(512M), 0,0072550 secs]
18,770: [GC pause (young)-- 511M->511M(512M), 0,0029850 secs]
18,773: [Full GC 511M->12M(512M), 0,0161920 secs]
18,790: [GC concurrent-mark-abort]
18,823: [GC pause (young) 256M->259M(512M), 0,0547720 secs]
18,890: [GC pause (young) 363M->369M(512M), 0,0323330 secs]
18,929: [GC pause (young) (initial-mark) 415M->417M(512M), 0,0177640 secs]
18,947: [GC concurrent-root-region-scan-start]
18,950: [GC concurrent-root-region-scan-end, 0,0030650 secs]
18,950: [GC concurrent-mark-start]
18,950: [GC pause (young) 438M->440M(512M), 0,0076450 secs]
18,961: [GC pause (young) 461M->463M(512M), 0,0060570 secs]
18,971: [GC pause (young) 484M->486M(512M), 0,0096480 secs]
18,985: [GC concurrent-mark-end, 0,0350650 secs]
18,985: [GC pause (young)-- 507M->511M(512M), 0,0063590 secs]
18,992: [Full GC 511M->103M(512M), 0,0378150 secs]
19,030: [GC remark, 0,0000190 secs]
19,030: [GC concurrent-mark-abort]
19,056: [GC pause (young) 293M->295M(512M), 0,0397520 secs]
19,108: [GC pause (young) (initial-mark) 379M->393M(512M), 0,0277400 secs]
19,136: [GC concurrent-root-region-scan-start]
19,138: [GC concurrent-root-region-scan-end, 0,0019450 secs]
19,138: [GC concurrent-mark-start]
19,140: [GC pause (young) 425M->428M(512M), 0,0114340 secs]
19,154: [GC pause (young) 447M->449M(512M), 0,0062070 secs]
19,164: [GC pause (young) 470M->471M(512M), 0,0060100 secs]
19,173: [GC concurrent-mark-end, 0,0350780 secs]
19,173: [GC remark, 0,0015140 secs]
19,175: [GC cleanup 488M->404M(512M), 0,0005850 secs]
19,175: [GC concurrent-cleanup-start]
19,176: [GC concurrent-cleanup-end, 0,0002730 secs]
19,176: [GC pause (young) 408M->409M(512M), 0,0057760 secs]
19,186: [GC pause (mixed) 430M->399M(512M), 0,0141240 secs]
19,202: [GC pause (mixed) 420M->396M(512M), 0,0132770 secs]
19,218: [GC pause (mixed) 417M->410M(512M), 0,0100360 secs]
19,232: [GC pause (young) 434M->436M(512M), 0,0084810 secs]
19,243: [GC pause (young) (initial-mark) 457M->458M(512M), 0,0064700 secs]
19,250: [GC concurrent-root-region-scan-start]
19,252: [GC concurrent-root-region-scan-end, 0,0024730 secs]
19,252: [GC concurrent-mark-start]
19,252: [GC pause (young) 479M->481M(512M), 0,0059880 secs]
19,262: [GC pause (young)-- 502M->511M(512M), 0,0073650 secs]
19,269: [GC pause (young)-- 511M->511M(512M), 0,0025380 secs]
19,272: [Full GC 511M->231M(512M), 0,0735000 secs]
19,346: [GC concurrent-mark-abort]
19,360: [GC pause (young) 347M->349M(512M), 0,0263410 secs]
19,394: [GC pause (young) (initial-mark) 404M->409M(512M), 0,0196920 secs]
19,414: [GC concurrent-root-region-scan-start]
19,416: [GC concurrent-root-region-scan-end, 0,0024190 secs]
19,416: [GC concurrent-mark-start]
19,419: [GC pause (young) 433M->435M(512M), 0,0085500 secs]
19,431: [GC concurrent-mark-end, 0,0142270 secs]
19,431: [GC remark, 0,0013170 secs]
19,432: [GC cleanup 453M->273M(512M), 0,0005640 secs]
19,433: [GC concurrent-cleanup-start]
19,433: [GC pause (young)19,433: [GC concurrent-cleanup-end, 0,0004220 secs]
 275M->277M(512M), 0,0060220 secs]
19,449: [GC pause (young) 332M->335M(512M), 0,0135250 secs]
19,464: [GC pause (mixed) 352M->308M(512M), 0,0094820 secs]
19,476: [GC pause (mixed) 329M->315M(512M), 0,0078180 secs]
19,492: [GC pause (young) 387M->389M(512M), 0,0159860 secs]
19,512: [GC pause (young) (initial-mark) 424M->427M(512M), 0,0114310 secs]
19,524: [GC concurrent-root-region-scan-start]
19,524: [GC concurrent-root-region-scan-end, 0,0003520 secs]
19,524: [GC concurrent-mark-start]
19,527: [GC pause (young) 446M->447M(512M), 0,0064810 secs]
19,536: [GC pause (young) 468M->470M(512M), 0,0060540 secs]
19,545: [GC pause (young)-- 491M->495M(512M), 0,0061000 secs]
19,553: [GC pause (young)-- 511M->511M(512M), 0,0052010 secs]
19,559: [GC pause (young) 511M->511M(512M), 0,0026350 secs]
19,562: [Full GC 511M->239M(512M), 0,0682830 secs]
19,631: [GC concurrent-mark-abort]
19,646: [GC pause (young) 355M->388M(512M), 0,0242700 secs]
19,675: [GC pause (young) (initial-mark) 424M->428M(512M), 0,0139900 secs]
19,689: [GC concurrent-root-region-scan-start]
19,691: [GC concurrent-root-region-scan-end, 0,0022050 secs]
19,691: [GC concurrent-mark-start]
19,691: [GC pause (young) 446M->449M(512M), 0,0089140 secs]
19,703: [GC pause (young) 470M->472M(512M), 0,0059700 secs]
19,713: [GC pause (young)-- 493M->503M(512M), 0,0057350 secs]
19,720: [GC pause (young)-- 510M->510M(512M), 0,0033600 secs]
19,723: [Full GC 510M->168M(512M), 0,0571190 secs]
19,781: [GC concurrent-mark-abort]
19,803: [GC pause (young) 325M->327M(512M), 0,0333340 secs]
