OpenJDK 64-Bit Server VM (24.95-b01) for linux-amd64 JRE (1.7.0_95-b00), built on Mar 27 2016 12:52:52 by "buildd" with gcc 5.3.1 20160323
Memory: 4k page, physical 5975800k(3038380k free), swap 3416060k(3416060k free)
CommandLine flags: -XX:InitialHeapSize=536870912 -XX:MaxHeapSize=536870912 -XX:MaxNewSize=178958336 -XX:MaxTenuringThreshold=6 -XX:NewSize=178958336 -XX:OldPLABSize=16 -XX:OldSize=357912576 -XX:+PrintGC -XX:+PrintGCTimeStamps -XX:+UseCompressedOops -XX:+UseConcMarkSweepGC -XX:+UseParNewGC 
0,151: [GC 139776K->126521K(506816K), 0,0477880 secs]
0,225: [GC 266297K->264606K(506816K), 0,0488970 secs]
0,279: [GC 317071K(506816K), 0,0016890 secs]
0,298: [Full GC 404382K->6375K(506816K), 0,0119690 secs]
0,336: [GC 146151K->145019K(506816K), 0,0286930 secs]
0,380: [GC 284795K->283591K(506816K), 0,0401030 secs]
0,422: [GC 311177K(506816K), 0,0009170 secs]
0,441: [Full GC 423367K->27383K(506816K), 0,0159620 secs]
0,470: [GC 167159K->166235K(506816K), 0,0320870 secs]
0,515: [GC 306011K->304174K(506816K), 0,0416240 secs]
0,557: [GC 304824K(506816K), 0,0005870 secs]
0,578: [Full GC 443950K->47779K(506816K), 0,0197060 secs]
0,611: [GC 187555K->186040K(506816K), 0,0309340 secs]
0,656: [GC 325816K->324607K(506816K), 0,0380660 secs]
0,695: [GC 326145K(506816K), 0,0005080 secs]
0,716: [Full GC 464383K->69125K(506816K), 0,0266040 secs]
0,755: [GC 208901K->207940K(506816K), 0,0284160 secs]
0,783: [GC 208628K(506816K), 0,0004670 secs]
0,794: [GC 347716K->345675K(506816K), 0,0417820 secs]
0,851: [Full GC 485451K->88683K(506816K), 0,0312360 secs]
0,894: [GC 228459K->227592K(506816K), 0,0312130 secs]
0,932: [GC 324803K(506816K), 0,0019870 secs]
0,948: [Full GC 367368K->168844K(506816K), 0,0493770 secs]
1,011: [GC 308620K->307015K(506816K), 0,0332270 secs]
1,044: [GC 307761K(506816K), 0,0006520 secs]
1,063: [Full GC 446791K->248141K(506816K), 0,0642750 secs]
1,139: [Full GC 387917K->91954K(506816K), 0,0327840 secs]
1,186: [GC 231730K->230175K(506816K), 0,0323540 secs]
1,220: [GC 252403K(506816K), 0,0008960 secs]
1,239: [Full GC 369951K->74165K(506816K), 0,0254600 secs]
1,277: [GC 213941K->212256K(506816K), 0,0379280 secs]
1,321: [GC 279230K(506816K), 0,0013630 secs]
1,335: [Full GC 352032K->154417K(506816K), 0,0430850 secs]
1,392: [GC 294193K->292785K(506816K), 0,0350610 secs]
1,428: [GC 303476K(506816K), 0,0008430 secs]
1,447: [Full GC 432561K->36978K(506816K), 0,0189820 secs]
1,478: [GC 176754K->175885K(506816K), 0,0327010 secs]
1,522: [GC 315661K->314662K(506816K), 0,0319130 secs]
1,555: [GC 324240K(506816K), 0,0007360 secs]
1,572: [Full GC 454438K->61303K(506816K), 0,0250100 secs]
1,609: [GC 201079K->200261K(506816K), 0,0306520 secs]
1,640: [GC 200803K(506816K), 0,0004980 secs]
1,651: [GC 340030K->338497K(506816K), 0,0370610 secs]
1,702: [Full GC 478273K->83916K(506816K), 0,0304880 secs]
1,745: [GC 223692K->222796K(506816K), 0,0303250 secs]
1,775: [GC 223673K(506816K), 0,0005470 secs]
1,794: [Full GC 362572K->164564K(506816K), 0,0462200 secs]
1,856: [GC 304340K->302380K(506816K), 0,0299700 secs]
1,886: [GC 303524K(506816K), 0,0006650 secs]
1,906: [Full GC 442156K->244771K(506816K), 0,0648370 secs]
1,983: [Full GC 384547K->88192K(506816K), 0,0318980 secs]
2,028: [GC 227968K->226394K(506816K), 0,0341880 secs]
2,063: [GC 228772K(506816K), 0,0005420 secs]
2,081: [Full GC 366170K->265703K(506816K), 0,0679490 secs]
2,162: [Full GC 405479K->9703K(506816K), 0,0116970 secs]
2,188: [GC 149479K->148475K(506816K), 0,0314120 secs]
2,231: [GC 288251K->287092K(506816K), 0,0369320 secs]
2,268: [GC 287492K(506816K), 0,0005060 secs]
2,285: [Full GC 426868K->32017K(506816K), 0,0178990 secs]
2,316: [GC 171793K->170766K(506816K), 0,0290170 secs]
2,355: [GC 310542K->309122K(506816K), 0,0378270 secs]
2,393: [GC 309728K(506816K), 0,0005180 secs]
2,413: [Full GC 448898K->55119K(506816K), 0,0244450 secs]
2,448: [GC 194895K->193981K(506816K), 0,0287470 secs]
2,480: [GC 228515K(506816K), 0,0009860 secs]
2,489: [GC 333757K->332567K(506816K), 0,0382170 secs]
2,542: [Full GC 472343K->77856K(506816K), 0,0289730 secs]
2,583: [GC 217632K->216677K(506816K), 0,0284760 secs]
2,611: [GC 217504K(506816K), 0,0005460 secs]
2,628: [Full GC 356453K->62258K(506816K), 0,0258020 secs]
2,669: [GC 202034K->200429K(506816K), 0,0319920 secs]
2,701: [GC 201859K(506816K), 0,0004650 secs]
2,712: [GC 340205K->279474K(506816K), 0,0245890 secs]
2,752: [Full GC 419250K->85557K(506816K), 0,0295260 secs]
2,795: [GC 225333K->224183K(506816K), 0,0331470 secs]
2,832: [GC 274324K(506816K), 0,0011670 secs]
2,849: [Full GC 363959K->264659K(506816K), 0,0666330 secs]
2,928: [Full GC 404435K->9120K(506816K), 0,0119720 secs]
2,954: [GC 148896K->148013K(506816K), 0,0324760 secs]
3,000: [GC 287789K->286729K(506816K), 0,0324880 secs]
3,036: [GC 320886K(506816K), 0,0010030 secs]
3,053: [Full GC 426505K->32310K(506816K), 0,0190510 secs]
3,084: [GC 172086K->170871K(506816K), 0,0283660 secs]
3,123: [GC 310647K->309747K(506816K), 0,0316600 secs]
3,155: [GC 310379K(506816K), 0,0004990 secs]
3,174: [Full GC 449515K->54254K(506816K), 0,0250630 secs]
3,214: [GC 194030K->193008K(506816K), 0,0286740 secs]
3,244: [GC 218530K(506816K), 0,0008030 secs]
3,255: [GC 332784K->331055K(506816K), 0,0384290 secs]
3,310: [Full GC 470831K->77486K(506816K), 0,0278420 secs]
3,350: [GC 217262K->216031K(506816K), 0,0290620 secs]
3,379: [GC 217562K(506816K), 0,0005430 secs]
3,396: [Full GC 355807K->255847K(506816K), 0,0684550 secs]
3,478: [Full GC 395623K->99170K(506816K), 0,0340300 secs]
3,526: [GC 238946K->237856K(506816K), 0,0289390 secs]
3,556: [GC 239140K(506816K), 0,0005830 secs]
3,575: [Full GC 377632K->278124K(506816K), 0,0740420 secs]
3,663: [Full GC 417899K->119687K(506816K), 0,0393110 secs]
3,716: [GC 259463K->258148K(506816K), 0,0283410 secs]
3,745: [GC 260138K(506816K), 0,0006510 secs]
3,763: [Full GC 397924K->3676K(506816K), 0,0108560 secs]
3,787: [GC 143452K->142512K(506816K), 0,0317180 secs]
3,829: [GC 282288K->281309K(506816K), 0,0321260 secs]
3,862: [GC 282695K(506816K), 0,0004700 secs]
3,882: [Full GC 421085K->25246K(506816K), 0,0165300 secs]
3,911: [GC 165022K->164031K(506816K), 0,0327420 secs]
3,956: [GC 303807K->302511K(506816K), 0,0322630 secs]
3,989: [GC 303752K(506816K), 0,0009490 secs]
4,008: [Full GC 442287K->47688K(506816K), 0,0224670 secs]
4,042: [GC 187464K->186358K(506816K), 0,0292960 secs]
4,084: [GC 326134K->324824K(506816K), 0,0383250 secs]
4,123: [GC 334252K(506816K), 0,0006630 secs]
4,145: [Full GC 464600K->70162K(506816K), 0,0253050 secs]
4,182: [GC 209938K->208913K(506816K), 0,0285350 secs]
4,211: [GC 210364K(506816K), 0,0005300 secs]
4,223: [GC 348689K->347262K(506816K), 0,0405580 secs]
4,276: [Full GC 487038K->92136K(506816K), 0,0321640 secs]
4,320: [GC 231912K->231134K(506816K), 0,0304420 secs]
4,351: [GC 231957K(506816K), 0,0005700 secs]
4,367: [Full GC 370910K->269054K(506816K), 0,0725490 secs]
4,453: [Full GC 408830K->112606K(506816K), 0,0390510 secs]
4,505: [GC 252382K->251161K(506816K), 0,0324300 secs]
4,538: [GC 252508K(506816K), 0,0006280 secs]
4,555: [Full GC 390937K->96594K(506816K), 0,0344770 secs]
4,603: [GC 236370K->234623K(506816K), 0,0318110 secs]
4,636: [GC 249906K(506816K), 0,0005970 secs]
4,653: [Full GC 374399K->276151K(506816K), 0,0707260 secs]
4,737: [Full GC 415927K->19720K(506816K), 0,0141030 secs]
4,767: [GC 159496K->158239K(506816K), 0,0287310 secs]
4,806: [GC 298015K->296952K(506816K), 0,0344200 secs]
4,841: [GC 298180K(506816K), 0,0005040 secs]
4,859: [Full GC 436728K->41289K(506816K), 0,0208360 secs]
4,892: [GC 181065K->180083K(506816K), 0,0288010 secs]
4,932: [GC 319859K->318793K(506816K), 0,0388380 secs]
4,971: [GC 320849K(506816K), 0,0005930 secs]
4,991: [Full GC 458569K->63344K(506816K), 0,0258380 secs]
5,029: [GC 203120K->202046K(506816K), 0,0308600 secs]
5,060: [GC 203405K(506816K), 0,0004870 secs]
5,072: [GC 341822K->339937K(506816K), 0,0413350 secs]
5,127: [Full GC 479713K->85946K(506816K), 0,0308450 secs]
5,169: [GC 225722K->224944K(506816K), 0,0288480 secs]
5,198: [GC 225667K(506816K), 0,0005540 secs]
5,215: [Full GC 364720K->264662K(506816K), 0,0723130 secs]
5,291: [GC 296066K(506816K), 0,0008510 secs]
5,308: [Full GC 404438K->106872K(506816K), 0,0353160 secs]
5,355: [GC 246648K->245892K(506816K), 0,0286740 secs]
5,384: [GC 246701K(506816K), 0,0006090 secs]
5,401: [Full GC 385668K->88927K(506816K), 0,0324100 secs]
5,447: [GC 228703K->226462K(506816K), 0,0330560 secs]
5,480: [GC 228053K(506816K), 0,0005200 secs]
5,499: [Full GC 366238K->266270K(506816K), 0,0691980 secs]
5,581: [Full GC 406046K->10399K(506816K), 0,0119130 secs]
5,606: [GC 150175K->149347K(506816K), 0,0314380 secs]
5,648: [GC 289123K->288201K(506816K), 0,0340380 secs]
5,682: [GC 288477K(506816K), 0,0004750 secs]
5,701: [Full GC 427977K->33297K(506816K), 0,0185350 secs]
5,733: [GC 173073K->172301K(506816K), 0,0287430 secs]
5,771: [GC 312077K->310889K(506816K), 0,0369510 secs]
5,809: [GC 311521K(506816K), 0,0004710 secs]
5,827: [Full GC 450665K->55755K(506816K), 0,0237890 secs]
5,864: [GC 195531K->194595K(506816K), 0,0287190 secs]
5,896: [GC 247441K(506816K), 0,0012050 secs]
5,904: [GC 334371K->333055K(506816K), 0,0384440 secs]
5,957: [Full GC 472831K->76691K(506816K), 0,0283050 secs]
5,997: [GC 216467K->215430K(506816K), 0,0285480 secs]
6,026: [GC 217610K(506816K), 0,0005290 secs]
6,042: [Full GC 355206K->156334K(506816K), 0,0473420 secs]
6,103: [GC 296110K->294284K(506816K), 0,0333290 secs]
6,147: [Full GC 434060K->237907K(506816K), 0,0640460 secs]
6,223: [Full GC 377683K->82724K(506816K), 0,0298730 secs]
6,268: [GC 222500K->220928K(506816K), 0,0322890 secs]
6,300: [GC 222506K(506816K), 0,0005110 secs]
6,318: [Full GC 360704K->162587K(506816K), 0,0471390 secs]
6,377: [GC 302363K->299792K(506816K), 0,0349110 secs]
6,416: [GC 358023K(506816K), 0,0013870 secs]
6,436: [Full GC 439568K->144052K(506816K), 0,0416950 secs]
6,489: [GC 283828K->283038K(506816K), 0,0302030 secs]
6,520: [GC 283698K(506816K), 0,0006920 secs]
6,538: [Full GC 422814K->28894K(506816K), 0,0173820 secs]
6,568: [GC 168670K->167836K(506816K), 0,0301410 secs]
6,609: [GC 307612K->306463K(506816K), 0,0369560 secs]
6,646: [GC 307025K(506816K), 0,0004700 secs]
6,663: [Full GC 446239K->49250K(506816K), 0,0219000 secs]
6,697: [GC 189026K->187643K(506816K), 0,0284850 secs]
6,736: [GC 327419K->326184K(506816K), 0,0385900 secs]
6,775: [GC 326846K(506816K), 0,0006100 secs]
6,798: [Full GC 465960K->69654K(506816K), 0,0252410 secs]
6,834: [GC 209430K->208675K(506816K), 0,0286500 secs]
6,863: [GC 209371K(506816K), 0,0005040 secs]
6,874: [GC 348441K->347021K(506816K), 0,0379960 secs]
6,927: [Full GC 486797K->91829K(506816K), 0,0316420 secs]
6,970: [GC 231605K->230759K(506816K), 0,0287930 secs]
7,004: [GC 301997K(506816K), 0,0015910 secs]
7,019: [Full GC 370521K->76002K(506816K), 0,0277840 secs]
7,059: [GC 215778K->214749K(506816K), 0,0326570 secs]
7,100: [GC 314703K(506816K), 0,0017670 secs]
7,114: [Full GC 354525K->254905K(506816K), 0,0656770 secs]
7,191: [Full GC 394681K->98396K(506816K), 0,0338530 secs]
7,240: [GC 238172K->236587K(506816K), 0,0331690 secs]
7,273: [GC 237359K(506816K), 0,0003410 secs]
7,292: [Full GC 376363K->276960K(506816K), 0,0696970 secs]
7,375: [Full GC 416736K->21804K(506816K), 0,0146610 secs]
7,403: [GC 161579K->160711K(506816K), 0,0311820 secs]
7,448: [GC 300487K->299366K(506816K), 0,0317530 secs]
7,480: [GC 300960K(506816K), 0,0004950 secs]
7,502: [Full GC 439142K->42446K(506816K), 0,0207550 secs]
7,534: [GC 182222K->181369K(506816K), 0,0290360 secs]
7,576: [GC 321145K->319520K(506816K), 0,0375060 secs]
7,614: [GC 320663K(506816K), 0,0005040 secs]
7,634: [Full GC 459296K->62294K(506816K), 0,0252240 secs]
7,671: [GC 202070K->201201K(506816K), 0,0288440 secs]
7,700: [GC 201572K(506816K), 0,0005350 secs]
7,712: [GC 340977K->339640K(506816K), 0,0372760 secs]
7,764: [Full GC 479416K->85229K(506816K), 0,0301750 secs]
7,805: [GC 225005K->224265K(506816K), 0,0287030 secs]
7,834: [GC 225045K(506816K), 0,0005600 secs]
7,851: [Full GC 364041K->166927K(506816K), 0,0509080 secs]
7,916: [GC 306703K->304563K(506816K), 0,0325530 secs]
7,960: [GC 444339K(506816K), 0,0032320 secs]
7,976: [Full GC 444339K->248373K(506816K), 0,0640480 secs]
8,051: [Full GC 388149K->91264K(506816K), 0,0326090 secs]
8,098: [GC 231040K->228837K(506816K), 0,0347350 secs]
8,140: [GC 326060K(506816K), 0,0017650 secs]
8,158: [Full GC 368613K->169819K(506816K), 0,0526720 secs]
8,223: [GC 309595K->307515K(506816K), 0,0367300 secs]
8,264: [GC 351618K(506816K), 0,0012220 secs]
8,282: [Full GC 447291K->151441K(506816K), 0,0446120 secs]
8,338: [GC 291217K->290349K(506816K), 0,0286320 secs]
8,367: [GC 290912K(506816K), 0,0006660 secs]
8,385: [Full GC 430125K->33198K(506816K), 0,0187200 secs]
8,417: [GC 172974K->172122K(506816K), 0,0320890 secs]
8,459: [GC 311898K->310964K(506816K), 0,0315530 secs]
8,491: [GC 311661K(506816K), 0,0005140 secs]
8,512: [Full GC 450740K->55023K(506816K), 0,0248820 secs]
8,549: [GC 194799K->193946K(506816K), 0,0313140 secs]
8,584: [GC 242160K(506816K), 0,0011660 secs]
8,593: [GC 333722K->332609K(506816K), 0,0392060 secs]
8,646: [Full GC 472385K->77233K(506816K), 0,0286950 secs]
8,688: [GC 217009K->216119K(506816K), 0,0333610 secs]
8,723: [GC 239426K(506816K), 0,0008350 secs]
8,739: [Full GC 355895K->256898K(506816K), 0,0693440 secs]
8,823: [Full GC 396674K->100410K(506816K), 0,0342970 secs]
8,869: [GC 240186K->239347K(506816K), 0,0289490 secs]
8,899: [GC 239925K(506816K), 0,0005970 secs]
8,917: [Full GC 379123K->279120K(506816K), 0,0717270 secs]
9,001: [Full GC 418896K->124542K(506816K), 0,0416900 secs]
9,055: [GC 264318K->263561K(506816K), 0,0295480 secs]
9,085: [GC 264103K(506816K), 0,0006340 secs]
9,103: [Full GC 403337K->7122K(506816K), 0,0108140 secs]
9,129: [GC 146886K->146004K(506816K), 0,0303420 secs]
9,170: [GC 285780K->284854K(506816K), 0,0319650 secs]
9,202: [GC 285478K(506816K), 0,0004920 secs]
9,219: [Full GC 424630K->30030K(506816K), 0,0182040 secs]
9,250: [GC 169806K->168993K(506816K), 0,0309130 secs]
9,291: [GC 308769K->307777K(506816K), 0,0340940 secs]
9,326: [GC 308385K(506816K), 0,0005130 secs]
9,348: [Full GC 447553K->52608K(506816K), 0,0228190 secs]
9,384: [GC 192384K->191313K(506816K), 0,0306030 secs]
9,425: [GC 331089K->329597K(506816K), 0,0396860 secs]
9,465: [GC 330248K(506816K), 0,0005360 secs]
9,482: [Full GC 469373K->74414K(506816K), 0,0282100 secs]
9,524: [GC 214190K->212965K(506816K), 0,0283840 secs]
9,553: [GC 214209K(506816K), 0,0006040 secs]
9,569: [Full GC 352741K->252560K(506816K), 0,0657750 secs]
9,647: [Full GC 392336K->94990K(506816K), 0,0334820 secs]
9,692: [GC 234766K->233372K(506816K), 0,0322500 secs]
9,724: [GC 233991K(506816K), 0,0005710 secs]
9,745: [Full GC 373148K->77093K(506816K), 0,0283450 secs]
9,787: [GC 216869K->215827K(506816K), 0,0325370 secs]
9,826: [GC 294998K(506816K), 0,0015740 secs]
9,840: [Full GC 355603K->158553K(506816K), 0,0479490 secs]
9,902: [GC 298329K->296947K(506816K), 0,0347520 secs]
9,936: [GC 297442K(506816K), 0,0006370 secs]
9,955: [Full GC 436723K->142361K(506816K), 0,0426510 secs]
10,009: [GC 282137K->281100K(506816K), 0,0293850 secs]
10,040: [GC 296008K(506816K), 0,0031980 secs]
10,063: [Full GC 420876K->26901K(506816K), 0,0170940 secs]
10,092: [GC 166677K->165678K(506816K), 0,0315880 secs]
10,134: [GC 305454K->304577K(506816K), 0,0323940 secs]
10,167: [GC 305749K(506816K), 0,0005080 secs]
10,189: [Full GC 444353K->49078K(506816K), 0,0224860 secs]
10,224: [GC 188854K->188040K(506816K), 0,0307570 secs]
10,265: [GC 327816K->326817K(506816K), 0,0326350 secs]
10,298: [GC 327465K(506816K), 0,0005620 secs]
10,318: [Full GC 466593K->70919K(506816K), 0,0278410 secs]
10,359: [GC 210695K->209324K(506816K), 0,0295280 secs]
10,388: [GC 210476K(506816K), 0,0005320 secs]
10,401: [GC 349100K->347656K(506816K), 0,0451860 secs]
10,464: [Full GC 487432K->93061K(506816K), 0,0312470 secs]
10,508: [GC 232837K->231612K(506816K), 0,0311550 secs]
10,539: [GC 233117K(506816K), 0,0005810 secs]
10,557: [Full GC 371388K->175050K(506816K), 0,0516080 secs]
10,621: [GC 314826K->312848K(506816K), 0,0337230 secs]
10,655: [GC 315171K(506816K), 0,0006130 secs]
10,675: [Full GC 452624K->255459K(506816K), 0,0669680 secs]
10,754: [Full GC 395235K->98086K(506816K), 0,0338850 secs]
10,804: [GC 237862K->236734K(506816K), 0,0356880 secs]
10,840: [GC 238387K(506816K), 0,0003680 secs]
10,856: [Full GC 376510K->276815K(506816K), 0,0687640 secs]
10,938: [Full GC 416591K->19764K(506816K), 0,0142060 secs]
10,967: [GC 159540K->158399K(506816K), 0,0313870 secs]
11,009: [GC 298175K->296500K(506816K), 0,0371380 secs]
11,046: [GC 297581K(506816K), 0,0005150 secs]
11,064: [Full GC 436276K->41930K(506816K), 0,0202450 secs]
11,098: [GC 181706K->180883K(506816K), 0,0305200 secs]
11,139: [GC 320659K->319540K(506816K), 0,0349960 secs]
11,175: [GC 320767K(506816K), 0,0005260 secs]
11,193: [Full GC 459316K->62745K(506816K), 0,0259780 secs]
11,232: [GC 202521K->201736K(506816K), 0,0285850 secs]
11,261: [GC 202805K(506816K), 0,0005160 secs]
11,273: [GC 341512K->339923K(506816K), 0,0394020 secs]
11,329: [Full GC 479699K->85707K(506816K), 0,0306370 secs]
11,372: [GC 225483K->224735K(506816K), 0,0285200 secs]
11,400: [GC 227054K(506816K), 0,0005450 secs]
11,418: [Full GC 364511K->67836K(506816K), 0,0264830 secs]
11,456: [GC 207605K->204776K(506816K), 0,0326990 secs]
11,498: [GC 297832K(506816K), 0,0016350 secs]
11,503: [GC 344552K->343260K(506816K), 0,0347270 secs]
11,556: [Full GC 483036K->88584K(506816K), 0,0330290 secs]
11,602: [GC 228360K->227252K(506816K), 0,0340720 secs]
11,636: [GC 228836K(506816K), 0,0004480 secs]
11,654: [Full GC 367028K->268053K(506816K), 0,0668180 secs]
11,733: [Full GC 407829K->12400K(506816K), 0,0128920 secs]
11,759: [GC 152176K->151212K(506816K), 0,0329670 secs]
11,804: [GC 290988K->290080K(506816K), 0,0357210 secs]
11,840: [GC 290743K(506816K), 0,0004840 secs]
11,860: [Full GC 429856K->33974K(506816K), 0,0175520 secs]
11,891: [GC 173750K->172840K(506816K), 0,0287220 secs]
11,930: [GC 312616K->311681K(506816K), 0,0317120 secs]
11,963: [GC 312970K(506816K), 0,0005080 secs]
11,982: [Full GC 451457K->55949K(506816K), 0,0247540 secs]
12,018: [GC 195725K->194845K(506816K), 0,0285620 secs]
12,047: [GC 195430K(506816K), 0,0004770 secs]
12,058: [GC 334621K->333265K(506816K), 0,0389920 secs]
12,111: [Full GC 473041K->78337K(506816K), 0,0286860 secs]
12,152: [GC 218113K->217242K(506816K), 0,0285420 secs]
12,180: [GC 217762K(506816K), 0,0005320 secs]
12,198: [Full GC 357018K->160300K(506816K), 0,0495420 secs]
12,260: [GC 300076K->298241K(506816K), 0,0341060 secs]
12,294: [GC 299472K(506816K), 0,0005700 secs]
12,314: [Full GC 438017K->240367K(506816K), 0,0636520 secs]
12,389: [Full GC 380143K->280298K(506816K), 0,0745880 secs]
12,465: [GC 281603K(506816K), 0,0001220 secs]
12,480: [Full GC 420074K->123989K(506816K), 0,0400560 secs]
12,532: [GC 263765K->263008K(506816K), 0,0298500 secs]
12,562: [GC 264411K(506816K), 0,0006180 secs]
12,581: [Full GC 402784K->7564K(506816K), 0,0117120 secs]
12,605: [GC 147340K->145837K(506816K), 0,0307540 secs]
12,648: [GC 285613K->284480K(506816K), 0,0323690 secs]
12,681: [GC 285664K(506816K), 0,0004950 secs]
12,700: [Full GC 424256K->29005K(506816K), 0,0172770 secs]
12,731: [GC 168781K->167973K(506816K), 0,0285540 secs]
12,771: [GC 307749K->306496K(506816K), 0,0383430 secs]
12,809: [GC 307095K(506816K), 0,0005170 secs]
12,831: [Full GC 446272K->51080K(506816K), 0,0225260 secs]
12,865: [GC 190856K->190135K(506816K), 0,0285660 secs]
12,904: [GC 329911K->328663K(506816K), 0,0397790 secs]
12,946: [GC 356842K(506816K), 0,0009860 secs]
12,969: [Full GC 468439K->74794K(506816K), 0,0265040 secs]
13,009: [GC 214570K->213829K(506816K), 0,0285820 secs]
13,037: [GC 214630K(506816K), 0,0005230 secs]
13,057: [Full GC 353605K->156626K(506816K), 0,0443370 secs]
13,114: [GC 296390K->294966K(506816K), 0,0343840 secs]
13,151: [GC 324475K(506816K), 0,0010190 secs]
13,170: [Full GC 434742K->237109K(506816K), 0,0609670 secs]
13,242: [Full GC 376885K->179021K(506816K), 0,0535470 secs]
13,297: [GC 179674K(506816K), 0,0001450 secs]
13,309: [GC 318797K->317546K(506816K), 0,0347740 secs]
13,354: [Full GC 457322K->162958K(506816K), 0,0483010 secs]
13,419: [GC 302734K->298808K(506816K), 0,0330090 secs]
13,454: [GC 319985K(506816K), 0,0008320 secs]
13,470: [Full GC 438584K->143407K(506816K), 0,0427170 secs]
13,524: [GC 283183K->282403K(506816K), 0,0312160 secs]
13,556: [GC 283610K(506816K), 0,0003410 secs]
13,573: [Full GC 422179K->26393K(506816K), 0,0175350 secs]
13,602: [GC 166169K->165299K(506816K), 0,0310150 secs]
13,644: [GC 305075K->303483K(506816K), 0,0379720 secs]
13,682: [GC 304058K(506816K), 0,0005070 secs]
13,702: [Full GC 443259K->50586K(506816K), 0,0219160 secs]
13,735: [GC 190362K->189215K(506816K), 0,0301840 secs]
13,776: [GC 328991K->327926K(506816K), 0,0368480 secs]
13,813: [GC 328489K(506816K), 0,0005790 secs]
13,833: [Full GC 467702K->74055K(506816K), 0,0289790 secs]
13,874: [GC 213831K->213022K(506816K), 0,0285180 secs]
13,903: [GC 213690K(506816K), 0,0005180 secs]
13,919: [Full GC 352798K->351624K(506816K), 0,0763070 secs]
14,011: [Full GC 506808K->111723K(506816K), 0,0385230 secs]
14,061: [GC 251499K->250585K(506816K), 0,0285820 secs]
14,090: [GC 251217K(506816K), 0,0006210 secs]
14,109: [Full GC 390361K->94379K(506816K), 0,0340420 secs]
