OpenJDK 64-Bit Server VM (24.95-b01) for linux-amd64 JRE (1.7.0_95-b00), built on Mar 27 2016 12:52:52 by "buildd" with gcc 5.3.1 20160323
Memory: 4k page, physical 5975800k(3038108k free), swap 3416060k(3416060k free)
CommandLine flags: -XX:InitialHeapSize=805306368 -XX:MaxHeapSize=805306368 -XX:+PrintGC -XX:+PrintGCTimeStamps -XX:+UseCompressedOops -XX:+UseParallelGC 
0,147: [GC 196608K->183747K(753664K), 0,0807310 secs]
0,249: [GC 380355K->267991K(753664K), 0,0511020 secs]
0,318: [GC 464599K->431122K(753664K), 0,0794380 secs]
0,397: [Full GC 431122K->168540K(753664K), 0,0479320 secs]
0,460: [GC 365148K->367299K(753664K), 0,0402690 secs]
0,501: [Full GC 367299K->68323K(753664K), 0,0237230 secs]
0,540: [GC 264931K->267544K(753664K), 0,0388180 secs]
0,595: [GC 464152K->440155K(645120K), 0,0433580 secs]
0,638: [Full GC 440155K->163456K(645120K), 0,0404670 secs]
0,688: [GC 251520K->260777K(699392K), 0,0201560 secs]
0,716: [GC 348841K->348834K(699392K), 0,0338860 secs]
0,757: [GC 436898K->436995K(699392K), 0,0298800 secs]
0,787: [Full GC 436995K->229715K(699392K), 0,0520910 secs]
0,847: [GC 317779K->327204K(699392K), 0,0181690 secs]
0,874: [GC 415268K->414147K(699392K), 0,0355180 secs]
0,910: [Full GC 414147K->10405K(699392K), 0,0103420 secs]
0,927: [GC 98469K->108410K(699392K), 0,0169230 secs]
0,951: [GC 196474K->196360K(699392K), 0,0309900 secs]
0,989: [GC 284424K->284668K(699392K), 0,0295250 secs]
1,027: [GC 372732K->372265K(699392K), 0,0348880 secs]
1,069: [GC 460329K->459164K(699392K), 0,0336670 secs]
1,102: [Full GC 459164K->53205K(699392K), 0,0173450 secs]
1,127: [GC 141269K->151044K(699392K), 0,0165050 secs]
1,153: [GC 239108K->238702K(699392K), 0,0296160 secs]
1,189: [GC 326766K->326834K(699392K), 0,0358740 secs]
1,233: [GC 414898K->414826K(699392K), 0,0342600 secs]
1,274: [GC 502890K->502848K(699392K), 0,0349300 secs]
1,309: [Full GC 502848K->97232K(699392K), 0,0281160 secs]
1,344: [GC 185296K->195002K(699392K), 0,0161450 secs]
1,367: [GC 283066K->283528K(699392K), 0,0296670 secs]
1,403: [GC 371592K->370430K(699392K), 0,0343360 secs]
1,445: [GC 458494K->458699K(699392K), 0,0345000 secs]
1,487: [GC 546763K->546194K(699392K), 0,0421170 secs]
1,529: [Full GC 546194K->137892K(699392K), 0,0369550 secs]
1,573: [GC 225956K->235581K(699392K), 0,0163640 secs]
1,596: [GC 323645K->323487K(699392K), 0,0353530 secs]
1,639: [GC 411551K->410981K(699392K), 0,0334970 secs]
1,681: [GC 499045K->498768K(699392K), 0,0317600 secs]
1,713: [Full GC 498768K->94587K(699392K), 0,0255250 secs]
1,746: [GC 182651K->192407K(699392K), 0,0161750 secs]
1,769: [GC 280471K->280345K(699392K), 0,0312480 secs]
1,808: [GC 368409K->368856K(699392K), 0,0314280 secs]
1,847: [GC 456920K->456608K(699392K), 0,0342400 secs]
1,888: [GC 544672K->544513K(699392K), 0,0315330 secs]
1,920: [Full GC 544513K->137621K(699392K), 0,0340420 secs]
1,961: [GC 225685K->235546K(699392K), 0,0162180 secs]
1,984: [GC 323610K->323826K(699392K), 0,0301040 secs]
2,025: [GC 411890K->410242K(699392K), 0,0332000 secs]
2,067: [GC 498306K->498756K(699392K), 0,0304060 secs]
2,097: [Full GC 498756K->93585K(699392K), 0,0258290 secs]
2,131: [GC 181649K->191281K(699392K), 0,0176890 secs]
2,155: [GC 279345K->279461K(699392K), 0,0298560 secs]
2,193: [GC 367525K->367506K(699392K), 0,0356050 secs]
2,238: [GC 455570K->454654K(699392K), 0,0340070 secs]
2,280: [GC 542718K->542700K(699392K), 0,0304100 secs]
2,311: [Full GC 542700K->135877K(699392K), 0,0346020 secs]
2,354: [GC 223941K->233854K(699392K), 0,0163610 secs]
2,377: [GC 321918K->322064K(699392K), 0,0298830 secs]
2,415: [GC 410128K->408930K(699392K), 0,0341860 secs]
2,457: [GC 496994K->497505K(699392K), 0,0339050 secs]
2,491: [Full GC 497505K->91991K(699392K), 0,0247230 secs]
2,523: [GC 180055K->190039K(699392K), 0,0161800 secs]
2,546: [GC 278103K->278376K(699392K), 0,0311570 secs]
2,585: [GC 366440K->365797K(699392K), 0,0324720 secs]
2,629: [GC 453861K->453930K(699392K), 0,0337900 secs]
2,670: [GC 541994K->541596K(699392K), 0,0319280 secs]
2,702: [Full GC 541596K->136343K(699392K), 0,0353690 secs]
2,744: [GC 224407K->234174K(699392K), 0,0161570 secs]
2,767: [GC 322238K->322396K(699392K), 0,0297280 secs]
2,805: [GC 410460K->409964K(699392K), 0,0337950 secs]
2,848: [GC 498028K->498182K(699392K), 0,0305080 secs]
2,879: [Full GC 498182K->91610K(699392K), 0,0251160 secs]
2,913: [GC 179674K->189363K(699392K), 0,0172540 secs]
2,941: [GC 277427K->277304K(699392K), 0,0303580 secs]
2,980: [GC 365368K->364831K(699392K), 0,0341100 secs]
3,021: [GC 452895K->452884K(699392K), 0,0343470 secs]
3,065: [GC 540948K->540537K(699392K), 0,0306150 secs]
3,096: [Full GC 540537K->133768K(699392K), 0,0360920 secs]
3,139: [GC 221832K->231960K(699392K), 0,0161850 secs]
3,162: [GC 320024K->319977K(699392K), 0,0304980 secs]
3,199: [GC 408041K->407361K(699392K), 0,0361690 secs]
3,245: [GC 495425K->495383K(699392K), 0,0353640 secs]
3,281: [Full GC 495383K->87240K(699392K), 0,0288450 secs]
3,316: [GC 175304K->184939K(699392K), 0,0161120 secs]
3,339: [GC 273003K->273280K(699392K), 0,0329050 secs]
3,380: [GC 361344K->360738K(699392K), 0,0334550 secs]
3,421: [GC 448802K->448740K(699392K), 0,0326910 secs]
3,461: [GC 536804K->536433K(699392K), 0,0318190 secs]
3,493: [Full GC 536433K->130338K(699392K), 0,0323800 secs]
3,532: [GC 218402K->228143K(699392K), 0,0162050 secs]
3,557: [GC 316207K->316063K(699392K), 0,0308920 secs]
3,595: [GC 404127K->403343K(699392K), 0,0324600 secs]
3,636: [GC 491407K->490787K(699392K), 0,0348580 secs]
3,671: [Full GC 490787K->87069K(699392K), 0,0247510 secs]
3,702: [GC 175133K->185158K(699392K), 0,0161240 secs]
3,725: [GC 273222K->273276K(699392K), 0,0297770 secs]
3,762: [GC 361340K->361046K(699392K), 0,0311870 secs]
3,800: [GC 449110K->448291K(699392K), 0,0344150 secs]
3,842: [GC 536355K->536390K(699392K), 0,0301990 secs]
3,872: [Full GC 536390K->130297K(699392K), 0,0354720 secs]
3,914: [GC 218361K->228414K(699392K), 0,0162720 secs]
3,938: [GC 316478K->316080K(699392K), 0,0297970 secs]
3,976: [GC 404144K->403374K(699392K), 0,0360210 secs]
4,019: [GC 491438K->491901K(699392K), 0,0345350 secs]
4,053: [Full GC 491901K->85427K(699392K), 0,0238670 secs]
4,084: [GC 173491K->183115K(699392K), 0,0160870 secs]
4,107: [GC 271179K->271307K(699392K), 0,0312940 secs]
4,145: [GC 359371K->358498K(699392K), 0,0341720 secs]
4,187: [GC 446562K->446163K(699392K), 0,0333230 secs]
4,227: [GC 534227K->534196K(699392K), 0,0320640 secs]
4,259: [Full GC 534196K->129669K(699392K), 0,0340730 secs]
4,300: [GC 217733K->228027K(699392K), 0,0162500 secs]
4,323: [GC 316091K->315736K(699392K), 0,0325510 secs]
4,365: [GC 403794K->402786K(699392K), 0,0346780 secs]
4,407: [GC 490850K->491474K(699392K), 0,0330960 secs]
4,440: [Full GC 491474K->84337K(699392K), 0,0230440 secs]
4,470: [GC 172401K->182314K(699392K), 0,0177230 secs]
4,495: [GC 270378K->270712K(699392K), 0,0297000 secs]
4,531: [GC 358776K->358744K(699392K), 0,0352630 secs]
4,575: [GC 446808K->446298K(699392K), 0,0345670 secs]
4,616: [GC 534362K->533914K(699392K), 0,0303590 secs]
4,647: [Full GC 533914K->128268K(699392K), 0,0348130 secs]
4,689: [GC 216332K->226261K(699392K), 0,0162820 secs]
4,712: [GC 314325K->314211K(699392K), 0,0297940 secs]
4,749: [GC 402274K->401679K(699392K), 0,0360190 secs]
4,793: [GC 489743K->489098K(699392K), 0,0348280 secs]
4,828: [Full GC 489098K->84198K(699392K), 0,0233940 secs]
4,860: [GC 172262K->181680K(699392K), 0,0160750 secs]
4,883: [GC 269744K->270328K(699392K), 0,0312040 secs]
4,920: [GC 358392K->358151K(699392K), 0,0336980 secs]
4,965: [GC 446215K->445470K(699392K), 0,0332470 secs]
5,005: [GC 533534K->533552K(699392K), 0,0320090 secs]
5,037: [Full GC 533552K->125663K(699392K), 0,0322640 secs]
5,077: [GC 213727K->223576K(699392K), 0,0163240 secs]
5,100: [GC 311640K->312057K(699392K), 0,0299190 secs]
5,137: [GC 400121K->399497K(699392K), 0,0338250 secs]
5,178: [GC 487561K->487801K(699392K), 0,0347820 secs]
5,213: [Full GC 487801K->82477K(699392K), 0,0236330 secs]
5,244: [GC 170541K->180226K(699392K), 0,0161520 secs]
5,267: [GC 268290K->268864K(699392K), 0,0317160 secs]
5,305: [GC 356928K->356389K(699392K), 0,0298160 secs]
5,345: [GC 444453K->444346K(699392K), 0,0345680 secs]
5,387: [GC 532410K->532113K(699392K), 0,0317770 secs]
5,419: [Full GC 532113K->126303K(699392K), 0,0329000 secs]
5,459: [GC 214367K->224341K(699392K), 0,0161270 secs]
5,482: [GC 312405K->312639K(699392K), 0,0295540 secs]
5,518: [GC 400703K->400257K(699392K), 0,0335580 secs]
5,561: [GC 488321K->487771K(699392K), 0,0352400 secs]
5,597: [Full GC 487771K->83431K(699392K), 0,0235210 secs]
5,627: [GC 171495K->181727K(699392K), 0,0161880 secs]
5,650: [GC 269791K->269706K(699392K), 0,0311260 secs]
5,689: [GC 357770K->357572K(699392K), 0,0348400 secs]
5,733: [GC 445636K->445599K(699392K), 0,0337610 secs]
5,773: [GC 533663K->533772K(699392K), 0,0318800 secs]
5,805: [Full GC 533772K->127964K(699392K), 0,0322650 secs]
5,845: [GC 216028K->225931K(699392K), 0,0162690 secs]
5,868: [GC 313995K->313944K(699392K), 0,0345560 secs]
5,909: [GC 402008K->402099K(699392K), 0,0342940 secs]
5,953: [GC 490163K->489331K(699392K), 0,0332970 secs]
5,986: [Full GC 489331K->84022K(699392K), 0,0236510 secs]
6,018: [GC 172086K->182114K(699392K), 0,0202510 secs]
6,045: [GC 270178K->270374K(699392K), 0,0314340 secs]
6,083: [GC 358438K->357755K(699392K), 0,0348550 secs]
6,126: [GC 445819K->445714K(699392K), 0,0341730 secs]
6,167: [GC 533778K->533488K(699392K), 0,0306130 secs]
6,198: [Full GC 533488K->126417K(699392K), 0,0333140 secs]
6,239: [GC 214481K->224807K(699392K), 0,0163740 secs]
6,265: [GC 312871K->312393K(699392K), 0,0298460 secs]
6,302: [GC 400457K->400043K(699392K), 0,0333190 secs]
6,344: [GC 488107K->487223K(699392K), 0,0350640 secs]
6,379: [Full GC 487223K->81178K(699392K), 0,0225130 secs]
6,409: [GC 169242K->179212K(699392K), 0,0161440 secs]
6,432: [GC 267276K->267162K(699392K), 0,0326000 secs]
6,471: [GC 355226K->355077K(699392K), 0,0299020 secs]
6,509: [GC 443141K->442458K(699392K), 0,0347350 secs]
6,551: [GC 530522K->530907K(699392K), 0,0319020 secs]
6,583: [Full GC 530907K->125888K(699392K), 0,0314730 secs]
6,622: [GC 213952K->223681K(699392K), 0,0179410 secs]
6,646: [GC 311745K->311794K(699392K), 0,0303690 secs]
6,684: [GC 399858K->399099K(699392K), 0,0333690 secs]
6,725: [GC 487163K->486827K(699392K), 0,0346830 secs]
6,760: [Full GC 486827K->82725K(699392K), 0,0232030 secs]
6,792: [GC 170789K->180703K(699392K), 0,0171440 secs]
6,815: [GC 268767K->268478K(699392K), 0,0297600 secs]
6,852: [GC 356542K->356314K(699392K), 0,0345390 secs]
6,894: [GC 444378K->443790K(699392K), 0,0338200 secs]
6,935: [GC 531854K->531952K(699392K), 0,0311770 secs]
6,966: [Full GC 531952K->125190K(699392K), 0,0333050 secs]
7,008: [GC 213254K->223109K(699392K), 0,0161920 secs]
7,033: [GC 311173K->311520K(699392K), 0,0298040 secs]
7,070: [GC 399584K->398574K(699392K), 0,0367380 secs]
7,114: [GC 486638K->486254K(699392K), 0,0371030 secs]
7,151: [Full GC 486254K->81948K(699392K), 0,0229120 secs]
7,181: [GC 170012K->180052K(699392K), 0,0161040 secs]
7,205: [GC 268116K->268034K(699392K), 0,0329070 secs]
7,245: [GC 356098K->356658K(699392K), 0,0296520 secs]
7,285: [GC 444722K->443819K(699392K), 0,0336810 secs]
7,326: [GC 531883K->532108K(699392K), 0,0318060 secs]
7,358: [Full GC 532108K->126685K(699392K), 0,0318680 secs]
7,397: [GC 214749K->224600K(699392K), 0,0160730 secs]
7,420: [GC 312664K->312697K(699392K), 0,0300540 secs]
7,457: [GC 400761K->400234K(699392K), 0,0339650 secs]
7,498: [GC 488298K->487709K(699392K), 0,0349010 secs]
7,533: [Full GC 487709K->82873K(699392K), 0,0238630 secs]
7,564: [GC 170937K->180961K(699392K), 0,0161060 secs]
7,588: [GC 269025K->269109K(699392K), 0,0316170 secs]
7,626: [GC 357172K->356504K(699392K), 0,0346270 secs]
7,669: [GC 444568K->444153K(699392K), 0,0324020 secs]
7,708: [GC 532215K->532497K(699392K), 0,0321200 secs]
7,740: [Full GC 532497K->125126K(699392K), 0,0314340 secs]
7,779: [GC 213190K->222855K(699392K), 0,0161460 secs]
7,805: [GC 310917K->311092K(699392K), 0,0311610 secs]
7,844: [GC 399156K->398698K(699392K), 0,0330820 secs]
7,886: [GC 486762K->486371K(699392K), 0,0336920 secs]
7,920: [Full GC 486371K->81273K(699392K), 0,0226570 secs]
7,950: [GC 169337K->179358K(699392K), 0,0177490 secs]
7,977: [GC 267422K->267245K(699392K), 0,0296680 secs]
8,016: [GC 355309K->355746K(699392K), 0,0297100 secs]
8,054: [GC 443810K->442785K(699392K), 0,0352550 secs]
8,096: [GC 530849K->530303K(699392K), 0,0304380 secs]
8,127: [Full GC 530303K->125096K(699392K), 0,0333610 secs]
8,169: [GC 213159K->222793K(699392K), 0,0161780 secs]
8,192: [GC 310857K->310891K(699392K), 0,0353310 secs]
8,234: [GC 398955K->398821K(699392K), 0,0338900 secs]
8,276: [GC 486885K->486669K(699392K), 0,0351940 secs]
8,311: [Full GC 486669K->81417K(699392K), 0,0228530 secs]
8,341: [GC 169481K->179462K(699392K), 0,0160270 secs]
8,364: [GC 267526K->267471K(699392K), 0,0316730 secs]
8,402: [GC 355535K->355238K(699392K), 0,0354430 secs]
8,449: [GC 443302K->442684K(699392K), 0,0321600 secs]
8,488: [GC 530748K->531619K(699392K), 0,0323020 secs]
8,521: [Full GC 531619K->124670K(699392K), 0,0314150 secs]
8,559: [GC 212734K->222297K(699392K), 0,0161640 secs]
8,585: [GC 310361K->310908K(699392K), 0,0298350 secs]
8,622: [GC 398972K->398218K(699392K), 0,0345650 secs]
8,665: [GC 486282K->485864K(699392K), 0,0315550 secs]
8,697: [Full GC 485864K->82448K(699392K), 0,0247510 secs]
8,729: [GC 170512K->180346K(699392K), 0,0172400 secs]
8,753: [GC 268410K->268543K(699392K), 0,0297910 secs]
8,789: [GC 356607K->356324K(699392K), 0,0346800 secs]
8,833: [GC 444388K->443026K(699392K), 0,0343540 secs]
8,874: [GC 531090K->531021K(699392K), 0,0301230 secs]
8,905: [Full GC 531021K->124981K(699392K), 0,0329610 secs]
8,946: [GC 213045K->222982K(699392K), 0,0162620 secs]
8,972: [GC 311046K->310735K(699392K), 0,0343660 secs]
9,013: [GC 398799K->398998K(699392K), 0,0330280 secs]
9,053: [GC 487062K->486970K(699392K), 0,0344600 secs]
9,088: [Full GC 486970K->82151K(699392K), 0,0230220 secs]
9,119: [GC 170215K->180061K(699392K), 0,0160930 secs]
9,142: [GC 268125K->267809K(699392K), 0,0315900 secs]
9,180: [GC 355873K->355960K(699392K), 0,0348610 secs]
9,222: [GC 444024K->443260K(699392K), 0,0335410 secs]
9,263: [GC 531324K->531564K(699392K), 0,0322130 secs]
9,295: [Full GC 531564K->126595K(699392K), 0,0328220 secs]
9,335: [GC 214659K->224845K(699392K), 0,0162400 secs]
9,358: [GC 312909K->312909K(699392K), 0,0297450 secs]
9,395: [GC 400973K->400435K(699392K), 0,0357010 secs]
9,439: [GC 488499K->487702K(699392K), 0,0335260 secs]
9,473: [Full GC 487702K->84543K(699392K), 0,0238570 secs]
9,504: [GC 172607K->182492K(699392K), 0,0161450 secs]
9,526: [GC 270556K->270518K(699392K), 0,0314080 secs]
9,565: [GC 358582K->358654K(699392K), 0,0345500 secs]
9,608: [GC 446718K->445936K(699392K), 0,0337240 secs]
9,649: [GC 534000K->533740K(699392K), 0,0319560 secs]
9,681: [Full GC 533740K->126805K(699392K), 0,0330770 secs]
9,721: [GC 214869K->224577K(699392K), 0,0163410 secs]
9,745: [GC 312634K->312735K(699392K), 0,0299590 secs]
9,782: [GC 400799K->400727K(699392K), 0,0334880 secs]
9,824: [GC 488791K->488189K(699392K), 0,0336050 secs]
9,858: [Full GC 488189K->83872K(699392K), 0,0234300 secs]
9,889: [GC 171936K->181694K(699392K), 0,0172790 secs]
9,913: [GC 269758K->269634K(699392K), 0,0299470 secs]
9,950: [GC 357698K->358031K(699392K), 0,0342900 secs]
9,993: [GC 446095K->444949K(699392K), 0,0339760 secs]
10,034: [GC 533013K->533078K(699392K), 0,0302190 secs]
10,064: [Full GC 533078K->129034K(699392K), 0,0345070 secs]
10,107: [GC 217098K->227067K(699392K), 0,0162610 secs]
10,133: [GC 315131K->314996K(699392K), 0,0297720 secs]
10,169: [GC 403060K->402688K(699392K), 0,0350050 secs]
10,212: [GC 490752K->490430K(699392K), 0,0348130 secs]
10,247: [Full GC 490430K->83951K(699392K), 0,0242850 secs]
10,279: [GC 172015K->182091K(699392K), 0,0161720 secs]
10,301: [GC 270155K->270117K(699392K), 0,0322060 secs]
10,341: [GC 358181K->357588K(699392K), 0,0318420 secs]
10,385: [GC 445652K->445345K(699392K), 0,0324650 secs]
10,424: [GC 533409K->532933K(699392K), 0,0323520 secs]
10,457: [Full GC 532933K->129370K(699392K), 0,0322720 secs]
10,496: [GC 217434K->227179K(699392K), 0,0161850 secs]
10,519: [GC 315243K->315428K(699392K), 0,0297620 secs]
10,556: [GC 403492K->403043K(699392K), 0,0345120 secs]
10,601: [GC 491106K->490577K(699392K), 0,0331960 secs]
10,634: [Full GC 490577K->86362K(699392K), 0,0238930 secs]
10,666: [GC 174426K->183873K(699392K), 0,0160420 secs]
10,689: [GC 271937K->272031K(699392K), 0,0312060 secs]
10,727: [GC 360095K->360243K(699392K), 0,0313790 secs]
10,768: [GC 448307K->447010K(699392K), 0,0346290 secs]
10,812: [GC 535074K->535377K(699392K), 0,0341190 secs]
10,846: [Full GC 535377K->129681K(699392K), 0,0330540 secs]
10,886: [GC 217745K->227790K(699392K), 0,0162690 secs]
10,909: [GC 315854K->315605K(699392K), 0,0325560 secs]
10,950: [GC 403669K->403321K(699392K), 0,0346690 secs]
10,991: [GC 491385K->491053K(699392K), 0,0334790 secs]
11,025: [Full GC 491053K->86141K(699392K), 0,0266870 secs]
11,060: [GC 174205K->183411K(699392K), 0,0163860 secs]
11,083: [GC 271475K->272031K(699392K), 0,0296580 secs]
11,119: [GC 360095K->359627K(699392K), 0,0365910 secs]
11,163: [GC 447691K->447039K(699392K), 0,0346170 secs]
11,205: [GC 535103K->534542K(699392K), 0,0302160 secs]
11,235: [Full GC 534542K->129057K(699392K), 0,0347110 secs]
11,277: [GC 217121K->226761K(699392K), 0,0162390 secs]
11,301: [GC 314825K->314988K(699392K), 0,0298820 secs]
11,338: [GC 403052K->402280K(699392K), 0,0357150 secs]
11,381: [GC 490344K->490240K(699392K), 0,0346890 secs]
11,416: [Full GC 490240K->83009K(699392K), 0,0235210 secs]
11,447: [GC 171073K->180809K(699392K), 0,0161390 secs]
11,470: [GC 268873K->269258K(699392K), 0,0312190 secs]
11,508: [GC 357322K->356978K(699392K), 0,0346040 secs]
11,551: [GC 445042K->444616K(699392K), 0,0332750 secs]
11,593: [GC 532678K->532465K(699392K), 0,0318570 secs]
11,625: [Full GC 532465K->127196K(699392K), 0,0324280 secs]
11,664: [GC 215260K->225379K(699392K), 0,0162080 secs]
11,687: [GC 313443K->313147K(699392K), 0,0297080 secs]
11,724: [GC 401211K->401168K(699392K), 0,0333520 secs]
11,765: [GC 489232K->488661K(699392K), 0,0346290 secs]
11,800: [Full GC 488661K->82973K(699392K), 0,0227800 secs]
11,830: [GC 171037K->180685K(699392K), 0,0160420 secs]
11,852: [GC 268749K->268710K(699392K), 0,0317660 secs]
11,891: [GC 356774K->357072K(699392K), 0,0298100 secs]
11,928: [GC 445136K->443961K(699392K), 0,0324540 secs]
11,970: [GC 532025K->531803K(699392K), 0,0318960 secs]
12,002: [Full GC 531803K->124972K(699392K), 0,0319030 secs]
12,041: [GC 213036K->223115K(699392K), 0,0162040 secs]
12,064: [GC 311178K->310997K(699392K), 0,0349300 secs]
12,105: [GC 399061K->398363K(699392K), 0,0352110 secs]
12,149: [GC 486427K->486158K(699392K), 0,0336920 secs]
12,183: [Full GC 486158K->81034K(699392K), 0,0229240 secs]
12,213: [GC 169098K->179094K(699392K), 0,0175520 secs]
12,237: [GC 267158K->267139K(699392K), 0,0296300 secs]
12,273: [GC 355200K->355085K(699392K), 0,0297950 secs]
12,310: [GC 443149K->442501K(699392K), 0,0348170 secs]
12,352: [GC 530565K->529978K(699392K), 0,0303580 secs]
12,382: [Full GC 529978K->123845K(699392K), 0,0314340 secs]
12,421: [GC 211908K->221738K(699392K), 0,0162160 secs]
12,444: [GC 309802K->310102K(699392K), 0,0318000 secs]
12,483: [GC 398166K->398402K(699392K), 0,0351020 secs]
12,525: [GC 486466K->485888K(699392K), 0,0326990 secs]
12,558: [Full GC 485888K->79294K(699392K), 0,0237490 secs]
12,590: [GC 167358K->177588K(699392K), 0,0161510 secs]
12,613: [GC 265652K->265657K(699392K), 0,0297200 secs]
12,650: [GC 353715K->353265K(699392K), 0,0361260 secs]
12,693: [GC 441329K->440413K(699392K), 0,0345320 secs]
12,735: [GC 528477K->528964K(699392K), 0,0319110 secs]
12,767: [Full GC 528964K->121824K(699392K), 0,0335440 secs]
12,807: [GC 209888K->219859K(699392K), 0,0163260 secs]
12,831: [GC 307923K->308003K(699392K), 0,0297260 secs]
12,867: [GC 396067K->395966K(699392K), 0,0321110 secs]
12,909: [GC 484030K->483530K(699392K), 0,0354230 secs]
12,944: [Full GC 483530K->78106K(699392K), 0,0228840 secs]
12,975: [GC 166170K->176398K(699392K), 0,0160740 secs]
12,998: [GC 264462K->263883K(699392K), 0,0310430 secs]
13,037: [GC 351947K->351544K(699392K), 0,0346850 secs]
13,081: [GC 439608K->439003K(699392K), 0,0330710 secs]
13,121: [GC 527067K->527568K(699392K), 0,0318590 secs]
13,153: [Full GC 527568K->122771K(699392K), 0,0311690 secs]
13,191: [GC 210835K->220506K(699392K), 0,0162300 secs]
13,214: [GC 308570K->309112K(699392K), 0,0299260 secs]
13,251: [GC 397173K->396923K(699392K), 0,0341110 secs]
13,293: [GC 484987K->483938K(699392K), 0,0343950 secs]
13,327: [Full GC 483938K->78895K(699392K), 0,0239320 secs]
13,359: [GC 166959K->176582K(699392K), 0,0166260 secs]
13,383: [GC 264646K->265389K(699392K), 0,0340600 secs]
13,424: [GC 353453K->352789K(699392K), 0,0328080 secs]
13,465: [GC 440853K->440371K(699392K), 0,0336620 secs]
13,505: [GC 528435K->528369K(699392K), 0,0317700 secs]
13,537: [Full GC 528369K->120708K(699392K), 0,0311060 secs]
13,576: [GC 208772K->218553K(699392K), 0,0161470 secs]
13,599: [GC 306617K->306387K(699392K), 0,0347430 secs]
13,640: [GC 394451K->394409K(699392K), 0,0340280 secs]
13,682: [GC 482473K->481505K(699392K), 0,0331740 secs]
13,715: [Full GC 481505K->77034K(699392K), 0,0226860 secs]
13,744: [GC 165098K->174823K(699392K), 0,0175010 secs]
13,768: [GC 262887K->263428K(699392K), 0,0297060 secs]
13,805: [GC 351492K->351327K(699392K), 0,0341170 secs]
13,847: [GC 439391K->439150K(699392K), 0,0345460 secs]
13,888: [GC 527214K->527274K(699392K), 0,0302090 secs]
13,918: [Full GC 527274K->120908K(699392K), 0,0349850 secs]
13,961: [GC 208972K->218886K(699392K), 0,0161040 secs]
13,983: [GC 306950K->306764K(699392K), 0,0335410 secs]
14,024: [GC 394828K->394909K(699392K), 0,0338600 secs]
14,065: [GC 482973K->482781K(699392K), 0,0344010 secs]
14,099: [Full GC 482781K->77035K(699392K), 0,0217710 secs]
14,128: [GC 165099K->174761K(699392K), 0,0162120 secs]
14,151: [GC 262825K->263086K(699392K), 0,0311260 secs]
14,189: [GC 351150K->350970K(699392K), 0,0329020 secs]
14,233: [GC 439034K->437991K(699392K), 0,0335530 secs]
14,274: [GC 526055K->526198K(699392K), 0,0318730 secs]
14,306: [Full GC 526198K->121131K(699392K), 0,0308230 secs]
14,344: [GC 209195K->219195K(699392K), 0,0161960 secs]
14,367: [GC 307259K->307556K(699392K), 0,0299400 secs]
14,404: [GC 395620K->395280K(699392K), 0,0319960 secs]
14,445: [GC 483344K->483082K(699392K), 0,0344190 secs]
14,480: [Full GC 483082K->77040K(699392K), 0,0222410 secs]
14,509: [GC 165104K->175046K(699392K), 0,0165370 secs]
14,533: [GC 263110K->263731K(699392K), 0,0321100 secs]
14,572: [GC 351795K->351165K(699392K), 0,0341750 secs]
14,617: [GC 439229K->437929K(699392K), 0,0328010 secs]
14,658: [GC 525992K->526463K(699392K), 0,0320930 secs]
14,690: [Full GC 526463K->120822K(699392K), 0,0312650 secs]
14,729: [GC 208886K->218723K(699392K), 0,0162030 secs]
14,752: [GC 306787K->306819K(699392K), 0,0328140 secs]
14,794: [GC 394883K->394387K(699392K), 0,0347260 secs]
14,836: [GC 482451K->482629K(699392K), 0,0328100 secs]
14,869: [Full GC 482629K->75795K(699392K), 0,0217830 secs]
14,898: [GC 163859K->173899K(699392K), 0,0178670 secs]
14,924: [GC 261963K->261819K(699392K), 0,0300480 secs]
14,962: [GC 349883K->349946K(699392K), 0,0303960 secs]
15,001: [GC 438010K->436665K(699392K), 0,0348970 secs]
15,045: [GC 524729K->524960K(699392K), 0,0306920 secs]
15,075: [Full GC 524960K->120615K(699392K), 0,0380930 secs]
15,121: [GC 208679K->218672K(699392K), 0,0175570 secs]
15,145: [GC 306736K->306719K(699392K), 0,0303510 secs]
15,182: [GC 394783K->394912K(699392K), 0,0354430 secs]
15,225: [GC 482976K->482651K(699392K), 0,0328990 secs]
15,258: [Full GC 482651K->76620K(699392K), 0,0228400 secs]
15,288: [GC 164684K->174329K(699392K), 0,0163710 secs]
15,312: [GC 262393K->262918K(699392K), 0,0320790 secs]
15,353: [GC 350982K->350578K(699392K), 0,0299480 secs]
15,390: [GC 438634K->437365K(699392K), 0,0356400 secs]
15,433: [GC 525429K->526272K(699392K), 0,0318820 secs]
15,465: [Full GC 526272K->119525K(699392K), 0,0307250 secs]
15,503: [GC 207589K->217281K(699392K), 0,0165480 secs]
15,527: [GC 305345K->305802K(699392K), 0,0304320 secs]
15,568: [GC 393866K->393552K(699392K), 0,0328630 secs]
15,609: [GC 481616K->481161K(699392K), 0,0348160 secs]
15,644: [Full GC 481161K->75472K(699392K), 0,0223740 secs]
15,674: [GC 163536K->173469K(699392K), 0,0175710 secs]
15,701: [GC 261533K->261452K(699392K), 0,0332670 secs]
15,744: [GC 349516K->350225K(699392K), 0,0304940 secs]
15,784: [GC 438289K->437103K(699392K), 0,0342900 secs]
15,825: [GC 525167K->525063K(699392K), 0,0307570 secs]
15,856: [Full GC 525063K->121651K(699392K), 0,0342520 secs]
15,899: [GC 209715K->219675K(699392K), 0,0162570 secs]
15,922: [GC 307739K->307376K(699392K), 0,0301430 secs]
15,959: [GC 395440K->395525K(699392K), 0,0350990 secs]
16,003: [GC 483589K->483742K(699392K), 0,0358370 secs]
16,039: [Full GC 483742K->77921K(699392K), 0,0225560 secs]
16,069: [GC 165985K->175677K(699392K), 0,0164330 secs]
16,093: [GC 263741K->263851K(699392K), 0,0317060 secs]
16,132: [GC 351915K->352105K(699392K), 0,0304060 secs]
16,171: [GC 440169K->439091K(699392K), 0,0360270 secs]
16,214: [GC 527155K->527346K(699392K), 0,0324000 secs]
16,247: [Full GC 527346K->122490K(699392K), 0,0309580 secs]
16,285: [GC 210554K->220351K(699392K), 0,0166130 secs]
16,308: [GC 308415K->308387K(699392K), 0,0359440 secs]
16,353: [GC 396451K->396124K(699392K), 0,0343460 secs]
16,394: [GC 484188K->483558K(699392K), 0,0326540 secs]
16,427: [Full GC 483558K->78459K(699392K), 0,0231160 secs]
16,458: [GC 166523K->176631K(699392K), 0,0177550 secs]
16,482: [GC 264695K->264446K(699392K), 0,0298520 secs]
16,519: [GC 352510K->353027K(699392K), 0,0303920 secs]
16,557: [GC 441091K->439729K(699392K), 0,0352870 secs]
16,600: [GC 527793K->527684K(699392K), 0,0311470 secs]
16,631: [Full GC 527684K->122308K(699392K), 0,0314930 secs]
16,670: [GC 210372K->220402K(699392K), 0,0165640 secs]
16,694: [GC 308466K->308063K(699392K), 0,0349230 secs]
16,736: [GC 396127K->396160K(699392K), 0,0335640 secs]
16,781: [GC 484224K->483809K(699392K), 0,0342200 secs]
16,815: [Full GC 483809K->76861K(699392K), 0,0238740 secs]
16,847: [GC 164925K->174808K(699392K), 0,0161140 secs]
16,872: [GC 262872K->262895K(699392K), 0,0301870 secs]
16,909: [GC 350959K->351060K(699392K), 0,0336840 secs]
16,951: [GC 439124K->437556K(699392K), 0,0339860 secs]
16,992: [GC 525620K->525751K(699392K), 0,0307540 secs]
17,023: [Full GC 525751K->118342K(699392K), 0,0348980 secs]
17,065: [GC 206406K->216416K(699392K), 0,0162820 secs]
17,088: [GC 304480K->304684K(699392K), 0,0303740 secs]
17,126: [GC 392748K->392185K(699392K), 0,0368570 secs]
17,170: [GC 480249K->480419K(699392K), 0,0346260 secs]
17,205: [Full GC 480419K->75174K(699392K), 0,0219420 secs]
17,234: [GC 163232K->173144K(699392K), 0,0161040 secs]
17,257: [GC 261208K->261017K(699392K), 0,0316670 secs]
17,297: [GC 349081K->349223K(699392K), 0,0305370 secs]
17,335: [GC 437287K->436614K(699392K), 0,0353450 secs]
17,378: [GC 524678K->525171K(699392K), 0,0322330 secs]
17,410: [Full GC 525171K->119495K(699392K), 0,0312960 secs]
17,449: [GC 207559K->217704K(699392K), 0,0166480 secs]
17,473: [GC 305768K->305552K(699392K), 0,0302450 secs]
17,511: [GC 393616K->393303K(699392K), 0,0347040 secs]
17,557: [GC 481367K->480408K(699392K), 0,0326560 secs]
17,590: [Full GC 480408K->77048K(699392K), 0,0229300 secs]
17,620: [GC 165112K->175101K(699392K), 0,0166050 secs]
17,644: [GC 263165K->263115K(699392K), 0,0321360 secs]
17,683: [GC 351179K->350650K(699392K), 0,0347420 secs]
17,729: [GC 438714K->438605K(699392K), 0,0330610 secs]
17,769: [GC 526669K->526769K(699392K), 0,0322690 secs]
17,802: [Full GC 526769K->121809K(699392K), 0,0328510 secs]
17,843: [GC 209873K->219800K(699392K), 0,0165100 secs]
17,867: [GC 307864K->307735K(699392K), 0,0302640 secs]
17,906: [GC 395799K->395657K(699392K), 0,0341190 secs]
17,949: [GC 483721K->483566K(699392K), 0,0329110 secs]
17,982: [Full GC 483566K->77782K(699392K), 0,0221190 secs]
18,012: [GC 165846K->175418K(699392K), 0,0178820 secs]
18,037: [GC 263482K->263028K(699392K), 0,0303950 secs]
18,075: [GC 351092K->350616K(699392K), 0,0359440 secs]
18,119: [GC 438680K->438259K(699392K), 0,0344430 secs]
18,160: [GC 526323K->526370K(699392K), 0,0308720 secs]
18,191: [Full GC 526370K->119824K(699392K), 0,0320710 secs]
18,231: [GC 207888K->218030K(699392K), 0,0165060 secs]
18,255: [GC 306094K->305393K(699392K), 0,0347010 secs]
18,296: [GC 393457K->393234K(699392K), 0,0337280 secs]
18,338: [GC 481298K->481435K(699392K), 0,0344520 secs]
18,372: [Full GC 481435K->76337K(699392K), 0,0221420 secs]
18,401: [GC 164401K->174380K(699392K), 0,0188310 secs]
18,429: [GC 262444K->262170K(699392K), 0,0323210 secs]
18,469: [GC 350234K->349985K(699392K), 0,0303760 secs]
18,509: [GC 438049K->437496K(699392K), 0,0347990 secs]
18,551: [GC 525560K->525794K(699392K), 0,0326100 secs]
18,584: [Full GC 525794K->120261K(699392K), 0,0315740 secs]
18,623: [GC 208325K->218428K(699392K), 0,0165190 secs]
18,649: [GC 306492K->306427K(699392K), 0,0303500 secs]
18,686: [GC 394491K->394183K(699392K), 0,0353100 secs]
18,730: [GC 482245K->482083K(699392K), 0,0337440 secs]
18,764: [Full GC 482083K->77259K(699392K), 0,0225950 secs]
18,794: [GC 165323K->174974K(699392K), 0,0179580 secs]
18,819: [GC 263038K->263359K(699392K), 0,0297960 secs]
18,857: [GC 351409K->351029K(699392K), 0,0351220 secs]
18,900: [GC 439093K->438669K(699392K), 0,0347240 secs]
18,942: [GC 526733K->526950K(699392K), 0,0303950 secs]
18,972: [Full GC 526950K->120291K(699392K), 0,0334830 secs]
19,014: [GC 208355K->218077K(699392K), 0,0162720 secs]
19,037: [GC 306141K->306056K(699392K), 0,0297830 secs]
19,074: [GC 394120K->394338K(699392K), 0,0357140 secs]
19,120: [GC 482402K->482376K(699392K), 0,0327990 secs]
19,153: [Full GC 482376K->76103K(699392K), 0,0229390 secs]
19,182: [GC 164167K->173706K(699392K), 0,0162020 secs]
19,205: [GC 261770K->262371K(699392K), 0,0312580 secs]
19,243: [GC 350435K->350258K(699392K), 0,0299170 secs]
19,281: [GC 438322K->438363K(699392K), 0,0345300 secs]
19,322: [GC 526427K->526183K(699392K), 0,0321150 secs]
19,354: [Full GC 526183K->120435K(699392K), 0,0326010 secs]
19,394: [GC 208499K->218527K(699392K), 0,0161260 secs]
19,417: [GC 306591K->306887K(699392K), 0,0298160 secs]
19,454: [GC 394951K->394771K(699392K), 0,0312690 secs]
