OpenJDK 64-Bit Server VM (24.95-b01) for linux-amd64 JRE (1.7.0_95-b00), built on Mar 27 2016 12:52:52 by "buildd" with gcc 5.3.1 20160323
Memory: 4k page, physical 5975800k(3037580k free), swap 3416060k(3416060k free)
CommandLine flags: -XX:InitialHeapSize=805306368 -XX:MaxHeapSize=805306368 -XX:+PrintGC -XX:+PrintGCTimeStamps -XX:+UseCompressedOops -XX:+UseG1GC 
0,130: [GC pause (young) 37M->38M(768M), 0,0181470 secs]
0,155: [GC pause (young) 71M->88M(768M), 0,0222360 secs]
0,184: [GC pause (young) 121M->134M(768M), 0,0204860 secs]
0,214: [GC pause (young) 167M->170M(768M), 0,0173960 secs]
0,240: [GC pause (young) 203M->205M(768M), 0,0176970 secs]
0,265: [GC pause (young) 238M->240M(768M), 0,0177970 secs]
0,290: [GC pause (young) 280M->283M(768M), 0,0212080 secs]
0,321: [GC pause (young) 334M->336M(768M), 0,0254550 secs]
0,356: [GC pause (young) 398M->400M(768M), 0,0341390 secs]
0,406: [GC pause (young) (initial-mark) 476M->478M(768M), 0,0375180 secs]
0,444: [GC concurrent-root-region-scan-start]
0,444: [GC concurrent-root-region-scan-end, 0,0007570 secs]
0,444: [GC concurrent-mark-start]
0,448: [GC concurrent-mark-end, 0,0041490 secs]
0,452: [GC remark, 0,0013700 secs]
0,455: [GC cleanup 515M->133M(768M), 0,0011710 secs]
0,456: [GC concurrent-cleanup-start]
0,457: [GC concurrent-cleanup-end, 0,0010210 secs]
0,472: [GC pause (young) 187M->181M(768M), 0,0185840 secs]
0,510: [GC pause (young) 296M->297M(768M), 0,0263410 secs]
0,555: [GC pause (young) 436M->439M(768M), 0,0397300 secs]
0,610: [GC pause (young) (initial-mark) 565M->568M(768M), 0,0603610 secs]
0,671: [GC concurrent-root-region-scan-start]
0,679: [GC concurrent-root-region-scan-end, 0,0082700 secs]
0,679: [GC concurrent-mark-start]
0,679: [GC pause (young) 629M->631M(768M), 0,0165570 secs]
0,700: [GC pause (young) 661M->663M(768M), 0,0095290 secs]
0,711: [GC concurrent-mark-end, 0,0322980 secs]
0,712: [GC remark, 0,0012000 secs]
0,713: [GC cleanup 673M->259M(768M), 0,0008920 secs]
0,714: [GC concurrent-cleanup-start]
0,715: [GC concurrent-cleanup-end, 0,0006800 secs]
0,719: [GC pause (young) 282M->283M(768M), 0,0087740 secs]
0,752: [GC pause (young) 487M->489M(768M), 0,0472500 secs]
0,814: [GC pause (young) (initial-mark) 590M->592M(768M), 0,0271320 secs]
0,842: [GC concurrent-root-region-scan-start]
0,846: [GC concurrent-root-region-scan-end, 0,0042020 secs]
0,846: [GC concurrent-mark-start]
0,849: [GC pause (young) 641M->643M(768M), 0,0143470 secs]
0,868: [GC pause (young) 672M->674M(768M), 0,0099820 secs]
0,880: [GC concurrent-mark-end, 0,0338840 secs]
0,880: [GC remark, 0,0022530 secs]
0,882: [GC cleanup 686M->335M(768M), 0,0008570 secs]
0,883: [GC concurrent-cleanup-start]
0,884: [GC concurrent-cleanup-end, 0,0006580 secs]
0,888: [GC pause (young) 356M->358M(768M), 0,0083100 secs]
0,921: [GC pause (young) 524M->527M(768M), 0,0374400 secs]
0,970: [GC pause (young) (initial-mark) 609M->612M(768M), 0,0220390 secs]
0,993: [GC concurrent-root-region-scan-start]
0,995: [GC concurrent-root-region-scan-end, 0,0027900 secs]
0,995: [GC concurrent-mark-start]
0,998: [GC pause (young) 651M->653M(768M), 0,0125690 secs]
1,015: [GC pause (young) 684M->686M(768M), 0,0104290 secs]
1,026: [GC concurrent-mark-end, 0,0306030 secs]
1,026: [GC remark, 0,0020830 secs]
1,032: [GC cleanup 716M->322M(768M), 0,0009990 secs]
1,033: [GC concurrent-cleanup-start]
1,033: [GC pause (young)1,033: [GC concurrent-cleanup-end, 0,0006330 secs]
 325M->327M(768M), 0,0088710 secs]
1,057: [GC pause (young) 441M->443M(768M), 0,0293490 secs]
1,090: [GC pause (mixed) 466M->469M(768M), 0,0130470 secs]
1,117: [GC pause (young) 580M->582M(768M), 0,0259870 secs]
1,149: [GC pause (young) (initial-mark) 636M->638M(768M), 0,0153920 secs]
1,165: [GC concurrent-root-region-scan-start]
1,168: [GC concurrent-root-region-scan-end, 0,0034580 secs]
1,168: [GC concurrent-mark-start]
1,168: [GC pause (young) 667M->670M(768M), 0,0092060 secs]
1,182: [GC pause (young) 703M->705M(768M), 0,0156380 secs]
1,200: [GC concurrent-mark-end, 0,0313630 secs]
1,200: [GC remark, 0,0024480 secs]
1,203: [GC cleanup 708M->258M(768M), 0,0008650 secs]
1,203: [GC concurrent-cleanup-start]
1,205: [GC concurrent-cleanup-end, 0,0016360 secs]
1,210: [GC pause (young) 288M->290M(768M), 0,0086220 secs]
1,246: [GC pause (young) 490M->493M(768M), 0,0441420 secs]
1,302: [GC pause (young) (initial-mark) 591M->594M(768M), 0,0279510 secs]
1,330: [GC concurrent-root-region-scan-start]
1,333: [GC concurrent-root-region-scan-end, 0,0024910 secs]
1,333: [GC concurrent-mark-start]
1,337: [GC pause (young) 642M->644M(768M), 0,0152450 secs]
1,354: [GC concurrent-mark-end, 0,0213840 secs]
1,355: [GC remark, 0,0024050 secs]
1,358: [GC cleanup 654M->314M(768M), 0,0008300 secs]
1,359: [GC concurrent-cleanup-start]
1,359: [GC concurrent-cleanup-end, 0,0005900 secs]
1,363: [GC pause (young) 334M->336M(768M), 0,0088800 secs]
1,376: [GC pause (mixed) 369M->360M(768M), 0,0100030 secs]
1,412: [GC pause (young) 525M->527M(768M), 0,0384090 secs]
1,461: [GC pause (young) (initial-mark) 608M->610M(768M), 0,0231090 secs]
1,484: [GC concurrent-root-region-scan-start]
1,487: [GC concurrent-root-region-scan-end, 0,0027940 secs]
1,487: [GC concurrent-mark-start]
1,489: [GC pause (young) 650M->652M(768M), 0,0121220 secs]
1,505: [GC pause (young) 683M->684M(768M), 0,0089110 secs]
1,518: [GC concurrent-mark-end, 0,0310710 secs]
1,518: [GC remark, 0,0012270 secs]
1,519: [GC cleanup 697M->265M(768M), 0,0008660 secs]
1,520: [GC concurrent-cleanup-start]
1,522: [GC concurrent-cleanup-end, 0,0016530 secs]
1,523: [GC pause (young) 285M->287M(768M), 0,0088620 secs]
1,562: [GC pause (young) 489M->492M(768M), 0,0443300 secs]
1,618: [GC pause (young) (initial-mark) 591M->593M(768M), 0,0268480 secs]
1,645: [GC concurrent-root-region-scan-start]
1,647: [GC concurrent-root-region-scan-end, 0,0020370 secs]
1,647: [GC concurrent-mark-start]
1,652: [GC pause (young) 641M->644M(768M), 0,0147960 secs]
1,671: [GC pause (young) 674M->676M(768M), 0,0088580 secs]
1,681: [GC concurrent-mark-end, 0,0333770 secs]
1,681: [GC remark, 0,0013290 secs]
1,682: [GC cleanup 683M->290M(768M), 0,0008600 secs]
1,683: [GC concurrent-cleanup-start]
1,684: [GC concurrent-cleanup-end, 0,0008080 secs]
1,689: [GC pause (young) 316M->319M(768M), 0,0087680 secs]
1,723: [GC pause (young) 505M->508M(768M), 0,0418910 secs]
1,775: [GC pause (young) (initial-mark) 599M->601M(768M), 0,0264670 secs]
1,802: [GC concurrent-root-region-scan-start]
1,803: [GC concurrent-root-region-scan-end, 0,0005360 secs]
1,803: [GC concurrent-mark-start]
1,808: [GC pause (young) 645M->648M(768M), 0,0145600 secs]
1,827: [GC pause (young) 678M->680M(768M), 0,0088910 secs]
1,839: [GC concurrent-mark-end, 0,0361370 secs]
1,839: [GC remark, 0,0017370 secs]
1,841: [GC cleanup 702M->311M(768M), 0,0009210 secs]
1,842: [GC concurrent-cleanup-start]
1,843: [GC concurrent-cleanup-end, 0,0012380 secs]
1,844: [GC pause (young) 321M->324M(768M), 0,0086120 secs]
1,878: [GC pause (young) 507M->509M(768M), 0,0409340 secs]
1,929: [GC pause (young) (initial-mark) 599M->602M(768M), 0,0258190 secs]
1,955: [GC concurrent-root-region-scan-start]
1,958: [GC concurrent-root-region-scan-end, 0,0032500 secs]
1,958: [GC concurrent-mark-start]
1,961: [GC pause (young) 646M->649M(768M), 0,0143140 secs]
1,979: [GC pause (young) 679M->681M(768M), 0,0092950 secs]
1,992: [GC pause (young) 714M->717M(768M), 0,0123600 secs]
2,005: [GC concurrent-mark-end, 0,0467600 secs]
2,005: [GC remark, 0,0020070 secs]
2,009: [GC cleanup 729M->343M(768M), 0,0010150 secs]
2,010: [GC concurrent-cleanup-start]
2,010: [GC concurrent-cleanup-end, 0,0003990 secs]
2,015: [GC pause (young) 364M->366M(768M), 0,0093970 secs]
2,047: [GC pause (young) 528M->529M(768M), 0,0361750 secs]
2,093: [GC pause (young) (initial-mark) 609M->612M(768M), 0,0232730 secs]
2,116: [GC concurrent-root-region-scan-start]
2,116: [GC concurrent-root-region-scan-end, 0,0003970 secs]
2,116: [GC concurrent-mark-start]
2,121: [GC pause (young) 651M->654M(768M), 0,0147540 secs]
2,141: [GC pause (young) 685M->687M(768M), 0,0108740 secs]
2,155: [GC concurrent-mark-end, 0,0387560 secs]
2,155: [GC remark, 0,0016880 secs]
2,158: [GC pause (young) 720M->722M(768M), 0,0099970 secs]
2,168: [GC cleanup 722M->325M(768M), 0,0008900 secs]
2,169: [GC concurrent-cleanup-start]
2,171: [GC concurrent-cleanup-end, 0,0016600 secs]
2,174: [GC pause (young) 358M->360M(768M), 0,0087930 secs]
2,205: [GC pause (young) 525M->527M(768M), 0,0372830 secs]
2,252: [GC pause (young) (initial-mark) 608M->610M(768M), 0,0238600 secs]
2,276: [GC concurrent-root-region-scan-start]
2,280: [GC concurrent-root-region-scan-end, 0,0038450 secs]
2,280: [GC concurrent-mark-start]
2,281: [GC pause (young) 650M->652M(768M), 0,0124370 secs]
2,298: [GC pause (young) 683M->684M(768M), 0,0088470 secs]
2,310: [GC concurrent-mark-end, 0,0301830 secs]
2,311: [GC remark, 0,0019430 secs]
2,313: [GC cleanup 712M->285M(768M), 0,0009500 secs]
2,314: [GC concurrent-cleanup-start]
2,314: [GC concurrent-cleanup-end, 0,0008280 secs]
2,315: [GC pause (young) 290M->292M(768M), 0,0091310 secs]
2,351: [GC pause (young) 491M->494M(768M), 0,0439450 secs]
2,406: [GC pause (young) 592M->593M(768M), 0,0276850 secs]
2,439: [GC pause (young) (initial-mark) 641M->643M(768M), 0,0149520 secs]
2,454: [GC concurrent-root-region-scan-start]
2,457: [GC concurrent-root-region-scan-end, 0,0025100 secs]
2,457: [GC concurrent-mark-start]
2,458: [GC pause (young) 673M->674M(768M), 0,0089420 secs]
2,471: [GC pause (young) 707M->710M(768M), 0,0090500 secs]
2,483: [GC concurrent-mark-end, 0,0264510 secs]
2,483: [GC remark, 0,0030520 secs]
2,487: [GC cleanup 733M->362M(768M), 0,0009760 secs]
2,488: [GC concurrent-cleanup-start]
2,489: [GC pause (young)2,489: [GC concurrent-cleanup-end, 0,0013360 secs]
 372M->373M(768M), 0,0100520 secs]
2,519: [GC pause (young) 506M->508M(768M), 0,0321070 secs]
2,562: [GC pause (young) 599M->602M(768M), 0,0243410 secs]
2,591: [GC pause (young) (initial-mark) 645M->648M(768M), 0,0159670 secs]
2,607: [GC concurrent-root-region-scan-start]
2,611: [GC concurrent-root-region-scan-end, 0,0034740 secs]
2,611: [GC concurrent-mark-start]
2,611: [GC pause (young) 678M->680M(768M), 0,0092840 secs]
2,625: [GC pause (young) 713M->716M(768M), 0,0086840 secs]
2,638: [GC pause (young)-- 749M->758M(768M), 0,0102740 secs]
2,650: [GC pause (young)-- 768M->768M(768M), 0,0042110 secs]
2,654: [Full GC 768M->281M(768M), 0,0812640 secs]
2,735: [GC concurrent-mark-abort]
2,765: [GC pause (young) 499M->500M(768M), 0,0446510 secs]
2,820: [GC pause (young) (initial-mark) 597M->611M(768M), 0,0312410 secs]
2,852: [GC concurrent-root-region-scan-start]
2,852: [GC concurrent-root-region-scan-end, 0,0002660 secs]
2,852: [GC concurrent-mark-start]
2,857: [GC pause (young) 650M->652M(768M), 0,0142510 secs]
2,876: [GC pause (young) 683M->684M(768M), 0,0089300 secs]
2,890: [GC pause (young) 717M->719M(768M), 0,0099420 secs]
2,905: [GC pause (young)-- 752M->761M(768M), 0,0094740 secs]
2,915: [GC pause (young)-- 765M->765M(768M), 0,0044230 secs]
2,920: [Full GC 765M->159M(768M), 0,0542530 secs]
2,974: [GC concurrent-mark-abort]
3,015: [GC pause (young)-- 467M->489M(768M), 0,0608820 secs]
3,092: [GC pause (young) (initial-mark) 599M->476M(768M), 0,0116360 secs]
3,103: [GC concurrent-root-region-scan-start]
3,104: [GC concurrent-root-region-scan-end, 0,0001480 secs]
3,104: [GC concurrent-mark-start]
3,109: [GC concurrent-mark-end, 0,0053980 secs]
3,112: [GC remark, 0,0011620 secs]
3,114: [GC cleanup 545M->73M(768M), 0,0018850 secs]
3,116: [GC concurrent-cleanup-start]
3,117: [GC concurrent-cleanup-end, 0,0014570 secs]
3,126: [GC pause (young) 132M->130M(768M), 0,0249780 secs]
3,187: [GC pause (young) 430M->155M(768M), 0,0109390 secs]
3,238: [GC pause (young) 467M->277M(768M), 0,0343220 secs]
3,304: [GC pause (young)-- 525M->630M(768M), 0,0592090 secs]
3,366: [GC pause (young) (initial-mark) 653M->655M(768M), 0,0159730 secs]
3,382: [GC concurrent-root-region-scan-start]
3,384: [GC concurrent-root-region-scan-end, 0,0018300 secs]
3,384: [GC concurrent-mark-start]
3,386: [GC pause (young) 685M->687M(768M), 0,0096380 secs]
3,399: [GC pause (young) 720M->722M(768M), 0,0087820 secs]
3,413: [GC pause (young)-- 755M->766M(768M), 0,0077530 secs]
3,421: [GC pause (young)-- 767M->767M(768M), 0,0047390 secs]
3,426: [Full GC 767M->141M(768M), 0,0509760 secs]
3,477: [GC concurrent-mark-abort]
3,518: [GC pause (young)-- 454M->463M(768M), 0,0627640 secs]
3,597: [GC pause (young) (initial-mark) 585M->502M(768M), 0,0233370 secs]
3,620: [GC concurrent-root-region-scan-start]
3,624: [GC concurrent-root-region-scan-end, 0,0035760 secs]
3,624: [GC concurrent-mark-start]
3,633: [GC concurrent-mark-end, 0,0092680 secs]
3,633: [GC remark, 0,0033200 secs]
3,640: [GC cleanup 597M->243M(768M), 0,0009080 secs]
3,641: [GC concurrent-cleanup-start]
3,641: [GC concurrent-cleanup-end, 0,0005980 secs]
3,643: [GC pause (young) 253M->250M(768M), 0,0269930 secs]
3,701: [GC pause (young) 482M->375M(768M), 0,0321240 secs]
3,755: [GC pause (young) 545M->547M(768M), 0,0428640 secs]
3,806: [GC pause (young) (initial-mark) 619M->622M(768M), 0,0222900 secs]
3,828: [GC concurrent-root-region-scan-start]
3,829: [GC concurrent-root-region-scan-end, 0,0004260 secs]
3,829: [GC concurrent-mark-start]
3,833: [GC pause (young) 656M->658M(768M), 0,0142890 secs]
3,852: [GC pause (young) 690M->691M(768M), 0,0087530 secs]
3,865: [GC concurrent-mark-end, 0,0360050 secs]
3,865: [GC remark, 0,0023720 secs]
3,867: [GC cleanup 718M->345M(768M), 0,0009070 secs]
3,868: [GC concurrent-cleanup-start]
3,869: [GC pause (young)3,869: [GC concurrent-cleanup-end, 0,0010800 secs]
 351M->353M(768M), 0,0092210 secs]
3,894: [GC pause (young) 467M->469M(768M), 0,0281750 secs]
3,936: [GC pause (young) 579M->581M(768M), 0,0296960 secs]
3,973: [GC pause (young) (initial-mark) 635M->636M(768M), 0,0158580 secs]
3,989: [GC concurrent-root-region-scan-start]
3,993: [GC pause (young)3,993: [GC concurrent-root-region-scan-end, 0,0036840 secs]
3,993: [GC concurrent-mark-start]
 665M->668M(768M), 0,0092010 secs]
4,006: [GC pause (young) 701M->702M(768M), 0,0088930 secs]
4,020: [GC pause (young)-- 735M->745M(768M), 0,0090680 secs]
4,030: [GC concurrent-mark-end, 0,0364990 secs]
4,032: [GC remark, 0,0028990 secs]
4,035: [GC cleanup 767M->342M(768M), 0,0008930 secs]
4,036: [GC concurrent-cleanup-start]
4,036: [GC concurrent-cleanup-end, 0,0008410 secs]
4,038: [GC pause (young) 353M->355M(768M), 0,0114590 secs]
4,074: [GC pause (young) 522M->525M(768M), 0,0381100 secs]
4,121: [GC pause (young) (initial-mark) 607M->609M(768M), 0,0231530 secs]
4,144: [GC concurrent-root-region-scan-start]
4,147: [GC concurrent-root-region-scan-end, 0,0023150 secs]
4,147: [GC concurrent-mark-start]
4,150: [GC pause (young) 649M->651M(768M), 0,0130110 secs]
4,168: [GC pause (young) 682M->683M(768M), 0,0091360 secs]
4,181: [GC pause (young) 716M->717M(768M), 0,0086770 secs]
4,190: [GC concurrent-mark-end, 0,0434460 secs]
4,190: [GC remark, 0,0022030 secs]
4,193: [GC cleanup 719M->335M(768M), 0,0009540 secs]
4,194: [GC concurrent-cleanup-start]
4,195: [GC concurrent-cleanup-end, 0,0015850 secs]
4,199: [GC pause (young) 366M->369M(768M), 0,0088630 secs]
4,230: [GC pause (young) 529M->531M(768M), 0,0369360 secs]
4,276: [GC pause (young) (initial-mark) 610M->612M(768M), 0,0227090 secs]
4,299: [GC concurrent-root-region-scan-start]
4,299: [GC concurrent-root-region-scan-end, 0,0006750 secs]
4,299: [GC concurrent-mark-start]
4,304: [GC pause (young) 651M->653M(768M), 0,0132940 secs]
4,322: [GC pause (young) 684M->687M(768M), 0,0092870 secs]
4,332: [GC concurrent-mark-end, 0,0324640 secs]
4,333: [GC remark, 0,0023690 secs]
4,337: [GC cleanup 716M->316M(768M), 0,0009780 secs]
4,338: [GC concurrent-cleanup-start]
4,339: [GC pause (young)4,339: [GC concurrent-cleanup-end, 0,0008190 secs]
 320M->322M(768M), 0,0092100 secs]
4,364: [GC pause (young) 438M->440M(768M), 0,0298640 secs]
4,410: [GC pause (young) 565M->568M(768M), 0,0333710 secs]
4,451: [GC pause (young) (initial-mark) 629M->630M(768M), 0,0176880 secs]
4,468: [GC concurrent-root-region-scan-start]
4,472: [GC pause (young)4,472: [GC concurrent-root-region-scan-end, 0,0039740 secs]
4,472: [GC concurrent-mark-start]
 660M->662M(768M), 0,0097380 secs]
4,488: [GC pause (young) 695M->697M(768M), 0,0104280 secs]
4,501: [GC concurrent-mark-end, 0,0289590 secs]
4,503: [GC remark, 0,0024350 secs]
4,506: [GC cleanup 725M->284M(768M), 0,0008760 secs]
4,507: [GC concurrent-cleanup-start]
4,508: [GC pause (young)4,508: [GC concurrent-cleanup-end, 0,0010430 secs]
 289M->291M(768M), 0,0104540 secs]
4,527: [GC pause (young) 352M->355M(768M), 0,0146790 secs]
4,567: [GC pause (young) 523M->526M(768M), 0,0388720 secs]
4,617: [GC pause (young) (initial-mark) 608M->610M(768M), 0,0238360 secs]
4,641: [GC concurrent-root-region-scan-start]
4,641: [GC concurrent-root-region-scan-end, 0,0004680 secs]
4,641: [GC concurrent-mark-start]
4,646: [GC pause (young) 650M->652M(768M), 0,0132280 secs]
4,663: [GC concurrent-mark-end, 0,0221330 secs]
4,663: [GC remark, 0,0030620 secs]
4,667: [GC cleanup 680M->318M(768M), 0,0008160 secs]
4,667: [GC concurrent-cleanup-start]
4,668: [GC pause (young)4,668: [GC concurrent-cleanup-end, 0,0008450 secs]
 321M->323M(768M), 0,0092200 secs]
4,688: [GC pause (young) 403M->406M(768M), 0,0220790 secs]
4,728: [GC pause (young) 548M->551M(768M), 0,0341120 secs]
4,770: [GC pause (young) (initial-mark) 620M->623M(768M), 0,0204710 secs]
4,791: [GC concurrent-root-region-scan-start]
4,793: [GC concurrent-root-region-scan-end, 0,0017500 secs]
4,793: [GC concurrent-mark-start]
4,796: [GC pause (young) 656M->658M(768M), 0,0112450 secs]
4,813: [GC concurrent-mark-end, 0,0198440 secs]
4,813: [GC remark, 0,0018060 secs]
4,815: [GC pause (young) 690M->692M(768M), 0,0100590 secs]
4,825: [GC cleanup 692M->269M(768M), 0,0009880 secs]
4,826: [GC concurrent-cleanup-start]
4,827: [GC concurrent-cleanup-end, 0,0010230 secs]
4,832: [GC pause (young) 302M->304M(768M), 0,0086590 secs]
4,865: [GC pause (young) 497M->500M(768M), 0,0424510 secs]
4,919: [GC pause (young) (initial-mark) 595M->597M(768M), 0,0284920 secs]
4,947: [GC concurrent-root-region-scan-start]
4,952: [GC concurrent-root-region-scan-end, 0,0050120 secs]
4,952: [GC concurrent-mark-start]
4,954: [GC pause (young) 643M->645M(768M), 0,0142200 secs]
4,975: [GC pause (young) 675M->677M(768M), 0,0091440 secs]
4,985: [GC concurrent-mark-end, 0,0321290 secs]
4,985: [GC remark, 0,0014810 secs]
4,986: [GC cleanup 680M->290M(768M), 0,0008510 secs]
4,987: [GC concurrent-cleanup-start]
4,988: [GC concurrent-cleanup-end, 0,0007630 secs]
4,993: [GC pause (young) 320M->323M(768M), 0,0088860 secs]
5,025: [GC pause (young) 507M->510M(768M), 0,0420770 secs]
5,077: [GC pause (young) (initial-mark) 600M->602M(768M), 0,0257180 secs]
5,103: [GC concurrent-root-region-scan-start]
5,107: [GC concurrent-root-region-scan-end, 0,0039130 secs]
5,107: [GC concurrent-mark-start]
5,109: [GC pause (young) 646M->648M(768M), 0,0140730 secs]
5,127: [GC pause (young) 678M->680M(768M), 0,0093840 secs]
5,140: [GC concurrent-mark-end, 0,0332110 secs]
5,141: [GC remark, 0,0032610 secs]
5,145: [GC cleanup 709M->329M(768M), 0,0010770 secs]
5,146: [GC concurrent-cleanup-start]
5,1465,146: : [GC pause (young)[GC concurrent-cleanup-end, 0,0007500 secs]
 333M->336M(768M), 0,0088640 secs]
5,180: [GC pause (young) 513M->516M(768M), 0,0400650 secs]
5,230: [GC pause (young) 603M->605M(768M), 0,0255610 secs]
5,261: [GC pause (young) (initial-mark) 647M->650M(768M), 0,0136580 secs]
5,274: [GC concurrent-root-region-scan-start]
5,275: [GC concurrent-root-region-scan-end, 0,0002480 secs]
5,275: [GC concurrent-mark-start]
5,279: [GC pause (young) 681M->683M(768M), 0,0093170 secs]
5,292: [GC concurrent-mark-end, 0,0175300 secs]
5,292: [GC remark, 0,0027610 secs]
5,295: [GC cleanup 712M->301M(768M), 0,0009370 secs]
5,296: [GC concurrent-cleanup-start]
5,297: [GC pause (young)5,297: [GC concurrent-cleanup-end, 0,0010550 secs]
 305M->308M(768M), 0,0088660 secs]
5,325: [GC pause (young) 426M->429M(768M), 0,0294010 secs]
5,370: [GC pause (young) 560M->562M(768M), 0,0339080 secs]
5,411: [GC pause (young) (initial-mark) 626M->628M(768M), 0,0188300 secs]
5,430: [GC concurrent-root-region-scan-start]
5,432: [GC concurrent-root-region-scan-end, 0,0023160 secs]
5,432: [GC concurrent-mark-start]
5,435: [GC pause (young) 659M->662M(768M), 0,0102140 secs]
5,449: [GC concurrent-mark-end, 0,0168790 secs]
5,449: [GC remark, 0,0023690 secs]
5,452: [GC pause (young) 694M->697M(768M), 0,0109570 secs]
5,463: [GC cleanup 698M->267M(768M), 0,0009980 secs]
5,464: [GC concurrent-cleanup-start]
5,466: [GC concurrent-cleanup-end, 0,0012840 secs]
5,470: [GC pause (young) 299M->301M(768M), 0,0085740 secs]
5,510: [GC pause (young) 496M->499M(768M), 0,0432020 secs]
5,565: [GC pause (young) (initial-mark) 594M->597M(768M), 0,0290000 secs]
5,594: [GC concurrent-root-region-scan-start]
5,597: [GC concurrent-root-region-scan-end, 0,0028320 secs]
5,597: [GC concurrent-mark-start]
5,600: [GC pause (young) 643M->645M(768M), 0,0145160 secs]
5,620: [GC pause (young) 675M->677M(768M), 0,0091330 secs]
5,630: [GC concurrent-mark-end, 0,0333090 secs]
5,630: [GC remark, 0,0025840 secs]
5,633: [GC cleanup 688M->350M(768M), 0,0009200 secs]
5,634: [GC concurrent-cleanup-start]
5,635: [GC concurrent-cleanup-end, 0,0013660 secs]
5,638: [GC pause (young) 372M->374M(768M), 0,0091400 secs]
5,668: [GC pause (young) 532M->534M(768M), 0,0383140 secs]
5,715: [GC pause (young) (initial-mark) 612M->615M(768M), 0,0234920 secs]
5,738: [GC concurrent-root-region-scan-start]
5,742: [GC concurrent-root-region-scan-end, 0,0037450 secs]
5,742: [GC concurrent-mark-start]
5,744: [GC pause (young) 652M->654M(768M), 0,0126630 secs]
5,763: [GC concurrent-mark-end, 0,0209250 secs]
5,763: [GC remark, 0,0012900 secs]
5,765: [GC cleanup 678M->238M(768M), 0,0008800 secs]
5,766: [GC concurrent-cleanup-start]
5,767: [GC pause (young)5,767: [GC concurrent-cleanup-end, 0,0012640 secs]
 245M->246M(768M), 0,0086880 secs]
5,792: [GC pause (young) 366M->368M(768M), 0,0260610 secs]
5,840: [GC pause (young) 529M->531M(768M), 0,0430320 secs]
5,892: [GC pause (young) (initial-mark) 610M->613M(768M), 0,0226510 secs]
5,915: [GC concurrent-root-region-scan-start]
5,919: [GC concurrent-root-region-scan-end, 0,0039300 secs]
5,919: [GC concurrent-mark-start]
5,920: [GC pause (young) 651M->653M(768M), 0,0145910 secs]
5,941: [GC pause (young) 684M->686M(768M), 0,0093280 secs]
5,951: [GC concurrent-mark-end, 0,0322790 secs]
5,952: [GC remark, 0,0058590 secs]
5,958: [GC cleanup 688M->311M(768M), 0,0008800 secs]
5,959: [GC concurrent-cleanup-start]
5,960: [GC concurrent-cleanup-end, 0,0009820 secs]
5,965: [GC pause (young) 342M->343M(768M), 0,0088330 secs]
5,996: [GC pause (young) 516M->518M(768M), 0,0387050 secs]
6,048: [GC pause (young) (initial-mark) 604M->605M(768M), 0,0283570 secs]
6,076: [GC concurrent-root-region-scan-start]
6,082: [GC concurrent-root-region-scan-end, 0,0057540 secs]
6,082: [GC concurrent-mark-start]
6,082: [GC pause (young) 647M->649M(768M), 0,0160620 secs]
6,104: [GC pause (young) 680M->682M(768M), 0,0091060 secs]
6,115: [GC concurrent-mark-end, 0,0334400 secs]
6,116: [GC remark, 0,0014040 secs]
6,117: [GC cleanup 703M->309M(768M), 0,0008630 secs]
6,118: [GC concurrent-cleanup-start]
6,120: [GC concurrent-cleanup-end, 0,0015120 secs]
6,120: [GC pause (young) 321M->322M(768M), 0,0090490 secs]
6,154: [GC pause (young) 506M->509M(768M), 0,0473440 secs]
6,213: [GC pause (young) (initial-mark) 599M->601M(768M), 0,0300640 secs]
6,244: [GC concurrent-root-region-scan-start]
6,249: [GC pause (young)6,249: [GC concurrent-root-region-scan-end, 0,0054100 secs]
6,249: [GC concurrent-mark-start]
 645M->647M(768M), 0,0154970 secs]
6,269: [GC pause (young) 677M->679M(768M), 0,0106790 secs]
6,284: [GC pause (young) 712M->713M(768M), 0,0119290 secs]
6,301: [GC pause (young)-- 746M->759M(768M), 0,0109500 secs]
6,313: [GC pause (young)-- 767M->767M(768M), 0,0057700 secs]
6,319: [Full GC 767M->299M(768M), 0,0899360 secs]
6,409: [GC concurrent-mark-abort]
6,441: [GC pause (young) 526M->528M(768M), 0,0463080 secs]
6,497: [GC pause (young) (initial-mark) 613M->616M(768M), 0,0261000 secs]
6,523: [GC concurrent-root-region-scan-start]
6,528: [GC pause (young)6,528: [GC concurrent-root-region-scan-end, 0,0048340 secs]
6,528: [GC concurrent-mark-start]
 652M->653M(768M), 0,0131200 secs]
6,545: [GC pause (young) 684M->685M(768M), 0,0126820 secs]
6,563: [GC pause (young) 718M->720M(768M), 0,0106990 secs]
6,580: [GC concurrent-mark-end, 0,0515180 secs]
6,580: [GC remark, 0,0017120 secs]
6,582: [GC pause (young)-- 753M->761M(768M), 0,0082020 secs]
6,591: [GC cleanup 761M->460M(768M), 0,0008370 secs]
6,591: [GC concurrent-cleanup-start]
6,592: [GC concurrent-cleanup-end, 0,0009220 secs]
6,599: [GC pause (young) 492M->496M(768M), 0,0084910 secs]
6,612: [GC pause (mixed) 529M->521M(768M), 0,0112300 secs]
6,636: [GC pause (young) 606M->608M(768M), 0,0181040 secs]
6,659: [GC pause (young) (initial-mark) 649M->650M(768M), 0,0118930 secs]
6,671: [GC concurrent-root-region-scan-start]
6,673: [GC concurrent-root-region-scan-end, 0,0018160 secs]
6,673: [GC concurrent-mark-start]
6,675: [GC pause (young) 681M->683M(768M), 0,0087130 secs]
6,689: [GC pause (young) 716M->718M(768M), 0,0111340 secs]
6,703: [GC concurrent-mark-end, 0,0299960 secs]
6,703: [GC remark, 0,0014350 secs]
6,706: [GC cleanup 747M->276M(768M), 0,0009620 secs]
6,707: [GC concurrent-cleanup-start]
6,707: [GC pause (young)6,708: [GC concurrent-cleanup-end, 0,0010500 secs]
 280M->281M(768M), 0,0126600 secs]
6,739: [GC pause (young) 415M->418M(768M), 0,0381700 secs]
6,795: [GC pause (young) 554M->557M(768M), 0,0393200 secs]
6,842: [GC pause (young) (initial-mark) 623M->624M(768M), 0,0188620 secs]
6,861: [GC concurrent-root-region-scan-start]
6,865: [GC pause (young)6,866: [GC concurrent-root-region-scan-end, 0,0049870 secs]
6,866: [GC concurrent-mark-start]
 657M->659M(768M), 0,0110840 secs]
6,880: [GC pause (young) 691M->693M(768M), 0,0090510 secs]
6,894: [GC pause (young) 726M->727M(768M), 0,0099930 secs]
6,909: [GC pause (young)-- 760M->765M(768M), 0,0080330 secs]
6,918: [GC pause (young)-- 767M->767M(768M), 0,0043150 secs]
6,924: [Full GC 767M->151M(768M), 0,0537940 secs]
6,978: [GC concurrent-mark-abort]
7,019: [GC pause (young) 453M->358M(768M), 0,0426330 secs]
7,085: [GC pause (young) 546M->426M(768M), 0,0269010 secs]
7,129: [GC pause (young) (initial-mark) 578M->581M(768M), 0,0365540 secs]
7,166: [GC concurrent-root-region-scan-start]
7,168: [GC concurrent-root-region-scan-end, 0,0023080 secs]
7,168: [GC concurrent-mark-start]
7,176: [GC pause (young) 635M->637M(768M), 0,0192100 secs]
7,197: [GC concurrent-mark-end, 0,0292200 secs]
7,198: [GC remark, 0,0022020 secs]
7,202: [GC pause (young) 665M->667M(768M), 0,0134430 secs]
7,216: [GC cleanup 670M->320M(768M), 0,0009030 secs]
7,217: [GC concurrent-cleanup-start]
7,218: [GC concurrent-cleanup-end, 0,0007220 secs]
7,223: [GC pause (young) 349M->350M(768M), 0,0095240 secs]
7,255: [GC pause (young) 520M->522M(768M), 0,0416950 secs]
7,308: [GC pause (young) (initial-mark) 606M->610M(768M), 0,0260220 secs]
7,334: [GC concurrent-root-region-scan-start]
7,336: [GC concurrent-root-region-scan-end, 0,0023640 secs]
7,336: [GC concurrent-mark-start]
7,341: [GC pause (young) 650M->652M(768M), 0,0151930 secs]
7,360: [GC pause (young) 683M->684M(768M), 0,0128200 secs]
7,377: [GC pause (young) 717M->718M(768M), 0,0116800 secs]
7,391: [GC concurrent-mark-end, 0,0546670 secs]
7,393: [GC remark, 0,0016300 secs]
7,395: [GC pause (young)-- 751M->760M(768M), 0,0088120 secs]
7,404: [GC cleanup 761M->395M(768M), 0,0008540 secs]
7,405: [GC concurrent-cleanup-start]
7,406: [GC concurrent-cleanup-end, 0,0013370 secs]
7,410: [GC pause (young) 427M->430M(768M), 0,0091640 secs]
7,440: [GC pause (young) 560M->562M(768M), 0,0308600 secs]
7,478: [GC pause (young) (initial-mark) 626M->628M(768M), 0,0186440 secs]
7,497: [GC concurrent-root-region-scan-start]
7,501: [GC pause (young)7,501: [GC concurrent-root-region-scan-end, 0,0044210 secs]
7,501: [GC concurrent-mark-start]
 659M->661M(768M), 0,0109800 secs]
7,516: [GC pause (young) 693M->695M(768M), 0,0088520 secs]
7,530: [GC pause (young)-- 728M->734M(768M), 0,0113840 secs]
7,541: [GC concurrent-mark-end, 0,0402400 secs]
7,544: [GC remark, 0,0015180 secs]
7,546: [GC cleanup 758M->322M(768M), 0,0012670 secs]
7,547: [GC concurrent-cleanup-start]
7,549: [GC concurrent-cleanup-end, 0,0013560 secs]
7,549: [GC pause (young) 331M->333M(768M), 0,0107480 secs]
7,586: [GC pause (young) 511M->513M(768M), 0,0409060 secs]
7,644: [GC pause (young) 601M->603M(768M), 0,0282340 secs]
7,677: [GC pause (young) (initial-mark) 646M->648M(768M), 0,0153180 secs]
7,693: [GC concurrent-root-region-scan-start]
7,696: [GC concurrent-root-region-scan-end, 0,0032880 secs]
7,696: [GC concurrent-mark-start]
7,696: [GC pause (young) 678M->680M(768M), 0,0095910 secs]
7,711: [GC pause (young) 713M->714M(768M), 0,0106180 secs]
7,723: [GC concurrent-mark-end, 0,0271120 secs]
7,723: [GC remark, 0,0036320 secs]
7,727: [GC cleanup 722M->363M(768M), 0,0008760 secs]
7,728: [GC concurrent-cleanup-start]
7,729: [GC concurrent-cleanup-end, 0,0010020 secs]
7,734: [GC pause (young) 388M->390M(768M), 0,0102430 secs]
7,765: [GC pause (young) 540M->543M(768M), 0,0324410 secs]
7,806: [GC pause (young) (initial-mark) 616M->618M(768M), 0,0210390 secs]
7,828: [GC concurrent-root-region-scan-start]
7,829: [GC concurrent-root-region-scan-end, 0,0016880 secs]
7,829: [GC concurrent-mark-start]
7,834: [GC pause (young) 654M->656M(768M), 0,0131900 secs]
7,853: [GC pause (young) 688M->691M(768M), 0,0091010 secs]
7,863: [GC concurrent-mark-end, 0,0337620 secs]
7,863: [GC remark, 0,0013150 secs]
7,865: [GC cleanup 692M->285M(768M), 0,0009580 secs]
7,866: [GC concurrent-cleanup-start]
7,866: [GC concurrent-cleanup-end, 0,0008660 secs]
7,872: [GC pause (young) 317M->318M(768M), 0,0089710 secs]
7,904: [GC pause (young) 504M->507M(768M), 0,0419180 secs]
7,957: [GC pause (young) (initial-mark) 598M->600M(768M), 0,0265100 secs]
7,984: [GC concurrent-root-region-scan-start]
7,989: [GC concurrent-root-region-scan-end, 0,0045730 secs]
7,989: [GC concurrent-mark-start]
7,990: [GC pause (young) 645M->648M(768M), 0,0139730 secs]
8,008: [GC pause (young) 678M->680M(768M), 0,0088480 secs]
8,018: [GC concurrent-mark-end, 0,0292020 secs]
8,018: [GC remark, 0,0017510 secs]
8,021: [GC cleanup 691M->299M(768M), 0,0009950 secs]
8,022: [GC concurrent-cleanup-start]
8,024: [GC concurrent-cleanup-end, 0,0015380 secs]
8,025: [GC pause (young) 321M->324M(768M), 0,0088530 secs]
8,059: [GC pause (young) 507M->510M(768M), 0,0620160 secs]
8,135: [GC pause (young) (initial-mark) 600M->602M(768M), 0,0330120 secs]
8,168: [GC concurrent-root-region-scan-start]
8,170: [GC concurrent-root-region-scan-end, 0,0015870 secs]
8,170: [GC concurrent-mark-start]
8,176: [GC pause (young) 646M->649M(768M), 0,0172000 secs]
8,197: [GC concurrent-mark-end, 0,0268430 secs]
8,197: [GC pause (young) 679M->681M(768M), 0,0142160 secs]
8,218: [GC remark, 0,0077530 secs]
8,226: [GC cleanup 711M->285M(768M), 0,0014020 secs]
8,227: [GC concurrent-cleanup-start]
8,228: [GC concurrent-cleanup-end, 0,0009390 secs]
8,229: [GC pause (young) 288M->289M(768M), 0,0132580 secs]
8,276: [GC pause (young) 490M->493M(768M), 0,0520240 secs]
8,341: [GC pause (young) 591M->594M(768M), 0,0309290 secs]
8,379: [GC pause (young) (initial-mark) 642M->643M(768M), 0,0188930 secs]
8,398: [GC concurrent-root-region-scan-start]
8,401: [GC concurrent-root-region-scan-end, 0,0023790 secs]
8,401: [GC concurrent-mark-start]
8,402: [GC pause (young) 673M->674M(768M), 0,0127520 secs]
8,420: [GC pause (young) 707M->710M(768M), 0,0120260 secs]
8,435: [GC concurrent-mark-end, 0,0344600 secs]
8,437: [GC remark, 0,0037720 secs]
8,441: [GC cleanup 743M->370M(768M), 0,0009810 secs]
8,442: [GC concurrent-cleanup-start]
8,442: [GC pause (young)8,442: [GC concurrent-cleanup-end, 0,0006600 secs]
 370M->371M(768M), 0,0099260 secs]
8,459: [GC pause (young) 404M->406M(768M), 0,0110980 secs]
8,489: [GC pause (young) 548M->550M(768M), 0,0361130 secs]
8,535: [GC pause (young) (initial-mark) 620M->622M(768M), 0,0213690 secs]
8,556: [GC concurrent-root-region-scan-start]
8,561: [GC pause (young)8,561: [GC concurrent-root-region-scan-end, 0,0043020 secs]
8,561: [GC concurrent-mark-start]
 656M->658M(768M), 0,0108740 secs]
8,577: [GC pause (young) 690M->692M(768M), 0,0084340 secs]
8,590: [GC concurrent-mark-end, 0,0295040 secs]
8,590: [GC pause (young) 725M->726M(768M), 0,0087280 secs]
8,599: [GC remark, 0,0014440 secs]
8,601: [GC cleanup 728M->307M(768M), 0,0008620 secs]
8,602: [GC concurrent-cleanup-start]
8,603: [GC concurrent-cleanup-end, 0,0017000 secs]
8,608: [GC pause (young) 338M->339M(768M), 0,0087170 secs]
8,638: [GC pause (young) 515M->518M(768M), 0,0402190 secs]
8,689: [GC pause (young) (initial-mark) 604M->606M(768M), 0,0264550 secs]
8,715: [GC concurrent-root-region-scan-start]
8,718: [GC concurrent-root-region-scan-end, 0,0031360 secs]
8,718: [GC concurrent-mark-start]
8,721: [GC pause (young) 648M->651M(768M), 0,0146380 secs]
8,740: [GC pause (young) 682M->684M(768M), 0,0091550 secs]
8,752: [GC concurrent-mark-end, 0,0338630 secs]
8,752: [GC remark, 0,0014270 secs]
8,754: [GC cleanup 710M->332M(768M), 0,0009290 secs]
8,755: [GC concurrent-cleanup-start]
8,756: [GC concurrent-cleanup-end, 0,0009190 secs]
8,756: [GC pause (young) 339M->340M(768M), 0,0101120 secs]
8,792: [GC pause (young) 515M->516M(768M), 0,0400910 secs]
8,843: [GC pause (young) (initial-mark) 603M->605M(768M), 0,0251260 secs]
8,868: [GC concurrent-root-region-scan-start]
8,873: [GC concurrent-root-region-scan-end, 0,0043250 secs]
8,873: [GC concurrent-mark-start]
8,873: [GC pause (young) 647M->649M(768M), 0,0139660 secs]
8,892: [GC pause (young) 680M->682M(768M), 0,0104340 secs]
8,905: [GC concurrent-mark-end, 0,0325170 secs]
8,905: [GC remark, 0,0021230 secs]
8,909: [GC cleanup 704M->280M(768M), 0,0009890 secs]
8,910: [GC concurrent-cleanup-start]
8,911: [GC concurrent-cleanup-end, 0,0009100 secs]
8,912: [GC pause (young) 291M->294M(768M), 0,0087620 secs]
8,949: [GC pause (young) 492M->494M(768M), 0,0438130 secs]
9,004: [GC pause (young) (initial-mark) 592M->594M(768M), 0,0278970 secs]
9,032: [GC concurrent-root-region-scan-start]
9,035: [GC concurrent-root-region-scan-end, 0,0029060 secs]
9,035: [GC concurrent-mark-start]
9,038: [GC pause (young) 642M->644M(768M), 0,0156930 secs]
9,058: [GC pause (young) 674M->676M(768M), 0,0094780 secs]
9,069: [GC concurrent-mark-end, 0,0341080 secs]
9,069: [GC remark, 0,0022480 secs]
9,072: [GC cleanup 689M->320M(768M), 0,0009470 secs]
9,073: [GC concurrent-cleanup-start]
9,074: [GC concurrent-cleanup-end, 0,0009830 secs]
9,078: [GC pause (young) 340M->342M(768M), 0,0089070 secs]
9,110: [GC pause (young) 516M->518M(768M), 0,0409890 secs]
9,161: [GC pause (young) (initial-mark) 604M->606M(768M), 0,0277000 secs]
9,189: [GC concurrent-root-region-scan-start]
9,194: [GC pause (young)9,195: [GC concurrent-root-region-scan-end, 0,0057450 secs]
9,195: [GC concurrent-mark-start]
 648M->651M(768M), 0,0140200 secs]
9,216: [GC pause (young) 682M->684M(768M), 0,0096860 secs]
9,227: [GC concurrent-mark-end, 0,0323850 secs]
9,227: [GC remark, 0,0016560 secs]
9,229: [GC cleanup 697M->286M(768M), 0,0009780 secs]
9,230: [GC concurrent-cleanup-start]
9,231: [GC concurrent-cleanup-end, 0,0009410 secs]
9,235: [GC pause (young) 306M->307M(768M), 0,0098650 secs]
9,270: [GC pause (young) 499M->502M(768M), 0,0430090 secs]
9,324: [GC pause (young) (initial-mark) 596M->599M(768M), 0,0293830 secs]
9,354: [GC concurrent-root-region-scan-start]
9,356: [GC concurrent-root-region-scan-end, 0,0021820 secs]
9,356: [GC concurrent-mark-start]
9,361: [GC pause (young) 644M->646M(768M), 0,0165670 secs]
9,382: [GC concurrent-mark-end, 0,0254900 secs]
9,382: [GC pause (young) 676M->677M(768M), 0,0092120 secs]
9,392: [GC remark, 0,0018540 secs]
9,394: [GC cleanup 679M->316M(768M), 0,0009260 secs]
9,395: [GC concurrent-cleanup-start]
9,396: [GC concurrent-cleanup-end, 0,0014570 secs]
9,402: [GC pause (young) 347M->349M(768M), 0,0085610 secs]
9,416: [GC pause (mixed) 382M->380M(768M), 0,0093870 secs]
9,447: [GC pause (young) 535M->538M(768M), 0,0373950 secs]
9,494: [GC pause (young) (initial-mark) 614M->615M(768M), 0,0254190 secs]
9,519: [GC concurrent-root-region-scan-start]
9,520: [GC concurrent-root-region-scan-end, 0,0010390 secs]
9,520: [GC concurrent-mark-start]
9,526: [GC pause (young) 652M->654M(768M), 0,0148630 secs]
9,544: [GC concurrent-mark-end, 0,0239490 secs]
9,544: [GC remark, 0,0015050 secs]
9,546: [GC cleanup 661M->241M(768M), 0,0020640 secs]
9,548: [GC concurrent-cleanup-start]
9,551: [GC concurrent-cleanup-end, 0,0024500 secs]
9,553: [GC pause (young) 265M->267M(768M), 0,0092880 secs]
9,592: [GC pause (young) 479M->482M(768M), 0,0480860 secs]
9,653: [GC pause (young) (initial-mark) 586M->589M(768M), 0,0319570 secs]
9,685: [GC concurrent-root-region-scan-start]
9,688: [GC concurrent-root-region-scan-end, 0,0026920 secs]
9,688: [GC concurrent-mark-start]
9,694: [GC pause (young) 639M->641M(768M), 0,0180160 secs]
9,714: [GC concurrent-mark-end, 0,0257620 secs]
9,714: [GC remark, 0,0023250 secs]
9,717: [GC cleanup 658M->244M(768M), 0,0009500 secs]
9,718: [GC concurrent-cleanup-start]
9,718: [GC concurrent-cleanup-end, 0,0008110 secs]
9,720: [GC pause (young) 256M->258M(768M), 0,0098840 secs]
9,759: [GC pause (young) 474M->477M(768M), 0,0488160 secs]
9,820: [GC pause (young) (initial-mark) 583M->585M(768M), 0,0309670 secs]
9,851: [GC concurrent-root-region-scan-start]
9,855: [GC concurrent-root-region-scan-end, 0,0040390 secs]
9,855: [GC concurrent-mark-start]
9,858: [GC pause (young) 637M->639M(768M), 0,0194930 secs]
9,883: [GC pause (young) 668M->670M(768M), 0,0108080 secs]
9,894: [GC concurrent-mark-end, 0,0391710 secs]
9,894: [GC remark, 0,0016680 secs]
9,896: [GC cleanup 679M->284M(768M), 0,0010200 secs]
9,898: [GC concurrent-cleanup-start]
9,899: [GC concurrent-cleanup-end, 0,0015760 secs]
9,903: [GC pause (young) 308M->311M(768M), 0,0116420 secs]
9,940: [GC pause (young) 501M->502M(768M), 0,0444880 secs]
9,997: [GC pause (young) (initial-mark) 596M->599M(768M), 0,0301800 secs]
10,027: [GC concurrent-root-region-scan-start]
10,028: [GC concurrent-root-region-scan-end, 0,0003270 secs]
10,028: [GC concurrent-mark-start]
10,033: [GC pause (young) 644M->646M(768M), 0,0166690 secs]
10,054: [GC pause (young) 676M->678M(768M), 0,0104270 secs]
10,066: [GC concurrent-mark-end, 0,0385930 secs]
10,066: [GC remark, 0,0024220 secs]
10,069: [GC cleanup 691M->323M(768M), 0,0008430 secs]
10,070: [GC concurrent-cleanup-start]
10,071: [GC concurrent-cleanup-end, 0,0008980 secs]
10,074: [GC pause (young) 343M->345M(768M), 0,0102560 secs]
10,107: [GC pause (young) 518M->519M(768M), 0,0420060 secs]
10,159: [GC pause (young) (initial-mark) 604M->607M(768M), 0,0258720 secs]
10,185: [GC concurrent-root-region-scan-start]
10,188: [GC concurrent-root-region-scan-end, 0,0037390 secs]
10,188: [GC concurrent-mark-start]
10,190: [GC pause (young) 648M->650M(768M), 0,0134430 secs]
10,208: [GC pause (young) 681M->684M(768M), 0,0095890 secs]
10,219: [GC concurrent-mark-end, 0,0309990 secs]
10,219: [GC remark, 0,0022600 secs]
10,222: [GC cleanup 685M->256M(768M), 0,0010770 secs]
10,223: [GC concurrent-cleanup-start]
10,224: [GC concurrent-cleanup-end, 0,0013060 secs]
10,228: [GC pause (young) 288M->290M(768M), 0,0094320 secs]
10,264: [GC pause (young) 490M->492M(768M), 0,0446250 secs]
10,321: [GC pause (young) (initial-mark) 591M->593M(768M), 0,0288690 secs]
10,350: [GC concurrent-root-region-scan-start]
10,353: [GC concurrent-root-region-scan-end, 0,0037860 secs]
10,353: [GC concurrent-mark-start]
10,356: [GC pause (young) 641M->643M(768M), 0,0167310 secs]
10,377: [GC pause (young) 673M->675M(768M), 0,0099410 secs]
10,391: [GC concurrent-mark-end, 0,0374560 secs]
10,391: [GC remark, 0,0021970 secs]
10,393: [GC cleanup 706M->326M(768M), 0,0010830 secs]
10,394: [GC concurrent-cleanup-start]
10,395: [GC pause (young)10,395: [GC concurrent-cleanup-end, 0,0009000 secs]
 328M->330M(768M), 0,0089090 secs]
10,419: [GC pause (young) 427M->430M(768M), 0,0232380 secs]
10,460: [GC pause (young) 560M->563M(768M), 0,0327410 secs]
10,501: [GC pause (young) (initial-mark) 626M->628M(768M), 0,0192560 secs]
10,520: [GC concurrent-root-region-scan-start]
10,522: [GC concurrent-root-region-scan-end, 0,0013000 secs]
10,522: [GC concurrent-mark-start]
10,525: [GC pause (young) 659M->661M(768M), 0,0108280 secs]
10,540: [GC concurrent-mark-end, 0,0182930 secs]
10,540: [GC remark, 0,0027730 secs]
10,543: [GC pause (young) 693M->695M(768M), 0,0110260 secs]
10,556: [GC cleanup 703M->272M(768M), 0,0010000 secs]
10,557: [GC concurrent-cleanup-start]
10,559: [GC concurrent-cleanup-end, 0,0018330 secs]
10,561: [GC pause (young) 297M->299M(768M), 0,0146340 secs]
10,605: [GC pause (young) 495M->497M(768M), 0,0452660 secs]
10,661: [GC pause (young) (initial-mark) 593M->595M(768M), 0,0307630 secs]
10,692: [GC concurrent-root-region-scan-start]
10,698: [GC concurrent-root-region-scan-end, 0,0053540 secs]
10,698: [GC concurrent-mark-start]
10,704: [GC pause (young) 642M->643M(768M), 0,0160400 secs]
10,722: [GC concurrent-mark-end, 0,0243110 secs]
10,722: [GC remark, 0,0022960 secs]
10,725: [GC cleanup 661M->296M(768M), 0,0008810 secs]
10,725: [GC concurrent-cleanup-start]
10,727: [GC concurrent-cleanup-end, 0,0010070 secs]
10,728: [GC pause (young) 308M->310M(768M), 0,0104290 secs]
10,766: [GC pause (young) 500M->503M(768M), 0,0446560 secs]
10,822: [GC pause (young) (initial-mark) 596M->598M(768M), 0,0307230 secs]
10,853: [GC concurrent-root-region-scan-start]
10,856: [GC concurrent-root-region-scan-end, 0,0033730 secs]
10,856: [GC concurrent-mark-start]
10,858: [GC pause (young) 644M->646M(768M), 0,0171900 secs]
10,880: [GC pause (young) 676M->678M(768M), 0,0100270 secs]
10,893: [GC concurrent-mark-end, 0,0365530 secs]
10,893: [GC remark, 0,0030070 secs]
10,896: [GC cleanup 696M->304M(768M), 0,0009390 secs]
10,897: [GC concurrent-cleanup-start]
10,898: [GC concurrent-cleanup-end, 0,0013940 secs]
10,901: [GC pause (young) 319M->321M(768M), 0,0105540 secs]
10,938: [GC pause (young) 506M->508M(768M), 0,0412550 secs]
10,989: [GC pause (young) (initial-mark) 599M->601M(768M), 0,0268530 secs]
11,016: [GC concurrent-root-region-scan-start]
11,022: [GC concurrent-root-region-scan-end, 0,0052470 secs]
11,022: [GC concurrent-mark-start]
11,023: [GC pause (young) 645M->648M(768M), 0,0170420 secs]
11,044: [GC pause (young) 678M->680M(768M), 0,0088560 secs]
11,057: [GC concurrent-mark-end, 0,0352310 secs]
11,057: [GC remark, 0,0022390 secs]
11,059: [GC cleanup 706M->295M(768M), 0,0008850 secs]
11,060: [GC concurrent-cleanup-start]
11,061: [GC concurrent-cleanup-end, 0,0009560 secs]
11,062: [GC pause (young) 302M->304M(768M), 0,0097480 secs]
11,099: [GC pause (young) 497M->499M(768M), 0,0447130 secs]
11,154: [GC pause (young) (initial-mark) 594M->597M(768M), 0,0285720 secs]
11,183: [GC concurrent-root-region-scan-start]
11,184: [GC concurrent-root-region-scan-end, 0,0016080 secs]
11,185: [GC concurrent-mark-start]
11,189: [GC pause (young) 643M->645M(768M), 0,0169550 secs]
11,211: [GC pause (young) 675M->677M(768M), 0,0096480 secs]
11,221: [GC concurrent-mark-end, 0,0366140 secs]
11,221: [GC remark, 0,0021920 secs]
11,224: [GC cleanup 682M->290M(768M), 0,0010270 secs]
11,225: [GC concurrent-cleanup-start]
11,226: [GC concurrent-cleanup-end, 0,0010570 secs]
11,231: [GC pause (young) 318M->319M(768M), 0,0092390 secs]
11,266: [GC pause (young) 505M->507M(768M), 0,0409480 secs]
11,318: [GC pause (young) (initial-mark) 598M->600M(768M), 0,0280810 secs]
11,346: [GC concurrent-root-region-scan-start]
11,351: [GC concurrent-root-region-scan-end, 0,0043660 secs]
11,351: [GC concurrent-mark-start]
11,352: [GC pause (young) 645M->647M(768M), 0,0298250 secs]
11,387: [GC pause (young) 677M->679M(768M), 0,0142160 secs]
11,412: [GC pause (young) 712M->714M(768M), 0,0171940 secs]
11,432: [GC concurrent-mark-end, 0,0815520 secs]
11,433: [GC remark, 0,0016960 secs]
11,435: [GC pause (young)-- 747M->762M(768M), 0,0102050 secs]
11,446: [GC pause (young)-- 767M->767M(768M), 0,0044760 secs]
11,451: [GC cleanup 767M->359M(768M), 0,0009080 secs]
11,452: [GC concurrent-cleanup-start]
11,453: [GC concurrent-cleanup-end, 0,0011050 secs]
11,462: [GC pause (young) 397M->399M(768M), 0,0173530 secs]
11,507: [GC pause (young) 551M->557M(768M), 0,0438100 secs]
11,564: [GC pause (young) (initial-mark) 624M->632M(768M), 0,0258680 secs]
11,590: [GC concurrent-root-region-scan-start]
11,591: [GC concurrent-root-region-scan-end, 0,0017550 secs]
11,591: [GC concurrent-mark-start]
11,596: [GC pause (young) 661M->662M(768M), 0,0141820 secs]
11,616: [GC concurrent-mark-end, 0,0242810 secs]
11,616: [GC remark, 0,0037980 secs]
11,620: [GC cleanup 682M->273M(768M), 0,0014060 secs]
11,621: [GC concurrent-cleanup-start]
11,622: [GC concurrent-cleanup-end, 0,0009360 secs]
11,627: [GC pause (young) 286M->288M(768M), 0,0112420 secs]
11,669: [GC pause (young) 489M->491M(768M), 0,0540850 secs]
11,744: [GC pause (young) (initial-mark) 590M->593M(768M), 0,0376610 secs]
11,781: [GC concurrent-root-region-scan-start]
11,789: [GC concurrent-root-region-scan-end, 0,0075670 secs]
11,789: [GC concurrent-mark-start]
11,789: [GC pause (young) 641M->643M(768M), 0,0228560 secs]
11,817: [GC pause (young) 673M->674M(768M), 0,0140730 secs]
11,837: [GC pause (young) 707M->709M(768M), 0,0118690 secs]
11,850: [GC concurrent-mark-end, 0,0612360 secs]
11,850: [GC remark, 0,0021830 secs]
11,857: [GC cleanup 740M->361M(768M), 0,0029300 secs]
11,860: [GC concurrent-cleanup-start]
11,860: [GC concurrent-cleanup-end, 0,0006730 secs]
11,864: [GC pause (young) 363M->365M(768M), 0,0162520 secs]
11,906: [GC pause (young) 527M->529M(768M), 0,0506070 secs]
11,970: [GC pause (young) (initial-mark) 609M->611M(768M), 0,0280660 secs]
11,998: [GC concurrent-root-region-scan-start]
12,001: [GC concurrent-root-region-scan-end, 0,0023490 secs]
12,001: [GC concurrent-mark-start]
12,005: [GC pause (young) 650M->652M(768M), 0,0190370 secs]
12,028: [GC concurrent-mark-end, 0,0275090 secs]
12,028: [GC remark, 0,0048350 secs]
12,033: [GC cleanup 659M->247M(768M), 0,0013040 secs]
12,035: [GC concurrent-cleanup-start]
12,036: [GC concurrent-cleanup-end, 0,0014240 secs]
12,041: [GC pause (young) 271M->273M(768M), 0,0219590 secs]
12,101: [GC pause (young) 481M->485M(768M), 0,0570220 secs]
12,176: [GC pause (young) (initial-mark) 587M->590M(768M), 0,0412720 secs]
12,217: [GC concurrent-root-region-scan-start]
12,220: [GC concurrent-root-region-scan-end, 0,0029590 secs]
12,220: [GC concurrent-mark-start]
12,225: [GC pause (young) 640M->641M(768M), 0,0216080 secs]
12,250: [GC pause (young) 670M->671M(768M), 0,0120070 secs]
12,267: [GC pause (young) 704M->706M(768M), 0,0222090 secs]
12,290: [GC concurrent-mark-end, 0,0700450 secs]
12,292: [GC remark, 0,0019970 secs]
12,294: [GC cleanup 722M->320M(768M), 0,0009620 secs]
12,295: [GC concurrent-cleanup-start]
12,296: [GC concurrent-cleanup-end, 0,0016520 secs]
12,300: [GC pause (young) 337M->339M(768M), 0,0389160 secs]
12,371: [GC pause (young) 514M->516M(768M), 0,0558430 secs]
12,441: [GC pause (young) (initial-mark) 603M->605M(768M), 0,0467130 secs]
12,487: [GC concurrent-root-region-scan-start]
12,488: [GC concurrent-root-region-scan-end, 0,0003720 secs]
12,488: [GC concurrent-mark-start]
12,496: [GC pause (young) 647M->649M(768M), 0,0193410 secs]
12,520: [GC pause (young) 680M->682M(768M), 0,0133060 secs]
12,536: [GC concurrent-mark-end, 0,0485430 secs]
12,537: [GC remark, 0,0043260 secs]
12,542: [GC cleanup 707M->307M(768M), 0,0017430 secs]
12,544: [GC concurrent-cleanup-start]
12,545: [GC concurrent-cleanup-end, 0,0011790 secs]
12,546: [GC pause (young) 315M->317M(768M), 0,0138970 secs]
12,595: [GC pause (young) 504M->506M(768M), 0,0475330 secs]
12,656: [GC pause (young) (initial-mark) 598M->601M(768M), 0,0367880 secs]
12,692: [GC concurrent-root-region-scan-start]
12,697: [GC concurrent-root-region-scan-end, 0,0042650 secs]
12,697: [GC concurrent-mark-start]
12,700: [GC pause (young) 645M->647M(768M), 0,0200710 secs]
12,722: [GC concurrent-mark-end, 0,0256730 secs]
12,723: [GC remark, 0,0042940 secs]
12,732: [GC pause (young) 677M->679M(768M), 0,0144750 secs]
12,746: [GC cleanup 679M->292M(768M), 0,0012250 secs]
12,748: [GC concurrent-cleanup-start]
12,749: [GC concurrent-cleanup-end, 0,0012960 secs]
12,756: [GC pause (young) 325M->326M(768M), 0,0160100 secs]
12,804: [GC pause (young) 508M->510M(768M), 0,0531800 secs]
12,868: [GC pause (young) (initial-mark) 600M->603M(768M), 0,0329820 secs]
12,901: [GC concurrent-root-region-scan-start]
12,905: [GC concurrent-root-region-scan-end, 0,0044020 secs]
12,905: [GC concurrent-mark-start]
12,906: [GC pause (young) 646M->648M(768M), 0,0147890 secs]
12,926: [GC concurrent-mark-end, 0,0206630 secs]
12,926: [GC remark, 0,0028830 secs]
12,931: [GC pause (young) 678M->680M(768M), 0,0095390 secs]
12,942: [GC cleanup 684M->283M(768M), 0,0010700 secs]
12,943: [GC concurrent-cleanup-start]
12,944: [GC concurrent-cleanup-end, 0,0009970 secs]
12,948: [GC pause (young) 312M->314M(768M), 0,0096970 secs]
12,985: [GC pause (young) 502M->505M(768M), 0,0419210 secs]
13,038: [GC pause (young) (initial-mark) 597M->599M(768M), 0,0320220 secs]
13,070: [GC concurrent-root-region-scan-start]
13,071: [GC concurrent-root-region-scan-end, 0,0015610 secs]
13,071: [GC concurrent-mark-start]
13,077: [GC pause (young) 644M->647M(768M), 0,0138720 secs]
13,095: [GC concurrent-mark-end, 0,0239290 secs]
13,097: [GC pause (young) 677M->679M(768M), 0,0097570 secs]
13,110: [GC remark, 0,0025690 secs]
13,114: [GC pause (young) 712M->714M(768M), 0,0111200 secs]
13,128: [GC cleanup 739M->327M(768M), 0,0010570 secs]
13,129: [GC concurrent-cleanup-start]
13,131: [GC pause (young)13,131: [GC concurrent-cleanup-end, 0,0013660 secs]
 335M->337M(768M), 0,0094580 secs]
13,158: [GC pause (young) 448M->450M(768M), 0,0305170 secs]
13,204: [GC pause (young) 570M->573M(768M), 0,0300560 secs]
13,241: [GC pause (young) (initial-mark) 631M->634M(768M), 0,0189270 secs]
13,260: [GC concurrent-root-region-scan-start]
13,263: [GC pause (young)13,263: [GC concurrent-root-region-scan-end, 0,0036200 secs]
13,263: [GC concurrent-mark-start]
 662M->664M(768M), 0,0105750 secs]
13,278: [GC pause (young) 697M->700M(768M), 0,0099930 secs]
13,293: [GC concurrent-mark-end, 0,0298080 secs]
13,293: [GC pause (young)-- 733M->741M(768M), 0,0115770 secs]
13,305: [GC remark, 0,0033840 secs]
13,309: [GC cleanup 743M->321M(768M), 0,0009630 secs]
13,310: [GC concurrent-cleanup-start]
13,311: [GC concurrent-cleanup-end, 0,0009290 secs]
13,316: [GC pause (young) 352M->355M(768M), 0,0098550 secs]
13,352: [GC pause (young) 524M->527M(768M), 0,0419790 secs]
13,405: [GC pause (young) (initial-mark) 608M->609M(768M), 0,0357600 secs]
13,440: [GC concurrent-root-region-scan-start]
13,446: [GC concurrent-root-region-scan-end, 0,0058970 secs]
13,446: [GC concurrent-mark-start]
13,447: [GC pause (young) 649M->651M(768M), 0,0159830 secs]
13,470: [GC pause (young) 682M->684M(768M), 0,0152110 secs]
13,492: [GC concurrent-mark-end, 0,0454660 secs]
13,492: [GC remark, 0,0022330 secs]
13,494: [GC pause (young) 717M->720M(768M), 0,0141770 secs]
13,509: [GC cleanup 720M->316M(768M), 0,0010410 secs]
13,510: [GC concurrent-cleanup-start]
13,511: [GC concurrent-cleanup-end, 0,0010830 secs]
13,518: [GC pause (young) 349M->350M(768M), 0,0137240 secs]
13,560: [GC pause (young) 520M->523M(768M), 0,0446240 secs]
13,615: [GC pause (young) (initial-mark) 606M->608M(768M), 0,0241820 secs]
13,639: [GC concurrent-root-region-scan-start]
13,640: [GC concurrent-root-region-scan-end, 0,0011980 secs]
13,640: [GC concurrent-mark-start]
13,646: [GC pause (young) 649M->652M(768M), 0,0133770 secs]
13,665: [GC concurrent-mark-end, 0,0244830 secs]
13,665: [GC remark, 0,0018080 secs]
13,667: [GC cleanup 664M->283M(768M), 0,0010120 secs]
13,668: [GC concurrent-cleanup-start]
13,669: [GC concurrent-cleanup-end, 0,0011920 secs]
13,672: [GC pause (young) 302M->303M(768M), 0,0101130 secs]
13,713: [GC pause (young) 496M->499M(768M), 0,0425610 secs]
13,767: [GC pause (young) (initial-mark) 594M->595M(768M), 0,0273290 secs]
13,795: [GC concurrent-root-region-scan-start]
13,798: [GC concurrent-root-region-scan-end, 0,0038600 secs]
13,798: [GC concurrent-mark-start]
13,801: [GC pause (young) 642M->644M(768M), 0,0173070 secs]
13,823: [GC pause (young) 674M->676M(768M), 0,0105190 secs]
13,838: [GC concurrent-mark-end, 0,0398860 secs]
13,839: [GC remark, 0,0021020 secs]
13,841: [GC cleanup 700M->319M(768M), 0,0011650 secs]
13,842: [GC concurrent-cleanup-start]
13,844: [GC pause (young)13,844: [GC concurrent-cleanup-end, 0,0014520 secs]
 328M->331M(768M), 0,0108090 secs]
13,883: [GC pause (young) 503M->505M(768M), 0,0401880 secs]
13,934: [GC pause (young) 597M->599M(768M), 0,0272190 secs]
13,966: [GC pause (young) (initial-mark) 644M->646M(768M), 0,0145540 secs]
13,981: [GC concurrent-root-region-scan-start]
13,983: [GC concurrent-root-region-scan-end, 0,0017040 secs]
13,983: [GC concurrent-mark-start]
13,986: [GC pause (young) 676M->678M(768M), 0,0093380 secs]
14,000: [GC pause (young) 711M->713M(768M), 0,0102730 secs]
14,015: [GC pause (young)-- 746M->760M(768M), 0,0115140 secs]
14,027: [GC concurrent-mark-end, 0,0443630 secs]
14,028: [GC remark, 0,0043660 secs]
14,033: [GC pause (young)-- 767M->767M(768M), 0,0039320 secs]
14,037: [GC cleanup 767M->357M(768M), 0,0008470 secs]
14,038: [GC concurrent-cleanup-start]
14,038: [GC concurrent-cleanup-end, 0,0005130 secs]
14,046: [GC pause (young) 395M->396M(768M), 0,0092350 secs]
14,076: [GC pause (young) 552M->556M(768M), 0,0340880 secs]
14,118: [GC pause (young) (initial-mark) 624M->627M(768M), 0,0225450 secs]
14,140: [GC concurrent-root-region-scan-start]
14,143: [GC concurrent-root-region-scan-end, 0,0026650 secs]
14,143: [GC concurrent-mark-start]
14,145: [GC pause (young) 658M->660M(768M), 0,0110340 secs]
14,161: [GC pause (young) 692M->695M(768M), 0,0091760 secs]
14,174: [GC concurrent-mark-end, 0,0313740 secs]
14,175: [GC remark, 0,0017920 secs]
14,177: [GC pause (young) 728M->729M(768M), 0,0092590 secs]
14,186: [GC cleanup 731M->312M(768M), 0,0011530 secs]
14,188: [GC concurrent-cleanup-start]
14,189: [GC concurrent-cleanup-end, 0,0009540 secs]
14,194: [GC pause (young) 343M->345M(768M), 0,0107780 secs]
14,230: [GC pause (young) 517M->520M(768M), 0,0407510 secs]
14,280: [GC pause (young) (initial-mark) 605M->608M(768M), 0,0259810 secs]
14,307: [GC concurrent-root-region-scan-start]
14,308: [GC concurrent-root-region-scan-end, 0,0014950 secs]
14,308: [GC concurrent-mark-start]
14,313: [GC pause (young) 649M->651M(768M), 0,0160000 secs]
14,333: [GC pause (young) 682M->684M(768M), 0,0101200 secs]
14,345: [GC concurrent-mark-end, 0,0365980 secs]
14,345: [GC remark, 0,0030760 secs]
14,352: [GC cleanup 716M->337M(768M), 0,0012910 secs]
14,353: [GC concurrent-cleanup-start]
14,353: [GC pause (young)14,354: [GC concurrent-cleanup-end, 0,0009360 secs]
 338M->341M(768M), 0,0106440 secs]
14,371: [GC pause (young) 374M->376M(768M), 0,0132850 secs]
14,406: [GC pause (young) 533M->536M(768M), 0,0363740 secs]
14,452: [GC pause (young) (initial-mark) 613M->615M(768M), 0,0216840 secs]
14,473: [GC concurrent-root-region-scan-start]
14,478: [GC concurrent-root-region-scan-end, 0,0046330 secs]
14,478: [GC concurrent-mark-start]
14,480: [GC pause (young) 652M->653M(768M), 0,0152210 secs]
14,500: [GC pause (young) 684M->687M(768M), 0,0092300 secs]
14,512: [GC concurrent-mark-end, 0,0337330 secs]
14,514: [GC pause (young) 720M->722M(768M), 0,0103940 secs]
14,525: [GC remark, 0,0019170 secs]
14,527: [GC cleanup 723M->301M(768M), 0,0012110 secs]
14,528: [GC concurrent-cleanup-start]
14,530: [GC concurrent-cleanup-end, 0,0018650 secs]
14,533: [GC pause (young) 333M->335M(768M), 0,0098650 secs]
14,572: [GC pause (young) 512M->515M(768M), 0,0413270 secs]
14,623: [GC pause (young) (initial-mark) 602M->605M(768M), 0,0255690 secs]
14,649: [GC concurrent-root-region-scan-start]
14,650: [GC concurrent-root-region-scan-end, 0,0019300 secs]
14,650: [GC concurrent-mark-start]
14,655: [GC pause (young) 647M->649M(768M), 0,0137340 secs]
14,673: [GC concurrent-mark-end, 0,0227210 secs]
14,673: [GC remark, 0,0019010 secs]
14,676: [GC cleanup 677M->300M(768M), 0,0013400 secs]
14,677: [GC concurrent-cleanup-start]
14,678: [GC pause (young)14,678: [GC concurrent-cleanup-end, 0,0008320 secs]
 303M->305M(768M), 0,0102730 secs]
14,710: [GC pause (young) 459M->461M(768M), 0,0375280 secs]
14,760: [GC pause (young) 575M->577M(768M), 0,0287650 secs]
14,795: [GC pause (young) (initial-mark) 633M->636M(768M), 0,0175140 secs]
14,813: [GC concurrent-root-region-scan-start]
14,814: [GC concurrent-root-region-scan-end, 0,0010590 secs]
14,814: [GC concurrent-mark-start]
14,818: [GC pause (young) 664M->666M(768M), 0,0093790 secs]
14,833: [GC pause (young) 699M->701M(768M), 0,0100980 secs]
14,848: [GC pause (young)-- 734M->744M(768M), 0,0125310 secs]
14,862: [GC concurrent-mark-end, 0,0478610 secs]
14,863: [GC remark, 0,0015430 secs]
14,865: [GC pause (young)-- 767M->767M(768M), 0,0058480 secs]
14,871: [GC cleanup 767M->322M(768M), 0,0009280 secs]
14,872: [GC concurrent-cleanup-start]
14,873: [GC concurrent-cleanup-end, 0,0010880 secs]
14,880: [Full GC 360M->227M(768M), 0,0677010 secs]
14,980: [GC pause (young) 473M->474M(768M), 0,0486450 secs]
15,041: [GC pause (young) (initial-mark) 584M->591M(768M), 0,0338050 secs]
15,075: [GC concurrent-root-region-scan-start]
15,081: [GC concurrent-root-region-scan-end, 0,0061840 secs]
15,081: [GC concurrent-mark-start]
15,082: [GC pause (young) 640M->642M(768M), 0,0177710 secs]
15,105: [GC pause (young) 671M->673M(768M), 0,0115830 secs]
15,123: [GC pause (young) 706M->708M(768M), 0,0099990 secs]
15,138: [GC concurrent-mark-end, 0,0570900 secs]
15,138: [GC pause (young)-- 741M->751M(768M), 0,0092250 secs]
15,148: [GC remark, 0,0021690 secs]
15,152: [GC cleanup 757M->519M(768M), 0,0010870 secs]
15,153: [GC concurrent-cleanup-start]
15,154: [GC concurrent-cleanup-end, 0,0005600 secs]
15,159: [GC pause (young) 546M->548M(768M), 0,0085950 secs]
15,176: [GC pause (young) 619M->622M(768M), 0,0157240 secs]
15,195: [GC pause (young) (initial-mark) 656M->657M(768M), 0,0116230 secs]
15,207: [GC concurrent-root-region-scan-start]
15,211: [GC concurrent-root-region-scan-end, 0,0039970 secs]
15,211: [GC concurrent-mark-start]
15,211: [GC pause (young) 689M->691M(768M), 0,0093680 secs]
15,225: [GC pause (young) 724M->727M(768M), 0,0120790 secs]
15,244: [GC pause (young)-- 760M->765M(768M), 0,0078680 secs]
15,252: [GC pause (young)-- 767M->767M(768M), 0,0027880 secs]
15,255: [Full GC 767M->191M(768M), 0,0627250 secs]
15,318: [GC concurrent-mark-abort]
15,355: [GC pause (young) 464M->465M(768M), 0,0560840 secs]
15,424: [GC pause (young) (initial-mark) 582M->612M(768M), 0,0363640 secs]
15,461: [GC concurrent-root-region-scan-start]
15,466: [GC pause (young)15,467: [GC concurrent-root-region-scan-end, 0,0062100 secs]
15,467: [GC concurrent-mark-start]
 651M->652M(768M), 0,0180300 secs]
15,489: [GC pause (young) 682M->685M(768M), 0,0114570 secs]
15,509: [GC pause (young) 718M->720M(768M), 0,0125890 secs]
15,523: [GC concurrent-mark-end, 0,0560390 secs]
15,523: [GC remark, 0,0019230 secs]
15,525: [GC cleanup 721M->527M(768M), 0,0008890 secs]
15,526: [GC concurrent-cleanup-start]
15,527: [GC concurrent-cleanup-end, 0,0005350 secs]
15,532: [GC pause (young) 558M->561M(768M), 0,0110090 secs]
15,547: [GC pause (mixed) 594M->554M(768M), 0,0156440 secs]
15,572: [GC pause (young) 622M->624M(768M), 0,0183790 secs]
15,594: [GC pause (young) (initial-mark) 657M->660M(768M), 0,0126270 secs]
15,607: [GC concurrent-root-region-scan-start]
15,610: [GC concurrent-root-region-scan-end, 0,0036460 secs]
15,610: [GC concurrent-mark-start]
15,610: [GC pause (young) 692M->694M(768M), 0,0098440 secs]
15,625: [GC pause (young) 727M->728M(768M), 0,0096110 secs]
15,640: [GC pause (young)-- 761M->766M(768M), 0,0071200 secs]
15,648: [GC pause (young)-- 768M->768M(768M), 0,0025470 secs]
15,651: [Full GC 768M->177M(768M), 0,0645750 secs]
15,715: [GC concurrent-mark-abort]
15,752: [GC pause (young) 452M->453M(768M), 0,0561560 secs]
15,822: [GC pause (young) (initial-mark) 575M->601M(768M), 0,0353960 secs]
15,858: [GC concurrent-root-region-scan-start]
15,863: [GC concurrent-root-region-scan-end, 0,0051700 secs]
15,863: [GC concurrent-mark-start]
15,863: [GC pause (young) 646M->648M(768M), 0,0174750 secs]
15,886: [GC pause (young) 677M->679M(768M), 0,0118940 secs]
15,906: [GC pause (young) 712M->714M(768M), 0,0111400 secs]
15,923: [GC pause (young)-- 747M->760M(768M), 0,0078310 secs]
15,932: [GC pause (young)-- 766M->766M(768M), 0,0031390 secs]
15,935: [Full GC 766M->44M(768M), 0,0270260 secs]
15,962: [GC concurrent-mark-abort]
16,007: [GC pause (young) 401M->403M(768M), 0,0750700 secs]
16,099: [GC pause (young) (initial-mark) 554M->558M(768M), 0,0456050 secs]
16,145: [GC concurrent-root-region-scan-start]
16,152: [GC concurrent-root-region-scan-end, 0,0065450 secs]
16,152: [GC concurrent-mark-start]
16,154: [GC pause (young) 625M->626M(768M), 0,0241110 secs]
16,183: [GC pause (young) 658M->661M(768M), 0,0137270 secs]
16,201: [GC pause (young) 693M->694M(768M), 0,0088880 secs]
16,212: [GC concurrent-mark-end, 0,0605720 secs]
16,213: [GC remark, 0,0016000 secs]
16,217: [GC cleanup 724M->369M(768M), 0,0010340 secs]
16,218: [GC concurrent-cleanup-start]
16,219: [GC pause (young)16,219: [GC concurrent-cleanup-end, 0,0008210 secs]
 372M->374M(768M), 0,0093140 secs]
16,238: [GC pause (young) 427M->429M(768M), 0,0135010 secs]
16,269: [GC pause (young) 559M->560M(768M), 0,0322340 secs]
16,310: [GC pause (young) (initial-mark) 625M->627M(768M), 0,0204540 secs]
16,331: [GC concurrent-root-region-scan-start]
16,335: [GC pause (young)16,335: [GC concurrent-root-region-scan-end, 0,0043530 secs]
16,335: [GC concurrent-mark-start]
 658M->660M(768M), 0,0116580 secs]
16,351: [GC pause (young) 692M->694M(768M), 0,0106030 secs]
16,366: [GC concurrent-mark-end, 0,0311210 secs]
16,366: [GC remark, 0,0035240 secs]
16,370: [GC cleanup 714M->285M(768M), 0,0026430 secs]
16,373: [GC concurrent-cleanup-start]
16,374: [GC concurrent-cleanup-end, 0,0009470 secs]
16,376: [GC pause (young) 298M->300M(768M), 0,0112110 secs]
16,417: [GC pause (young) 495M->497M(768M), 0,0463830 secs]
16,476: [GC pause (young) (initial-mark) 593M->594M(768M), 0,0311730 secs]
16,507: [GC concurrent-root-region-scan-start]
16,512: [GC concurrent-root-region-scan-end, 0,0047610 secs]
16,512: [GC concurrent-mark-start]
16,514: [GC pause (young) 642M->644M(768M), 0,0171200 secs]
16,536: [GC pause (young) 674M->675M(768M), 0,0125420 secs]
16,553: [GC concurrent-mark-end, 0,0406070 secs]
16,553: [GC remark, 0,0057190 secs]
16,559: [GC pause (young) 708M->710M(768M), 0,0110310 secs]
16,570: [GC cleanup 711M->376M(768M), 0,0010230 secs]
16,572: [GC concurrent-cleanup-start]
16,572: [GC concurrent-cleanup-end, 0,0008960 secs]
16,578: [GC pause (young) 408M->410M(768M), 0,0118360 secs]
16,607: [GC pause (young) 550M->552M(768M), 0,0314780 secs]
16,648: [GC pause (young) (initial-mark) 621M->623M(768M), 0,0205690 secs]
16,668: [GC concurrent-root-region-scan-start]
16,671: [GC concurrent-root-region-scan-end, 0,0023630 secs]
16,671: [GC concurrent-mark-start]
16,673: [GC pause (young) 656M->659M(768M), 0,0134560 secs]
16,691: [GC pause (young) 691M->693M(768M), 0,0094000 secs]
16,705: [GC pause (young) 726M->728M(768M), 0,0089050 secs]
16,716: [GC concurrent-mark-end, 0,0451760 secs]
16,716: [GC remark, 0,0023520 secs]
16,718: [GC cleanup 743M->309M(768M), 0,0008770 secs]
16,719: [GC concurrent-cleanup-start]
16,721: [GC concurrent-cleanup-end, 0,0015730 secs]
16,724: [GC pause (young) 327M->330M(768M), 0,0092290 secs]
16,757: [GC pause (young) 510M->511M(768M), 0,0441870 secs]
16,812: [GC pause (young) (initial-mark) 600M->602M(768M), 0,0284070 secs]
16,841: [GC concurrent-root-region-scan-start]
16,843: [GC concurrent-root-region-scan-end, 0,0025180 secs]
16,844: [GC concurrent-mark-start]
16,848: [GC pause (young) 646M->648M(768M), 0,0168720 secs]
16,868: [GC pause (young) 678M->680M(768M), 0,0105310 secs]
16,883: [GC pause (young) 713M->715M(768M), 0,0089090 secs]
16,893: [GC concurrent-mark-end, 0,0494500 secs]
16,893: [GC remark, 0,0038280 secs]
16,900: [GC pause (young)-- 748M->751M(768M), 0,0074120 secs]
16,908: [GC cleanup 752M->354M(768M), 0,0009070 secs]
16,909: [GC concurrent-cleanup-start]
16,910: [GC concurrent-cleanup-end, 0,0016730 secs]
16,916: [GC pause (young) 386M->389M(768M), 0,0093930 secs]
16,947: [GC pause (young) 540M->542M(768M), 0,0340380 secs]
16,989: [GC pause (young) (initial-mark) 616M->619M(768M), 0,0226120 secs]
17,012: [GC concurrent-root-region-scan-start]
17,017: [GC pause (young)17,017: [GC concurrent-root-region-scan-end, 0,0053410 secs]
17,017: [GC concurrent-mark-start]
 654M->656M(768M), 0,0117820 secs]
17,033: [GC pause (young) 688M->690M(768M), 0,0095570 secs]
17,048: [GC concurrent-mark-end, 0,0303480 secs]
17,048: [GC remark, 0,0029300 secs]
17,051: [GC cleanup 714M->313M(768M), 0,0009260 secs]
17,052: [GC concurrent-cleanup-start]
17,053: [GC pause (young)17,053: [GC concurrent-cleanup-end, 0,0015000 secs]
 322M->325M(768M), 0,0097140 secs]
17,081: [GC pause (young) 454M->456M(768M), 0,0335570 secs]
17,130: [GC pause (young) 573M->576M(768M), 0,0313000 secs]
17,168: [GC pause (young) (initial-mark) 633M->634M(768M), 0,0171550 secs]
17,185: [GC concurrent-root-region-scan-start]
17,189: [GC pause (young)17,189: [GC concurrent-root-region-scan-end, 0,0039170 secs]
17,189: [GC concurrent-mark-start]
 662M->664M(768M), 0,0100970 secs]
17,203: [GC pause (young) 697M->699M(768M), 0,0103950 secs]
17,220: [GC pause (young)-- 732M->735M(768M), 0,0114960 secs]
17,234: [GC concurrent-mark-end, 0,0442810 secs]
17,234: [GC remark, 0,0028600 secs]
17,237: [GC cleanup 751M->341M(768M), 0,0010210 secs]
17,238: [GC concurrent-cleanup-start]
17,239: [GC concurrent-cleanup-end, 0,0012600 secs]
17,242: [GC pause (young) 358M->361M(768M), 0,0091350 secs]
17,273: [GC pause (young) 526M->529M(768M), 0,0374820 secs]
17,320: [GC pause (young) (initial-mark) 609M->612M(768M), 0,0255360 secs]
17,346: [GC concurrent-root-region-scan-start]
17,347: [GC concurrent-root-region-scan-end, 0,0009430 secs]
17,347: [GC concurrent-mark-start]
17,351: [GC pause (young) 651M->654M(768M), 0,0136500 secs]
17,370: [GC pause (young) 685M->686M(768M), 0,0105770 secs]
17,386: [GC concurrent-mark-end, 0,0394300 secs]
17,386: [GC remark, 0,0055490 secs]
17,392: [GC pause (young) 719M->721M(768M), 0,0101370 secs]
17,404: [GC cleanup 730M->345M(768M), 0,0012080 secs]
17,405: [GC concurrent-cleanup-start]
17,406: [GC concurrent-cleanup-end, 0,0010050 secs]
17,411: [GC pause (young) 369M->371M(768M), 0,0095560 secs]
