OpenJDK 64-Bit Server VM (24.95-b01) for linux-amd64 JRE (1.7.0_95-b00), built on Mar 27 2016 12:52:52 by "buildd" with gcc 5.3.1 20160323
Memory: 4k page, physical 5975800k(3028456k free), swap 3416060k(3416060k free)
CommandLine flags: -XX:InitialHeapSize=805306368 -XX:MaxHeapSize=805306368 -XX:MaxNewSize=268435456 -XX:MaxTenuringThreshold=6 -XX:NewSize=268435456 -XX:OldPLABSize=16 -XX:OldSize=536870912 -XX:+PrintGC -XX:+PrintGCTimeStamps -XX:+UseCompressedOops -XX:+UseConcMarkSweepGC -XX:+UseParNewGC 
0,169: [GC 209792K->198581K(760256K), 0,0779660 secs]
0,268: [GC 408373K->176428K(760256K), 0,0053120 secs]
0,292: [GC 386220K->384662K(760256K), 0,0643680 secs]
0,367: [GC 484952K(760256K), 0,0023630 secs]
0,389: [Full GC 594454K->24139K(760256K), 0,0182980 secs]
0,436: [GC 233931K->232241K(760256K), 0,0447050 secs]
0,500: [GC 442033K->304446K(760256K), 0,0245570 secs]
0,526: [GC 319003K(760256K), 0,0007090 secs]
0,546: [GC 514238K->512621K(760256K), 0,0645520 secs]
0,635: [Full GC 722413K->65634K(760256K), 0,0281240 secs]
0,683: [GC 275426K->273838K(760256K), 0,0454090 secs]
0,746: [GC 483630K->479701K(760256K), 0,0524710 secs]
0,799: [GC 483487K(760256K), 0,0008250 secs]
0,824: [Full GC 689493K->198315K(760256K), 0,0600080 secs]
0,903: [GC 408107K->406070K(760256K), 0,0480140 secs]
0,954: [GC 458394K(760256K), 0,0014730 secs]
0,977: [Full GC 615862K->124246K(760256K), 0,0433080 secs]
1,039: [GC 334038K->332277K(760256K), 0,0469730 secs]
1,090: [GC 393379K(760256K), 0,0015720 secs]
1,113: [Full GC 542069K->148589K(760256K), 0,0482320 secs]
1,181: [GC 358381K->355021K(760256K), 0,0495320 secs]
1,234: [GC 403253K(760256K), 0,0011830 secs]
1,252: [Full GC 564813K->266667K(760256K), 0,0764140 secs]
1,347: [GC 476459K->473307K(760256K), 0,0487520 secs]
1,397: [GC 486116K(760256K), 0,0009070 secs]
1,423: [Full GC 683099K->89092K(760256K), 0,0342670 secs]
1,479: [GC 298884K->295331K(760256K), 0,0482620 secs]
1,542: [GC 471134K(760256K), 0,0036310 secs]
1,550: [GC 505123K->305319K(760256K), 0,0053920 secs]
1,575: [GC 515111K->398815K(760256K), 0,0285290 secs]
1,626: [Full GC 608607K->33554K(760256K), 0,0200370 secs]
1,665: [GC 243346K->241988K(760256K), 0,0484590 secs]
1,731: [GC 451780K->321855K(760256K), 0,0251830 secs]
1,762: [GC 384128K(760256K), 0,0014700 secs]
1,776: [GC 531647K->530114K(760256K), 0,0562940 secs]
1,857: [Full GC 739906K->75248K(760256K), 0,0313390 secs]
1,907: [GC 285040K->283601K(760256K), 0,0506320 secs]
1,978: [GC 493393K->441214K(760256K), 0,0460640 secs]
2,025: [GC 442967K(760256K), 0,0006120 secs]
2,046: [Full GC 651006K->206405K(760256K), 0,0609670 secs]
2,125: [GC 416197K->413515K(760256K), 0,0477950 secs]
2,174: [GC 426285K(760256K), 0,0009780 secs]
2,203: [Full GC 623307K->326161K(760256K), 0,0850860 secs]
2,308: [GC 535953K->532167K(760256K), 0,0489330 secs]
2,362: [GC 591574K(760256K), 0,0013380 secs]
2,382: [Full GC 741959K->151758K(760256K), 0,0509030 secs]
2,453: [GC 361550K->359412K(760256K), 0,0486910 secs]
2,506: [GC 414787K(760256K), 0,0014490 secs]
2,528: [Full GC 569204K->175566K(760256K), 0,0546190 secs]
2,602: [GC 385358K->382723K(760256K), 0,0496040 secs]
2,653: [GC 394285K(760256K), 0,0009030 secs]
2,678: [Full GC 592515K->97760K(760256K), 0,0361260 secs]
2,734: [GC 307552K->305449K(760256K), 0,0490780 secs]
2,789: [GC 386974K(760256K), 0,0014960 secs]
2,804: [GC 515241K->312528K(760256K), 0,0080110 secs]
2,830: [GC 522320K->518326K(760256K), 0,0519040 secs]
2,884: [GC 539694K(760256K), 0,0035940 secs]
2,909: [Full GC 630573K->40418K(760256K), 0,0219040 secs]
2,950: [GC 250210K->248706K(760256K), 0,0507410 secs]
3,001: [GC 250360K(760256K), 0,0006860 secs]
3,023: [GC 458498K->455952K(760256K), 0,0560810 secs]
3,110: [Full GC 665744K->270426K(760256K), 0,0838900 secs]
3,214: [GC 480218K->476420K(760256K), 0,0500950 secs]
3,265: [GC 477926K(760256K), 0,0009940 secs]
3,296: [Full GC 686212K->192155K(760256K), 0,0589890 secs]
3,374: [GC 401947K->398866K(760256K), 0,0487350 secs]
3,423: [GC 400414K(760256K), 0,0005390 secs]
3,444: [Full GC 608658K->313537K(760256K), 0,0820810 secs]
3,545: [GC 523329K->519455K(760256K), 0,0467540 secs]
3,592: [GC 520957K(760256K), 0,0008620 secs]
3,618: [Full GC 729247K->139353K(760256K), 0,0456870 secs]
3,683: [GC 349145K->346298K(760256K), 0,0491530 secs]
3,735: [GC 382121K(760256K), 0,0011780 secs]
3,760: [Full GC 556090K->259818K(760256K), 0,0736830 secs]
3,851: [GC 469610K->466785K(760256K), 0,0481810 secs]
3,900: [GC 469706K(760256K), 0,0007190 secs]
3,923: [Full GC 676577K->86102K(760256K), 0,0339490 secs]
3,976: [GC 295894K->292793K(760256K), 0,0443160 secs]
4,026: [GC 375001K(760256K), 0,0016450 secs]
4,038: [GC 502585K->313113K(760256K), 0,0103130 secs]
4,066: [GC 522905K->520511K(760256K), 0,0535360 secs]
4,140: [Full GC 730303K->26663K(760256K), 0,0202120 secs]
4,179: [GC 236455K->234500K(760256K), 0,0456720 secs]
4,230: [GC 302742K(760256K), 0,0014650 secs]
4,243: [GC 444292K->333282K(760256K), 0,0314130 secs]
4,296: [Full GC 543074K->257108K(760256K), 0,0709570 secs]
4,387: [GC 466900K->464481K(760256K), 0,0507040 secs]
4,438: [GC 465829K(760256K), 0,0006410 secs]
4,467: [Full GC 674273K->278922K(760256K), 0,0756080 secs]
4,562: [GC 488714K->485968K(760256K), 0,0487620 secs]
4,611: [GC 486749K(760256K), 0,0004980 secs]
4,631: [Full GC 695760K->202812K(760256K), 0,0612070 secs]
4,711: [GC 412604K->409793K(760256K), 0,0473470 secs]
4,759: [GC 411429K(760256K), 0,0007910 secs]
4,787: [Full GC 619585K->223776K(760256K), 0,0656600 secs]
4,873: [GC 433568K->430686K(760256K), 0,0484130 secs]
4,921: [GC 432170K(760256K), 0,0006330 secs]
4,945: [Full GC 640478K->343630K(760256K), 0,0911400 secs]
5,054: [Full GC 553422K->155022K(760256K), 0,0481480 secs]
5,120: [GC 364814K->362699K(760256K), 0,0641870 secs]
5,186: [GC 385292K(760256K), 0,0012510 secs]
5,210: [Full GC 572491K->175871K(760256K), 0,0552310 secs]
5,285: [GC 385663K->382948K(760256K), 0,0497600 secs]
5,335: [GC 383904K(760256K), 0,0008880 secs]
5,360: [Full GC 592740K->198437K(760256K), 0,0582680 secs]
5,438: [GC 408229K->403698K(760256K), 0,0481570 secs]
5,487: [GC 404261K(760256K), 0,0009480 secs]
5,514: [Full GC 613490K->124120K(760256K), 0,0421270 secs]
5,575: [GC 333912K->332183K(760256K), 0,0486360 secs]
5,624: [GC 332806K(760256K), 0,0007560 secs]
5,645: [Full GC 541975K->244931K(760256K), 0,0688300 secs]
5,734: [GC 454602K->450688K(760256K), 0,0455980 secs]
5,792: [GC 535256K(760256K), 0,0017870 secs]
5,812: [Full GC 660480K->167655K(760256K), 0,0548800 secs]
5,885: [GC 377447K->374071K(760256K), 0,0488600 secs]
5,934: [GC 375128K(760256K), 0,0004430 secs]
5,952: [Full GC 583863K->288356K(760256K), 0,0792350 secs]
6,051: [GC 498148K->495360K(760256K), 0,0523000 secs]
6,106: [GC 533936K(760256K), 0,0017260 secs]
6,125: [Full GC 705152K->309454K(760256K), 0,0867730 secs]
6,232: [GC 519246K->516529K(760256K), 0,0533230 secs]
6,288: [GC 558045K(760256K), 0,0020130 secs]
6,313: [Full GC 726321K->134670K(760256K), 0,0520030 secs]
6,386: [GC 344462K->340471K(760256K), 0,0498420 secs]
6,451: [GC 515798K(760256K), 0,0034600 secs]
6,467: [Full GC 550263K->57078K(760256K), 0,0262920 secs]
6,515: [GC 266870K->264806K(760256K), 0,0556370 secs]
6,575: [GC 320013K(760256K), 0,0012650 secs]
6,588: [GC 474598K->315679K(760256K), 0,0211930 secs]
6,628: [GC 525471K->523538K(760256K), 0,0540910 secs]
6,708: [Full GC 733330K->4599K(760256K), 0,0143410 secs]
6,743: [GC 214391K->212404K(760256K), 0,0532060 secs]
6,796: [GC 215343K(760256K), 0,0005260 secs]
6,816: [GC 422196K->305617K(760256K), 0,0320360 secs]
6,867: [GC 515409K->336506K(760256K), 0,0150520 secs]
6,902: [GC 546298K->445723K(760256K), 0,0456890 secs]
6,947: [GC 446693K(760256K), 0,0024540 secs]
6,971: [Full GC 655513K->62038K(760256K), 0,0278320 secs]
7,020: [GC 271830K->268245K(760256K), 0,0530890 secs]
7,085: [GC 384781K(760256K), 0,0021800 secs]
7,094: [GC 478037K->387313K(760256K), 0,0446170 secs]
7,167: [Full GC 597105K->92773K(760256K), 0,0352540 secs]
7,221: [GC 302565K->301058K(760256K), 0,0544470 secs]
7,278: [GC 345272K(760256K), 0,0013810 secs]
7,297: [GC 510850K->451459K(760256K), 0,0437190 secs]
7,359: [Full GC 661251K->224408K(760256K), 0,0659790 secs]
7,444: [GC 434200K->430778K(760256K), 0,0466600 secs]
7,497: [GC 525916K(760256K), 0,0018370 secs]
7,517: [Full GC 640570K->146279K(760256K), 0,0470230 secs]
7,583: [GC 356071K->353175K(760256K), 0,0486850 secs]
7,632: [GC 355312K(760256K), 0,0007250 secs]
7,655: [Full GC 562967K->166102K(760256K), 0,0515230 secs]
7,727: [GC 375894K->373306K(760256K), 0,0509890 secs]
7,782: [GC 442592K(760256K), 0,0016880 secs]
7,805: [Full GC 583098K->190434K(760256K), 0,0558560 secs]
7,881: [GC 400226K->397887K(760256K), 0,0461050 secs]
7,934: [GC 486815K(760256K), 0,0017070 secs]
7,951: [Full GC 607679K->16027K(760256K), 0,0161470 secs]
7,991: [GC 225819K->224109K(760256K), 0,0528080 secs]
8,044: [GC 226249K(760256K), 0,0005730 secs]
8,064: [GC 433901K->390454K(760256K), 0,0518840 secs]
8,144: [Full GC 600246K->246476K(760256K), 0,0683430 secs]
8,234: [GC 456268K->452683K(760256K), 0,0503310 secs]
8,286: [GC 474926K(760256K), 0,0011270 secs]
8,311: [Full GC 662475K->267945K(760256K), 0,0748810 secs]
8,405: [GC 477737K->474430K(760256K), 0,0477280 secs]
8,454: [GC 499300K(760256K), 0,0007860 secs]
8,475: [Full GC 684222K->191935K(760256K), 0,0586080 secs]
8,551: [GC 401727K->398892K(760256K), 0,0505510 secs]
8,602: [GC 400474K(760256K), 0,0004670 secs]
8,621: [Full GC 608683K->115932K(760256K), 0,0411300 secs]
8,682: [GC 325724K->323565K(760256K), 0,0490030 secs]
8,736: [GC 393484K(760256K), 0,0015650 secs]
8,758: [Full GC 533357K->138326K(760256K), 0,0459680 secs]
8,823: [GC 348118K->345139K(760256K), 0,0516670 secs]
8,890: [GC 502961K(760256K), 0,0025240 secs]
8,906: [Full GC 554931K->258436K(760256K), 0,0746790 secs]
8,999: [GC 468228K->464433K(760256K), 0,0484920 secs]
9,058: [GC 598312K(760256K), 0,0024640 secs]
9,079: [Full GC 674225K->181122K(760256K), 0,0543920 secs]
9,154: [GC 390914K->388173K(760256K), 0,0484070 secs]
9,205: [GC 428728K(760256K), 0,0012170 secs]
9,226: [Full GC 597965K->3811K(760256K), 0,0126940 secs]
9,258: [GC 213603K->212230K(760256K), 0,0449570 secs]
9,303: [GC 213493K(760256K), 0,0005050 secs]
9,319: [GC 422022K->362793K(760256K), 0,0430840 secs]
9,382: [Full GC 572585K->232979K(760256K), 0,0644060 secs]
9,464: [GC 442771K->440610K(760256K), 0,0500130 secs]
9,518: [GC 496075K(760256K), 0,0013580 secs]
9,538: [Full GC 650402K->256355K(760256K), 0,0719150 secs]
9,629: [GC 466147K->462824K(760256K), 0,0540860 secs]
9,683: [GC 464179K(760256K), 0,0004180 secs]
9,703: [Full GC 672616K->278779K(760256K), 0,0761570 secs]
9,798: [GC 488571K->485732K(760256K), 0,0495570 secs]
9,850: [GC 521263K(760256K), 0,0014560 secs]
9,877: [Full GC 695524K->103236K(760256K), 0,0383760 secs]
9,935: [GC 313028K->310493K(760256K), 0,0462640 secs]
9,981: [GC 312658K(760256K), 0,0006240 secs]
9,998: [GC 520285K->424233K(760256K), 0,0345470 secs]
10,050: [GC 594524K(760256K), 0,0042260 secs]
10,063: [Full GC 633975K->136422K(760256K), 0,0433060 secs]
10,123: [GC 346214K->344050K(760256K), 0,0521830 secs]
10,178: [GC 369861K(760256K), 0,0013390 secs]
10,206: [Full GC 553842K->157974K(760256K), 0,0498720 secs]
10,275: [GC 367766K->365196K(760256K), 0,0483460 secs]
10,323: [GC 366024K(760256K), 0,0008760 secs]
10,348: [Full GC 574988K->178672K(760256K), 0,0523490 secs]
10,418: [GC 388464K->385861K(760256K), 0,0490410 secs]
10,467: [GC 387479K(760256K), 0,0008660 secs]
10,493: [Full GC 595653K->198874K(760256K), 0,0592260 secs]
10,573: [GC 408666K->403941K(760256K), 0,0477730 secs]
10,627: [GC 489519K(760256K), 0,0020830 secs]
10,652: [Full GC 613733K->221482K(760256K), 0,0643090 secs]
10,736: [GC 431274K->428443K(760256K), 0,0521520 secs]
10,796: [GC 508114K(760256K), 0,0014780 secs]
10,811: [Full GC 638235K->242759K(760256K), 0,0700790 secs]
10,901: [GC 452551K->449621K(760256K), 0,0478870 secs]
10,949: [GC 450935K(760256K), 0,0010180 secs]
10,978: [Full GC 659413K->263978K(760256K), 0,0743190 secs]
11,072: [GC 473770K->469777K(760256K), 0,0469750 secs]
11,119: [GC 471088K(760256K), 0,0008250 secs]
11,152: [Full GC 679569K->186957K(760256K), 0,0563520 secs]
11,229: [GC 396749K->395391K(760256K), 0,0532440 secs]
11,287: [GC 457711K(760256K), 0,0014050 secs]
11,308: [Full GC 605183K->309018K(760256K), 0,0867970 secs]
11,414: [GC 518810K->514708K(760256K), 0,0464210 secs]
11,462: [GC 535336K(760256K), 0,0011350 secs]
11,489: [Full GC 724500K->133753K(760256K), 0,0466720 secs]
11,556: [GC 343545K->341718K(760256K), 0,0489100 secs]
11,606: [GC 342471K(760256K), 0,0007040 secs]
11,633: [Full GC 551510K->157521K(760256K), 0,0482440 secs]
11,700: [GC 367313K->364900K(760256K), 0,0473230 secs]
11,747: [GC 368288K(760256K), 0,0007970 secs]
11,772: [Full GC 574692K->180084K(760256K), 0,0543370 secs]
11,847: [GC 389876K->387793K(760256K), 0,0517370 secs]
11,899: [GC 391258K(760256K), 0,0006450 secs]
11,927: [GC 597585K(760256K), 0,0073080 secs]
11,944: [Full GC 500550K->3752K(760256K), 0,0106390 secs]
11,975: [GC 213544K->212303K(760256K), 0,0507920 secs]
12,026: [GC 220322K(760256K), 0,0006560 secs]
12,045: [GC 422095K->311728K(760256K), 0,0319380 secs]
12,096: [GC 521520K->520142K(760256K), 0,0515780 secs]
12,150: [GC 539761K(760256K), 0,0050010 secs]
12,174: [Full GC 729932K->47627K(760256K), 0,0251790 secs]
12,218: [GC 257419K->256266K(760256K), 0,0472270 secs]
12,265: [GC 257173K(760256K), 0,0005850 secs]
12,284: [GC 466058K->425706K(760256K), 0,0484550 secs]
12,359: [Full GC 635498K->179508K(760256K), 0,0577460 secs]
12,438: [GC 389300K->387072K(760256K), 0,0504000 secs]
12,490: [GC 404054K(760256K), 0,0011320 secs]
12,517: [Full GC 596864K->102454K(760256K), 0,0361620 secs]
12,573: [GC 312246K->309902K(760256K), 0,0493540 secs]
12,623: [GC 311771K(760256K), 0,0006540 secs]
12,639: [GC 519694K->518260K(760256K), 0,0496200 secs]
12,720: [Full GC 728052K->135738K(760256K), 0,0446480 secs]
12,781: [GC 345530K->343415K(760256K), 0,0526230 secs]
12,838: [GC 395168K(760256K), 0,0016540 secs]
12,863: [Full GC 553207K->157600K(760256K), 0,0487900 secs]
12,930: [GC 367392K->365285K(760256K), 0,0507640 secs]
12,981: [GC 366239K(760256K), 0,0008760 secs]
13,008: [Full GC 575077K->180499K(760256K), 0,0556820 secs]
13,083: [GC 390291K->386477K(760256K), 0,0497580 secs]
13,133: [GC 388110K(760256K), 0,0008950 secs]
13,160: [Full GC 596269K->202529K(760256K), 0,0615840 secs]
13,240: [GC 412321K->309502K(760256K), 0,0286690 secs]
13,268: [GC 310982K(760256K), 0,0008990 secs]
13,285: [GC 519294K->423624K(760256K), 0,0335270 secs]
13,338: [GC 617729K(760256K), 0,0042860 secs]
13,350: [Full GC 633317K->38024K(760256K), 0,0214190 secs]
13,389: [GC 247816K->246590K(760256K), 0,0458810 secs]
13,435: [GC 247321K(760256K), 0,0006670 secs]
13,455: [GC 456382K->453608K(760256K), 0,0540290 secs]
13,528: [Full GC 663400K->268579K(760256K), 0,0776400 secs]
