OpenJDK 64-Bit Server VM (24.95-b01) for linux-amd64 JRE (1.7.0_95-b00), built on Mar 27 2016 12:52:52 by "buildd" with gcc 5.3.1 20160323
Memory: 4k page, physical 5975800k(3028128k free), swap 3416060k(3416060k free)
CommandLine flags: -XX:InitialHeapSize=1073741824 -XX:MaxHeapSize=1073741824 -XX:+PrintGC -XX:+PrintGCTimeStamps -XX:+UseCompressedOops -XX:+UseParallelGC 
0,161: [GC 262656K->251342K(1005568K), 0,1084490 secs]
0,308: [GC 513998K->315842K(1005568K), 0,0489050 secs]
0,380: [GC 578498K->507340K(1005568K), 0,0936810 secs]
0,473: [Full GC 507340K->263765K(1005568K), 0,0647050 secs]
0,563: [GC 526421K->527158K(1005568K), 0,0533470 secs]
0,616: [Full GC 527158K->225614K(1005568K), 0,0539490 secs]
0,694: [GC 488270K->490097K(1005568K), 0,0535480 secs]
0,748: [Full GC 490097K->90691K(1005568K), 0,0413340 secs]
0,818: [GC 353347K->358193K(860160K), 0,0633790 secs]
0,895: [GC 475441K->483021K(932864K), 0,0379930 secs]
0,946: [GC 600269K->600533K(932864K), 0,0423530 secs]
0,989: [Full GC 600533K->189333K(932864K), 0,0476660 secs]
1,045: [GC 306581K->319556K(932864K), 0,0228290 secs]
1,081: [GC 436804K->435847K(932864K), 0,0424900 secs]
1,132: [GC 553095K->553463K(932864K), 0,0444590 secs]
1,177: [Full GC 553463K->145187K(932864K), 0,0485290 secs]
1,237: [GC 262435K->275612K(932864K), 0,0263840 secs]
1,276: [GC 392860K->391711K(932864K), 0,0497650 secs]
1,336: [GC 508959K->508536K(932864K), 0,0435810 secs]
1,389: [GC 625784K->625876K(932864K), 0,0480690 secs]
1,437: [Full GC 625876K->213792K(932864K), 0,0511220 secs]
1,497: [GC 331040K->344089K(932864K), 0,0214970 secs]
1,528: [GC 461337K->460502K(932864K), 0,0444900 secs]
1,581: [GC 577750K->578116K(932864K), 0,0399880 secs]
1,622: [Full GC 578116K->172428K(932864K), 0,0427330 secs]
1,675: [GC 289676K->302885K(932864K), 0,0227030 secs]
1,707: [GC 420133K->418810K(932864K), 0,0430810 secs]
1,760: [GC 536058K->535984K(932864K), 0,0412160 secs]
1,810: [GC 653232K->653017K(932864K), 0,0490380 secs]
1,859: [Full GC 653017K->243647K(932864K), 0,0590280 secs]
1,927: [GC 360895K->374444K(932864K), 0,0215950 secs]
1,958: [GC 491692K->489876K(932864K), 0,0430710 secs]
2,010: [GC 607119K->607240K(932864K), 0,0410570 secs]
2,051: [Full GC 607240K->198969K(932864K), 0,0487930 secs]
2,110: [GC 316217K->329418K(932864K), 0,0213980 secs]
2,140: [GC 446666K->445750K(932864K), 0,0454500 secs]
2,195: [GC 562998K->562967K(932864K), 0,0395010 secs]
2,243: [GC 680215K->680347K(932864K), 0,0477430 secs]
2,291: [Full GC 680347K->270426K(932864K), 0,0632590 secs]
2,363: [GC 387674K->400448K(932864K), 0,0230320 secs]
2,399: [GC 517696K->517039K(932864K), 0,0434860 secs]
2,451: [GC 634287K->633993K(932864K), 0,0405620 secs]
2,492: [Full GC 633993K->225062K(932864K), 0,0549590 secs]
2,556: [GC 342310K->355416K(932864K), 0,0227180 secs]
2,592: [GC 472664K->471010K(932864K), 0,0420960 secs]
2,645: [GC 588258K->588190K(932864K), 0,0422600 secs]
2,696: [GC 705438K->705548K(932864K), 0,0492730 secs]
2,746: [Full GC 705548K->296654K(932864K), 0,0738660 secs]
2,833: [GC 413902K->425874K(932864K), 0,0238240 secs]
2,866: [GC 543120K->542892K(932864K), 0,0411400 secs]
2,917: [GC 660140K->659850K(932864K), 0,0417090 secs]
2,959: [Full GC 659850K->250318K(932864K), 0,0601070 secs]
3,029: [GC 367566K->380184K(932864K), 0,0232370 secs]
3,068: [GC 497432K->496537K(932864K), 0,0436050 secs]
3,121: [GC 613785K->614140K(932864K), 0,0405970 secs]
3,161: [Full GC 614140K->205615K(932864K), 0,0511840 secs]
3,225: [GC 322863K->335855K(932864K), 0,0218420 secs]
3,257: [GC 453103K->451173K(932864K), 0,0434100 secs]
3,309: [GC 568421K->568717K(932864K), 0,0418930 secs]
3,364: [GC 685958K->685798K(932864K), 0,0406900 secs]
3,405: [Full GC 685798K->275292K(932864K), 0,0649600 secs]
3,480: [GC 392540K->405396K(932864K), 0,0244620 secs]
3,515: [GC 522644K->522272K(932864K), 0,0427030 secs]
3,567: [GC 639520K->640077K(932864K), 0,0416150 secs]
3,608: [Full GC 640077K->229653K(932864K), 0,0556780 secs]
3,674: [GC 346901K->359334K(932864K), 0,0232070 secs]
3,712: [GC 476582K->475618K(932864K), 0,0431030 secs]
3,764: [GC 592866K->593399K(932864K), 0,0404350 secs]
3,815: [GC 710647K->709978K(932864K), 0,0427930 secs]
3,858: [Full GC 709978K->301728K(932864K), 0,0710660 secs]
3,940: [GC 418976K->430930K(932864K), 0,0248590 secs]
3,977: [GC 548178K->548112K(932864K), 0,0402500 secs]
4,026: [GC 665360K->665269K(932864K), 0,0425150 secs]
4,069: [Full GC 665269K->257262K(932864K), 0,0610310 secs]
4,141: [GC 374510K->387235K(932864K), 0,0241610 secs]
4,176: [GC 504483K->503942K(932864K), 0,0437490 secs]
4,229: [GC 621190K->621406K(932864K), 0,0421500 secs]
4,271: [Full GC 621406K->213831K(932864K), 0,0536930 secs]
4,334: [GC 331079K->343038K(932864K), 0,0240370 secs]
4,369: [GC 460286K->459419K(932864K), 0,0427080 secs]
4,421: [GC 576667K->576781K(932864K), 0,0418340 secs]
4,472: [GC 694029K->693973K(932864K), 0,0408220 secs]
4,513: [Full GC 693973K->286180K(932864K), 0,0687330 secs]
4,592: [GC 403428K->415829K(932864K), 0,0233540 secs]
4,627: [GC 533077K->532970K(932864K), 0,0401240 secs]
4,677: [GC 650218K->650031K(932864K), 0,0416400 secs]
4,718: [Full GC 650031K->242449K(932864K), 0,0583720 secs]
4,786: [GC 359697K->372848K(932864K), 0,0239500 secs]
4,822: [GC 490096K->488906K(932864K), 0,0440760 secs]
4,875: [GC 606154K->606147K(932864K), 0,0406660 secs]
4,926: [GC 723390K->723219K(932864K), 0,0461930 secs]
4,972: [Full GC 723219K->314352K(932864K), 0,0742730 secs]
5,057: [GC 431600K->443349K(932864K), 0,0249960 secs]
5,092: [GC 560597K->560704K(932864K), 0,0401900 secs]
5,142: [GC 677952K->677932K(932864K), 0,0421580 secs]
5,184: [Full GC 677932K->270065K(932864K), 0,0641420 secs]
5,258: [GC 387313K->400100K(932864K), 0,0260830 secs]
5,296: [GC 517348K->517731K(932864K), 0,0437090 secs]
5,353: [GC 634979K->634172K(932864K), 0,0421890 secs]
5,395: [Full GC 634172K->223885K(932864K), 0,0522310 secs]
5,456: [GC 341133K->353972K(932864K), 0,0218530 secs]
5,489: [GC 471220K->470451K(932864K), 0,0442340 secs]
5,542: [GC 587699K->587686K(932864K), 0,0406340 secs]
5,592: [GC 704934K->705169K(932864K), 0,0432400 secs]
5,635: [Full GC 705169K->296050K(932864K), 0,0688740 secs]
5,715: [GC 413298K->425094K(932864K), 0,0259090 secs]
5,753: [GC 542342K->542438K(932864K), 0,0404990 secs]
5,802: [GC 659686K->659891K(932864K), 0,0429460 secs]
5,845: [Full GC 659891K->251666K(932864K), 0,0622400 secs]
5,917: [GC 368913K->381195K(932864K), 0,0237470 secs]
5,952: [GC 498443K->498479K(932864K), 0,0433550 secs]
6,005: [GC 615727K->615853K(932864K), 0,0404270 secs]
6,045: [Full GC 615853K->206305K(932864K), 0,0520970 secs]
6,106: [GC 323553K->337156K(932864K), 0,0225480 secs]
6,141: [GC 454404K->452319K(932864K), 0,0426190 secs]
6,193: [GC 569567K->569413K(932864K), 0,0433500 secs]
6,246: [GC 686661K->687161K(932864K), 0,0411310 secs]
6,287: [Full GC 687161K->277422K(932864K), 0,0710430 secs]
6,375: [GC 394670K->406673K(932864K), 0,0322390 secs]
6,421: [GC 523919K->523552K(932864K), 0,0504910 secs]
6,482: [GC 640800K->551686K(932864K), 0,0404250 secs]
6,533: [GC 668934K->672859K(932864K), 0,0375840 secs]
6,570: [Full GC 672859K->153821K(932864K), 0,0396880 secs]
6,619: [GC 271069K->284008K(932864K), 0,0248270 secs]
6,654: [GC 401256K->401126K(932864K), 0,0396140 secs]
6,703: [GC 518374K->518255K(932864K), 0,0413770 secs]
6,754: [GC 635503K->634785K(932864K), 0,0451960 secs]
6,799: [Full GC 634785K->26696K(932864K), 0,0128090 secs]
6,821: [GC 143940K->156843K(932864K), 0,0210010 secs]
6,852: [GC 274091K->274051K(932864K), 0,0400580 secs]
6,901: [GC 391299K->390635K(932864K), 0,0434650 secs]
6,957: [GC 507883K->507265K(932864K), 0,0432670 secs]
7,009: [GC 624513K->624294K(932864K), 0,0401240 secs]
7,049: [Full GC 624294K->213676K(932864K), 0,0513960 secs]
7,111: [GC 330924K->344307K(932864K), 0,0214810 secs]
7,142: [GC 461555K->459892K(932864K), 0,0469840 secs]
7,198: [GC 577140K->577234K(932864K), 0,0416000 secs]
7,253: [GC 694482K->694899K(932864K), 0,0403060 secs]
7,293: [Full GC 694899K->284773K(932864K), 0,0681150 secs]
7,370: [GC 402021K->414851K(932864K), 0,0239680 secs]
7,404: [GC 532095K->531775K(932864K), 0,0444890 secs]
7,458: [GC 649023K->649211K(932864K), 0,0411080 secs]
7,500: [Full GC 649211K->240893K(932864K), 0,0560330 secs]
7,565: [GC 358141K->371155K(932864K), 0,0215570 secs]
7,596: [GC 488403K->487561K(932864K), 0,0438580 secs]
7,653: [GC 604809K->604949K(932864K), 0,0398990 secs]
7,702: [GC 722197K->721983K(932864K), 0,0416960 secs]
7,743: [Full GC 721983K->312849K(932864K), 0,0708510 secs]
7,825: [GC 430097K->442068K(932864K), 0,0254290 secs]
7,861: [GC 559316K->559099K(932864K), 0,0399960 secs]
7,910: [GC 676347K->675887K(932864K), 0,0450570 secs]
7,955: [Full GC 675887K->168391K(932864K), 0,0551720 secs]
8,021: [GC 285639K->298746K(932864K), 0,0320350 secs]
8,066: [GC 415994K->415608K(932864K), 0,0552610 secs]
8,133: [GC 532856K->442701K(932864K), 0,0334340 secs]
8,177: [GC 559949K->563769K(932864K), 0,0438940 secs]
8,233: [GC 681017K->679297K(932864K), 0,0509460 secs]
8,284: [Full GC 679297K->59139K(932864K), 0,0306990 secs]
8,327: [GC 176387K->189456K(932864K), 0,0334710 secs]
8,370: [GC 306704K->306307K(932864K), 0,0475490 secs]
8,433: [GC 423555K->422421K(932864K), 0,0523890 secs]
8,495: [GC 539669K->539859K(932864K), 0,0472550 secs]
8,553: [GC 657107K->657004K(932864K), 0,0402120 secs]
8,593: [Full GC 657004K->246043K(932864K), 0,0589330 secs]
8,661: [GC 363291K->376069K(932864K), 0,0239250 secs]
8,697: [GC 493317K->493065K(932864K), 0,0638430 secs]
8,773: [GC 610313K->609788K(932864K), 0,0498390 secs]
8,841: [GC 727036K->726761K(932864K), 0,0530150 secs]
8,894: [Full GC 726761K->218167K(932864K), 0,0595620 secs]
8,964: [GC 335415K->347089K(932864K), 0,0255310 secs]
8,998: [GC 464337K->464403K(932864K), 0,0424950 secs]
9,051: [GC 581651K->581651K(932864K), 0,0405350 secs]
9,101: [GC 698899K->698101K(932864K), 0,0462620 secs]
9,147: [Full GC 698101K->93131K(932864K), 0,0356010 secs]
9,200: [GC 210379K->222903K(932864K), 0,0294050 secs]
9,239: [GC 340151K->340222K(932864K), 0,0543530 secs]
9,302: [GC 457470K->456520K(932864K), 0,0529960 secs]
9,365: [GC 573768K->572707K(932864K), 0,0452910 secs]
9,421: [GC 689955K->690166K(932864K), 0,0401930 secs]
9,461: [Full GC 690166K->180097K(932864K), 0,0425970 secs]
9,514: [GC 297345K->310317K(932864K), 0,0222700 secs]
9,549: [GC 427565K->426481K(932864K), 0,0573510 secs]
9,617: [GC 543729K->542845K(932864K), 0,0548670 secs]
9,683: [GC 660093K->660878K(932864K), 0,0499270 secs]
9,733: [Full GC 660878K->249824K(932864K), 0,0767700 secs]
9,822: [GC 367072K->379813K(932864K), 0,0275830 secs]
9,864: [GC 497061K->496610K(932864K), 0,0483660 secs]
9,923: [GC 613858K->614293K(932864K), 0,0598600 secs]
9,993: [GC 731538K->730447K(932864K), 0,0559720 secs]
10,049: [Full GC 730447K->125188K(932864K), 0,0435760 secs]
10,108: [GC 242436K->254830K(932864K), 0,0322660 secs]
10,150: [GC 372078K->372003K(932864K), 0,0432990 secs]
10,205: [GC 489251K->489302K(932864K), 0,0529590 secs]
10,270: [GC 606550K->605766K(932864K), 0,0512430 secs]
10,334: [GC 723014K->723352K(932864K), 0,0510350 secs]
10,385: [Full GC 723352K->119810K(932864K), 0,0504620 secs]
10,446: [GC 237058K->250511K(932864K), 0,0290980 secs]
10,486: [GC 367759K->367236K(932864K), 0,0505000 secs]
10,547: [GC 484484K->484068K(932864K), 0,0559520 secs]
10,613: [GC 601316K->600763K(932864K), 0,0522790 secs]
10,677: [GC 718011K->717152K(932864K), 0,0544600 secs]
10,731: [Full GC 717152K->208923K(932864K), 0,0630190 secs]
10,811: [GC 326171K->337807K(932864K), 0,0331180 secs]
10,855: [GC 455055K->454856K(932864K), 0,0496800 secs]
10,917: [GC 572104K->572545K(932864K), 0,0621790 secs]
10,989: [GC 689793K->688831K(932864K), 0,0562220 secs]
11,045: [Full GC 688831K->84115K(932864K), 0,0365320 secs]
11,093: [GC 201363K->214287K(932864K), 0,0272720 secs]
11,133: [GC 331535K->331322K(932864K), 0,0471630 secs]
11,194: [GC 448561K->447418K(932864K), 0,0435780 secs]
11,249: [GC 564660K->563503K(932864K), 0,0422940 secs]
11,300: [GC 680751K->680531K(932864K), 0,0416870 secs]
11,342: [Full GC 680531K->173316K(932864K), 0,0432800 secs]
11,395: [GC 290564K->303977K(932864K), 0,0316560 secs]
11,444: [GC 421225K->420575K(932864K), 0,0539980 secs]
11,507: [GC 537823K->536927K(932864K), 0,0497180 secs]
11,566: [GC 654170K->654591K(932864K), 0,0411010 secs]
11,608: [Full GC 654591K->243070K(932864K), 0,0649260 secs]
11,684: [GC 360318K->372552K(932864K), 0,0288100 secs]
11,726: [GC 489800K->489207K(932864K), 0,0520480 secs]
11,793: [GC 606455K->606943K(932864K), 0,0421400 secs]
11,844: [GC 724191K->724082K(932864K), 0,0451250 secs]
11,889: [Full GC 724082K->313598K(932864K), 0,0851850 secs]
11,987: [GC 430846K->442745K(932864K), 0,0366320 secs]
12,034: [GC 559993K->560257K(932864K), 0,0515940 secs]
12,095: [GC 677505K->677754K(932864K), 0,0442730 secs]
12,139: [Full GC 677754K->268074K(932864K), 0,0647360 secs]
12,214: [GC 385322K->398105K(932864K), 0,0264120 secs]
12,253: [GC 515353K->515069K(932864K), 0,0434720 secs]
12,309: [GC 632317K->631782K(932864K), 0,0432350 secs]
12,352: [Full GC 631782K->223149K(932864K), 0,0533470 secs]
12,416: [GC 340397K->353235K(932864K), 0,0220330 secs]
12,449: [GC 470483K->469594K(932864K), 0,0451020 secs]
12,505: [GC 586842K->586824K(932864K), 0,0417670 secs]
12,558: [GC 704072K->703831K(932864K), 0,0422510 secs]
12,600: [Full GC 703831K->294372K(932864K), 0,0699910 secs]
12,683: [GC 411620K->424276K(932864K), 0,0248020 secs]
12,720: [GC 541524K->540627K(932864K), 0,0413760 secs]
12,771: [GC 657875K->658249K(932864K), 0,0450350 secs]
12,817: [Full GC 658249K->251581K(932864K), 0,0613850 secs]
12,888: [GC 368829K->381163K(932864K), 0,0242960 secs]
12,923: [GC 498411K->498197K(932864K), 0,0435260 secs]
12,976: [GC 615445K->615405K(932864K), 0,0438410 secs]
13,020: [Full GC 615405K->206860K(932864K), 0,0537690 secs]
13,083: [GC 324108K->336918K(932864K), 0,0244060 secs]
13,121: [GC 454166K->452851K(932864K), 0,0439890 secs]
13,177: [GC 570099K->569846K(932864K), 0,0455330 secs]
13,232: [GC 687094K->686839K(932864K), 0,0412970 secs]
13,273: [Full GC 686839K->279630K(932864K), 0,0665890 secs]
13,350: [GC 396878K->409055K(932864K), 0,0242080 secs]
13,385: [GC 526301K->526253K(932864K), 0,0407100 secs]
13,437: [GC 643501K->644044K(932864K), 0,0424010 secs]
13,479: [Full GC 644044K->234155K(932864K), 0,0567270 secs]
13,546: [GC 351403K->364007K(932864K), 0,0256320 secs]
13,583: [GC 481255K->480835K(932864K), 0,0440400 secs]
13,638: [GC 598083K->598054K(932864K), 0,0422190 secs]
13,689: [GC 715302K->715602K(932864K), 0,0434590 secs]
13,732: [Full GC 715602K->306389K(932864K), 0,0747340 secs]
13,817: [GC 423637K->435270K(932864K), 0,0256020 secs]
13,854: [GC 552518K->552361K(932864K), 0,0416950 secs]
13,906: [GC 669609K->669802K(932864K), 0,0428940 secs]
13,949: [Full GC 669802K->261206K(932864K), 0,0619340 secs]
14,021: [GC 378450K->391435K(932864K), 0,0252820 secs]
14,057: [GC 508683K->507434K(932864K), 0,0439500 secs]
14,110: [GC 624682K->624852K(932864K), 0,0410730 secs]
14,151: [Full GC 624852K->217030K(932864K), 0,0550470 secs]
14,215: [GC 334278K->346300K(932864K), 0,0242400 secs]
14,251: [GC 463548K->462771K(932864K), 0,0441430 secs]
14,306: [GC 580019K->579885K(932864K), 0,0421010 secs]
14,358: [GC 697133K->696577K(932864K), 0,0449410 secs]
14,403: [Full GC 696577K->189133K(932864K), 0,0472370 secs]
14,462: [GC 306381K->318078K(932864K), 0,0252330 secs]
14,497: [GC 435326K->435371K(932864K), 0,0405480 secs]
14,547: [GC 552619K->552647K(932864K), 0,0436580 secs]
14,603: [GC 669895K->670234K(932864K), 0,0436710 secs]
14,647: [Full GC 670234K->358310K(932864K), 0,0899600 secs]
14,750: [GC 475558K->487263K(932864K), 0,0265100 secs]
14,788: [GC 604503K->604248K(932864K), 0,0426950 secs]
14,841: [GC 721496K->721354K(932864K), 0,0412420 secs]
14,882: [Full GC 721354K->314242K(932864K), 0,0735980 secs]
14,965: [GC 431490K->444452K(932864K), 0,0243080 secs]
15,001: [GC 561700K->561699K(932864K), 0,0413440 secs]
15,052: [GC 678947K->678151K(932864K), 0,0455550 secs]
15,098: [Full GC 678151K->270868K(932864K), 0,0625810 secs]
15,170: [GC 388116K->400519K(932864K), 0,0248050 secs]
15,208: [GC 517767K->518243K(932864K), 0,0455900 secs]
15,264: [GC 635491K->634929K(932864K), 0,0423840 secs]
15,307: [Full GC 634929K->227586K(932864K), 0,0609610 secs]
15,380: [GC 344834K->358265K(932864K), 0,0282510 secs]
15,417: [GC 475513K->474248K(932864K), 0,0436130 secs]
15,472: [GC 591496K->592241K(932864K), 0,0428770 secs]
15,525: [GC 709489K->709649K(932864K), 0,0444620 secs]
15,569: [Full GC 709649K->300269K(932864K), 0,0754110 secs]
15,659: [GC 417517K->429007K(932864K), 0,0258950 secs]
15,696: [GC 546255K->546287K(932864K), 0,0404260 secs]
15,748: [GC 663535K->663839K(932864K), 0,0441960 secs]
15,792: [Full GC 663839K->256550K(932864K), 0,0700970 secs]
15,871: [GC 373798K->386729K(932864K), 0,0239150 secs]
15,907: [GC 503977K->503158K(932864K), 0,0422030 secs]
15,961: [GC 620406K->620387K(932864K), 0,0420900 secs]
16,003: [Full GC 620387K->211146K(932864K), 0,0639960 secs]
16,081: [GC 328394K->341564K(932864K), 0,0283450 secs]
16,119: [GC 458812K->458176K(932864K), 0,0510090 secs]
16,180: [GC 575424K->575183K(932864K), 0,0443240 secs]
16,234: [GC 692431K->691891K(932864K), 0,0462170 secs]
16,281: [Full GC 691891K->183674K(932864K), 0,0465870 secs]
16,339: [GC 300922K->312784K(932864K), 0,0242280 secs]
16,374: [GC 430032K->430023K(932864K), 0,0402490 secs]
16,424: [GC 547271K->547294K(932864K), 0,0427930 secs]
16,476: [GC 664542K->664836K(932864K), 0,0443550 secs]
16,520: [Full GC 664836K->155189K(932864K), 0,0411800 secs]
16,572: [GC 272437K->285583K(932864K), 0,0257640 secs]
16,607: [GC 402831K->402132K(932864K), 0,0414300 secs]
16,658: [GC 519380K->519164K(932864K), 0,0442890 secs]
16,715: [GC 636405K->635344K(932864K), 0,0467650 secs]
16,762: [Full GC 635344K->29937K(932864K), 0,0140320 secs]
16,787: [GC 147185K->160203K(932864K), 0,0248880 secs]
16,823: [GC 277451K->277699K(932864K), 0,0442370 secs]
16,881: [GC 394947K->394637K(932864K), 0,0489530 secs]
16,941: [GC 511885K->511461K(932864K), 0,0430780 secs]
16,994: [GC 628709K->627931K(932864K), 0,0428210 secs]
17,037: [Full GC 627931K->217716K(932864K), 0,0594600 secs]
17,109: [GC 334964K->348394K(932864K), 0,0236590 secs]
17,147: [GC 465642K->464680K(932864K), 0,0438680 secs]
17,200: [GC 581928K->581798K(932864K), 0,0420380 secs]
17,255: [GC 699046K->699171K(932864K), 0,0468710 secs]
17,302: [Full GC 699171K->290153K(932864K), 0,0789750 secs]
17,390: [GC 407401K->420040K(932864K), 0,0239340 secs]
17,425: [GC 537288K->537043K(932864K), 0,0403250 secs]
17,477: [GC 654291K->654456K(932864K), 0,0439980 secs]
17,521: [Full GC 654456K->246535K(932864K), 0,0643070 secs]
17,597: [GC 363783K->375625K(932864K), 0,0267180 secs]
17,635: [GC 492873K->492362K(932864K), 0,0430920 secs]
17,688: [GC 609610K->610333K(932864K), 0,0417220 secs]
17,740: [GC 727581K->727748K(932864K), 0,0446350 secs]
17,785: [Full GC 727748K->318085K(932864K), 0,0791510 secs]
17,875: [GC 435333K->446783K(932864K), 0,0266190 secs]
17,911: [GC 564031K->563965K(932864K), 0,0418130 secs]
17,962: [GC 681213K->681300K(932864K), 0,0448770 secs]
18,007: [Full GC 681300K->273758K(932864K), 0,0641080 secs]
18,083: [GC 391006K->403725K(932864K), 0,0271880 secs]
18,125: [GC 520973K->519328K(932864K), 0,0427240 secs]
18,177: [GC 636576K->636630K(932864K), 0,0435550 secs]
18,221: [Full GC 636630K->227565K(932864K), 0,0551810 secs]
18,287: [GC 344813K->357670K(932864K), 0,0256440 secs]
18,325: [GC 474918K->473742K(932864K), 0,0433660 secs]
18,381: [GC 590990K->591433K(932864K), 0,0441550 secs]
18,438: [GC 708681K->707751K(932864K), 0,0443620 secs]
18,482: [Full GC 707751K->198707K(932864K), 0,0523510 secs]
18,545: [GC 315949K->328497K(932864K), 0,0252190 secs]
18,581: [GC 445745K->445713K(932864K), 0,0428070 secs]
18,637: [GC 562961K->562949K(932864K), 0,0437990 secs]
18,691: [GC 680197K->679136K(932864K), 0,0448860 secs]
18,736: [Full GC 679136K->172390K(932864K), 0,0451410 secs]
18,793: [GC 289638K->302689K(932864K), 0,0249120 secs]
18,827: [GC 419937K->419369K(932864K), 0,0401120 secs]
18,877: [GC 536617K->536606K(932864K), 0,0449550 secs]
18,933: [GC 653854K->653426K(932864K), 0,0441280 secs]
18,977: [Full GC 653426K->50326K(932864K), 0,0183720 secs]
19,007: [GC 167574K->180432K(932864K), 0,0227420 secs]
19,039: [GC 297680K->297972K(932864K), 0,0450540 secs]
19,095: [GC 415220K->414575K(932864K), 0,0447050 secs]
19,149: [GC 531823K->531576K(932864K), 0,0419710 secs]
19,205: [GC 648824K->649017K(932864K), 0,0434800 secs]
19,248: [Full GC 649017K->238583K(932864K), 0,0581550 secs]
19,317: [GC 355831K->368759K(932864K), 0,0237320 secs]
19,353: [GC 486005K->485376K(932864K), 0,0441460 secs]
19,409: [GC 602624K->602407K(932864K), 0,0407490 secs]
19,460: [GC 719655K->719597K(932864K), 0,0421750 secs]
19,502: [Full GC 719597K->310591K(932864K), 0,0734510 secs]
19,587: [GC 427839K->440720K(932864K), 0,0262810 secs]
19,622: [GC 557968K->557973K(932864K), 0,0414410 secs]
19,673: [GC 675221K->675213K(932864K), 0,0436870 secs]
19,717: [Full GC 675213K->266701K(932864K), 0,0647460 secs]
19,791: [GC 383949K->396571K(932864K), 0,0230130 secs]
19,826: [GC 513819K->513310K(932864K), 0,0440070 secs]
19,880: [GC 630558K->630447K(932864K), 0,0402660 secs]
19,921: [Full GC 630447K->222253K(932864K), 0,0573260 secs]
19,987: [GC 339501K->352730K(932864K), 0,0223090 secs]
20,022: [GC 469978K->468430K(932864K), 0,0423120 secs]
20,073: [GC 585678K->585989K(932864K), 0,0421820 secs]
20,125: [GC 703237K->703294K(932864K), 0,0436500 secs]
20,169: [Full GC 703294K->293648K(932864K), 0,0714620 secs]
20,252: [GC 410896K->422844K(932864K), 0,0249280 secs]
20,287: [GC 540092K->540383K(932864K), 0,0423850 secs]
20,339: [GC 657631K->657400K(932864K), 0,0437390 secs]
20,383: [Full GC 657400K->247600K(932864K), 0,0573980 secs]
20,450: [GC 364848K->377515K(932864K), 0,0231440 secs]
20,489: [GC 494763K->493903K(932864K), 0,0445160 secs]
20,545: [GC 611151K->611139K(932864K), 0,0408460 secs]
20,586: [Full GC 611139K->201349K(932864K), 0,0496810 secs]
20,645: [GC 318597K->331503K(932864K), 0,0246490 secs]
20,679: [GC 448751K->447882K(932864K), 0,0423220 secs]
20,730: [GC 565130K->564451K(932864K), 0,0415680 secs]
20,782: [GC 681699K->681729K(932864K), 0,0422220 secs]
20,824: [Full GC 681729K->272488K(932864K), 0,0639920 secs]
20,899: [GC 389736K->401969K(932864K), 0,0258110 secs]
20,935: [GC 519217K->518941K(932864K), 0,0436450 secs]
20,988: [GC 636189K->547885K(932864K), 0,0281200 secs]
21,026: [GC 665133K->668544K(932864K), 0,0386970 secs]
21,065: [Full GC 668544K->147262K(932864K), 0,0404540 secs]
21,115: [GC 264510K->277802K(932864K), 0,0259920 secs]
21,151: [GC 395050K->395003K(932864K), 0,0415520 secs]
21,202: [GC 512251K->511447K(932864K), 0,0448730 secs]
21,258: [GC 628695K->628518K(932864K), 0,0429640 secs]
21,301: [Full GC 628518K->25109K(932864K), 0,0132270 secs]
21,324: [GC 142357K->155784K(932864K), 0,0228750 secs]
21,356: [GC 273032K->273149K(932864K), 0,0407650 secs]
21,407: [GC 390397K->388879K(932864K), 0,0441160 secs]
21,462: [GC 506127K->506212K(932864K), 0,0453310 secs]
21,516: [GC 623460K->623559K(932864K), 0,0433820 secs]
21,560: [Full GC 623559K->212927K(932864K), 0,0534300 secs]
21,623: [GC 330175K->343821K(932864K), 0,0233800 secs]
21,660: [GC 461069K->458636K(932864K), 0,0458410 secs]
21,715: [GC 575884K->576408K(932864K), 0,0403600 secs]
21,767: [GC 693656K->693407K(932864K), 0,0420030 secs]
21,809: [Full GC 693407K->284799K(932864K), 0,0696510 secs]
21,890: [GC 402047K->413486K(932864K), 0,0234670 secs]
21,925: [GC 530734K->531205K(932864K), 0,0404460 secs]
21,975: [GC 648453K->648484K(932864K), 0,0448840 secs]
22,020: [Full GC 648484K->238891K(932864K), 0,0573770 secs]
22,088: [GC 356139K->369129K(932864K), 0,0255910 secs]
