OpenJDK 64-Bit Server VM (24.95-b01) for linux-amd64 JRE (1.7.0_95-b00), built on Mar 27 2016 12:52:52 by "buildd" with gcc 5.3.1 20160323
Memory: 4k page, physical 5975800k(3026620k free), swap 3416060k(3416060k free)
CommandLine flags: -XX:InitialHeapSize=1073741824 -XX:MaxHeapSize=1073741824 -XX:+PrintGC -XX:+PrintGCTimeStamps -XX:+UseCompressedOops -XX:+UseG1GC 
0,120: [GC pause (young) 51M->51M(1024M), 0,0306920 secs]
0,163: [GC pause (young) 95M->99M(1024M), 0,0237400 secs]
0,202: [GC pause (young) 143M->149M(1024M), 0,0320460 secs]
0,249: [GC pause (young) 193M->197M(1024M), 0,0243160 secs]
0,281: [GC pause (young) 241M->244M(1024M), 0,0270910 secs]
0,315: [GC pause (young) 288M->291M(1024M), 0,0230900 secs]
0,345: [GC pause (young) 335M->338M(1024M), 0,0221920 secs]
0,375: [GC pause (young) 387M->390M(1024M), 0,0306980 secs]
0,419: [GC pause (young) 452M->454M(1024M), 0,0355700 secs]
0,469: [GC pause (young) 529M->531M(1024M), 0,0408490 secs]
0,529: [GC pause (young) (initial-mark) 622M->624M(1024M), 0,0443110 secs]
0,573: [GC concurrent-root-region-scan-start]
0,575: [GC concurrent-root-region-scan-end, 0,0021690 secs]
0,575: [GC concurrent-mark-start]
0,589: [GC concurrent-mark-end, 0,0143020 secs]
0,590: [GC remark, 0,0037830 secs]
0,593: [GC cleanup 710M->331M(1024M), 0,0011080 secs]
0,595: [GC concurrent-cleanup-start]
0,595: [GC concurrent-cleanup-end, 0,0007640 secs]
0,603: [GC pause (young) 353M->356M(1024M), 0,0287640 secs]
0,652: [GC pause (young) 488M->491M(1024M), 0,0346900 secs]
0,708: [GC pause (young) (initial-mark) 651M->653M(1024M), 0,0611190 secs]
0,769: [GC concurrent-root-region-scan-start]
0,776: [GC concurrent-root-region-scan-end, 0,0072350 secs]
0,776: [GC concurrent-mark-start]
0,786: [GC pause (young) 787M->789M(1024M), 0,0621780 secs]
0,853: [GC concurrent-mark-end, 0,0769720 secs]
0,853: [GC remark, 0,0017940 secs]
0,855: [GC cleanup 817M->428M(1024M), 0,0012990 secs]
0,857: [GC concurrent-cleanup-start]
0,857: [GC concurrent-cleanup-end, 0,0006600 secs]
0,864: [GC pause (young) 465M->467M(1024M), 0,0212940 secs]
0,914: [GC pause (young) 694M->697M(1024M), 0,0464960 secs]
0,976: [GC pause (young) (initial-mark) 809M->775M(1024M), 0,0261710 secs]
1,003: [GC concurrent-root-region-scan-start]
1,012: [GC concurrent-root-region-scan-end, 0,0090300 secs]
1,012: [GC concurrent-mark-start]
1,013: [GC pause (young) 847M->850M(1024M), 0,0222890 secs]
1,045: [GC pause (young) 889M->891M(1024M), 0,0118830 secs]
1,058: [GC concurrent-mark-end, 0,0466470 secs]
1,058: [GC remark, 0,0020740 secs]
1,061: [GC cleanup 893M->480M(1024M), 0,0011560 secs]
1,062: [GC concurrent-cleanup-start]
1,063: [GC concurrent-cleanup-end, 0,0011860 secs]
1,070: [GC pause (young) 522M->524M(1024M), 0,0112260 secs]
1,106: [GC pause (young) 722M->724M(1024M), 0,0420670 secs]
1,162: [GC pause (young) (initial-mark) 822M->825M(1024M), 0,0295250 secs]
1,192: [GC concurrent-root-region-scan-start]
1,195: [GC concurrent-root-region-scan-end, 0,0031650 secs]
1,195: [GC concurrent-mark-start]
1,202: [GC pause (young) 873M->875M(1024M), 0,0144020 secs]
1,224: [GC pause (young) 918M->920M(1024M), 0,0181050 secs]
1,244: [GC concurrent-mark-end, 0,0483510 secs]
1,244: [GC remark, 0,0025270 secs]
1,246: [GC cleanup 930M->557M(1024M), 0,0011060 secs]
1,248: [GC concurrent-cleanup-start]
1,248: [GC concurrent-cleanup-end, 0,0007980 secs]
1,255: [GC pause (young) 591M->592M(1024M), 0,0118900 secs]
1,272: [GC pause (mixed) 636M->632M(1024M), 0,0112120 secs]
1,302: [GC pause (young) 776M->779M(1024M), 0,0326320 secs]
1,346: [GC pause (young) (initial-mark) 850M->853M(1024M), 0,0231420 secs]
1,369: [GC concurrent-root-region-scan-start]
1,371: [GC concurrent-root-region-scan-end, 0,0012970 secs]
1,371: [GC concurrent-mark-start]
1,374: [GC pause (young) 892M->894M(1024M), 0,0136140 secs]
1,390: [GC concurrent-mark-end, 0,0198390 secs]
1,393: [GC remark, 0,0009640 secs]
1,394: [GC cleanup 913M->149M(1024M), 0,0023930 secs]
1,396: [GC concurrent-cleanup-start]
1,398: [GC concurrent-cleanup-end, 0,0013790 secs]
1,401: [GC pause (young) 174M->175M(1024M), 0,0112800 secs]
1,460: [GC pause (young) 547M->550M(1024M), 0,0765770 secs]
1,560: [GC pause (young) (initial-mark) 735M->737M(1024M), 0,0466780 secs]
1,606: [GC concurrent-root-region-scan-start]
1,612: [GC concurrent-root-region-scan-end, 0,0059270 secs]
1,612: [GC concurrent-mark-start]
1,623: [GC pause (young) 828M->832M(1024M), 0,0280330 secs]
1,657: [GC pause (young) 876M->877M(1024M), 0,0145960 secs]
1,673: [GC concurrent-mark-end, 0,0611740 secs]
1,674: [GC remark, 0,0020980 secs]
1,676: [GC cleanup 878M->532M(1024M), 0,0010450 secs]
1,677: [GC concurrent-cleanup-start]
1,678: [GC concurrent-cleanup-end, 0,0008470 secs]
1,685: [GC pause (young) 574M->576M(1024M), 0,0123020 secs]
1,717: [GC pause (young) 748M->750M(1024M), 0,0372480 secs]
1,765: [GC pause (young) (initial-mark) 835M->838M(1024M), 0,0272180 secs]
1,793: [GC concurrent-root-region-scan-start]
1,799: [GC pause (young)1,799: [GC concurrent-root-region-scan-end, 0,0064530 secs]
1,799: [GC concurrent-mark-start]
 879M->880M(1024M), 0,0170750 secs]
1,824: [GC pause (young) 924M->927M(1024M), 0,0186380 secs]
1,849: [GC pause (young)-- 971M->977M(1024M), 0,0271860 secs]
1,882: [GC concurrent-mark-end, 0,0828500 secs]
1,882: [GC remark, 0,0026260 secs]
1,885: [GC pause (young)-- 1021M->1024M(1024M), 0,0095460 secs]
1,894: [Full GC 1024M->137M(1024M), 0,0537330 secs]
1,948: [GC cleanup, 0,0000120 secs]
1,948: [GC concurrent-mark-abort]
2,007: [GC pause (young) 552M->554M(1024M), 0,0879330 secs]
2,121: [GC pause (young) (initial-mark) 741M->648M(1024M), 0,0325170 secs]
2,154: [GC concurrent-root-region-scan-start]
2,158: [GC concurrent-root-region-scan-end, 0,0039140 secs]
2,158: [GC concurrent-mark-start]
2,169: [GC concurrent-mark-end, 0,0114590 secs]
2,171: [GC remark, 0,0025100 secs]
2,174: [GC cleanup 745M->368M(1024M), 0,0010990 secs]
2,175: [GC concurrent-cleanup-start]
2,176: [GC concurrent-cleanup-end, 0,0007080 secs]
2,183: [GC pause (young) 416M->413M(1024M), 0,0379070 secs]
2,258: [GC pause (young) 673M->484M(1024M), 0,0264770 secs]
2,317: [GC pause (young) 723M->726M(1024M), 0,0625360 secs]
2,396: [GC pause (young) (initial-mark) 827M->824M(1024M), 0,0318130 secs]
2,427: [GC concurrent-root-region-scan-start]
2,432: [GC concurrent-root-region-scan-end, 0,0042910 secs]
2,432: [GC concurrent-mark-start]
2,436: [GC pause (young) 873M->875M(1024M), 0,0188860 secs]
2,461: [GC concurrent-mark-end, 0,0296970 secs]
2,463: [GC pause (young) 917M->920M(1024M), 0,0120800 secs]
2,475: [GC remark, 0,0021960 secs]
2,478: [GC cleanup 921M->410M(1024M), 0,0018320 secs]
2,480: [GC concurrent-cleanup-start]
2,482: [GC concurrent-cleanup-end, 0,0013260 secs]
2,490: [GC pause (young) 453M->455M(1024M), 0,0130960 secs]
2,533: [GC pause (young) 687M->689M(1024M), 0,0501430 secs]
2,600: [GC pause (young) (initial-mark) 804M->806M(1024M), 0,0357770 secs]
2,636: [GC concurrent-root-region-scan-start]
2,638: [GC concurrent-root-region-scan-end, 0,0025770 secs]
2,638: [GC concurrent-mark-start]
2,647: [GC pause (young) 863M->866M(1024M), 0,0193130 secs]
2,672: [GC concurrent-mark-end, 0,0333880 secs]
2,672: [GC remark, 0,0018960 secs]
2,674: [GC pause (young) 907M->909M(1024M), 0,0129510 secs]
2,687: [GC cleanup 910M->449M(1024M), 0,0011700 secs]
2,689: [GC concurrent-cleanup-start]
2,690: [GC concurrent-cleanup-end, 0,0018680 secs]
2,698: [GC pause (young) 492M->494M(1024M), 0,0155140 secs]
2,719: [GC pause (mixed) 538M->531M(1024M), 0,0134730 secs]
2,764: [GC pause (young) 725M->727M(1024M), 0,0551130 secs]
2,834: [GC pause (young) (initial-mark) 823M->825M(1024M), 0,0373170 secs]
2,871: [GC concurrent-root-region-scan-start]
2,873: [GC concurrent-root-region-scan-end, 0,0015670 secs]
2,873: [GC concurrent-mark-start]
2,880: [GC pause (young) 872M->874M(1024M), 0,0192230 secs]
2,903: [GC concurrent-mark-end, 0,0301300 secs]
2,908: [GC remark, 0,0018530 secs]
2,910: [GC cleanup 908M->232M(1024M), 0,0022260 secs]
2,912: [GC concurrent-cleanup-start]
2,914: [GC pause (young)2,914: [GC concurrent-cleanup-end, 0,0018420 secs]
 241M->243M(1024M), 0,0179350 secs]
2,981: [GC pause (young) 523M->526M(1024M), 0,0729060 secs]
3,082: [GC pause (young) 723M->632M(1024M), 0,0426110 secs]
3,152: [GC pause (young) (initial-mark) 781M->784M(1024M), 0,0527340 secs]
3,205: [GC concurrent-root-region-scan-start]
3,210: [GC concurrent-root-region-scan-end, 0,0048210 secs]
3,210: [GC concurrent-mark-start]
3,215: [GC pause (young) 852M->854M(1024M), 0,0265550 secs]
3,249: [GC pause (young) 893M->895M(1024M), 0,0222380 secs]
3,277: [GC pause (young) 939M->941M(1024M), 0,0153260 secs]
3,297: [GC concurrent-mark-end, 0,0867260 secs]
3,297: [GC remark, 0,0031790 secs]
3,300: [GC cleanup 980M->506M(1024M), 0,0011740 secs]
3,302: [GC concurrent-cleanup-start]
3,302: 3,302: [GC pause (young)[GC concurrent-cleanup-end, 0,0008900 secs]
 511M->512M(1024M), 0,0142540 secs]
3,352: [GC pause (young) 716M->719M(1024M), 0,0518500 secs]
3,419: [GC pause (young) 819M->821M(1024M), 0,0375370 secs]
3,464: [GC pause (young) (initial-mark) 870M->872M(1024M), 0,0210050 secs]
3,485: [GC concurrent-root-region-scan-start]
3,489: [GC concurrent-root-region-scan-end, 0,0041790 secs]
3,489: [GC concurrent-mark-start]
3,494: [GC pause (young) 914M->916M(1024M), 0,0151010 secs]
3,516: [GC pause (young) 960M->962M(1024M), 0,0173410 secs]
3,536: [GC concurrent-mark-end, 0,0465990 secs]
3,540: [GC remark, 0,0070730 secs]
3,547: [GC cleanup 983M->373M(1024M), 0,0014950 secs]
3,549: [GC concurrent-cleanup-start]
3,551: [GC concurrent-cleanup-end, 0,0025720 secs]
3,552: [GC pause (young) 396M->398M(1024M), 0,0204790 secs]
3,617: [GC pause (young) 659M->565M(1024M), 0,0454940 secs]
3,696: [GC pause (young) (initial-mark) 747M->599M(1024M), 0,0363560 secs]
3,732: [GC concurrent-root-region-scan-start]
3,734: [GC concurrent-root-region-scan-end, 0,0018980 secs]
3,734: [GC concurrent-mark-start]
3,737: [GC concurrent-mark-end, 0,0029940 secs]
3,737: [GC remark, 0,0032280 secs]
3,745: [GC cleanup 650M->95M(1024M), 0,0017250 secs]
3,747: [GC concurrent-cleanup-start]
3,751: [GC concurrent-cleanup-end, 0,0044420 secs]
3,770: [GC pause (young) 220M->214M(1024M), 0,0426270 secs]
3,859: [GC pause (young) 576M->580M(1024M), 0,0803470 secs]
3,961: [GC pause (young) (initial-mark) 753M->681M(1024M), 0,0388370 secs]
4,000: [GC concurrent-root-region-scan-start]
4,002: [GC concurrent-root-region-scan-end, 0,0022180 secs]
4,002: [GC concurrent-mark-start]
4,018: [GC pause (young) 805M->808M(1024M), 0,0372500 secs]
4,058: [GC concurrent-mark-end, 0,0553470 secs]
4,060: [GC remark, 0,0015800 secs]
4,061: [GC cleanup 843M->406M(1024M), 0,0011460 secs]
4,063: [GC concurrent-cleanup-start]
4,064: [GC concurrent-cleanup-end, 0,0008330 secs]
4,067: [GC pause (young) 428M->430M(1024M), 0,0174230 secs]
4,115: [GC pause (young) 677M->680M(1024M), 0,0567360 secs]
4,186: [GC pause (young) (initial-mark) 800M->802M(1024M), 0,0350830 secs]
4,221: [GC concurrent-root-region-scan-start]
4,226: [GC concurrent-root-region-scan-end, 0,0046630 secs]
4,226: [GC concurrent-mark-start]
4,228: [GC pause (young) 861M->862M(1024M), 0,0193940 secs]
4,254: [GC pause (young) 903M->904M(1024M), 0,0119090 secs]
4,269: [GC concurrent-mark-end, 0,0431090 secs]
4,269: [GC remark, 0,0013730 secs]
4,270: [GC cleanup 914M->255M(1024M), 0,0014320 secs]
4,272: [GC concurrent-cleanup-start]
4,274: [GC concurrent-cleanup-end, 0,0023900 secs]
4,278: [GC pause (young) 289M->291M(1024M), 0,0127110 secs]
4,332: [GC pause (young) 605M->609M(1024M), 0,0659300 secs]
4,417: [GC pause (young) (initial-mark) 764M->760M(1024M), 0,0465720 secs]
4,464: [GC concurrent-root-region-scan-start]
4,468: [GC concurrent-root-region-scan-end, 0,0041600 secs]
4,468: [GC concurrent-mark-start]
4,477: [GC pause (young) 840M->842M(1024M), 0,0278190 secs]
4,510: [GC pause (young) 881M->882M(1024M), 0,0139010 secs]
4,526: [GC concurrent-mark-end, 0,0579900 secs]
4,526: [GC remark, 0,0019090 secs]
4,528: [GC cleanup 900M->504M(1024M), 0,0011170 secs]
4,530: [GC concurrent-cleanup-start]
4,531: [GC concurrent-cleanup-end, 0,0009300 secs]
4,535: [GC pause (young) 530M->531M(1024M), 0,0114440 secs]
4,572: [GC pause (young) 725M->727M(1024M), 0,0417680 secs]
4,627: [GC pause (young) (initial-mark) 823M->825M(1024M), 0,0314770 secs]
4,659: [GC concurrent-root-region-scan-start]
4,665: [GC pause (young)4,665: [GC concurrent-root-region-scan-end, 0,0065110 secs]
4,665: [GC concurrent-mark-start]
 872M->874M(1024M), 0,0153080 secs]
4,686: [GC pause (young) 917M->919M(1024M), 0,0117420 secs]
4,704: [GC pause (young) 963M->965M(1024M), 0,0131600 secs]
4,720: [GC concurrent-mark-end, 0,0553270 secs]
4,721: [GC remark, 0,0020110 secs]
4,723: [GC cleanup 979M->496M(1024M), 0,0012190 secs]
4,724: [GC concurrent-cleanup-start]
4,726: [GC concurrent-cleanup-end, 0,0014900 secs]
4,731: [GC pause (young) 526M->528M(1024M), 0,0129420 secs]
4,749: [GC pause (mixed) 572M->556M(1024M), 0,0145260 secs]
4,787: [GC pause (young) 738M->739M(1024M), 0,0426980 secs]
4,842: [GC pause (young) (initial-mark) 829M->831M(1024M), 0,0282440 secs]
4,870: [GC concurrent-root-region-scan-start]
4,871: [GC concurrent-root-region-scan-end, 0,0012140 secs]
4,871: [GC concurrent-mark-start]
4,878: [GC pause (young) 875M->876M(1024M), 0,0139850 secs]
4,895: [GC concurrent-mark-end, 0,0236970 secs]
4,895: [GC remark, 0,0020450 secs]
4,897: [GC cleanup 889M->239M(1024M), 0,0015820 secs]
4,899: [GC concurrent-cleanup-start]
4,902: [GC concurrent-cleanup-end, 0,0034650 secs]
4,904: [GC pause (young) 269M->272M(1024M), 0,0120360 secs]
4,960: [GC pause (young) 596M->599M(1024M), 0,0673040 secs]
5,045: [GC pause (young) (initial-mark) 759M->762M(1024M), 0,0456410 secs]
5,091: [GC concurrent-root-region-scan-start]
5,102: [GC pause (young)5,102: [GC concurrent-root-region-scan-end, 0,0108990 secs]
5,102: [GC concurrent-mark-start]
 841M->844M(1024M), 0,0288490 secs]
5,138: [GC pause (young) 882M->884M(1024M), 0,0123120 secs]
5,157: [GC pause (young) 928M->930M(1024M), 0,0117680 secs]
5,169: [GC concurrent-mark-end, 0,0671890 secs]
5,169: [GC remark, 0,0023160 secs]
5,172: [GC cleanup 938M->596M(1024M), 0,0011890 secs]
5,174: [GC concurrent-cleanup-start]
5,174: [GC concurrent-cleanup-end, 0,0006760 secs]
5,180: [GC pause (young) 632M->635M(1024M), 0,0115080 secs]
5,198: [GC pause (mixed) 679M->681M(1024M), 0,0115950 secs]
5,223: [GC pause (young) 800M->802M(1024M), 0,0270480 secs]
5,257: [GC pause (young) (initial-mark) 861M->863M(1024M), 0,0194280 secs]
5,277: [GC concurrent-root-region-scan-start]
5,279: [GC concurrent-root-region-scan-end, 0,0026900 secs]
5,279: [GC concurrent-mark-start]
5,288: [GC pause (young) 904M->906M(1024M), 0,0120870 secs]
5,305: [GC pause (young) 950M->952M(1024M), 0,0135200 secs]
5,326: [GC pause (young)-- 996M->1009M(1024M), 0,0105320 secs]
5,339: [GC pause (young)-- 1023M->1023M(1024M), 0,0034180 secs]
5,342: [Full GC 1023M->111M(1024M), 0,0458160 secs]
5,388: [GC concurrent-mark-abort]
5,443: [GC pause (young) 543M->546M(1024M), 0,0886120 secs]
5,556: [GC pause (young) (initial-mark) 738M->760M(1024M), 0,0573730 secs]
5,613: [GC concurrent-root-region-scan-start]
5,619: [GC concurrent-root-region-scan-end, 0,0061150 secs]
5,619: [GC concurrent-mark-start]
5,626: [GC pause (young) 840M->843M(1024M), 0,0290940 secs]
5,660: [GC pause (young) 881M->882M(1024M), 0,0138930 secs]
5,681: [GC pause (young) 926M->928M(1024M), 0,0115800 secs]
5,699: [GC concurrent-mark-end, 0,0794120 secs]
5,699: [GC remark, 0,0022140 secs]
5,701: [GC cleanup 967M->691M(1024M), 0,0010490 secs]
5,702: [GC concurrent-cleanup-start]
5,703: [GC concurrent-cleanup-end, 0,0005450 secs]
5,704: [GC pause (young) 696M->698M(1024M), 0,0113410 secs]
5,723: [GC pause (mixed) 742M->717M(1024M), 0,0138440 secs]
5,748: [GC pause (young) 818M->821M(1024M), 0,0288200 secs]
5,783: [GC pause (young) (initial-mark) 870M->872M(1024M), 0,0159510 secs]
5,799: [GC concurrent-root-region-scan-start]
5,802: [GC concurrent-root-region-scan-end, 0,0025120 secs]
5,802: [GC concurrent-mark-start]
5,806: [GC pause (young) 915M->916M(1024M), 0,0147630 secs]
5,827: [GC pause (young) 960M->962M(1024M), 0,0111840 secs]
5,845: [GC pause (young)-- 1006M->1016M(1024M), 0,0109490 secs]
5,857: [GC pause (young)-- 1023M->1023M(1024M), 0,0036120 secs]
5,860: [Full GC 1023M->114M(1024M), 0,0489080 secs]
5,909: [GC concurrent-mark-abort]
5,970: [GC pause (young) 567M->569M(1024M), 0,0920880 secs]
6,084: [GC pause (young) (initial-mark)-- 755M->847M(1024M), 0,0563860 secs]
6,140: [GC concurrent-root-region-scan-start]
6,144: [GC concurrent-root-region-scan-end, 0,0039320 secs]
6,144: [GC concurrent-mark-start]
6,147: [GC pause (young) 886M->889M(1024M), 0,0223750 secs]
6,178: [GC pause (young) 931M->932M(1024M), 0,0128490 secs]
6,197: [GC pause (young)-- 976M->998M(1024M), 0,0123200 secs]
6,212: [GC concurrent-mark-end, 0,0681360 secs]
6,212: [GC remark, 0,0026070 secs]
6,215: [GC cleanup 1021M->769M(1024M), 0,0011250 secs]
6,216: [GC concurrent-cleanup-start]
6,217: [GC concurrent-cleanup-end, 0,0009770 secs]
6,220: [GC pause (young) 790M->793M(1024M), 0,0117100 secs]
6,239: [GC pause (mixed) 837M->767M(1024M), 0,0208900 secs]
6,268: [GC pause (mixed) 811M->765M(1024M), 0,0231470 secs]
6,302: [GC pause (young) 842M->844M(1024M), 0,0201740 secs]
6,326: [GC pause (young) (initial-mark) 884M->886M(1024M), 0,0159380 secs]
6,342: [GC concurrent-root-region-scan-start]
6,343: [GC concurrent-root-region-scan-end, 0,0002020 secs]
6,343: [GC concurrent-mark-start]
6,350: [GC pause (young) 930M->933M(1024M), 0,0127980 secs]
6,371: [GC pause (young)-- 977M->983M(1024M), 0,0128460 secs]
6,385: [GC concurrent-mark-end, 0,0421280 secs]
6,385: [GC remark, 0,0014310 secs]
6,386: [GC cleanup 989M->394M(1024M), 0,0012020 secs]
6,388: [GC concurrent-cleanup-start]
6,389: [GC concurrent-cleanup-end, 0,0015370 secs]
6,396: [GC pause (young) 432M->434M(1024M), 0,0124020 secs]
6,415: [GC pause (mixed) 478M->453M(1024M), 0,0111740 secs]
6,454: [GC pause (young) 686M->690M(1024M), 0,0512850 secs]
6,524: [GC pause (young) (initial-mark) 805M->807M(1024M), 0,0342730 secs]
6,558: [GC concurrent-root-region-scan-start]
6,564: [GC concurrent-root-region-scan-end, 0,0055530 secs]
6,564: [GC concurrent-mark-start]
6,566: [GC pause (young) 864M->865M(1024M), 0,0195830 secs]
6,591: [GC pause (young) 906M->908M(1024M), 0,0125640 secs]
6,610: [GC pause (young) 952M->955M(1024M), 0,0134860 secs]
6,630: [GC concurrent-mark-end, 0,0656660 secs]
6,630: [GC remark, 0,0023000 secs]
6,632: [GC pause (young)-- 998M->1017M(1024M), 0,0118180 secs]
6,644: [GC cleanup 1018M->512M(1024M), 0,0013410 secs]
6,646: [GC concurrent-cleanup-start]
6,648: [GC concurrent-cleanup-end, 0,0025110 secs]
6,653: [GC pause (young) 555M->558M(1024M), 0,0139890 secs]
6,693: [GC pause (young) 740M->742M(1024M), 0,0416950 secs]
6,747: [GC pause (young) (initial-mark) 831M->833M(1024M), 0,0264640 secs]
6,773: [GC concurrent-root-region-scan-start]
6,775: [GC concurrent-root-region-scan-end, 0,0018430 secs]
6,775: [GC concurrent-mark-start]
6,783: [GC pause (young) 876M->878M(1024M), 0,0151820 secs]
6,804: [GC pause (young) 921M->923M(1024M), 0,0148810 secs]
6,820: [GC concurrent-mark-end, 0,0449430 secs]
6,820: [GC remark, 0,0016960 secs]
6,822: [GC cleanup 930M->365M(1024M), 0,0011280 secs]
6,823: [GC concurrent-cleanup-start]
6,825: [GC concurrent-cleanup-end, 0,0012960 secs]
6,832: [GC pause (young) 403M->404M(1024M), 0,0117350 secs]
6,878: [GC pause (young) 662M->664M(1024M), 0,0539970 secs]
6,946: [GC pause (young) (initial-mark) 792M->795M(1024M), 0,0414470 secs]
6,988: [GC concurrent-root-region-scan-start]
6,990: [GC concurrent-root-region-scan-end, 0,0025310 secs]
6,990: [GC concurrent-mark-start]
7,005: [GC pause (young) 858M->860M(1024M), 0,0246750 secs]
7,036: [GC pause (young) 900M->902M(1024M), 0,0144310 secs]
7,056: [GC concurrent-mark-end, 0,0657100 secs]
7,056: [GC pause (young) 946M->948M(1024M), 0,0130490 secs]
7,070: [GC remark, 0,0024150 secs]
7,073: [GC cleanup 953M->544M(1024M), 0,0011790 secs]
7,074: [GC concurrent-cleanup-start]
7,075: [GC concurrent-cleanup-end, 0,0009720 secs]
7,083: [GC pause (young) 582M->585M(1024M), 0,0133480 secs]
7,116: [GC pause (young) 753M->755M(1024M), 0,0389480 secs]
7,168: [GC pause (young) (initial-mark) 837M->839M(1024M), 0,0258010 secs]
7,194: [GC concurrent-root-region-scan-start]
7,195: [GC concurrent-root-region-scan-end, 0,0014580 secs]
7,195: [GC concurrent-mark-start]
7,202: [GC pause (young) 880M->882M(1024M), 0,0144540 secs]
7,220: [GC concurrent-mark-end, 0,0244810 secs]
7,220: [GC remark, 0,0014370 secs]
7,223: [GC cleanup 915M->292M(1024M), 0,0018500 secs]
7,224: [GC concurrent-cleanup-start]
7,226: [GC pause (young)7,226: [GC concurrent-cleanup-end, 0,0018760 secs]
 303M->306M(1024M), 0,0130340 secs]
7,266: [GC pause (young) 507M->510M(1024M), 0,0467360 secs]
7,342: [GC pause (young) 716M->720M(1024M), 0,0503390 secs]
7,403: [GC pause (young) (initial-mark) 820M->822M(1024M), 0,0301890 secs]
7,434: [GC concurrent-root-region-scan-start]
7,440: [GC concurrent-root-region-scan-end, 0,0059900 secs]
7,440: [GC concurrent-mark-start]
7,440: [GC pause (young) 871M->873M(1024M), 0,0170380 secs]
7,462: [GC pause (young) 915M->916M(1024M), 0,0141890 secs]
7,482: [GC pause (young) 960M->963M(1024M), 0,0165220 secs]
7,506: [GC concurrent-mark-end, 0,0662750 secs]
7,506: [GC pause (young)-- 1007M->1017M(1024M), 0,0132430 secs]
7,520: [GC remark, 0,0016500 secs]
7,521: [GC cleanup 1017M->498M(1024M), 0,0011260 secs]
7,523: [GC concurrent-cleanup-start]
7,525: [GC concurrent-cleanup-end, 0,0022540 secs]
7,529: [GC pause (young) 542M->544M(1024M), 0,0143260 secs]
7,567: [GC pause (young) 733M->736M(1024M), 0,0387380 secs]
7,616: [GC pause (young) (initial-mark) 828M->829M(1024M), 0,0274840 secs]
7,644: [GC concurrent-root-region-scan-start]
7,647: [GC concurrent-root-region-scan-end, 0,0035910 secs]
7,651: [GC concurrent-mark-start]
7,654: [GC pause (young) 875M->877M(1024M), 0,0179890 secs]
7,681: [GC pause (young) 920M->922M(1024M), 0,0134820 secs]
7,701: [GC pause (young) 966M->968M(1024M), 0,0114480 secs]
7,718: [GC concurrent-mark-end, 0,0672660 secs]
7,718: [GC remark, 0,0024730 secs]
7,721: [GC cleanup 991M->514M(1024M), 0,0012630 secs]
7,722: [GC concurrent-cleanup-start]
7,724: [GC concurrent-cleanup-end, 0,0020520 secs]
7,725: [GC pause (young) 535M->537M(1024M), 0,0115910 secs]
7,762: [GC pause (young) 728M->731M(1024M), 0,0439620 secs]
7,818: [GC pause (young) (initial-mark) 826M->828M(1024M), 0,0308530 secs]
7,849: [GC concurrent-root-region-scan-start]
7,856: [GC pause (young)7,856: [GC concurrent-root-region-scan-end, 0,0068400 secs]
7,856: [GC concurrent-mark-start]
 874M->876M(1024M), 0,0159950 secs]
7,877: [GC pause (young) 919M->921M(1024M), 0,0127450 secs]
7,899: [GC pause (young) 965M->966M(1024M), 0,0119730 secs]
7,918: [GC pause (young)-- 1010M->1022M(1024M), 0,0119950 secs]
7,932: [GC pause (young)-- 1024M->1024M(1024M), 0,0047870 secs]
7,937: [Full GC 1024M->206M(1024M), 0,0770100 secs]
8,014: [GC concurrent-mark-abort]
8,068: [GC pause (young) 588M->590M(1024M), 0,0798550 secs]
8,170: [GC pause (young) (initial-mark) 760M->675M(1024M), 0,0364710 secs]
8,206: [GC concurrent-root-region-scan-start]
8,207: [GC concurrent-root-region-scan-end, 0,0006640 secs]
8,207: [GC concurrent-mark-start]
8,214: [GC concurrent-mark-end, 0,0068950 secs]
8,214: [GC remark, 0,0052160 secs]
8,219: [GC cleanup 720M->236M(1024M), 0,0011430 secs]
8,221: [GC concurrent-cleanup-start]
8,222: [GC concurrent-cleanup-end, 0,0012420 secs]
8,236: [GC pause (young) 325M->303M(1024M), 0,0302060 secs]
8,307: [GC pause (young) 619M->366M(1024M), 0,0215600 secs]
8,366: [GC pause (young) 670M->505M(1024M), 0,0392300 secs]
8,438: [GC pause (young) (initial-mark)-- 743M->756M(1024M), 0,0589090 secs]
8,497: [GC concurrent-root-region-scan-start]
8,510: [GC concurrent-root-region-scan-end, 0,0124170 secs]
8,510: [GC concurrent-mark-start]
8,510: [GC pause (young) 842M->844M(1024M), 0,0306030 secs]
8,546: [GC pause (young) 882M->884M(1024M), 0,0177930 secs]
8,572: [GC pause (young) 928M->931M(1024M), 0,0129660 secs]
8,588: [GC concurrent-mark-end, 0,0785670 secs]
8,588: [GC remark, 0,0020580 secs]
8,591: [GC cleanup 960M->601M(1024M), 0,0011610 secs]
8,592: [GC concurrent-cleanup-start]
8,593: [GC concurrent-cleanup-end, 0,0006280 secs]
8,596: [GC pause (young) 616M->618M(1024M), 0,0136250 secs]
8,630: [GC pause (young) 769M->771M(1024M), 0,0328050 secs]
8,671: [GC pause (young) (initial-mark) 845M->849M(1024M), 0,0222010 secs]
8,693: [GC concurrent-root-region-scan-start]
8,695: [GC concurrent-root-region-scan-end, 0,0016960 secs]
8,695: [GC concurrent-mark-start]
8,700: [GC pause (young) 888M->890M(1024M), 0,0139580 secs]
8,720: [GC pause (young) 934M->937M(1024M), 0,0132280 secs]
8,743: [GC pause (young)-- 981M->990M(1024M), 0,0131320 secs]
8,760: [GC pause (young)-- 1023M->1023M(1024M), 0,0066970 secs]
8,767: [GC pause (young) 1023M->1023M(1024M), 0,0015770 secs]
8,769: [Full GC 1023M->36M(1024M), 0,0292450 secs]
8,798: [GC concurrent-mark-abort]
8,858: [GC pause (young) 508M->511M(1024M), 0,0959530 secs]
8,980: [GC pause (young) 721M->682M(1024M), 0,0558570 secs]
9,051: [GC pause (young) (initial-mark) 805M->807M(1024M), 0,0382670 secs]
9,093: [GC concurrent-root-region-scan-start]
9,096: [GC concurrent-root-region-scan-end, 0,0031690 secs]
9,096: [GC concurrent-mark-start]
9,101: [GC pause (young) 863M->865M(1024M), 0,0204490 secs]
9,127: [GC pause (young) 906M->908M(1024M), 0,0126800 secs]
9,141: [GC concurrent-mark-end, 0,0441860 secs]
9,141: [GC remark, 0,0016480 secs]
9,144: [GC cleanup 922M->373M(1024M), 0,0013100 secs]
9,145: [GC concurrent-cleanup-start]
9,147: [GC concurrent-cleanup-end, 0,0015210 secs]
9,152: [GC pause (young) 403M->405M(1024M), 0,0141640 secs]
9,199: [GC pause (young) 662M->665M(1024M), 0,0553210 secs]
9,271: [GC pause (young) (initial-mark) 792M->795M(1024M), 0,0356910 secs]
9,307: [GC concurrent-root-region-scan-start]
9,308: [GC concurrent-root-region-scan-end, 0,0014020 secs]
9,308: [GC concurrent-mark-start]
9,316: [GC pause (young) 857M->859M(1024M), 0,0197510 secs]
9,337: [GC concurrent-mark-end, 0,0291680 secs]
9,337: [GC remark, 0,0031250 secs]
9,342: [GC cleanup 882M->367M(1024M), 0,0014100 secs]
9,344: [GC concurrent-cleanup-start]
9,345: [GC concurrent-cleanup-end, 0,0010030 secs]
9,348: [GC pause (young) 384M->386M(1024M), 0,0146000 secs]
9,400: [GC pause (young) 653M->656M(1024M), 0,0559000 secs]
9,474: [GC pause (young) (initial-mark) 788M->790M(1024M), 0,0400440 secs]
9,515: [GC concurrent-root-region-scan-start]
9,516: [GC concurrent-root-region-scan-end, 0,0017460 secs]
9,516: [GC concurrent-mark-start]
9,532: [GC pause (young) 855M->857M(1024M), 0,0225320 secs]
9,558: [GC concurrent-mark-end, 0,0415110 secs]
9,558: [GC remark, 0,0024260 secs]
9,561: [GC cleanup 881M->457M(1024M), 0,0015860 secs]
9,562: [GC concurrent-cleanup-start]
9,564: [GC concurrent-cleanup-end, 0,0016680 secs]
9,567: [GC pause (young) 473M->475M(1024M), 0,0116800 secs]
9,608: [GC pause (young) 697M->699M(1024M), 0,0602490 secs]
9,684: [GC pause (young) (initial-mark) 809M->812M(1024M), 0,0445740 secs]
9,728: [GC concurrent-root-region-scan-start]
9,741: [GC concurrent-root-region-scan-end, 0,0125180 secs]
9,741: [GC concurrent-mark-start]
9,741: [GC pause (young) 866M->868M(1024M), 0,0209420 secs]
9,771: [GC pause (young) 910M->912M(1024M), 0,0171050 secs]
9,796: [GC pause (young) 956M->959M(1024M), 0,0147410 secs]
9,814: [GC concurrent-mark-end, 0,0735730 secs]
9,815: [GC remark, 0,0045010 secs]
9,819: [GC cleanup 973M->532M(1024M), 0,0012920 secs]
9,821: [GC concurrent-cleanup-start]
9,822: [GC concurrent-cleanup-end, 0,0010870 secs]
9,828: [GC pause (young) 562M->564M(1024M), 0,0204500 secs]
9,875: [GC pause (young) 742M->745M(1024M), 0,0475980 secs]
9,935: [GC pause (young) (initial-mark) 832M->835M(1024M), 0,0283150 secs]
9,964: [GC concurrent-root-region-scan-start]
9,966: [GC concurrent-root-region-scan-end, 0,0021080 secs]
9,966: [GC concurrent-mark-start]
9,971: [GC pause (young) 877M->879M(1024M), 0,0131400 secs]
9,992: [GC concurrent-mark-end, 0,0260950 secs]
9,992: [GC remark, 0,0019430 secs]
9,994: [GC cleanup 912M->382M(1024M), 0,0011980 secs]
9,995: [GC concurrent-cleanup-start]
9,997: [GC concurrent-cleanup-end, 0,0015780 secs]
9,998: [GC pause (young) 393M->395M(1024M), 0,0117740 secs]
10,049: [GC pause (young) 658M->661M(1024M), 0,0664590 secs]
10,136: [GC pause (young) (initial-mark) 790M->792M(1024M), 0,0569960 secs]
10,193: [GC concurrent-root-region-scan-start]
10,196: [GC concurrent-root-region-scan-end, 0,0037300 secs]
10,196: [GC concurrent-mark-start]
10,206: [GC pause (young) 856M->858M(1024M), 0,0381400 secs]
10,247: [GC concurrent-mark-end, 0,0502980 secs]
10,249: [GC remark, 0,0023560 secs]
10,256: [GC cleanup 887M->246M(1024M), 0,0016860 secs]
10,257: [GC concurrent-cleanup-start]
10,259: [GC concurrent-cleanup-end, 0,0019630 secs]
10,261: [GC pause (young) 257M->259M(1024M), 0,0327440 secs]
10,366: [GC pause (young) 590M->593M(1024M), 0,0859850 secs]
10,477: [GC pause (young) (initial-mark) 757M->687M(1024M), 0,0500170 secs]
10,527: [GC concurrent-root-region-scan-start]
10,532: [GC concurrent-root-region-scan-end, 0,0053250 secs]
10,532: [GC concurrent-mark-start]
10,545: [GC concurrent-mark-end, 0,0121150 secs]
10,545: [GC remark, 0,0032820 secs]
10,556: [GC pause (young) 806M->808M(1024M), 0,0398070 secs]
10,596: [GC cleanup 808M->377M(1024M), 0,0042200 secs]
10,600: [GC concurrent-cleanup-start]
10,601: [GC concurrent-cleanup-end, 0,0008920 secs]
10,612: [GC pause (young) 433M->435M(1024M), 0,0238230 secs]
10,680: [GC pause (young) 678M->682M(1024M), 0,0681180 secs]
10,766: [GC pause (young) (initial-mark) 801M->803M(1024M), 0,0473060 secs]
10,814: [GC concurrent-root-region-scan-start]
10,815: [GC concurrent-root-region-scan-end, 0,0017770 secs]
10,815: [GC concurrent-mark-start]
10,823: [GC pause (young) 861M->863M(1024M), 0,0280150 secs]
10,860: [GC pause (young) 904M->905M(1024M), 0,0194960 secs]
10,880: [GC concurrent-mark-end, 0,0650980 secs]
10,884: [GC remark, 0,0011270 secs]
10,886: [GC cleanup 928M->257M(1024M), 0,0035610 secs]
10,889: [GC concurrent-cleanup-start]
10,892: [GC concurrent-cleanup-end, 0,0024440 secs]
10,897: [GC pause (young) 278M->280M(1024M), 0,0156630 secs]
10,966: [GC pause (young) 600M->603M(1024M), 0,0851180 secs]
11,076: [GC pause (young) (initial-mark) 761M->706M(1024M), 0,0392380 secs]
11,115: [GC concurrent-root-region-scan-start]
11,119: [GC concurrent-root-region-scan-end, 0,0035490 secs]
11,119: [GC concurrent-mark-start]
11,130: [GC concurrent-mark-end, 0,0109020 secs]
11,130: [GC remark, 0,0020700 secs]
11,136: [GC cleanup 792M->315M(1024M), 0,0019690 secs]
11,139: [GC concurrent-cleanup-start]
11,139: [GC concurrent-cleanup-end, 0,0007390 secs]
11,146: [GC pause (young) 338M->332M(1024M), 0,0401730 secs]
11,234: [GC pause (young) 629M->398M(1024M), 0,0284480 secs]
11,312: [GC pause (young) 678M->681M(1024M), 0,0787590 secs]
11,409: [GC pause (young) (initial-mark) 804M->800M(1024M), 0,0434400 secs]
11,452: [GC concurrent-root-region-scan-start]
11,461: [GC concurrent-root-region-scan-end, 0,0084810 secs]
11,461: [GC concurrent-mark-start]
11,464: [GC pause (young) 860M->863M(1024M), 0,0273310 secs]
11,497: [GC pause (young) 903M->905M(1024M), 0,0227570 secs]
11,529: [GC pause (young) 949M->952M(1024M), 0,0151590 secs]
11,551: [GC concurrent-mark-end, 0,0902750 secs]
11,551: [GC remark, 0,0030890 secs]
11,554: [GC cleanup 972M->537M(1024M), 0,0033810 secs]
11,558: [GC concurrent-cleanup-start]
11,559: [GC concurrent-cleanup-end, 0,0009460 secs]
11,565: [GC pause (young) 561M->563M(1024M), 0,0228430 secs]
11,617: [GC pause (young) 741M->744M(1024M), 0,0492860 secs]
11,682: [GC pause (young) (initial-mark) 832M->834M(1024M), 0,0426770 secs]
11,724: [GC concurrent-root-region-scan-start]
11,728: [GC concurrent-root-region-scan-end, 0,0034480 secs]
11,728: [GC concurrent-mark-start]
11,732: [GC pause (young) 877M->879M(1024M), 0,0140120 secs]
11,748: [GC concurrent-mark-end, 0,0196440 secs]
11,748: [GC remark, 0,0016020 secs]
11,749: [GC cleanup 892M->148M(1024M), 0,0012200 secs]
11,751: [GC concurrent-cleanup-start]
11,754: [GC concurrent-cleanup-end, 0,0029060 secs]
11,757: [GC pause (young) 178M->180M(1024M), 0,0113080 secs]
11,824: [GC pause (young) 550M->553M(1024M), 0,0954300 secs]
11,952: [GC pause (young) (initial-mark) 736M->650M(1024M), 0,0426020 secs]
11,994: [GC concurrent-root-region-scan-start]
11,998: [GC concurrent-root-region-scan-end, 0,0040080 secs]
11,998: [GC concurrent-mark-start]
12,006: [GC concurrent-mark-end, 0,0080910 secs]
12,007: [GC remark, 0,0098320 secs]
12,017: [GC cleanup 714M->218M(1024M), 0,0021910 secs]
12,019: [GC concurrent-cleanup-start]
12,021: [GC concurrent-cleanup-end, 0,0018450 secs]
12,036: [GC pause (young) 293M->288M(1024M), 0,0445870 secs]
12,132: [GC pause (young) 608M->286M(1024M), 0,0112600 secs]
12,208: [GC pause (young) 635M->345M(1024M), 0,0309240 secs]
12,292: [GC pause (young) 687M->614M(1024M), 0,0732480 secs]
12,404: [GC pause (young) (initial-mark) 779M->651M(1024M), 0,0279000 secs]
12,432: [GC concurrent-root-region-scan-start]
12,450: [GC concurrent-root-region-scan-end, 0,0185450 secs]
12,450: [GC concurrent-mark-start]
12,455: [GC pause (young) 799M->806M(1024M), 0,0561080 secs]
12,519: [GC concurrent-mark-end, 0,0688180 secs]
12,521: [GC remark, 0,0023060 secs]
12,524: [GC cleanup 835M->273M(1024M), 0,0016930 secs]
12,526: [GC concurrent-cleanup-start]
12,531: [GC concurrent-cleanup-end, 0,0047280 secs]
12,532: [GC pause (young) 301M->303M(1024M), 0,0297430 secs]
12,614: [GC pause (young) 624M->529M(1024M), 0,0622380 secs]
12,709: [GC pause (young) (initial-mark) 739M->540M(1024M), 0,0284280 secs]
12,737: [GC concurrent-root-region-scan-start]
12,740: [GC concurrent-root-region-scan-end, 0,0022680 secs]
12,740: [GC concurrent-mark-start]
12,747: [GC concurrent-mark-end, 0,0070720 secs]
12,748: [GC remark, 0,0011430 secs]
12,749: [GC cleanup 617M->129M(1024M), 0,0025230 secs]
12,751: [GC concurrent-cleanup-start]
12,753: [GC concurrent-cleanup-end, 0,0012140 secs]
12,776: [GC pause (young) 271M->274M(1024M), 0,0706150 secs]
12,905: [GC pause (young) 621M->624M(1024M), 0,0988540 secs]
13,037: [GC pause (young) (initial-mark) 776M->672M(1024M), 0,0343250 secs]
13,071: [GC concurrent-root-region-scan-start]
13,073: [GC concurrent-root-region-scan-end, 0,0018770 secs]
13,073: [GC concurrent-mark-start]
13,082: [GC concurrent-mark-end, 0,0091410 secs]
13,083: [GC remark, 0,0031320 secs]
13,087: [GC cleanup 736M->235M(1024M), 0,0022570 secs]
13,089: [GC concurrent-cleanup-start]
13,091: [GC concurrent-cleanup-end, 0,0016460 secs]
13,105: [GC pause (young) 304M->285M(1024M), 0,0435000 secs]
13,199: [GC pause (young) 617M->342M(1024M), 0,0227220 secs]
13,274: [GC pause (young) 667M->308M(1024M), 0,0178110 secs]
13,352: [GC pause (young) 688M->302M(1024M), 0,0025410 secs]
13,410: [GC pause (young) 722M->335M(1024M), 0,0087470 secs]
13,472: [GC pause (young) 756M->370M(1024M), 0,0172670 secs]
13,540: [GC pause (young) 775M->402M(1024M), 0,0236320 secs]
13,609: [GC pause (young) 785M->430M(1024M), 0,0209340 secs]
13,675: [GC pause (young) 795M->439M(1024M), 0,0159450 secs]
13,735: [GC pause (young) 807M->432M(1024M), 0,0111210 secs]
13,804: [GC pause (young) 819M->430M(1024M), 0,0139560 secs]
13,879: [GC pause (young) 829M->445M(1024M), 0,0151250 secs]
13,960: [GC pause (young) 836M->451M(1024M), 0,0169140 secs]
14,038: [GC pause (young) 840M->458M(1024M), 0,0183780 secs]
14,118: [GC pause (young) 842M->463M(1024M), 0,0194530 secs]
14,204: [GC pause (young) 845M->465M(1024M), 0,0184310 secs]
14,282: [GC pause (young) 849M->463M(1024M), 0,0184530 secs]
14,360: [GC pause (young) 852M->464M(1024M), 0,0163530 secs]
14,444: [GC pause (young) 855M->468M(1024M), 0,0188630 secs]
14,528: [GC pause (young) 856M->473M(1024M), 0,0308840 secs]
14,619: [GC pause (young) 856M->474M(1024M), 0,0256490 secs]
14,707: [GC pause (young) 857M->472M(1024M), 0,0247980 secs]
14,792: [GC pause (young) 858M->474M(1024M), 0,0157010 secs]
14,866: [GC pause (young) 860M->472M(1024M), 0,0167770 secs]
