OpenJDK 64-Bit Server VM (24.95-b01) for linux-amd64 JRE (1.7.0_95-b00), built on Mar 27 2016 12:52:52 by "buildd" with gcc 5.3.1 20160323
Memory: 4k page, physical 5975800k(3026356k free), swap 3416060k(3416060k free)
CommandLine flags: -XX:InitialHeapSize=1073741824 -XX:MaxHeapSize=1073741824 -XX:MaxNewSize=348966912 -XX:MaxTenuringThreshold=6 -XX:NewSize=348966912 -XX:OldPLABSize=16 -XX:OldSize=697933824 -XX:+PrintGC -XX:+PrintGCTimeStamps -XX:+UseCompressedOops -XX:+UseConcMarkSweepGC -XX:+UseParNewGC 
0,182: [GC 272640K->256195K(1014528K), 0,1018100 secs]
0,320: [GC 528835K->346802K(1014528K), 0,0486770 secs]
0,408: [GC 619442K->325236K(1014528K), 0,0047740 secs]
0,438: [GC 597876K->584101K(1014528K), 0,0852120 secs]
0,527: [GC 624684K(1014528K), 0,0020580 secs]
0,556: [Full GC 856741K->143664K(1014528K), 0,0479860 secs]
0,631: [GC 416304K->410898K(1014528K), 0,0716920 secs]
0,703: [GC 412375K(1014528K), 0,0009870 secs]
0,727: [GC 683538K->583294K(1014528K), 0,0504280 secs]
0,806: [Full GC 855934K->163435K(1014528K), 0,0543700 secs]
0,884: [GC 436075K->432446K(1014528K), 0,0610020 secs]
0,951: [GC 508590K(1014528K), 0,0027450 secs]
0,968: [GC 705086K->610380K(1014528K), 0,0485590 secs]
1,050: [Full GC 883020K->183895K(1014528K), 0,0568670 secs]
1,134: [GC 456535K->354923K(1014528K), 0,0463990 secs]
1,201: [GC 627563K->545266K(1014528K), 0,0575280 secs]
1,259: [GC 546220K(1014528K), 0,0006660 secs]
1,288: [Full GC 817906K->207015K(1014528K), 0,0619160 secs]
1,382: [GC 479655K->378013K(1014528K), 0,0424440 secs]
1,445: [GC 650653K->572654K(1014528K), 0,0527880 secs]
1,499: [GC 583200K(1014528K), 0,0008830 secs]
1,527: [GC 831858K(1014528K), 0,0112700 secs]
1,553: [Full GC 528819K->34228K(1014528K), 0,0220730 secs]
1,612: [GC 306868K->303563K(1014528K), 0,0857560 secs]
1,723: [GC 576203K->435538K(1014528K), 0,0538020 secs]
1,780: [GC 437041K(1014528K), 0,0007870 secs]
1,809: [GC 708178K->572387K(1014528K), 0,0557830 secs]
1,911: [Full GC 845027K->27812K(1014528K), 0,0248280 secs]
1,966: [GC 300452K->198032K(1014528K), 0,0556780 secs]
2,046: [GC 470672K->370176K(1014528K), 0,0662310 secs]
2,160: [GC 642816K->536978K(1014528K), 0,0642320 secs]
2,224: [GC 539783K(1014528K), 0,0006200 secs]
2,253: [GC 755614K(1014528K), 0,0047570 secs]
2,264: [GC 733721K->469533K(1014528K), 0,0145770 secs]
2,307: [GC 525453K->312993K(1014528K), 0,0320970 secs]
2,365: [GC 585633K->488995K(1014528K), 0,0588550 secs]
2,429: [GC 532992K(1014528K), 0,0012050 secs]
2,460: [GC 761635K->509019K(1014528K), 0,0182650 secs]
2,505: [GC 781659K->590248K(1014528K), 0,0341720 secs]
2,577: [Full GC 862888K->190699K(1014528K), 0,0710900 secs]
2,678: [GC 463339K->361491K(1014528K), 0,0628990 secs]
2,746: [GC 430703K(1014528K), 0,0026650 secs]
2,777: [GC 634131K->464967K(1014528K), 0,0483790 secs]
2,854: [GC 737607K->672881K(1014528K), 0,0808750 secs]
2,966: [Full GC 945521K->84526K(1014528K), 0,0369210 secs]
3,029: [GC 357159K->353993K(1014528K), 0,0790030 secs]
3,111: [GC 383881K(1014528K), 0,0010140 secs]
3,139: [GC 626633K->524881K(1014528K), 0,0498420 secs]
3,220: [Full GC 797521K->109143K(1014528K), 0,0404370 secs]
3,284: [GC 381783K->379312K(1014528K), 0,0661520 secs]
3,351: [GC 395123K(1014528K), 0,0012240 secs]
3,376: [GC 651952K->534065K(1014528K), 0,0454180 secs]
3,448: [Full GC 806705K->130574K(1014528K), 0,0511170 secs]
3,529: [GC 403214K->398593K(1014528K), 0,0735840 secs]
3,608: [GC 461016K(1014528K), 0,0024690 secs]
3,631: [GC 671233K->483407K(1014528K), 0,0343600 secs]
3,691: [GC 756047K->1003788K(1014528K), 0,0838330 secs]
3,776: [Full GC 1003788K->154395K(1014528K), 0,0813200 secs]
3,895: [GC 427035K->421116K(1014528K), 0,0611780 secs]
3,960: [GC 461708K(1014528K), 0,0011730 secs]
3,979: [GC 693756K->499983K(1014528K), 0,0292630 secs]
4,031: [Full GC 772623K->172654K(1014528K), 0,0536190 secs]
4,110: [GC 445294K->441238K(1014528K), 0,0627110 secs]
4,175: [GC 473792K(1014528K), 0,0013050 secs]
4,202: [Full GC 713878K->222475K(1014528K), 0,0694200 secs]
4,297: [GC 495115K->491496K(1014528K), 0,0663000 secs]
4,367: [GC 540482K(1014528K), 0,0019290 secs]
4,405: [Full GC 764136K->70917K(1014528K), 0,0310390 secs]
4,460: [GC 343557K->341580K(1014528K), 0,0695550 secs]
4,529: [GC 342469K(1014528K), 0,0007860 secs]
4,555: [GC 614220K->496200K(1014528K), 0,0466570 secs]
4,629: [Full GC 768840K->98712K(1014528K), 0,0383870 secs]
4,692: [GC 371352K->367918K(1014528K), 0,0696970 secs]
4,763: [GC 382409K(1014528K), 0,0010710 secs]
4,787: [GC 640558K->538402K(1014528K), 0,0516570 secs]
4,866: [GC 781379K(1014528K), 0,0153400 secs]
4,891: [Full GC 810996K->119760K(1014528K), 0,0444760 secs]
4,960: [GC 392400K->389618K(1014528K), 0,0655910 secs]
5,025: [GC 390730K(1014528K), 0,0009000 secs]
5,052: [GC 662258K->660176K(1014528K), 0,0670240 secs]
5,162: [Full GC 932816K->142928K(1014528K), 0,0488540 secs]
5,245: [GC 415568K->412175K(1014528K), 0,0664560 secs]
5,312: [GC 414274K(1014528K), 0,0008930 secs]
5,334: [GC 684815K->682635K(1014528K), 0,0946270 secs]
5,458: [Full GC 955275K->165839K(1014528K), 0,0546100 secs]
5,537: [GC 438479K->433880K(1014528K), 0,0621030 secs]
5,604: [GC 491560K(1014528K), 0,0019320 secs]
5,623: [GC 706520K->532755K(1014528K), 0,0359760 secs]
5,684: [Full GC 805395K->183955K(1014528K), 0,0571440 secs]
5,769: [GC 456595K->454141K(1014528K), 0,0702120 secs]
5,843: [GC 500354K(1014528K), 0,0016450 secs]
5,881: [Full GC 726781K->232174K(1014528K), 0,0712350 secs]
5,980: [GC 504814K->500809K(1014528K), 0,0633850 secs]
6,043: [GC 504497K(1014528K), 0,0009880 secs]
6,074: [Full GC 773449K->81405K(1014528K), 0,0330490 secs]
6,131: [GC 354045K->350209K(1014528K), 0,0670430 secs]
6,199: [GC 365482K(1014528K), 0,0011070 secs]
6,225: [GC 622849K->468390K(1014528K), 0,0356200 secs]
6,285: [Full GC 741030K->101706K(1014528K), 0,0399020 secs]
6,347: [GC 374346K->371915K(1014528K), 0,0609140 secs]
6,408: [GC 372911K(1014528K), 0,0009330 secs]
6,434: [GC 644555K->540645K(1014528K), 0,0478890 secs]
6,508: [Full GC 813285K->127514K(1014528K), 0,0450300 secs]
6,578: [GC 400154K->297744K(1014528K), 0,0430530 secs]
6,629: [GC 393276K(1014528K), 0,0024730 secs]
6,646: [GC 570384K->569070K(1014528K), 0,0739140 secs]
6,749: [Full GC 841710K->147910K(1014528K), 0,0522310 secs]
6,827: [GC 420550K->417121K(1014528K), 0,0618680 secs]
6,889: [GC 418600K(1014528K), 0,0010410 secs]
6,911: [GC 689761K->607629K(1014528K), 0,0560830 secs]
6,992: [Full GC 880269K->171681K(1014528K), 0,0627020 secs]
7,082: [GC 444321K->341561K(1014528K), 0,0414190 secs]
7,124: [GC 342421K(1014528K), 0,0011140 secs]
7,147: [GC 614201K->531238K(1014528K), 0,0593650 secs]
7,236: [Full GC 803878K->191868K(1014528K), 0,0589740 secs]
7,327: [GC 464502K->460144K(1014528K), 0,0636430 secs]
7,390: [GC 461854K(1014528K), 0,0010760 secs]
7,426: [Full GC 732784K->138123K(1014528K), 0,0469320 secs]
7,496: [GC 410763K->407996K(1014528K), 0,0633150 secs]
7,559: [GC 413690K(1014528K), 0,0009650 secs]
7,584: [GC 680636K->516512K(1014528K), 0,0350720 secs]
7,645: [Full GC 789152K->261562K(1014528K), 0,0774500 secs]
7,748: [GC 534202K->530513K(1014528K), 0,0584720 secs]
7,807: [GC 534201K(1014528K), 0,0009400 secs]
7,839: [Full GC 803153K->110329K(1014528K), 0,0404830 secs]
7,903: [GC 382969K->281540K(1014528K), 0,0411890 secs]
7,944: [GC 282580K(1014528K), 0,0008970 secs]
7,971: [GC 554180K->550920K(1014528K), 0,0645160 secs]
8,079: [Full GC 823560K->128137K(1014528K), 0,0440890 secs]
8,147: [GC 400777K->394435K(1014528K), 0,0651660 secs]
8,231: [GC 576853K(1014528K), 0,0034810 secs]
8,242: [GC 667075K->567258K(1014528K), 0,0494630 secs]
8,322: [Full GC 839898K->149563K(1014528K), 0,0491640 secs]
8,395: [GC 422203K->419241K(1014528K), 0,0694130 secs]
8,469: [GC 466923K(1014528K), 0,0015270 secs]
8,486: [GC 691881K->604054K(1014528K), 0,0505840 secs]
8,569: [Full GC 876694K->173181K(1014528K), 0,0548390 secs]
8,651: [GC 445821K->442099K(1014528K), 0,0663360 secs]
8,720: [GC 475742K(1014528K), 0,0014250 secs]
8,749: [Full GC 714739K->124401K(1014528K), 0,0433310 secs]
8,817: [GC 397041K->394188K(1014528K), 0,0662750 secs]
8,883: [GC 396192K(1014528K), 0,0007810 secs]
8,908: [GC 666828K->466767K(1014528K), 0,0254650 secs]
8,954: [Full GC 739407K->246964K(1014528K), 0,0812950 secs]
9,059: [GC 519604K->516210K(1014528K), 0,0626000 secs]
9,122: [GC 517317K(1014528K), 0,0009370 secs]
9,165: [Full GC 788850K->100119K(1014528K), 0,0375130 secs]
9,226: [GC 372759K->370640K(1014528K), 0,0702900 secs]
9,297: [GC 372743K(1014528K), 0,0008670 secs]
9,321: [GC 643280K->442856K(1014528K), 0,0371740 secs]
9,382: [GC 715496K->537549K(1014528K), 0,0344730 secs]
9,438: [Full GC 810189K->92077K(1014528K), 0,0378350 secs]
9,499: [GC 364717K->264567K(1014528K), 0,0427820 secs]
9,563: [GC 537207K->375874K(1014528K), 0,0368000 secs]
9,611: [GC 478929K(1014528K), 0,0018710 secs]
9,630: [GC 648514K->375860K(1014528K), 0,0048630 secs]
9,661: [GC 648500K->429671K(1014528K), 0,0198410 secs]
9,683: [GC 443546K(1014528K), 0,0293020 secs]
9,734: [GC 465231K->318752K(1014528K), 0,0428230 secs]
9,779: [GC 355826K(1014528K), 0,0010880 secs]
9,802: [GC 591392K->322513K(1014528K), 0,0086720 secs]
9,833: [GC 595153K->592400K(1014528K), 0,0770180 secs]
9,944: [Full GC 865040K->182654K(1014528K), 0,0563510 secs]
10,027: [GC 455294K->451995K(1014528K), 0,0613400 secs]
10,092: [GC 494559K(1014528K), 0,0015700 secs]
10,122: [Full GC 724635K->233095K(1014528K), 0,0974350 secs]
10,259: [GC 505735K->500644K(1014528K), 0,0570500 secs]
10,316: [GC 504410K(1014528K), 0,0008950 secs]
10,351: [Full GC 773284K->81006K(1014528K), 0,0577430 secs]
10,432: [GC 353646K->351050K(1014528K), 0,0629590 secs]
10,495: [GC 352432K(1014528K), 0,0008510 secs]
10,526: [GC 623690K->488166K(1014528K), 0,0539900 secs]
10,602: [GC 760806K(1014528K), 0,0066150 secs]
10,614: [Full GC 760760K->103544K(1014528K), 0,0575950 secs]
10,709: [GC 376184K->373839K(1014528K), 0,0673330 secs]
10,776: [GC 376479K(1014528K), 0,0009690 secs]
10,803: [GC 646479K->535809K(1014528K), 0,0475400 secs]
10,900: [Full GC 808449K->123691K(1014528K), 0,0434850 secs]
10,967: [GC 396331K->293512K(1014528K), 0,0447880 secs]
11,016: [GC 349667K(1014528K), 0,0015670 secs]
11,034: [GC 566152K->367567K(1014528K), 0,0246250 secs]
11,084: [GC 640207K->638200K(1014528K), 0,1059310 secs]
11,227: [Full GC 910840K->25551K(1014528K), 0,0208660 secs]
11,271: [GC 298191K->296320K(1014528K), 0,0617970 secs]
11,362: [GC 362396K(1014528K), 0,0016860 secs]
11,382: [GC 568960K->447453K(1014528K), 0,0444660 secs]
11,451: [GC 720093K->463203K(1014528K), 0,0159560 secs]
11,487: [GC 735843K->634160K(1014528K), 0,0486770 secs]
11,536: [GC 635964K(1014528K), 0,0035820 secs]
11,566: [Full GC 906789K->194421K(1014528K), 0,0851200 secs]
11,676: [GC 467061K->366108K(1014528K), 0,0524080 secs]
11,729: [GC 367037K(1014528K), 0,0007440 secs]
11,751: [GC 638748K->565683K(1014528K), 0,0573180 secs]
11,864: [Full GC 838323K->217094K(1014528K), 0,0643640 secs]
11,954: [GC 489734K->484133K(1014528K), 0,0609670 secs]
12,016: [GC 486858K(1014528K), 0,0041860 secs]
12,047: [Full GC 756773K->165576K(1014528K), 0,0780160 secs]
12,149: [GC 438216K->238813K(1014528K), 0,0192390 secs]
12,188: [GC 511453K->338520K(1014528K), 0,0348270 secs]
12,245: [GC 611160K->395022K(1014528K), 0,0220010 secs]
